[1mBuilding the application image[0m
 Image erp-app:c-p05-list-search-r1 Building 
#1 [internal] load local bake definitions
#1 reading from stdin 636B done
#1 DONE 0.0s

#2 [internal] load build definition from Dockerfile
#2 transferring dockerfile: 1.73kB done
#2 DONE 0.0s

#3 resolve image config for docker-image://docker.io/docker/dockerfile:1
#3 DONE 0.5s

#4 docker-image://docker.io/docker/dockerfile:1@sha256:4edf897a3ffa55b89f906fc8cc78afdb3f1834cc9c7083565e611a8a7d5fe99e
#4 resolve docker.io/docker/dockerfile:1@sha256:4edf897a3ffa55b89f906fc8cc78afdb3f1834cc9c7083565e611a8a7d5fe99e 0.0s done
#4 CACHED

#5 [internal] load metadata for mcr.microsoft.com/dotnet/sdk:10.0
#5 ...

#6 [internal] load metadata for docker.io/library/node:22-alpine
#6 DONE 0.5s

#5 [internal] load metadata for mcr.microsoft.com/dotnet/sdk:10.0
#5 DONE 0.5s

#7 [internal] load metadata for mcr.microsoft.com/dotnet/aspnet:10.0
#7 DONE 0.5s

#8 [internal] load .dockerignore
#8 transferring context: 187B done
#8 DONE 0.0s

#9 [internal] load build context
#9 DONE 0.0s

#10 [web 1/6] FROM docker.io/library/node:22-alpine@sha256:0a7108bf6c7bf5de370ffb1a3ed6be93d405b43ff159f681a8d18c0e2bc2e402
#10 resolve docker.io/library/node:22-alpine@sha256:0a7108bf6c7bf5de370ffb1a3ed6be93d405b43ff159f681a8d18c0e2bc2e402 0.1s done
#10 DONE 0.1s

#11 [stage-2 1/4] FROM mcr.microsoft.com/dotnet/aspnet:10.0@sha256:222759b391a1aaf241166672c8f99b2d4ada452e7b5319f3c6e8f265a37b5ad4
#11 resolve mcr.microsoft.com/dotnet/aspnet:10.0@sha256:222759b391a1aaf241166672c8f99b2d4ada452e7b5319f3c6e8f265a37b5ad4 0.1s done
#11 DONE 0.1s

#12 [build 1/6] FROM mcr.microsoft.com/dotnet/sdk:10.0@sha256:e70cdb7f80b0348f5cb85f19a8f670fca061f033d57eed12fa003d58b0e06317
#12 resolve mcr.microsoft.com/dotnet/sdk:10.0@sha256:e70cdb7f80b0348f5cb85f19a8f670fca061f033d57eed12fa003d58b0e06317 0.1s done
#12 DONE 0.1s

#9 [internal] load build context
#9 transferring context: 14.21kB 0.0s done
#9 DONE 0.2s

#13 [stage-2 2/4] WORKDIR /app
#13 CACHED

#14 [build 2/6] WORKDIR /src
#14 CACHED

#15 [build 3/6] COPY global.json Directory.Build.props Directory.Packages.props ./
#15 CACHED

#16 [stage-2 3/4] COPY --from=build /app ./
#16 CACHED

#17 [build 5/6] RUN --mount=type=secret,id=extra_ca,target=/run/secrets/extra_ca --mount=type=cache,target=/root/.nuget/packages     if [ -s /run/secrets/extra_ca ]; then cat /run/secrets/extra_ca >>/etc/ssl/certs/ca-certificates.crt; fi;     dotnet restore src/Host/Erp.Host/Erp.Host.csproj
#17 CACHED

#18 [web 4/6] RUN --mount=type=secret,id=extra_ca,target=/run/secrets/extra_ca --mount=type=cache,target=/root/.npm     if [ -s /run/secrets/extra_ca ]; then export NODE_EXTRA_CA_CERTS=/run/secrets/extra_ca; fi;     npm ci --no-audit --no-fund
#18 CACHED

#19 [build 6/6] RUN --mount=type=cache,target=/root/.nuget/packages dotnet publish src/Host/Erp.Host/Erp.Host.csproj -c Release -o /app --no-restore
#19 CACHED

#20 [web 2/6] WORKDIR /web
#20 CACHED

#21 [web 5/6] COPY web/ ./
#21 CACHED

#22 [web 6/6] RUN npm run check && npm run build
#22 CACHED

#23 [build 4/6] COPY src/ src/
#23 CACHED

#24 [web 3/6] COPY web/package.json web/package-lock.json ./
#24 CACHED

#25 [stage-2 4/4] COPY --from=web /web/dist ./wwwroot
#25 CACHED

#26 exporting to image
#26 exporting layers done
#26 exporting manifest sha256:4ac7b22fa337eaef8d9ae38c8e911ddde65ca6798733fefd54233e81b6335cae 0.0s done
#26 exporting config sha256:07576e1c606c3ca678d7e5958a6721b9572eb29cc545b24c0b03213099ca9fb2 0.0s done
#26 exporting attestation manifest sha256:f3bacbb6cd5edbd3929303d36bde13aed3362844f5246a7647fb658d9cb71fbe 0.0s done
#26 exporting manifest list sha256:13020d6b336d7c52f380e23ddf7a2a60772d7d69660b09ba23ed8c9cac744a99 done
#26 naming to docker.io/library/erp-app:c-p05-list-search-r1 done
#26 unpacking to docker.io/library/erp-app:c-p05-list-search-r1 0.1s done
#26 DONE 0.3s

#27 resolving provenance for metadata file
#27 DONE 0.0s
 Image erp-app:c-p05-list-search-r1 Built 
[1mStarting PostgreSQL, setting up the database (roles, migrations, seed: 100000 users) and serving[0m
 Network c-p05-list-search-r1_default Creating 
 Network c-p05-list-search-r1_default Created 
 Volume c-p05-list-search-r1_db-data Creating 
 Volume c-p05-list-search-r1_db-data Created 
 Container c-p05-list-search-r1-db-1 Creating 
 Container c-p05-list-search-r1-db-1 Created 
 Container c-p05-list-search-r1-db-1 Starting 
 Container c-p05-list-search-r1-db-1 Started 
 Container c-p05-list-search-r1-db-1 Waiting 
 Container c-p05-list-search-r1-db-1 Healthy 
 Container c-p05-list-search-r1-db-1 Running 
 Container c-p05-list-search-r1-setup-1 Creating 
 Container c-p05-list-search-r1-setup-1 Created 
Attaching to setup-1
 Container c-p05-list-search-r1-db-1 Waiting 
 Container c-p05-list-search-r1-db-1 Healthy 
 Container c-p05-list-search-r1-setup-1 Starting 
 Container c-p05-list-search-r1-setup-1 Started 
setup-1  | info: Erp.Kernel.Data.DatabaseBootstrap[0]
setup-1  |       Creating database erp
setup-1  | info: Erp.Kernel.Data.DatabaseMigrator[0]
setup-1  |       Migrating KernelDbContext: 3 pending
setup-1  | info: Erp.Kernel.Data.DatabaseMigrator[0]
setup-1  |       Migrating TenancyDbContext: 1 pending
setup-1  | info: Erp.Kernel.Data.DatabaseMigrator[0]
setup-1  |       Migrating IdentityDbContext: 5 pending
setup-1  | info: Erp.Kernel.Data.DatabaseMigrator[0]
setup-1  |       Migrating ListsDbContext: 1 pending
setup-1  | info: Erp.Kernel.Seeding.SeedRunner[0]
setup-1  |       Seeded tenant alnoor (Demo) in 38889 ms
setup-1  | info: Erp.Kernel.Seeding.SeedRunner[0]
setup-1  |       Seeded tenant gulfsteel (Demo) in 615 ms
[Ksetup-1 exited with code 0
 Compose Stopping Aborting on container exit...
 Container c-p05-list-search-r1-setup-1 Stopping 
 Container c-p05-list-search-r1-setup-1 Stopped 
 Container c-p05-list-search-r1-db-1 Running 
 Container c-p05-list-search-r1-app-1 Creating 
 Container c-p05-list-search-r1-app-1 Created 
 Container c-p05-list-search-r1-db-1 Waiting 
 Container c-p05-list-search-r1-db-1 Healthy 
 Container c-p05-list-search-r1-setup-1 Starting 
 Container c-p05-list-search-r1-setup-1 Started 
 Container c-p05-list-search-r1-setup-1 Waiting 
 Container c-p05-list-search-r1-setup-1 Exited 
 Container c-p05-list-search-r1-app-1 Starting 
 Container c-p05-list-search-r1-app-1 Started 

[1mThe demo is running (58 s): http://localhost:20550[0m

  Sign in (password for every demo user: Demo-Pass-2026)
    admin@alnoor.example       Administrator, English
    admin.ar@alnoor.example    Administrator, Arabic
    viewer@alnoor.example      Read-only role
    noaccess@alnoor.example    No roles (sees nothing)
    admin@gulfsteel.example    Administrator of the second workspace

  API description: http://localhost:20550/api/openapi/v1.json
  Database:        localhost:20551 (./erp psql)
  Stop:            ./erp down        (add --volumes to delete the data)
rc=0 seconds=58
