[1mBuilding the application image[0m
 Image erp-app:c-p03-identity-r7 Building 
#1 [internal] load local bake definitions
#1 reading from stdin 655B done
#1 DONE 0.0s

#2 [internal] load build definition from Dockerfile
#2 transferring dockerfile: 2.14kB done
#2 DONE 0.0s

#3 resolve image config for docker-image://docker.io/docker/dockerfile:1
#3 DONE 1.3s

#4 docker-image://docker.io/docker/dockerfile:1@sha256:4edf897a3ffa55b89f906fc8cc78afdb3f1834cc9c7083565e611a8a7d5fe99e
#4 resolve docker.io/docker/dockerfile:1@sha256:4edf897a3ffa55b89f906fc8cc78afdb3f1834cc9c7083565e611a8a7d5fe99e 0.0s done
#4 CACHED

#5 [internal] load metadata for mcr.microsoft.com/dotnet/aspnet:10.0
#5 ERROR: failed to do request: Head "https://mcr.microsoft.com/v2/dotnet/aspnet/manifests/10.0": EOF

#6 [internal] load metadata for docker.io/library/node:22-alpine
#6 CANCELED

#7 [internal] load metadata for mcr.microsoft.com/dotnet/sdk:10.0
#7 CANCELED
------
 > [internal] load metadata for mcr.microsoft.com/dotnet/aspnet:10.0:
------
Dockerfile:31

--------------------

  29 |     RUN --mount=type=cache,target=/root/.nuget/packages dotnet publish src/Host/Erp.Host/Erp.Host.csproj -c Release -o /app --no-restore

  30 |     

  31 | >>> FROM mcr.microsoft.com/dotnet/aspnet:10.0

  32 |     WORKDIR /app

  33 |     COPY --from=build /app ./

--------------------

failed to solve: failed to do request: Head "https://mcr.microsoft.com/v2/dotnet/aspnet/manifests/10.0": EOF


real	0m1.977s
user	0m0.274s
sys	0m0.282s
