[1mBuilding the application image[0m
 Image erp-app:c-p03-identity-r3 Building 
#1 [internal] load local bake definitions
#1 reading from stdin 624B done
#1 DONE 0.0s

#2 [internal] load build definition from Dockerfile
#2 transferring dockerfile: 1.73kB done
#2 DONE 0.0s

#3 resolve image config for docker-image://docker.io/docker/dockerfile:1
#3 DONE 0.5s

#4 docker-image://docker.io/docker/dockerfile:1@sha256:4edf897a3ffa55b89f906fc8cc78afdb3f1834cc9c7083565e611a8a7d5fe99e
#4 resolve docker.io/docker/dockerfile:1@sha256:4edf897a3ffa55b89f906fc8cc78afdb3f1834cc9c7083565e611a8a7d5fe99e 0.0s done
#4 CACHED

#5 [internal] load metadata for mcr.microsoft.com/dotnet/sdk:10.0
#5 ...

#6 [internal] load metadata for docker.io/library/node:22-alpine
#6 DONE 0.6s

#5 [internal] load metadata for mcr.microsoft.com/dotnet/sdk:10.0
#5 DONE 0.7s

#7 [internal] load metadata for mcr.microsoft.com/dotnet/aspnet:10.0
#7 DONE 0.8s

#8 [internal] load .dockerignore
#8 transferring context:
#8 transferring context: 187B 0.0s done
#8 DONE 0.4s

#9 [build 1/6] FROM mcr.microsoft.com/dotnet/sdk:10.0@sha256:e70cdb7f80b0348f5cb85f19a8f670fca061f033d57eed12fa003d58b0e06317
#9 ...

#10 [internal] load build context
#10 DONE 0.0s

#9 [build 1/6] FROM mcr.microsoft.com/dotnet/sdk:10.0@sha256:e70cdb7f80b0348f5cb85f19a8f670fca061f033d57eed12fa003d58b0e06317
#9 resolve mcr.microsoft.com/dotnet/sdk:10.0@sha256:e70cdb7f80b0348f5cb85f19a8f670fca061f033d57eed12fa003d58b0e06317
#9 resolve mcr.microsoft.com/dotnet/sdk:10.0@sha256:e70cdb7f80b0348f5cb85f19a8f670fca061f033d57eed12fa003d58b0e06317 0.2s done
#9 DONE 0.2s

#11 [stage-2 1/4] FROM mcr.microsoft.com/dotnet/aspnet:10.0@sha256:222759b391a1aaf241166672c8f99b2d4ada452e7b5319f3c6e8f265a37b5ad4
#11 resolve mcr.microsoft.com/dotnet/aspnet:10.0@sha256:222759b391a1aaf241166672c8f99b2d4ada452e7b5319f3c6e8f265a37b5ad4
#11 resolve mcr.microsoft.com/dotnet/aspnet:10.0@sha256:222759b391a1aaf241166672c8f99b2d4ada452e7b5319f3c6e8f265a37b5ad4 0.2s done
#11 DONE 0.2s

#12 [web 1/6] FROM docker.io/library/node:22-alpine@sha256:0a7108bf6c7bf5de370ffb1a3ed6be93d405b43ff159f681a8d18c0e2bc2e402
#12 resolve docker.io/library/node:22-alpine@sha256:0a7108bf6c7bf5de370ffb1a3ed6be93d405b43ff159f681a8d18c0e2bc2e402 0.2s done
#12 DONE 0.2s

#10 [internal] load build context
#10 transferring context: 15.15kB done
#10 DONE 0.0s

#13 [web 3/6] COPY web/package.json web/package-lock.json ./
#13 CACHED

#14 [stage-2 3/4] COPY --from=build /app ./
#14 CACHED

#15 [build 3/6] COPY global.json Directory.Build.props Directory.Packages.props ./
#15 CACHED

#16 [web 4/6] RUN --mount=type=secret,id=extra_ca,target=/run/secrets/extra_ca --mount=type=cache,target=/root/.npm     if [ -s /run/secrets/extra_ca ]; then export NODE_EXTRA_CA_CERTS=/run/secrets/extra_ca; fi;     npm ci --no-audit --no-fund
#16 CACHED

#17 [build 4/6] COPY src/ src/
#17 CACHED

#18 [web 2/6] WORKDIR /web
#18 CACHED

#19 [stage-2 2/4] WORKDIR /app
#19 CACHED

#20 [build 2/6] WORKDIR /src
#20 CACHED

#21 [build 6/6] RUN --mount=type=cache,target=/root/.nuget/packages dotnet publish src/Host/Erp.Host/Erp.Host.csproj -c Release -o /app --no-restore
#21 CACHED

#22 [web 5/6] COPY web/ ./
#22 CACHED

#23 [build 5/6] RUN --mount=type=secret,id=extra_ca,target=/run/secrets/extra_ca --mount=type=cache,target=/root/.nuget/packages     if [ -s /run/secrets/extra_ca ]; then cat /run/secrets/extra_ca >>/etc/ssl/certs/ca-certificates.crt; fi;     dotnet restore src/Host/Erp.Host/Erp.Host.csproj
#23 CACHED

#24 [web 6/6] RUN npm run check && npm run build
#24 CACHED

#25 [stage-2 4/4] COPY --from=web /web/dist ./wwwroot
#25 CACHED

#26 exporting to image
#26 exporting layers done
#26 exporting manifest sha256:86ba58100d326448b6e8c2e68fa26ec9f35d6b571ed5ecd3eddf65a8ef7c9052 done
#26 exporting config sha256:0b8848653c407748cdbc14d307f62a3d7417ac7d947e2e8553d4e40f9110b81a 0.0s done
#26 exporting attestation manifest sha256:18dd510b0ee9df15cb3e486c714ca3b9b35e5e55101d96fa501e3b286aecdabe 0.1s done
#26 exporting manifest list sha256:fad2b760209465c1461f4ace33f9655c1784c1b7d917a2ec35e07d231d75ebf5 0.0s done
#26 naming to docker.io/library/erp-app:c-p03-identity-r3
#26 naming to docker.io/library/erp-app:c-p03-identity-r3 done
#26 unpacking to docker.io/library/erp-app:c-p03-identity-r3 0.1s done
#26 DONE 0.3s

#27 resolving provenance for metadata file
#27 DONE 0.0s
 Image erp-app:c-p03-identity-r3 Built 
[1mStarting PostgreSQL, setting up the database (roles, migrations, seed: 100000 users) and serving[0m
 Network c-p03-identity-r3_default Creating 
 Network c-p03-identity-r3_default Created 
 Volume c-p03-identity-r3_db-data Creating 
 Volume c-p03-identity-r3_db-data Created 
 Container c-p03-identity-r3-db-1 Creating 
 Container c-p03-identity-r3-db-1 Created 
 Container c-p03-identity-r3-db-1 Starting 
 Container c-p03-identity-r3-db-1 Started 
 Container c-p03-identity-r3-db-1 Waiting 
 Container c-p03-identity-r3-db-1 Healthy 
 Container c-p03-identity-r3-db-1 Running 
 Container c-p03-identity-r3-setup-1 Creating 
 Container c-p03-identity-r3-setup-1 Created 
Attaching to setup-1
 Container c-p03-identity-r3-db-1 Waiting 
 Container c-p03-identity-r3-db-1 Healthy 
 Container c-p03-identity-r3-setup-1 Starting 
 Container c-p03-identity-r3-setup-1 Started 
setup-1  | info: Erp.Kernel.Data.DatabaseBootstrap[0]
setup-1  |       Creating database erp
setup-1  | info: Erp.Kernel.Data.DatabaseMigrator[0]
setup-1  |       Migrating KernelDbContext: 3 pending
setup-1  | info: Erp.Kernel.Data.DatabaseMigrator[0]
setup-1  |       Migrating TenancyDbContext: 1 pending
setup-1  | info: Erp.Kernel.Data.DatabaseMigrator[0]
setup-1  |       Migrating IdentityDbContext: 6 pending
setup-1  | info: Erp.Kernel.Data.DatabaseMigrator[0]
setup-1  |       Migrating ListsDbContext: 1 pending
setup-1  | info: Erp.Kernel.Seeding.SeedRunner[0]
setup-1  |       Seeded tenant alnoor (Demo) in 44323 ms
setup-1  | info: Erp.Kernel.Seeding.SeedRunner[0]
setup-1  |       Seeded tenant gulfsteel (Demo) in 736 ms
[Ksetup-1 exited with code 0
 Compose Stopping Aborting on container exit...
 Container c-p03-identity-r3-setup-1 Stopping 
 Container c-p03-identity-r3-setup-1 Stopped 
 Container c-p03-identity-r3-db-1 Running 
 Container c-p03-identity-r3-app-1 Creating 
 Container c-p03-identity-r3-app-1 Created 
 Container c-p03-identity-r3-db-1 Waiting 
 Container c-p03-identity-r3-db-1 Healthy 
 Container c-p03-identity-r3-setup-1 Starting 
 Container c-p03-identity-r3-setup-1 Started 
 Container c-p03-identity-r3-setup-1 Waiting 
 Container c-p03-identity-r3-setup-1 Exited 
 Container c-p03-identity-r3-app-1 Starting 
 Container c-p03-identity-r3-app-1 Started 

[1mThe demo is running (64 s): http://localhost:20350[0m

  Sign in (password for every demo user: Demo-Pass-2026)
    admin@alnoor.example       Administrator, English
    admin.ar@alnoor.example    Administrator, Arabic
    viewer@alnoor.example      Read-only role
    noaccess@alnoor.example    No roles (sees nothing)
    admin@gulfsteel.example    Administrator of the second workspace

  API description: http://localhost:20350/api/openapi/v1.json
  Database:        localhost:20351 (./erp psql)
  Stop:            ./erp down        (add --volumes to delete the data)
rc=0 seconds=64
