
Build succeeded.
    0 Warning(s)
    0 Error(s)

Time Elapsed 00:01:07.41
Test run for /work/tests/Erp.Gates.Tests/bin/Release/net10.0/Erp.Gates.Tests.dll (.NETCoreApp,Version=v10.0)
A total of 1 test files matched the specified pattern.
[xUnit.net 00:00:00.00] xUnit.net VSTest Adapter v3.1.5+1b188a7b0a (64-bit .NET 10.0.12)
[xUnit.net 00:00:00.62]   Discovering: Erp.Gates.Tests
[xUnit.net 00:00:01.33]   Discovered:  Erp.Gates.Tests
[xUnit.net 00:00:02.00]   Starting:    Erp.Gates.Tests
  Passed Erp.Gates.Tests.SelfTests.ResponseTextSelfTests.Only_a_recent_instant_and_a_short_dated_text_are_scrubbed_as_the_print_stamp [33 ms]
  Passed Erp.Gates.Tests.SelfTests.ResponseTextSelfTests.A_compressed_pdf_and_a_zipped_workbook_are_read_for_their_text [943 ms]
  Passed Erp.Gates.Tests.SelfTests.ResponseTextSelfTests.Right_to_left_runs_are_also_given_in_logical_order [4 ms]
  Passed Erp.Gates.Tests.SelfTests.GateSelfTests.The_database_check_catches_a_unique_index_across_tenants [560 ms]
  Passed Erp.Gates.Tests.SelfTests.GateSelfTests.The_subject_check_catches_me_endpoints_that_act_on_the_user_a_request_names [12 s]
  Passed Erp.Gates.Tests.SelfTests.GateSelfTests.The_company_grant_check_catches_access_given_without_checking_the_caller_or_the_user [31 s]
  Passed Erp.Gates.Tests.SelfTests.GateSelfTests.The_database_check_catches_a_table_without_row_level_security [210 ms]
  Passed Erp.Gates.Tests.SelfTests.GateSelfTests.The_reachable_state_walk_says_when_it_stopped_at_its_object_budget [1 s]
  Passed Erp.Gates.Tests.SelfTests.GateSelfTests.The_report_data_check_catches_a_report_printing_data_its_permission_does_not_grant [2 m 5 s]
  Passed Erp.Gates.Tests.SelfTests.GateSelfTests.The_reachable_state_walk_judges_every_field_of_registration_objects [18 ms]
  Passed Erp.Gates.Tests.SelfTests.GateSelfTests.The_grant_escalation_check_catches_grant_checks_that_compare_only_identity_permissions [1 m 34 s]
  Passed Erp.Gates.Tests.SelfTests.GateSelfTests.The_process_state_check_catches_a_static_cache_and_a_stateful_singleton [690 ms]
  Passed Erp.Gates.Tests.G1.G1CompanyIsolationTests.A_user_of_company_X_cannot_reach_company_Y_through_any_endpoint [7 m 13 s]
  Passed Erp.Gates.Tests.G2.G2PermissionTests.Every_declared_permission_is_in_the_catalogue_and_every_catalogue_permission_is_used [6 ms]
  Passed Erp.Gates.Tests.G2.G2PermissionTests.Every_permissioned_endpoint_is_enforced_by_a_policy_requiring_its_permission [6 ms]
  Passed Erp.Gates.Tests.G2.G2PermissionTests.Every_endpoint_declares_exactly_one_permission_or_is_reviewed_anonymous [8 ms]
  Passed Erp.Gates.Tests.G2.G2PermissionTests.A_user_whose_roles_grant_nothing_is_denied_everything_and_sees_no_menu [3 s]
  Passed Erp.Gates.Tests.G2.G2PermissionTests.Every_list_endpoint_needs_the_lists_own_permission_and_shared_view_writes_need_sharing [15 s]
  Passed Erp.Gates.Tests.G2.G2PermissionTests.The_host_refuses_to_start_with_an_endpoint_whose_permission_is_not_in_the_catalogue [77 ms]
  Passed Erp.Gates.Tests.G2.G2PermissionTests.Users_cannot_escalate_their_own_privileges [1 s]
  Passed Erp.Gates.Tests.G2.G2PermissionTests.The_host_refuses_a_permissioned_endpoint_that_also_allows_anonymous_callers [58 ms]
  Passed Erp.Gates.Tests.G2.G2PermissionTests.Creating_a_user_cannot_grant_more_than_the_caller_holds [1 s]
  Passed Erp.Gates.Tests.G2.G2PermissionTests.Anonymous_callers_get_401_from_every_permissioned_endpoint [19 ms]
  Passed Erp.Gates.Tests.G2.G2PermissionTests.The_reviewed_permission_map_catches_a_weaker_permission_an_unreviewed_endpoint_and_a_stale_line [215 ms]
  Passed Erp.Gates.Tests.G2.G2PermissionTests.The_host_refuses_a_permission_declared_as_metadata_that_no_policy_enforces [61 ms]
  Passed Erp.Gates.Tests.G2.G2PermissionTests.Every_registered_list_is_readable_with_its_permission_alone [6 s]
  Passed Erp.Gates.Tests.G2.G2PermissionTests.The_host_refuses_a_list_whose_endpoint_declares_another_permission [177 ms]
  Passed Erp.Gates.Tests.G2.G2PermissionTests.Sharing_a_view_needs_the_share_permission_and_the_lists_own_permission [2 s]
  Passed Erp.Gates.Tests.G2.G2PermissionTests.Undeclared_endpoints_fall_back_to_deny [1 ms]
  Passed Erp.Gates.Tests.G2.G2PermissionTests.The_host_refuses_to_start_with_an_endpoint_that_declares_no_permission [43 ms]
  Passed Erp.Gates.Tests.G2.G2PermissionTests.Requests_that_only_read_cannot_write [30 ms]
  Passed Erp.Gates.Tests.G2.G2PermissionTests.No_endpoint_grants_more_than_the_caller_holds [22 s]
  Passed Erp.Gates.Tests.G2.G2PermissionTests.Every_module_route_is_under_a_reviewed_map_or_derives_its_permission_from_its_list [40 ms]
  Passed Erp.Gates.Tests.SelfTests.GateSelfTests.The_grant_bearing_record_check_catches_access_checks_that_compare_only_identity_permissions [3 m 25 s]
  Passed Erp.Gates.Tests.SelfTests.GateSelfTests.The_company_policy_check_catches_a_company_table_without_the_company_scope [582 ms]
  Passed Erp.Gates.Tests.SelfTests.GateSelfTests.The_grant_bearing_record_check_catches_a_role_delete_without_the_grant_check [1 ms]
  Passed Erp.Gates.Tests.SelfTests.GateSelfTests.The_grant_bearing_record_check_catches_an_edit_that_skips_the_access_check_when_only_the_email_changes [15 ms]
  Passed Erp.Gates.Tests.SelfTests.GateSelfTests.The_grant_escalation_check_catches_an_endpoint_that_grants_any_role [7 ms]
  Passed Erp.Gates.Tests.SelfTests.GateSelfTests.The_permission_checks_catch_a_write_guarded_by_a_read_permission_and_a_read_that_writes [314 ms]
  Passed Erp.Gates.Tests.SelfTests.WriteOracleSelfTests.The_write_oracle_check_catches_a_create_that_refuses_another_tenants_address [25 s]
  Passed Erp.Gates.Tests.G2.G2PermissionTests.Granting_exactly_one_permission_opens_exactly_the_endpoints_that_declare_it [1 m 4 s]
  Passed Erp.Gates.Tests.G2.G2PermissionTests.No_endpoint_that_changes_data_is_guarded_by_a_read_permission [1 ms]
  Passed Erp.Gates.Tests.G2.G2PermissionTests.Every_endpoint_under_a_reviewed_prefix_declares_exactly_its_reviewed_permission [3 ms]
  Passed Erp.Gates.Tests.G2.G2PermissionTests.The_declaration_check_catches_AllowAnonymous_stacked_on_a_permission [27 ms]
  Passed Erp.Gates.Tests.G2.G2AccountTakeoverTests.No_endpoint_grants_another_modules_permissions_the_caller_lacks [25 s]
  Passed Erp.Gates.Tests.G1.G1SignInThrottleTests.Failed_sign_ins_from_one_client_never_lock_the_account_out_for_anyone_else [14 s]
  Passed Erp.Gates.Tests.G1.G1SignInThrottleTests.Sign_in_failures_give_one_answer_that_states_no_policy [6 s]
  Passed Erp.Gates.Tests.G1.G1SignInThrottleTests.A_browser_that_signed_in_before_is_not_paused_by_failures_from_its_network_address [9 s]
  Passed Erp.Gates.Tests.G2.G2AccountTakeoverTests.Acting_on_a_record_that_grants_access_needs_everything_it_grants [1 m 27 s]
  Passed Erp.Gates.Tests.G2.G2AccountTakeoverTests.Nobody_resets_their_own_password_or_ends_their_own_access_through_administration [951 ms]
  Passed Erp.Gates.Tests.G1.G1BranchScopeAttackTests.A_user_limited_to_one_branch_cannot_reach_another_branch_of_the_company_through_any_endpoint [59 s]
  Passed Erp.Gates.Tests.G1.G1ClientStateTests.Every_use_of_a_carrier_that_outlives_the_document_is_reviewed [104 ms]
  Passed Erp.Gates.Tests.G1.G1ClientStateTests.Every_piece_of_module_level_state_in_the_web_sources_is_reviewed [250 ms]
  Passed Erp.Gates.Tests.G1.G1ClientStateTests.The_carrier_inventory_finds_the_planted_cookie_and_window_name [46 ms]
  Passed Erp.Gates.Tests.G1.G1ClientStateTests.The_inventory_finds_planted_module_state [11 ms]
  Passed Erp.Gates.Tests.G1.G1CredentialTests.The_function_owner_writes_only_where_reviewed [37 ms]
  Passed Erp.Gates.Tests.G1.G1CredentialTests.The_sign_in_lookup_reveals_no_hash_and_no_account_before_the_password_is_proven [154 ms]
  Passed Erp.Gates.Tests.G1.G1CredentialTests.The_application_role_can_read_no_stored_credential [16 ms]
  Passed Erp.Gates.Tests.G1.G1CredentialTests.No_reviewed_function_returns_a_credential_column_or_a_whole_row [13 ms]
  Passed Erp.Gates.Tests.G1.G1DatabaseIsolationTests.Every_table_is_tenant_owned_or_a_reviewed_platform_table [35 ms]
  Passed Erp.Gates.Tests.G1.G1DatabaseIsolationTests.A_tenant_set_for_the_whole_connection_or_left_by_an_earlier_transaction_is_ignored [80 ms]
  Passed Erp.Gates.Tests.G1.G1DatabaseIsolationTests.Application_role_sees_and_changes_only_its_own_tenant_in_every_tenant_table [879 ms]
  Passed Erp.Gates.Tests.G1.G1DatabaseIsolationTests.Foreign_keys_between_tenant_tables_include_the_tenant [9 ms]
  Passed Erp.Gates.Tests.G1.G1DatabaseIsolationTests.Tenant_tables_have_an_id_primary_key [15 ms]
[xUnit.net 00:11:38.89]     Erp.Gates.Tests.G1.G1ProcessStateTests.Process_wide_state_is_immutable_or_reviewed [FAIL]
[xUnit.net 00:11:38.89]       singleton Erp.Modules.Reports.Pdf.PdfReportRenderer._letterheads: a read-only field that holds a mutable ConcurrentDictionary<String, String>. Make it immutable, scope it to the request, key it by tenant, or review it in tests/Gates/process-state-allowlist.txt.
[xUnit.net 00:11:38.89]       Stack Trace:
[xUnit.net 00:11:38.90]         /work/tests/Erp.Gates.Tests/G1/G1ProcessStateTests.cs(40,0): at Erp.Gates.Tests.G1.G1ProcessStateTests.Process_wide_state_is_immutable_or_reviewed()
[xUnit.net 00:11:38.90]            at System.RuntimeMethodHandle.InvokeMethod(ObjectHandleOnStack target, Void** arguments, ObjectHandleOnStack sig, BOOL isConstructor, ObjectHandleOnStack result)
[xUnit.net 00:11:38.90]            at System.RuntimeMethodHandle.InvokeMethod(ObjectHandleOnStack target, Void** arguments, ObjectHandleOnStack sig, BOOL isConstructor, ObjectHandleOnStack result)
[xUnit.net 00:11:38.90]            at System.Reflection.MethodBaseInvoker.InterpretedInvoke_Method(Object obj, IntPtr* args)
[xUnit.net 00:11:38.90]            at System.Reflection.MethodBaseInvoker.InvokeWithNoArgs(Object obj, BindingFlags invokeAttr)
[xUnit.net 00:11:38.90]       Output:
[xUnit.net 00:11:38.90]         382 types, 78 fields, 13 singleton services inspected, 107 endpoint delegates walked (3119 objects) to 29 closures; 82 roots walked to 826 objects, 48 product types judged field by field; 24 reviewed findings
  Passed Erp.Gates.Tests.G1.G1DatabaseIsolationTests.Tenant_tables_enforce_row_level_security_with_the_standard_policy [81 ms]
  Passed Erp.Gates.Tests.G1.G1DatabaseIsolationTests.Security_definer_functions_are_exactly_the_reviewed_ones [54 ms]
  Passed Erp.Gates.Tests.G1.G1DatabaseIsolationTests.Leakproof_functions_are_postgres_defaults_or_reviewed [31 ms]
  Passed Erp.Gates.Tests.G1.G1DatabaseIsolationTests.Audit_trail_is_append_only_for_the_application [11 ms]
  Passed Erp.Gates.Tests.G1.G1DatabaseIsolationTests.Application_role_cannot_bypass_row_level_security_or_become_a_role_that_can [38 ms]
  Failed Erp.Gates.Tests.G1.G1ProcessStateTests.Process_wide_state_is_immutable_or_reviewed [335 ms]
  Error Message:
   singleton Erp.Modules.Reports.Pdf.PdfReportRenderer._letterheads: a read-only field that holds a mutable ConcurrentDictionary<String, String>. Make it immutable, scope it to the request, key it by tenant, or review it in tests/Gates/process-state-allowlist.txt.
  Stack Trace:
     at Erp.Gates.Tests.G1.G1ProcessStateTests.Process_wide_state_is_immutable_or_reviewed() in /work/tests/Erp.Gates.Tests/G1/G1ProcessStateTests.cs:line 40
   at System.RuntimeMethodHandle.InvokeMethod(ObjectHandleOnStack target, Void** arguments, ObjectHandleOnStack sig, BOOL isConstructor, ObjectHandleOnStack result)
   at System.RuntimeMethodHandle.InvokeMethod(ObjectHandleOnStack target, Void** arguments, ObjectHandleOnStack sig, BOOL isConstructor, ObjectHandleOnStack result)
   at System.Reflection.MethodBaseInvoker.InterpretedInvoke_Method(Object obj, IntPtr* args)
   at System.Reflection.MethodBaseInvoker.InvokeWithNoArgs(Object obj, BindingFlags invokeAttr)
  Standard Output Messages:
 382 types, 78 fields, 13 singleton services inspected, 107 endpoint delegates walked (3119 objects) to 29 closures; 82 roots walked to 826 objects, 48 product types judged field by field; 24 reviewed findings


  Passed Erp.Gates.Tests.G1.G1ReviewedLookupTests.Only_reviewed_source_files_name_a_reviewed_function [131 ms]
  Passed Erp.Gates.Tests.G1.G1ReviewedLookupTests.Every_reviewed_function_has_reviewed_callers_and_sources [12 ms]
  Passed Erp.Gates.Tests.G1.G1ReviewedLookupTests.Reviewed_lookups_answer_nothing_inside_a_tenant_bound_transaction [19 ms]
  Passed Erp.Gates.Tests.G1.G1TenantSettingCodeTests.Only_reviewed_methods_name_the_tenant_setting [143 ms]
  Passed Erp.Gates.Tests.G1.G1TenantSettingCodeTests.The_scan_finds_a_helper_that_names_the_tenant_setting [38 ms]
  Passed Erp.Gates.Tests.G1.G1TenantSourceTests.Only_reviewed_files_choose_a_tenant_or_step_around_the_unit_of_work [68 ms]
  Passed Erp.Gates.Tests.G1.G1TenantSourceTests.The_scanner_catches_every_planted_bypass [3 ms]
  Passed Erp.Gates.Tests.G1.G1TenantValueRuleTests.Every_shape_of_setting_change_is_read_with_its_value [22 ms]
  Passed Erp.Gates.Tests.G1.G1TenantValueRuleTests.A_request_may_run_its_SQL_only_under_the_tenant_it_may_bind [4 ms]
  Passed Erp.Gates.Tests.G1.G1UniqueIndexTests.Unique_indexes_on_tenant_tables_include_the_tenant [80 ms]
  Passed Erp.Gates.Tests.G1.G1WriteOracleTests.Writes_answer_the_same_for_another_tenants_values_as_for_values_that_exist_nowhere [14 s]
  Passed Erp.Gates.Tests.G2.G2CompanyAccessGrantTests.Company_access_is_given_and_taken_only_within_what_the_caller_holds_and_never_from_a_stronger_user [8 s]
  Passed Erp.Gates.Tests.G2.G2CompanyRoleTests.A_permission_held_in_one_company_is_denied_while_working_in_another [32 s]
  Passed Erp.Gates.Tests.G2.G2CompanyRoleTests.An_administrator_of_one_company_grants_and_acts_only_within_it [4 s]
  Passed Erp.Gates.Tests.G2.G2AccountTakeoverTests.Acting_on_a_user_needs_every_permission_that_user_holds [1 m 31 s]
  Passed Erp.Gates.Tests.G2.G2AccountTakeoverTests.Creating_from_a_role_cannot_grant_more_than_the_caller_holds [3 s]
  Passed Erp.Gates.Tests.G2.G2ReportDataTests.The_report_catalogue_lists_only_what_the_caller_may_run_and_see [6 s]
  Passed Erp.Gates.Tests.G2.G2ReportDataTests.Every_report_prints_only_data_its_permissions_show_elsewhere [46 s]
  Passed Erp.Gates.Tests.Rules.AuditGateTests.Every_tenant_table_carries_the_audit_trigger_unless_reviewed_exempt [77 ms]
  Passed Erp.Gates.Tests.Rules.AuditGateTests.Changing_ones_own_interface_preferences_is_audited_field_by_field [1 s]
  Passed Erp.Gates.Tests.Rules.AuditGateTests.Writes_through_the_API_leave_field_level_audit_rows_attributed_to_the_user [520 ms]
  Passed Erp.Gates.Tests.Rules.AuditGateTests.Writes_that_bypass_the_ORM_are_audited_too [71 ms]
  Passed Erp.Gates.Tests.Rules.AuditGateTests.Passwords_are_redacted_in_the_audit_trail [604 ms]
  Passed Erp.Gates.Tests.Rules.BulkTimeoutGateTests.Only_the_seed_runner_and_the_platform_build_the_application_pools [174 ms]
  Passed Erp.Gates.Tests.Rules.BulkTimeoutGateTests.Bulk_code_never_sets_a_literal_command_timeout_or_opens_its_own_connection [17 ms]
  Passed Erp.Gates.Tests.Rules.BulkTimeoutGateTests.The_seed_runner_puts_every_tenant_seed_on_the_bulk_pool [< 1 ms]
  Passed Erp.Gates.Tests.Rules.LicenceGateTests.The_font_check_catches_an_unreviewed_font_changed_bytes_and_a_missing_licence [25 ms]
  Passed Erp.Gates.Tests.G2.G2SubjectTests.An_action_on_the_caller_never_acts_on_another_user_the_request_names [51 s]
  Passed Erp.Gates.Tests.Rules.LicenceGateTests.Every_NuGet_package_has_an_allowed_licence [173 ms]
  Passed Erp.Gates.Tests.Rules.LicenceGateTests.Every_font_file_in_the_repository_is_reviewed_with_its_licence_beside_it [111 ms]
  Passed Erp.Gates.Tests.Rules.LicenceGateTests.Every_npm_package_has_an_allowed_licence [39 ms]
  Passed Erp.Gates.Tests.Rules.ListIndexGateTests.Search_fields_and_sortable_columns_of_database_lists_are_indexed [126 ms]
  Passed Erp.Gates.Tests.Rules.ModuleBoundaryGateTests.Modules_use_one_another_only_through_their_contracts [26 ms]
  Passed Erp.Gates.Tests.Rules.ModuleBoundaryGateTests.The_boundary_check_catches_a_module_reaching_into_another_one [1 ms]
  Passed Erp.Gates.Tests.Rules.MoneyGateTests.No_floating_point_or_money_columns_in_the_database [4 ms]
  Passed Erp.Gates.Tests.Rules.MoneyGateTests.No_float_or_double_in_server_code [49 ms]
  Passed Erp.Gates.Tests.Rules.MoneyGateTests.No_parseFloat_in_front_end_code [22 ms]
  Passed Erp.Gates.Tests.Rules.OpenApiGateTests.OpenApi_document_covers_every_endpoint_with_its_permission [101 ms]
  Passed Erp.Gates.Tests.Rules.OpenApiGateTests.Decimals_are_documented_as_strings [10 ms]
  Passed Erp.Gates.Tests.Rules.OpenApiGateTests.The_served_description_is_the_whole_current_document_the_same_for_every_caller [117 ms]
  Passed Erp.Gates.Tests.Rules.RegistrationGateTests.Every_registered_list_is_served_as_a_page_whose_rows_carry_its_columns [8 ms]
  Passed Erp.Gates.Tests.Rules.RegistrationGateTests.Navigation_reaches_every_screen_and_every_menu_entry_opens_a_screen_with_its_permission [12 ms]
  Passed Erp.Gates.Tests.Rules.ListContractGateTests.Every_sortable_column_orders_its_list_both_ways_and_keyset_paging_matches_one_page [3 s]
  Passed Erp.Gates.Tests.Rules.ReportGateTests.Every_report_and_printable_list_renders_in_every_format_and_both_languages [3 s]
  Passed Erp.Gates.Tests.Rules.ReportGateTests.Every_list_is_printable_and_every_report_is_well_formed [11 ms]
  Passed Erp.Gates.Tests.Rules.ShellGateTests.Screens_format_numbers_amounts_and_dates_through_the_kernel_formatter [93 ms]
  Passed Erp.Gates.Tests.Rules.ShellGateTests.Language_and_digit_fields_document_their_allowed_values [8 ms]
  Passed Erp.Gates.Tests.Rules.ShellGateTests.Stylesheets_and_inline_styles_use_logical_directions_only [153 ms]
  Passed Erp.Gates.Tests.Rules.ShellGateTests.Every_navigation_group_has_an_English_and_Arabic_heading [4 ms]
  Passed Erp.Gates.Tests.Rules.StringGateTests.Every_problem_and_validation_code_in_server_code_has_text [58 ms]
  Passed Erp.Gates.Tests.Rules.StringGateTests.Server_string_files_have_matching_English_and_Arabic_keys [20 ms]
  Passed Erp.Gates.Tests.Rules.StringGateTests.Web_string_files_have_matching_English_and_Arabic_keys [3 ms]
  Passed Erp.Gates.Tests.Rules.StringGateTests.Every_permission_module_and_menu_entry_has_labels [29 ms]
  Passed Erp.Gates.Tests.Rules.StringGateTests.Count_messages_use_plural_forms [25 ms]
  Passed Erp.Gates.Tests.G1.G1CompanyScopeTests.Every_company_table_carries_the_standard_company_scope_policy [11 ms]
  Passed Erp.Gates.Tests.G1.G1CompanyScopeTests.The_application_role_sees_and_changes_only_the_bound_companies_in_every_company_table [190 ms]
  Passed Erp.Gates.Tests.Rules.ListContractGateTests.Every_filterable_column_filters_its_list_and_other_columns_are_refused [3 s]
  Passed Erp.Gates.Tests.Rules.ListContractGateTests.Every_registered_list_documents_the_list_query_contract_and_its_definition [239 ms]
  Passed Erp.Gates.Tests.Rules.ListContractGateTests.Every_search_field_is_searched_word_by_word_and_grouping_counts_every_row_once [806 ms]
  Passed Erp.Gates.Tests.G1.G1NonInterferenceTests.What_tenant_A_is_answered_never_depends_on_what_tenant_B_did [16 m 18 s]
[xUnit.net 00:32:33.16]       2 isolation checks failed:
[xUnit.net 00:32:33.16]     Erp.Gates.Tests.G1.G1HttpIsolationTests.Tenant_A_cannot_reach_tenant_B_through_any_endpoint [FAIL]
[xUnit.net 00:32:33.16]       
[xUnit.net 00:32:33.16]       853 leaks:
[xUnit.net 00:32:33.16]       tenant A administrator (cookie) → GET /api/reports/lists/identity.roles?format=pdf&language=en&numerals=latn&disposition=attachment&search=alpha [an answer shape tenant B asked for first] → 200: response contains tenant B marker CNRY30F0500704
[xUnit.net 00:32:33.16]       tenant A administrator (cookie) → GET /api/reports/lists/identity.roles?format=pdf&language=en&numerals=latn&disposition=attachment&search=bravocnry30f0500704 [an answer shape tenant B asked for first] → 200: response contains tenant B marker CNRY30F0500704
[xUnit.net 00:32:33.16]       tenant A administrator (cookie) → GET /api/reports/lists/identity.roles?format=pdf&language=en&numerals=latn&disposition=inline&search=bravocnry30f0500704 [an answer shape tenant B asked for first] → 200: response contains tenant B marker CNRY30F0500704
[xUnit.net 00:32:33.16]       tenant A administrator (cookie) → GET /api/reports/lists/identity.roles?format=pdf&language=en&numerals=latn&disposition=inline&search=alpha [an answer shape tenant B asked for first] → 200: response contains tenant B marker CNRY30F0500704
[xUnit.net 00:32:33.16]       tenant A administrator (cookie) → GET /api/reports/lists/identity.roles?format=pdf&language=en&numerals=latn&disposition=attachment [an answer shape tenant B asked for first] → 200: response contains tenant B marker CNRY30F0500704
[xUnit.net 00:32:33.16]       tenant A administrator (cookie) → GET /api/reports/lists/identity.roles?format=pdf&language=en&numerals=arab&disposition=attachment&search=bravocnry30f0500704 [an answer shape tenant B asked for first] → 200: response contains tenant B marker CNRY30F0500704
[xUnit.net 00:32:33.16]       tenant A administrator (cookie) → GET /api/reports/lists/identity.roles?format=pdf&language=en&numerals=latn&disposition=inline [an answer shape tenant B asked for first] → 200: response contains tenant B marker CNRY30F0500704
[xUnit.net 00:32:33.16]       tenant A administrator (cookie) → GET /api/reports/lists/identity.roles?format=pdf&language=en&numerals=arab&disposition=attachment&search=alpha [an answer shape tenant B asked for first] → 200: response contains tenant B marker CNRY30F0500704
[xUnit.net 00:32:33.16]       tenant A administrator (cookie) → GET /api/reports/lists/identity.roles?format=pdf&language=en&numerals=arab&disposition=inline&search=alpha [an answer shape tenant B asked for first] → 200: response contains tenant B marker CNRY30F0500704
[xUnit.net 00:32:33.16]       tenant A administrator (cookie) → GET /api/reports/lists/identity.roles?format=pdf&language=en&numerals=arab&disposition=inline&search=bravocnry30f0500704 [an answer shape tenant B asked for first] → 200: response contains tenant B marker CNRY30F0500704
[xUnit.net 00:32:33.16]       tenant A administrator (cookie) → GET /api/reports/lists/identity.roles?format=pdf&language=en&numerals=arab&disposition=attachment [an answer shape tenant B asked for first] → 200: response contains tenant B marker CNRY30F0500704
[xUnit.net 00:32:33.16]       tenant A administrator (cookie) → GET /api/reports/lists/identity.roles?format=pdf&language=ar&numerals=latn&disposition=attachment&search=bravocnry30f0500704 [an answer shape tenant B asked for first] → 200: response contains tenant B marker CNRY30F0500704
[xUnit.net 00:32:33.16]       tenant A administrator (cookie) → GET /api/reports/lists/identity.roles?format=pdf&language=en&numerals=arab&disposition=inline [an answer shape tenant B asked for first] → 200: response contains tenant B marker CNRY30F0500704
[xUnit.net 00:32:33.17]       tenant A administrator (cookie) → GET /api/reports/lists/identity.roles?format=pdf&language=ar&numerals=latn&disposition=attachment&search=alpha [an answer shape tenant B asked for first] → 200: response contains tenant B marker CNRY30F0500704
[xUnit.net 00:32:33.17]       tenant A administrator (cookie) → GET /api/reports/lists/identity.roles?format=pdf&language=ar&numerals=latn&disposition=inline&search=bravocnry30f0500704 [an answer shape tenant B asked for first] → 200: response contains tenant B marker CNRY30F0500704
[xUnit.net 00:32:33.17]       tenant A administrator (cookie) → GET /api/reports/lists/identity.roles?format=pdf&language=ar&numerals=latn&disposition=inline&search=alpha [an answer shape tenant B asked for first] → 200: response contains tenant B marker CNRY30F0500704
[xUnit.net 00:32:33.17]       tenant A administrator (cookie) → GET /api/reports/lists/identity.roles?format=pdf&language=ar&numerals=latn&disposition=attachment [an answer shape tenant B asked for first] → 200: response contains tenant B marker CNRY30F0500704
[xUnit.net 00:32:33.17]       tenant A administrator (cookie) → GET /api/reports/lists/identity.roles?format=pdf&language=ar&numerals=arab&disposition=attachment&search=bravocnry30f0500704 [an answer shape tenant B asked for first] → 200: response contains tenant B marker CNRY30F0500704
[xUnit.net 00:32:33.17]       tenant A administrator (cookie) → GET /api/reports/lists/identity.roles?format=pdf&language=ar&numerals=latn&disposition=inline [an answer shape tenant B asked for first] → 200: response contains tenant B marker CNRY30F0500704
[xUnit.net 00:32:33.17]       tenant A administrator (cookie) → GET /api/reports/lists/identity.roles?format=pdf&language=ar&numerals=arab&disposition=attachment [an answer shape tenant B asked for first] → 200: response contains tenant B marker CNRY30F0500704
[xUnit.net 00:32:33.17]       tenant A administrator (cookie) → GET /api/reports/lists/identity.roles?format=pdf&language=ar&numerals=arab&disposition=attachment&search=alpha [an answer shape tenant B asked for first] → 200: response contains tenant B marker CNRY30F0500704
[xUnit.net 00:32:33.17]       tenant A administrator (cookie) → GET /api/reports/lists/identity.roles?format=pdf&language=ar&numerals=arab&disposition=inline&search=bravocnry30f0500704 [an answer shape tenant B asked for first] → 200: response contains tenant B marker CNRY30F0500704
[xUnit.net 00:32:33.17]       tenant A administrator (cookie) → GET /api/reports/lists/identity.roles?format=pdf&language=ar&numerals=arab&disposition=inline [an answer shape tenant B asked for first] → 200: response contains tenant B marker CNRY30F0500704
[xUnit.net 00:32:33.17]       tenant A administrator (cookie) → GET /api/reports/lists/identity.roles?format=pdf&language=ar&numerals=arab&disposition=inline&search=alpha [an answer shape tenant B asked for first] → 200: response contains tenant B marker CNRY30F0500704
[xUnit.net 00:32:33.17]       tenant A administrator (cookie) → GET /api/reports/lists/identity.users?format=pdf&language=en&numerals=latn&groupBy=language&disposition=attachment&search=bravocnry30f0500704 [an answer shape tenant B asked for first] → 200: response contains tenant B marker CNRY30F0500704
[xUnit.net 00:32:33.17]       tenant A administrator (cookie) → GET /api/reports/lists/identity.users?format=pdf&language=en&numerals=latn&groupBy=language&disposition=attachment [an answer shape tenant B asked for first] → 200: response contains tenant B marker CNRY30F0500704
[xUnit.net 00:32:33.17]       tenant A administrator (cookie) → GET /api/reports/lists/identity.users?format=pdf&language=en&numerals=latn&groupBy=language&disposition=inline [an answer shape tenant B asked for first] → 200: response contains tenant B marker CNRY30F0500704
[xUnit.net 00:32:33.17]       tenant A administrator (cookie) → GET /api/reports/lists/identity.users?format=pdf&language=en&numerals=latn&groupBy=language&disposition=inline&search=bravocnry30f0500704 [an answer shape tenant B asked for first] → 200: response contains tenant B marker CNRY30F0500704
[xUnit.net 00:32:33.17]       tenant A administrator (cookie) → GET /api/reports/lists/identity.users?format=pdf&language=en&numerals=latn&groupBy=language&disposition=attachment&search=alpha [an answer shape tenant B asked for first] → 200: response contains tenant B marker CNRY30F0500704
[xUnit.net 00:32:33.17]       tenant A administrator (cookie) → GET /api/reports/lists/identity.users?format=pdf&language=en&numerals=latn&groupBy=isActive&disposition=attachment&search=bravocnry30f0500704 [an answer shape tenant B asked for first] → 200: response contains tenant B marker CNRY30F0500704
[xUnit.net 00:32:33.17]       tenant A administrator (cookie) → GET /api/reports/lists/identity.users?format=pdf&language=en&numerals=latn&groupBy=language&disposition=inline&search=alpha [an answer shape tenant B asked for first] → 200: response contains tenant B marker CNRY30F0500704
[xUnit.net 00:32:33.17]       tenant A administrator (cookie) → GET /api/reports/lists/identity.users?format=pdf&language=en&numerals=latn&groupBy=isActive&disposition=attachment&search=alpha [an answer shape tenant B asked for first] → 200: response contains tenant B marker CNRY30F0500704
[xUnit.net 00:32:33.17]       tenant A administrator (cookie) → GET /api/reports/lists/identity.users?format=pdf&language=en&numerals=latn&groupBy=isActive&disposition=attachment [an answer shape tenant B asked for first] → 200: response contains tenant B marker CNRY30F0500704
[xUnit.net 00:32:33.17]       tenant A administrator (cookie) → GET /api/reports/lists/identity.users?format=pdf&language=en&numerals=latn&groupBy=isActive&disposition=inline&search=bravocnry30f0500704 [an answer shape tenant B asked for first] → 200: response contains tenant B marker CNRY30F0500704
[xUnit.net 00:32:33.17]       tenant A administrator (cookie) → GET /api/reports/lists/identity.users?format=pdf&language=en&numerals=latn&groupBy=isActive&disposition=inline [an answer shape tenant B asked for first] → 200: response contains tenant B marker CNRY30F0500704
[xUnit.net 00:32:33.17]       tenant A administrator (cookie) → GET /api/reports/lists/identity.users?format=pdf&language=en&numerals=arab&groupBy=language&disposition=attachment&search=bravocnry30f0500704 [an answer shape tenant B asked for first] → 200: response contains tenant B marker CNRY30F0500704
[xUnit.net 00:32:33.17]       tenant A administrator (cookie) → GET /api/reports/lists/identity.users?format=pdf&language=en&numerals=latn&groupBy=isActive&disposition=inline&search=alpha [an answer shape tenant B asked for first] → 200: response contains tenant B marker CNRY30F0500704
[xUnit.net 00:32:33.17]       tenant A administrator (cookie) → GET /api/reports/lists/identity.users?format=pdf&language=en&numerals=arab&groupBy=language&disposition=attachment [an answer shape tenant B asked for first] → 200: response contains tenant B marker CNRY30F0500704
[xUnit.net 00:32:33.17]       tenant A administrator (cookie) → GET /api/reports/lists/identity.users?format=pdf&language=en&numerals=arab&groupBy=language&disposition=inline&search=bravocnry30f0500704 [an answer shape tenant B asked for first] → 200: response contains tenant B marker CNRY30F0500704
[xUnit.net 00:32:33.17]       tenant A administrator (cookie) → GET /api/reports/lists/identity.users?format=pdf&language=en&numerals=arab&groupBy=language&disposition=attachment&search=alpha [an answer shape tenant B asked for first] → 200: response contains tenant B marker CNRY30F0500704
[xUnit.net 00:32:33.17]       tenant A administrator (cookie) → GET /api/reports/lists/identity.users?format=pdf&language=en&numerals=arab&groupBy=isActive&disposition=attachment [an answer shape tenant B asked for first] → 200: response contains tenant B marker CNRY30F0500704
[xUnit.net 00:32:33.17]       tenant A administrator (cookie) → GET /api/reports/lists/identity.users?format=pdf&language=en&numerals=arab&groupBy=language&disposition=inline [an answer shape tenant B asked for first] → 200: response contains tenant B marker CNRY30F0500704
[xUnit.net 00:32:33.17]       tenant A administrator (cookie) → GET /api/reports/lists/identity.users?format=pdf&language=en&numerals=arab&groupBy=language&disposition=inline&search=alpha [an answer shape tenant B asked for first] → 200: response contains tenant B marker CNRY30F0500704
[xUnit.net 00:32:33.17]       tenant A administrator (cookie) → GET /api/reports/lists/identity.users?format=pdf&language=en&numerals=arab&groupBy=isActive&disposition=attachment&search=bravocnry30f0500704 [an answer shape tenant B asked for first] → 200: response contains tenant B marker CNRY30F0500704
[xUnit.net 00:32:33.17]       tenant A administrator (cookie) → GET /api/reports/lists/identity.users?format=pdf&language=en&numerals=arab&groupBy=isActive&disposition=attachment&search=alpha [an answer shape tenant B asked for first] → 200: response contains tenant B marker CNRY30F0500704
[xUnit.net 00:32:33.17]       tenant A administrator (cookie) → GET /api/reports/lists/identity.users?format=pdf&language=en&numerals=arab&groupBy=isActive&disposition=inline&search=bravocnry30f0500704 [an answer shape tenant B asked for first] → 200: response contains tenant B marker CNRY30F0500704
[xUnit.net 00:32:33.17]       tenant A administrator (cookie) → GET /api/reports/lists/identity.users?format=pdf&language=en&numerals=arab&groupBy=isActive&disposition=inline [an answer shape tenant B asked for first] → 200: response contains tenant B marker CNRY30F0500704
[xUnit.net 00:32:33.17]       tenant A administrator (cookie) → GET /api/reports/lists/identity.users?format=pdf&language=ar&numerals=latn&groupBy=language&disposition=attachment&search=bravocnry30f0500704 [an answer shape tenant B asked for first] → 200: response contains tenant B marker CNRY30F0500704
[xUnit.net 00:32:33.17]       tenant A administrator (cookie) → GET /api/reports/lists/identity.users?format=pdf&language=ar&numerals=latn&groupBy=language&disposition=inline&search=bravocnry30f0500704 [an answer shape tenant B asked for first] → 200: response contains tenant B marker CNRY30F0500704
[xUnit.net 00:32:33.17]       tenant A administrator (cookie) → GET /api/reports/lists/identity.users?format=pdf&language=en&numerals=arab&groupBy=isActive&disposition=inline&search=alpha [an answer shape tenant B asked for first] → 200: response contains tenant B marker CNRY30F0500704
[xUnit.net 00:32:33.17]       
[xUnit.net 00:32:33.17]       Process-wide state changed while the tenants used the app (2 lines):
[xUnit.net 00:32:33.17]       singleton Erp.Modules.Reports.Pdf.PdfReportRenderer._letterheads: was System.Collections.Concurrent.ConcurrentDictionary`2 count=1, now System.Collections.Concurrent.ConcurrentDictionary`2 count=2
[xUnit.net 00:32:33.17]       singleton Erp.Modules.Reports.Pdf.PdfReportRenderer._letterheads[ar]: new التجارة CNRY30F0500704
[xUnit.net 00:32:33.17]       Stack Trace:
[xUnit.net 00:32:33.17]         /work/tests/Erp.Gates.Tests/G1/G1HttpIsolationTests.cs(148,0): at Erp.Gates.Tests.G1.G1HttpIsolationTests.Tenant_A_cannot_reach_tenant_B_through_any_endpoint()
[xUnit.net 00:32:33.17]         --- End of stack trace from previous location ---
[xUnit.net 00:32:33.17]       Output:
[xUnit.net 00:32:33.17]         routes, tenant headers and guessed queries: 182100 requests so far, 606.3 s
[xUnit.net 00:32:33.17]         tenant switch inputs: 19 headers, 32 query names, 3 cookies, 34 body names: 193417 requests so far, 679.5 s
[xUnit.net 00:32:33.17]         write after write: 104 pairs over 52 endpoints, 652 pairs with 209 documented values, 20873 tenant A requests: 193417 requests so far, 955.2 s
[xUnit.net 00:32:33.17]         answer shapes: 10 endpoints, 448 shapes, 1433 tenant B and 848 tenant A requests: 194276 requests so far, 990.0 s
[xUnit.net 00:32:33.17]         tenant B values in route and query parameters: 392370 requests so far, 1406.4 s
[xUnit.net 00:32:33.17]         registered lists through their query contract: 18245 attacks, 33249 requests: 425619 requests so far, 1502.6 s
[xUnit.net 00:32:33.17]         list answers judged against each tenant's own rows: 552 queries, 177 with different true answers, 14905 rows walked; process-wide state fingerprinted in 4435 lines from 82 roots: 425619 requests so far, 1538.7 s
[xUnit.net 00:32:33.17]         tenant B values in body fields: 459981 requests so far, 1673.0 s
[xUnit.net 00:32:33.17]         tenant B activity: 111608 requests (40440 concurrent with the attack), 1824 successful own writes, 111530 responses judged for tenant A markers: 459981 requests so far, 1721.8 s
[xUnit.net 00:32:33.17]         tenant B: 276 ids (62 sampled), 166 text values, 120 extra markers, 43 probe values
[xUnit.net 00:32:33.17]         541298 tenant bindings and 1082233 setting statements judged among 5055495 statements; 541298 tenant values judged, 4816780 statements observed with their parameters; 11317 tenant switch inputs over 19 header names; 373997 responses judged on every header
[xUnit.net 00:32:33.17]         11007 tenant B route values replayed, 9322 tenant B opens of the routes A was about to attack
[xUnit.net 00:32:33.17]         209 documented enumeration values sent, 652 enumeration-variant write pairs
[xUnit.net 00:32:33.17]         112 endpoints, 480854 requests, 442 tenant B values, 143174 parameter attacks, 34362 body value attacks, 80176 differential checks (4955 values tenant A holds itself not compared), 543200 traced lookups
[xUnit.net 00:32:33.34]   Finished:    Erp.Gates.Tests (ID = 'd67f9af34c5c91feae69a31c7ab81956a411c8cd54ea4942d23c1fd06e059e25')
  Failed Erp.Gates.Tests.G1.G1HttpIsolationTests.Tenant_A_cannot_reach_tenant_B_through_any_endpoint [31 m 57 s]
  Error Message:
   2 isolation checks failed:

853 leaks:
tenant A administrator (cookie) → GET /api/reports/lists/identity.roles?format=pdf&language=en&numerals=latn&disposition=attachment&search=alpha [an answer shape tenant B asked for first] → 200: response contains tenant B marker CNRY30F0500704
tenant A administrator (cookie) → GET /api/reports/lists/identity.roles?format=pdf&language=en&numerals=latn&disposition=attachment&search=bravocnry30f0500704 [an answer shape tenant B asked for first] → 200: response contains tenant B marker CNRY30F0500704
tenant A administrator (cookie) → GET /api/reports/lists/identity.roles?format=pdf&language=en&numerals=latn&disposition=inline&search=bravocnry30f0500704 [an answer shape tenant B asked for first] → 200: response contains tenant B marker CNRY30F0500704
tenant A administrator (cookie) → GET /api/reports/lists/identity.roles?format=pdf&language=en&numerals=latn&disposition=inline&search=alpha [an answer shape tenant B asked for first] → 200: response contains tenant B marker CNRY30F0500704
tenant A administrator (cookie) → GET /api/reports/lists/identity.roles?format=pdf&language=en&numerals=latn&disposition=attachment [an answer shape tenant B asked for first] → 200: response contains tenant B marker CNRY30F0500704
tenant A administrator (cookie) → GET /api/reports/lists/identity.roles?format=pdf&language=en&numerals=arab&disposition=attachment&search=bravocnry30f0500704 [an answer shape tenant B asked for first] → 200: response contains tenant B marker CNRY30F0500704
tenant A administrator (cookie) → GET /api/reports/lists/identity.roles?format=pdf&language=en&numerals=latn&disposition=inline [an answer shape tenant B asked for first] → 200: response contains tenant B marker CNRY30F0500704
tenant A administrator (cookie) → GET /api/reports/lists/identity.roles?format=pdf&language=en&numerals=arab&disposition=attachment&search=alpha [an answer shape tenant B asked for first] → 200: response contains tenant B marker CNRY30F0500704
tenant A administrator (cookie) → GET /api/reports/lists/identity.roles?format=pdf&language=en&numerals=arab&disposition=inline&search=alpha [an answer shape tenant B asked for first] → 200: response contains tenant B marker CNRY30F0500704
tenant A administrator (cookie) → GET /api/reports/lists/identity.roles?format=pdf&language=en&numerals=arab&disposition=inline&search=bravocnry30f0500704 [an answer shape tenant B asked for first] → 200: response contains tenant B marker CNRY30F0500704
tenant A administrator (cookie) → GET /api/reports/lists/identity.roles?format=pdf&language=en&numerals=arab&disposition=attachment [an answer shape tenant B asked for first] → 200: response contains tenant B marker CNRY30F0500704
tenant A administrator (cookie) → GET /api/reports/lists/identity.roles?format=pdf&language=ar&numerals=latn&disposition=attachment&search=bravocnry30f0500704 [an answer shape tenant B asked for first] → 200: response contains tenant B marker CNRY30F0500704
tenant A administrator (cookie) → GET /api/reports/lists/identity.roles?format=pdf&language=en&numerals=arab&disposition=inline [an answer shape tenant B asked for first] → 200: response contains tenant B marker CNRY30F0500704
tenant A administrator (cookie) → GET /api/reports/lists/identity.roles?format=pdf&language=ar&numerals=latn&disposition=attachment&search=alpha [an answer shape tenant B asked for first] → 200: response contains tenant B marker CNRY30F0500704
tenant A administrator (cookie) → GET /api/reports/lists/identity.roles?format=pdf&language=ar&numerals=latn&disposition=inline&search=bravocnry30f0500704 [an answer shape tenant B asked for first] → 200: response contains tenant B marker CNRY30F0500704
tenant A administrator (cookie) → GET /api/reports/lists/identity.roles?format=pdf&language=ar&numerals=latn&disposition=inline&search=alpha [an answer shape tenant B asked for first] → 200: response contains tenant B marker CNRY30F0500704
tenant A administrator (cookie) → GET /api/reports/lists/identity.roles?format=pdf&language=ar&numerals=latn&disposition=attachment [an answer shape tenant B asked for first] → 200: response contains tenant B marker CNRY30F0500704
tenant A administrator (cookie) → GET /api/reports/lists/identity.roles?format=pdf&language=ar&numerals=arab&disposition=attachment&search=bravocnry30f0500704 [an answer shape tenant B asked for first] → 200: response contains tenant B marker CNRY30F0500704
tenant A administrator (cookie) → GET /api/reports/lists/identity.roles?format=pdf&language=ar&numerals=latn&disposition=inline [an answer shape tenant B asked for first] → 200: response contains tenant B marker CNRY30F0500704
tenant A administrator (cookie) → GET /api/reports/lists/identity.roles?format=pdf&language=ar&numerals=arab&disposition=attachment [an answer shape tenant B asked for first] → 200: response contains tenant B marker CNRY30F0500704
tenant A administrator (cookie) → GET /api/reports/lists/identity.roles?format=pdf&language=ar&numerals=arab&disposition=attachment&search=alpha [an answer shape tenant B asked for first] → 200: response contains tenant B marker CNRY30F0500704
tenant A administrator (cookie) → GET /api/reports/lists/identity.roles?format=pdf&language=ar&numerals=arab&disposition=inline&search=bravocnry30f0500704 [an answer shape tenant B asked for first] → 200: response contains tenant B marker CNRY30F0500704
tenant A administrator (cookie) → GET /api/reports/lists/identity.roles?format=pdf&language=ar&numerals=arab&disposition=inline [an answer shape tenant B asked for first] → 200: response contains tenant B marker CNRY30F0500704
tenant A administrator (cookie) → GET /api/reports/lists/identity.roles?format=pdf&language=ar&numerals=arab&disposition=inline&search=alpha [an answer shape tenant B asked for first] → 200: response contains tenant B marker CNRY30F0500704
tenant A administrator (cookie) → GET /api/reports/lists/identity.users?format=pdf&language=en&numerals=latn&groupBy=language&disposition=attachment&search=bravocnry30f0500704 [an answer shape tenant B asked for first] → 200: response contains tenant B marker CNRY30F0500704
tenant A administrator (cookie) → GET /api/reports/lists/identity.users?format=pdf&language=en&numerals=latn&groupBy=language&disposition=attachment [an answer shape tenant B asked for first] → 200: response contains tenant B marker CNRY30F0500704
tenant A administrator (cookie) → GET /api/reports/lists/identity.users?format=pdf&language=en&numerals=latn&groupBy=language&disposition=inline [an answer shape tenant B asked for first] → 200: response contains tenant B marker CNRY30F0500704
tenant A administrator (cookie) → GET /api/reports/lists/identity.users?format=pdf&language=en&numerals=latn&groupBy=language&disposition=inline&search=bravocnry30f0500704 [an answer shape tenant B asked for first] → 200: response contains tenant B marker CNRY30F0500704
tenant A administrator (cookie) → GET /api/reports/lists/identity.users?format=pdf&language=en&numerals=latn&groupBy=language&disposition=attachment&search=alpha [an answer shape tenant B asked for first] → 200: response contains tenant B marker CNRY30F0500704
tenant A administrator (cookie) → GET /api/reports/lists/identity.users?format=pdf&language=en&numerals=latn&groupBy=isActive&disposition=attachment&search=bravocnry30f0500704 [an answer shape tenant B asked for first] → 200: response contains tenant B marker CNRY30F0500704
tenant A administrator (cookie) → GET /api/reports/lists/identity.users?format=pdf&language=en&numerals=latn&groupBy=language&disposition=inline&search=alpha [an answer shape tenant B asked for first] → 200: response contains tenant B marker CNRY30F0500704
tenant A administrator (cookie) → GET /api/reports/lists/identity.users?format=pdf&language=en&numerals=latn&groupBy=isActive&disposition=attachment&search=alpha [an answer shape tenant B asked for first] → 200: response contains tenant B marker CNRY30F0500704
tenant A administrator (cookie) → GET /api/reports/lists/identity.users?format=pdf&language=en&numerals=latn&groupBy=isActive&disposition=attachment [an answer shape tenant B asked for first] → 200: response contains tenant B marker CNRY30F0500704
tenant A administrator (cookie) → GET /api/reports/lists/identity.users?format=pdf&language=en&numerals=latn&groupBy=isActive&disposition=inline&search=bravocnry30f0500704 [an answer shape tenant B asked for first] → 200: response contains tenant B marker CNRY30F0500704
tenant A administrator (cookie) → GET /api/reports/lists/identity.users?format=pdf&language=en&numerals=latn&groupBy=isActive&disposition=inline [an answer shape tenant B asked for first] → 200: response contains tenant B marker CNRY30F0500704
tenant A administrator (cookie) → GET /api/reports/lists/identity.users?format=pdf&language=en&numerals=arab&groupBy=language&disposition=attachment&search=bravocnry30f0500704 [an answer shape tenant B asked for first] → 200: response contains tenant B marker CNRY30F0500704
tenant A administrator (cookie) → GET /api/reports/lists/identity.users?format=pdf&language=en&numerals=latn&groupBy=isActive&disposition=inline&search=alpha [an answer shape tenant B asked for first] → 200: response contains tenant B marker CNRY30F0500704
tenant A administrator (cookie) → GET /api/reports/lists/identity.users?format=pdf&language=en&numerals=arab&groupBy=language&disposition=attachment [an answer shape tenant B asked for first] → 200: response contains tenant B marker CNRY30F0500704
tenant A administrator (cookie) → GET /api/reports/lists/identity.users?format=pdf&language=en&numerals=arab&groupBy=language&disposition=inline&search=bravocnry30f0500704 [an answer shape tenant B asked for first] → 200: response contains tenant B marker CNRY30F0500704
tenant A administrator (cookie) → GET /api/reports/lists/identity.users?format=pdf&language=en&numerals=arab&groupBy=language&disposition=attachment&search=alpha [an answer shape tenant B asked for first] → 200: response contains tenant B marker CNRY30F0500704
tenant A administrator (cookie) → GET /api/reports/lists/identity.users?format=pdf&language=en&numerals=arab&groupBy=isActive&disposition=attachment [an answer shape tenant B asked for first] → 200: response contains tenant B marker CNRY30F0500704
tenant A administrator (cookie) → GET /api/reports/lists/identity.users?format=pdf&language=en&numerals=arab&groupBy=language&disposition=inline [an answer shape tenant B asked for first] → 200: response contains tenant B marker CNRY30F0500704
tenant A administrator (cookie) → GET /api/reports/lists/identity.users?format=pdf&language=en&numerals=arab&groupBy=language&disposition=inline&search=alpha [an answer shape tenant B asked for first] → 200: response contains tenant B marker CNRY30F0500704
tenant A administrator (cookie) → GET /api/reports/lists/identity.users?format=pdf&language=en&numerals=arab&groupBy=isActive&disposition=attachment&search=bravocnry30f0500704 [an answer shape tenant B asked for first] → 200: response contains tenant B marker CNRY30F0500704
tenant A administrator (cookie) → GET /api/reports/lists/identity.users?format=pdf&language=en&numerals=arab&groupBy=isActive&disposition=attachment&search=alpha [an answer shape tenant B asked for first] → 200: response contains tenant B marker CNRY30F0500704
tenant A administrator (cookie) → GET /api/reports/lists/identity.users?format=pdf&language=en&numerals=arab&groupBy=isActive&disposition=inline&search=bravocnry30f0500704 [an answer shape tenant B asked for first] → 200: response contains tenant B marker CNRY30F0500704
tenant A administrator (cookie) → GET /api/reports/lists/identity.users?format=pdf&language=en&numerals=arab&groupBy=isActive&disposition=inline [an answer shape tenant B asked for first] → 200: response contains tenant B marker CNRY30F0500704
tenant A administrator (cookie) → GET /api/reports/lists/identity.users?format=pdf&language=ar&numerals=latn&groupBy=language&disposition=attachment&search=bravocnry30f0500704 [an answer shape tenant B asked for first] → 200: response contains tenant B marker CNRY30F0500704
tenant A administrator (cookie) → GET /api/reports/lists/identity.users?format=pdf&language=ar&numerals=latn&groupBy=language&disposition=inline&search=bravocnry30f0500704 [an answer shape tenant B asked for first] → 200: response contains tenant B marker CNRY30F0500704
tenant A administrator (cookie) → GET /api/reports/lists/identity.users?format=pdf&language=en&numerals=arab&groupBy=isActive&disposition=inline&search=alpha [an answer shape tenant B asked for first] → 200: response contains tenant B marker CNRY30F0500704

Process-wide state changed while the tenants used the app (2 lines):
singleton Erp.Modules.Reports.Pdf.PdfReportRenderer._letterheads: was System.Collections.Concurrent.ConcurrentDictionary`2 count=1, now System.Collections.Concurrent.ConcurrentDictionary`2 count=2
singleton Erp.Modules.Reports.Pdf.PdfReportRenderer._letterheads[ar]: new التجارة CNRY30F0500704
  Stack Trace:
     at Erp.Gates.Tests.G1.G1HttpIsolationTests.Tenant_A_cannot_reach_tenant_B_through_any_endpoint() in /work/tests/Erp.Gates.Tests/G1/G1HttpIsolationTests.cs:line 148
--- End of stack trace from previous location ---
  Standard Output Messages:
 routes, tenant headers and guessed queries: 182100 requests so far, 606.3 s
 tenant switch inputs: 19 headers, 32 query names, 3 cookies, 34 body names: 193417 requests so far, 679.5 s
 write after write: 104 pairs over 52 endpoints, 652 pairs with 209 documented values, 20873 tenant A requests: 193417 requests so far, 955.2 s
 answer shapes: 10 endpoints, 448 shapes, 1433 tenant B and 848 tenant A requests: 194276 requests so far, 990.0 s
 tenant B values in route and query parameters: 392370 requests so far, 1406.4 s
 registered lists through their query contract: 18245 attacks, 33249 requests: 425619 requests so far, 1502.6 s
 list answers judged against each tenant's own rows: 552 queries, 177 with different true answers, 14905 rows walked; process-wide state fingerprinted in 4435 lines from 82 roots: 425619 requests so far, 1538.7 s
 tenant B values in body fields: 459981 requests so far, 1673.0 s
 tenant B activity: 111608 requests (40440 concurrent with the attack), 1824 successful own writes, 111530 responses judged for tenant A markers: 459981 requests so far, 1721.8 s
 tenant B: 276 ids (62 sampled), 166 text values, 120 extra markers, 43 probe values
 541298 tenant bindings and 1082233 setting statements judged among 5055495 statements; 541298 tenant values judged, 4816780 statements observed with their parameters; 11317 tenant switch inputs over 19 header names; 373997 responses judged on every header
 11007 tenant B route values replayed, 9322 tenant B opens of the routes A was about to attack
 209 documented enumeration values sent, 652 enumeration-variant write pairs
 112 endpoints, 480854 requests, 442 tenant B values, 143174 parameter attacks, 34362 body value attacks, 80176 differential checks (4955 values tenant A holds itself not compared), 543200 traced lookups


Results File: /out/trx/gates.trx

Test Run Failed.
Total tests: 131
     Passed: 129
     Failed: 2
 Total time: 32.5801 Minutes
EXIT 1
wall 2042 s
