[1mBuilding the application image[0m
 Image erp-app:c-p06-form-report-r3 Building 
#1 [internal] load local bake definitions
#1 reading from stdin 691B done
#1 DONE 0.0s

#2 [internal] load build definition from Dockerfile
#2 DONE 0.0s

#2 [internal] load build definition from Dockerfile
#2 transferring dockerfile: 2.14kB done
#2 DONE 0.1s

#3 resolve image config for docker-image://docker.io/docker/dockerfile:1
#3 DONE 1.4s

#4 docker-image://docker.io/docker/dockerfile:1@sha256:4edf897a3ffa55b89f906fc8cc78afdb3f1834cc9c7083565e611a8a7d5fe99e
#4 resolve docker.io/docker/dockerfile:1@sha256:4edf897a3ffa55b89f906fc8cc78afdb3f1834cc9c7083565e611a8a7d5fe99e 0.0s done
#4 CACHED

#5 [internal] load metadata for docker.io/library/node:22-alpine
#5 ...

#6 [internal] load metadata for mcr.microsoft.com/dotnet/sdk:10.0
#6 DONE 0.3s

#7 [internal] load metadata for mcr.microsoft.com/dotnet/aspnet:10.0
#7 DONE 0.3s

#5 [internal] load metadata for docker.io/library/node:22-alpine
#5 DONE 0.9s

#8 [internal] load .dockerignore
#8 transferring context: 187B done
#8 DONE 0.1s

#9 [internal] load build context
#9 DONE 0.0s

#10 [build 1/7] FROM mcr.microsoft.com/dotnet/sdk:10.0@sha256:e70cdb7f80b0348f5cb85f19a8f670fca061f033d57eed12fa003d58b0e06317
#10 resolve mcr.microsoft.com/dotnet/sdk:10.0@sha256:e70cdb7f80b0348f5cb85f19a8f670fca061f033d57eed12fa003d58b0e06317 0.1s done
#10 DONE 0.1s

#11 [stage-3 1/4] FROM mcr.microsoft.com/dotnet/aspnet:10.0@sha256:222759b391a1aaf241166672c8f99b2d4ada452e7b5319f3c6e8f265a37b5ad4
#11 resolve mcr.microsoft.com/dotnet/aspnet:10.0@sha256:222759b391a1aaf241166672c8f99b2d4ada452e7b5319f3c6e8f265a37b5ad4 0.1s done
#11 DONE 0.1s

#12 [web 1/6] FROM docker.io/library/node:22-alpine@sha256:0a7108bf6c7bf5de370ffb1a3ed6be93d405b43ff159f681a8d18c0e2bc2e402
#12 resolve docker.io/library/node:22-alpine@sha256:0a7108bf6c7bf5de370ffb1a3ed6be93d405b43ff159f681a8d18c0e2bc2e402 0.1s done
#12 DONE 0.1s

#9 [internal] load build context
#9 transferring context: 2.76MB 0.2s done
#9 DONE 0.3s

#13 [build 2/7] WORKDIR /src
#13 CACHED

#14 [strings 2/3] COPY web/src/modules/ /modules/
#14 CACHED

#15 [build 3/7] COPY global.json Directory.Build.props Directory.Packages.props ./
#15 CACHED

#16 [strings 3/3] RUN cd /modules && mkdir /strings && for d in */i18n; do mkdir -p "/strings/$d" && cp "$d"/*.json "/strings/$d/"; done
#16 CACHED

#17 [build 4/7] COPY src/ src/
#17 DONE 0.2s

#18 [build 5/7] RUN --mount=type=secret,id=extra_ca,target=/run/secrets/extra_ca --mount=type=cache,target=/root/.nuget/packages     if [ -s /run/secrets/extra_ca ]; then cat /run/secrets/extra_ca >>/etc/ssl/certs/ca-certificates.crt; fi;     dotnet restore src/Host/Erp.Host/Erp.Host.csproj
#18 2.425   Determining projects to restore...
#18 7.502   Restored /src/src/Modules/Lists/Erp.Modules.Lists.Contracts/Erp.Modules.Lists.Contracts.csproj (in 477 ms).
#18 7.502   Restored /src/src/Modules/Reports/Erp.Modules.Reports.Contracts/Erp.Modules.Reports.Contracts.csproj (in 468 ms).
#18 7.502   Restored /src/src/Modules/Tenancy/Erp.Modules.Tenancy.Contracts/Erp.Modules.Tenancy.Contracts.csproj (in 468 ms).
#18 9.209   Restored /src/src/Modules/Reports/Erp.Modules.Reports/Erp.Modules.Reports.csproj (in 2.22 sec).
#18 9.210   Restored /src/src/Modules/Identity/Erp.Modules.Identity.Contracts/Erp.Modules.Identity.Contracts.csproj (in 2.22 sec).
#18 9.220   Restored /src/src/Host/Erp.Host/Erp.Host.csproj (in 2.22 sec).
#18 9.364   Restored /src/src/Kernel/Erp.Kernel/Erp.Kernel.csproj (in 2.37 sec).
#18 9.365   Restored /src/src/Modules/Tenancy/Erp.Modules.Tenancy/Erp.Modules.Tenancy.csproj (in 2.36 sec).
#18 9.369   Restored /src/src/Modules/Lists/Erp.Modules.Lists/Erp.Modules.Lists.csproj (in 2.37 sec).
#18 9.369   Restored /src/src/Modules/Identity/Erp.Modules.Identity/Erp.Modules.Identity.csproj (in 2.38 sec).
#18 DONE 9.7s

#19 [build 6/7] COPY --from=strings /strings/ web/src/modules/
#19 DONE 0.1s

#20 [build 7/7] RUN --mount=type=cache,target=/root/.nuget/packages dotnet publish src/Host/Erp.Host/Erp.Host.csproj -c Release -o /app --no-restore
#20 13.87   Erp.Modules.Reports.Contracts -> /src/src/Modules/Reports/Erp.Modules.Reports.Contracts/bin/Release/net10.0/Erp.Modules.Reports.Contracts.dll
#20 13.94   Erp.Modules.Lists.Contracts -> /src/src/Modules/Lists/Erp.Modules.Lists.Contracts/bin/Release/net10.0/Erp.Modules.Lists.Contracts.dll
#20 14.06   Erp.Modules.Tenancy.Contracts -> /src/src/Modules/Tenancy/Erp.Modules.Tenancy.Contracts/bin/Release/net10.0/Erp.Modules.Tenancy.Contracts.dll
#20 22.93   Erp.Kernel -> /src/src/Kernel/Erp.Kernel/bin/Release/net10.0/Erp.Kernel.dll
#20 26.91   Erp.Modules.Identity.Contracts -> /src/src/Modules/Identity/Erp.Modules.Identity.Contracts/bin/Release/net10.0/Erp.Modules.Identity.Contracts.dll
#20 29.72   Erp.Modules.Lists -> /src/src/Modules/Lists/Erp.Modules.Lists/bin/Release/net10.0/Erp.Modules.Lists.dll
#20 40.79   Erp.Modules.Reports -> /src/src/Modules/Reports/Erp.Modules.Reports/bin/Release/net10.0/Erp.Modules.Reports.dll
#20 41.75   Erp.Modules.Tenancy -> /src/src/Modules/Tenancy/Erp.Modules.Tenancy/bin/Release/net10.0/Erp.Modules.Tenancy.dll
#20 42.17   Erp.Modules.Identity -> /src/src/Modules/Identity/Erp.Modules.Identity/bin/Release/net10.0/Erp.Modules.Identity.dll
#20 44.76   Erp.Host -> /src/src/Host/Erp.Host/bin/Release/net10.0/Erp.Host.dll
#20 45.12   Erp.Host -> /app/
#20 DONE 46.5s

#21 [web 5/6] COPY web/ ./
#21 CACHED

#22 [web 2/6] WORKDIR /web
#22 CACHED

#23 [web 3/6] COPY web/package.json web/package-lock.json ./
#23 CACHED

#24 [web 4/6] RUN --mount=type=secret,id=extra_ca,target=/run/secrets/extra_ca --mount=type=cache,target=/root/.npm     if [ -s /run/secrets/extra_ca ]; then export NODE_EXTRA_CA_CERTS=/run/secrets/extra_ca; fi;     npm ci --no-audit --no-fund
#24 CACHED

#25 [web 6/6] RUN npm run check && npm run build
#25 CACHED

#26 [stage-3 2/4] WORKDIR /app
#26 CACHED

#27 [stage-3 3/4] COPY --from=build /app ./
#27 DONE 0.4s

#28 [stage-3 4/4] COPY --from=web /web/dist ./wwwroot
#28 DONE 0.1s

#29 exporting to image
#29 exporting layers
#29 exporting layers 5.1s done
#29 exporting manifest sha256:691d469d1e3351691295e264843e807e7ac3a79ccdcaa19d3bcbb222203d16bb
#29 exporting manifest sha256:691d469d1e3351691295e264843e807e7ac3a79ccdcaa19d3bcbb222203d16bb 0.0s done
#29 exporting config sha256:441ab5371addf3e191771a14bc4a8a9e8a531d206ef70651e98b4e40b5b78bdb 0.0s done
#29 exporting attestation manifest sha256:06a5cb5e35cc130c11f4926d62a5bf5c22dabe5dd6a398d6cdb17bd17931c717 0.1s done
#29 exporting manifest list sha256:9b32d2d8c918a5ca60456b71e696ca1d036f8d99caaf76217326a9d64c35ab54
#29 exporting manifest list sha256:9b32d2d8c918a5ca60456b71e696ca1d036f8d99caaf76217326a9d64c35ab54 0.0s done
#29 naming to docker.io/library/erp-app:c-p06-form-report-r3 done
#29 unpacking to docker.io/library/erp-app:c-p06-form-report-r3
#29 unpacking to docker.io/library/erp-app:c-p06-form-report-r3 0.8s done
#29 DONE 6.2s

#30 resolving provenance for metadata file
#30 DONE 0.0s
 Image erp-app:c-p06-form-report-r3 Built 
[1mStarting PostgreSQL, setting up the database (roles, migrations, seed: 2000 users) and serving[0m
 Network c-p06-form-report-r3_default Creating 
 Network c-p06-form-report-r3_default Created 
 Volume c-p06-form-report-r3_db-data Creating 
 Volume c-p06-form-report-r3_db-data Created 
 Container c-p06-form-report-r3-db-1 Creating 
 Container c-p06-form-report-r3-db-1 Created 
 Container c-p06-form-report-r3-db-1 Starting 
 Container c-p06-form-report-r3-db-1 Started 
 Container c-p06-form-report-r3-db-1 Waiting 
 Container c-p06-form-report-r3-db-1 Healthy 
 Container c-p06-form-report-r3-db-1 Running 
 Container c-p06-form-report-r3-setup-1 Creating 
 Container c-p06-form-report-r3-setup-1 Created 
Attaching to setup-1
 Container c-p06-form-report-r3-db-1 Waiting 
 Container c-p06-form-report-r3-db-1 Healthy 
 Container c-p06-form-report-r3-setup-1 Starting 
 Container c-p06-form-report-r3-setup-1 Started 
setup-1  | info: Erp.Kernel.Data.DatabaseBootstrap[0]
setup-1  |       Creating database erp
setup-1  | info: Erp.Kernel.Data.DatabaseMigrator[0]
setup-1  |       Migrating KernelDbContext: 4 pending
setup-1  | info: Erp.Kernel.Data.DatabaseMigrator[0]
setup-1  |       Migrating TenancyDbContext: 4 pending
setup-1  | info: Erp.Kernel.Data.DatabaseMigrator[0]
setup-1  |       Migrating IdentityDbContext: 7 pending
setup-1  | info: Erp.Kernel.Data.DatabaseMigrator[0]
setup-1  |       Migrating ListsDbContext: 1 pending
setup-1  | info: Erp.Kernel.Seeding.SeedRunner[0]
setup-1  |       Seeded tenant alnoor (Demo) in 3745 ms
setup-1  | info: Erp.Kernel.Seeding.SeedRunner[0]
setup-1  |       Seeded tenant gulfsteel (Demo) in 799 ms
setup-1  | info: Erp.Kernel.Data.DatabaseMigrator[0]
setup-1  |       Refreshed statistics and index lists in 493 ms
[Ksetup-1 exited with code 0
 Compose Stopping Aborting on container exit...
 Container c-p06-form-report-r3-setup-1 Stopping 
 Container c-p06-form-report-r3-setup-1 Stopped 
 Container c-p06-form-report-r3-db-1 Running 
 Container c-p06-form-report-r3-app-1 Creating 
 Container c-p06-form-report-r3-app-1 Created 
 Container c-p06-form-report-r3-db-1 Waiting 
 Container c-p06-form-report-r3-db-1 Healthy 
 Container c-p06-form-report-r3-setup-1 Starting 
 Container c-p06-form-report-r3-setup-1 Started 
 Container c-p06-form-report-r3-setup-1 Waiting 
 Container c-p06-form-report-r3-setup-1 Exited 
 Container c-p06-form-report-r3-app-1 Starting 
 Container c-p06-form-report-r3-app-1 Started 

[1mThe demo is running (103 s): http://localhost:20650[0m

  Sign in (password for every demo user: Demo-Pass-2026)
    admin@alnoor.example       Administrator, English
    admin.ar@alnoor.example    Administrator, Arabic
    viewer@alnoor.example      Read-only role
    noaccess@alnoor.example    No roles (sees nothing)
    admin@gulfsteel.example    Administrator of the second workspace

  Team sign-in addresses (the e-mail domain is filled in: type the part before "@", Enter, password, Enter)
    http://localhost:20650/?domain=alnoor.example
    http://localhost:20650/?domain=gulfsteel.example

  API description: http://localhost:20650/api/openapi/v1.json
  Database:        localhost:20651 (./erp psql)
  Stop:            ./erp down        (add --volumes to delete the data)
