Test run for /work/tests/Erp.Modules.Identity.Tests/bin/Release/net10.0/Erp.Modules.Identity.Tests.dll (.NETCoreApp,Version=v10.0)
A total of 1 test files matched the specified pattern.
/work/tests/Erp.Modules.Identity.Tests/bin/Release/net10.0/Erp.Modules.Identity.Tests.dll
[xUnit.net 00:00:00.00] xUnit.net VSTest Adapter v3.1.5+1b188a7b0a (64-bit .NET 10.0.12)
[xUnit.net 00:00:00.12]   Discovering: Erp.Modules.Identity.Tests
[xUnit.net 00:00:00.30]   Discovered:  Erp.Modules.Identity.Tests
[xUnit.net 00:00:00.41]   Starting:    Erp.Modules.Identity.Tests
[xUnit.net 00:00:09.59]     Erp.Modules.Identity.Tests.AuthTests.CriticR9Proof_a_weaker_user_manager_cannot_sign_out_and_strip_the_administrators_passkeys [FAIL]
[xUnit.net 00:00:09.59]       plain revoke on the Administrator: 403; with removePasskeys=true: 200 {"sessionsEnded":1,"passkeysRemoved":1}; Administrator's passkeys before: [{"id":"01a1257b-bbf8-783b-8d13-65050b4e515a","name":"Admin laptop","createdAt":"2026-10-10T11:03:48.487219+00:00","lastUsedAt":null,"backedUp":false,"version":3492337857}]; after: []; Administrator's earlier session still signed in: False
[xUnit.net 00:00:09.59]       Stack Trace:
[xUnit.net 00:00:09.59]         /work/tests/Erp.Modules.Identity.Tests/CriticR9Proof.cs(43,0): at Erp.Modules.Identity.Tests.AuthTests.CriticR9Proof_a_weaker_user_manager_cannot_sign_out_and_strip_the_administrators_passkeys()
[xUnit.net 00:00:09.59]         --- End of stack trace from previous location ---
[xUnit.net 00:00:09.72]   Finished:    Erp.Modules.Identity.Tests (ID = 'c22946a00a079b5bd17fa697d59967873c784c899ebaee038a5706484c46b106')
  Failed Erp.Modules.Identity.Tests.AuthTests.CriticR9Proof_a_weaker_user_manager_cannot_sign_out_and_strip_the_administrators_passkeys [1 s]
  Error Message:
   plain revoke on the Administrator: 403; with removePasskeys=true: 200 {"sessionsEnded":1,"passkeysRemoved":1}; Administrator's passkeys before: [{"id":"01a1257b-bbf8-783b-8d13-65050b4e515a","name":"Admin laptop","createdAt":"2026-10-10T11:03:48.487219+00:00","lastUsedAt":null,"backedUp":false,"version":3492337857}]; after: []; Administrator's earlier session still signed in: False
  Stack Trace:
     at Erp.Modules.Identity.Tests.AuthTests.CriticR9Proof_a_weaker_user_manager_cannot_sign_out_and_strip_the_administrators_passkeys() in /work/tests/Erp.Modules.Identity.Tests/CriticR9Proof.cs:line 43
--- End of stack trace from previous location ---

Test Run Failed.
Total tests: 1
     Failed: 1
 Total time: 9.9981 Seconds
proof rc=1
