[1m[1/3] Builds, unit, integration and gate tests[0m

[1m== Copying sources (without build output)[0m

[1m== Web: install, type-check, string gate, unit tests, build[0m

added 59 packages in 3s
String check passed: 48 source files, 365 keys in English and Arabic, 36 plural messages.
Accessibility check passed: 636 JSX elements checked.

[1m[46m RUN [49m[22m [36mv4.0.18 [39m[90m/work/web[39m

[90mstderr[2m | src/modules/identity/screens.test.tsx[2m > [22m[2mscreens hide exactly what a missing permission refuses[2m > [22m[2mroles: without identity.roles.delete there is no "Delete role", and the other role actions remain
[22m[39mEncountered two children with the same key, `r-clerk`. Keys should be unique so that components maintain their identity across updates. Non-unique keys may cause children to be duplicated and/or omitted — the behavior is unsupported and could change in a future version.

[90mstderr[2m | src/modules/identity/screens.test.tsx[2m > [22m[2mscreens hide exactly what a missing permission refuses[2m > [22m[2mroles: without identity.roles.delete there is no "Delete role", and the other role actions remain
[22m[39mEncountered two children with the same key, `r-clerk`. Keys should be unique so that components maintain their identity across updates. Non-unique keys may cause children to be duplicated and/or omitted — the behavior is unsupported and could change in a future version.

[90mstderr[2m | src/modules/identity/screens.test.tsx[2m > [22m[2mscreens hide exactly what a missing permission refuses[2m > [22m[2mroles: without identity.roles.delete there is no "Delete role", and the other role actions remain
[22m[39mEncountered two children with the same key, `r-clerk`. Keys should be unique so that components maintain their identity across updates. Non-unique keys may cause children to be duplicated and/or omitted — the behavior is unsupported and could change in a future version.

[90mstderr[2m | src/modules/identity/screens.test.tsx[2m > [22m[2mscreens hide exactly what a missing permission refuses[2m > [22m[2mroles: without identity.roles.delete there is no "Delete role", and the other role actions remain
[22m[39mEncountered two children with the same key, `r-clerk`. Keys should be unique so that components maintain their identity across updates. Non-unique keys may cause children to be duplicated and/or omitted — the behavior is unsupported and could change in a future version.

[90mstderr[2m | src/modules/identity/screens.test.tsx[2m > [22m[2mscreens hide exactly what a missing permission refuses[2m > [22m[2mroles: without identity.roles.update there is no "Save", and the other role actions remain
[22m[39mEncountered two children with the same key, `r-clerk`. Keys should be unique so that components maintain their identity across updates. Non-unique keys may cause children to be duplicated and/or omitted — the behavior is unsupported and could change in a future version.

[90mstderr[2m | src/modules/identity/screens.test.tsx[2m > [22m[2mscreens hide exactly what a missing permission refuses[2m > [22m[2mroles: without identity.roles.update there is no "Save", and the other role actions remain
[22m[39mEncountered two children with the same key, `r-clerk`. Keys should be unique so that components maintain their identity across updates. Non-unique keys may cause children to be duplicated and/or omitted — the behavior is unsupported and could change in a future version.

[90mstderr[2m | src/modules/identity/screens.test.tsx[2m > [22m[2mscreens hide exactly what a missing permission refuses[2m > [22m[2mroles: without identity.roles.update there is no "Save", and the other role actions remain
[22m[39mEncountered two children with the same key, `r-clerk`. Keys should be unique so that components maintain their identity across updates. Non-unique keys may cause children to be duplicated and/or omitted — the behavior is unsupported and could change in a future version.

[90mstderr[2m | src/modules/identity/screens.test.tsx[2m > [22m[2mscreens hide exactly what a missing permission refuses[2m > [22m[2mroles: without identity.roles.update there is no "Save", and the other role actions remain
[22m[39mEncountered two children with the same key, `r-clerk`. Keys should be unique so that components maintain their identity across updates. Non-unique keys may cause children to be duplicated and/or omitted — the behavior is unsupported and could change in a future version.

[90mstderr[2m | src/modules/identity/screens.test.tsx[2m > [22m[2mscreens hide exactly what a missing permission refuses[2m > [22m[2mroles: without identity.roles.create there is no "Copy role", and the other role actions remain
[22m[39mEncountered two children with the same key, `r-clerk`. Keys should be unique so that components maintain their identity across updates. Non-unique keys may cause children to be duplicated and/or omitted — the behavior is unsupported and could change in a future version.

[90mstderr[2m | src/modules/identity/screens.test.tsx[2m > [22m[2mscreens hide exactly what a missing permission refuses[2m > [22m[2mroles: without identity.roles.create there is no "Copy role", and the other role actions remain
[22m[39mEncountered two children with the same key, `r-clerk`. Keys should be unique so that components maintain their identity across updates. Non-unique keys may cause children to be duplicated and/or omitted — the behavior is unsupported and could change in a future version.

[90mstderr[2m | src/modules/identity/screens.test.tsx[2m > [22m[2mscreens hide exactly what a missing permission refuses[2m > [22m[2mroles: without identity.roles.create there is no "Copy role", and the other role actions remain
[22m[39mEncountered two children with the same key, `r-clerk`. Keys should be unique so that components maintain their identity across updates. Non-unique keys may cause children to be duplicated and/or omitted — the behavior is unsupported and could change in a future version.

[90mstderr[2m | src/modules/identity/screens.test.tsx[2m > [22m[2mscreens hide exactly what a missing permission refuses[2m > [22m[2mroles: without identity.roles.create there is no "Copy role", and the other role actions remain
[22m[39mEncountered two children with the same key, `r-clerk`. Keys should be unique so that components maintain their identity across updates. Non-unique keys may cause children to be duplicated and/or omitted — the behavior is unsupported and could change in a future version.

 [32m✓[39m src/modules/identity/screens.test.tsx [2m([22m[2m15 tests[22m[2m)[22m[33m 1582[2mms[22m[39m
     [33m[2m✓[22m[39m creates an invited user from the keyboard: n, local part only, a role by filter, Ctrl+Enter, and shows the set-up code once [33m 491[2mms[22m[39m
 [32m✓[39m src/modules/shell/AppShell.test.tsx [2m([22m[2m17 tests[22m[2m)[22m[33m 2310[2mms[22m[39m
     [33m[2m✓[22m[39m finds an English screen by its Arabic name and records through module sources [33m 320[2mms[22m[39m
     [33m[2m✓[22m[39m ends a source's records with 'show all matches', which opens the list narrowed to the query [33m 333[2mms[22m[39m
     [33m[2m✓[22m[39m offers a user with no roles no screens and never asks a record source they may not use [33m 301[2mms[22m[39m
     [33m[2m✓[22m[39m shows Arabic-Indic digits on Arabic screens when the user chooses them [33m 341[2mms[22m[39m
 [32m✓[39m src/modules/identity/model.test.ts [2m([22m[2m12 tests[22m[2m)[22m[32m 11[2mms[22m[39m
 [32m✓[39m src/kernel/lists/ListView.test.tsx [2m([22m[2m6 tests[22m[2m)[22m[33m 1175[2mms[22m[39m
     [33m[2m✓[22m[39m searches as the user types and opens the only match with Enter [33m 404[2mms[22m[39m
 [32m✓[39m src/modules/shell/SignInPage.test.tsx [2m([22m[2m8 tests[22m[2m)[22m[32m 218[2mms[22m[39m
 [32m✓[39m src/kernel/lists/model.test.ts [2m([22m[2m9 tests[22m[2m)[22m[32m 9[2mms[22m[39m
 [32m✓[39m src/kernel/shortcuts.test.tsx [2m([22m[2m8 tests[22m[2m)[22m[32m 36[2mms[22m[39m
 [32m✓[39m src/kernel/format.test.ts [2m([22m[2m8 tests[22m[2m)[22m[32m 43[2mms[22m[39m
 [32m✓[39m src/kernel/preferences.test.ts [2m([22m[2m8 tests[22m[2m)[22m[32m 293[2mms[22m[39m
 [32m✓[39m src/kernel/extensions.test.ts [2m([22m[2m4 tests[22m[2m)[22m[32m 11[2mms[22m[39m
 [32m✓[39m src/kernel/print.test.tsx [2m([22m[2m3 tests[22m[2m)[22m[32m 62[2mms[22m[39m
 [32m✓[39m src/kernel/i18n.test.ts [2m([22m[2m5 tests[22m[2m)[22m[32m 21[2mms[22m[39m
 [32m✓[39m src/kernel/messageFormat.test.ts [2m([22m[2m5 tests[22m[2m)[22m[32m 59[2mms[22m[39m
 [32m✓[39m src/modules/shell/paletteSearch.test.ts [2m([22m[2m4 tests[22m[2m)[22m[32m 5[2mms[22m[39m
 [32m✓[39m src/kernel/api.test.ts [2m([22m[2m2 tests[22m[2m)[22m[32m 6[2mms[22m[39m
 [32m✓[39m src/kernel/session.test.ts [2m([22m[2m2 tests[22m[2m)[22m[32m 5[2mms[22m[39m
 [32m✓[39m src/kernel/router.test.ts [2m([22m[2m1 test[22m[2m)[22m[32m 3[2mms[22m[39m
 [32m✓[39m src/modules/shell/clientIsolation.test.tsx [2m([22m[2m4 tests[22m[2m)[22m[33m 7798[2mms[22m[39m
     [33m[2m✓[22m[39m tenant A sees, and the tab keeps, nothing of tenant B after B signs out [33m 7257[2mms[22m[39m
     [33m[2m✓[22m[39m a session that ends by itself (401) starts over and forgets the person, keeping only the e-mail [33m 332[2mms[22m[39m

[2m Test Files [22m [1m[32m18 passed[39m[22m[90m (18)[39m
[2m      Tests [22m [1m[32m121 passed[39m[22m[90m (121)[39m
[2m   Start at [22m 00:17:07
[2m   Duration [22m 9.33s[2m (transform 1.98s, setup 235ms, import 3.18s, tests 13.65s, environment 5.68s)[22m

JSON report written to /out/vitest.json
control: the gate passes on the unplanted product
P9: caught (palette answers cached at module level by query, never cleared at sign-out)
P9-email: caught (signing out keeps the signed-out person's e-mail on the sign-in screen)
P9-storage: caught (signing out leaves the person's localStorage entries behind)
P9-session-storage: caught (signing out leaves sessionStorage behind)
P9-scoped: caught (identity-scoped caches are not emptied when the identity ends)
client isolation gate self-test: 5 plants, all caught
vite v7.3.6 building client environment for production...
transforming...
✓ 83 modules transformed.
rendering chunks...
computing gzip size...
dist/index.html                                                   0.49 kB │ gzip:   0.30 kB
dist/assets/noto-sans-arabic-arabic-wght-normal-BhzieyvS.woff2  165.96 kB
dist/assets/index-CHcdBxR4.css                                   23.43 kB │ gzip:   5.51 kB
dist/assets/index-DiquKiJE.js                                   390.26 kB │ gzip: 115.92 kB
✓ built in 2.00s

[1m== Comparison harness (gauntlet/compare): install and unit tests[0m

added 1 package in 456ms
✔ add-rate: the Odoo baseline was produced by the current driver and its counts follow from its steps (5.42653ms)
✔ api-update-user: the Odoo baseline was produced by the current driver and its counts follow from its steps (1.183886ms)
✔ arabic-report: the Odoo baseline was produced by the current driver and its counts follow from its steps (1.363392ms)
✔ attach-file: the Odoo baseline was produced by the current driver and its counts follow from its steps (1.313946ms)
✔ configure-sequence: the Odoo baseline was produced by the current driver and its counts follow from its steps (1.741023ms)
✔ create-company-branch: the Odoo baseline was produced by the current driver and its counts follow from its steps (1.521317ms)
✔ create-restricted-user: the Odoo baseline was produced by the current driver and its counts follow from its steps (1.508408ms)
✔ custom-field-filter: the Odoo baseline was produced by the current driver and its counts follow from its steps (1.182609ms)
✔ edit-and-save: the Odoo baseline was produced by the current driver and its counts follow from its steps (1.143775ms)
✔ export-filtered-list: the Odoo baseline was produced by the current driver and its counts follow from its steps (1.469766ms)
✔ find-record: the Odoo baseline was produced by the current driver and its counts follow from its steps (1.004314ms)
✔ find-user: the Odoo baseline was produced by the current driver and its counts follow from its steps (1.57741ms)
✔ follow-approval: the Odoo baseline was produced by the current driver and its counts follow from its steps (0.910287ms)
✔ import-5000: the Odoo baseline was produced by the current driver and its counts follow from its steps (0.851388ms)
✔ keyboard-navigation: the Odoo baseline was produced by the current driver and its counts follow from its steps (1.14103ms)
✔ reach-screen-keyboard: the Odoo baseline was produced by the current driver and its counts follow from its steps (0.819235ms)
✔ see-and-rerun-job: the Odoo baseline was produced by the current driver and its counts follow from its steps (0.928439ms)
✔ sign-in: the Odoo baseline was produced by the current driver and its counts follow from its steps (1.132655ms)
✔ switch-company: the Odoo baseline was produced by the current driver and its counts follow from its steps (0.767177ms)
✔ switch-to-arabic: the Odoo baseline was produced by the current driver and its counts follow from its steps (0.822674ms)
✔ who-changed-field: the Odoo baseline was produced by the current driver and its counts follow from its steps (3.525843ms)
✔ screenshot names are random and never name a product (6.16283ms)
✔ revealsProduct catches product names in any case (0.240366ms)
✔ both products have a branding profile; extra brand words are added (0.422363ms)
✔ the demo data's company names and codes are masked in both products (round 3 blindness finding) (0.147489ms)
✔ letters A and B are assigned at random (0.797518ms)
✔ committed Odoo baseline screenshots have neutral names and the key lives outside the shots folder (1.287651ms)
✔ the blind review page shows neutral captions, never the moments a driver named (8.439419ms)
✔ a placeholder naming the vendor is cleared, not painted over (0.156622ms)
✔ a side-by-side folder keeps the blind part (shots, review page) apart from the key and results (236.403993ms)
✔ side by side, the products run in a random order per task (0.756222ms)
✔ --list prints every task (304.997787ms)
✔ bad arguments fail with usage (603.955166ms)
✔ one command runs a task on our product and writes a result JSON (1817.643504ms)
✔ the blind review page shows A and B only and keeps the mapping in key.json (11.338025ms)
✔ ours wins only when strictly lower on every metric (0.932169ms)
✔ a tie is a loss (0.27461ms)
✔ an unbuilt or failed product is never a win (0.183134ms)
✔ median of repeated runs uses the median machine seconds (0.340275ms)
✔ the generator is deterministic: a fresh run reproduces the shared files byte for byte (1724.925316ms)
✔ volumes match the bar: 100,000 contacts, users and rates; 5,000 import rows (226.154827ms)
✔ the needle name occurs exactly once and the import file has plain headers (113.10002ms)
✔ the generator keeps rates as fixed six-decimal strings (6.790071ms)
✔ the random source is seeded (0.251511ms)
✔ every driver imports only the fixture clients and Node file helpers, and runs no unreadable code (5.809365ms)
✔ the driver lint catches planted escapes (0.302543ms)
✔ control: an honest driver verifies; reading and locating are allowed while measured (1404.74912ms)
✔ plant: typing through ctx.page.keyboard -> the run is invalid, never verified (1115.243401ms)
✔ plant: pressing a key through op.page.keyboard -> the run is invalid, never verified (1175.961044ms)
✔ plant: clicking a locator directly -> the run is invalid, never verified (1134.694789ms)
✔ plant: filling a field directly -> the run is invalid, never verified (1150.199563ms)
✔ plant: the mouse -> the run is invalid, never verified (1141.122438ms)
✔ plant: a deep link (goto) -> the run is invalid, never verified (1091.663338ms)
✔ plant: a reload -> the run is invalid, never verified (1146.777648ms)
✔ plant: page script that clicks (evaluate) -> the run is invalid, never verified (1132.433221ms)
✔ plant: locator script that clicks (locator.evaluate) -> the run is invalid, never verified (1155.060724ms)
✔ plant: a condition that clicks -> the run is invalid, never verified (1110.099654ms)
✔ plant: a condition that sets a value -> the run is invalid, never verified (1086.512829ms)
✔ plant: a condition that changes the page -> the run is invalid, never verified (1110.120403ms)
✔ plant: a condition that defers an action (setTimeout) -> the run is invalid, never verified (1079.5888ms)
✔ plant: an asynchronous condition -> the run is invalid, never verified (1072.03105ms)
✔ plant: a condition that navigates -> the run is invalid, never verified (1103.547784ms)
✔ plant: a condition that calls the back end from the page -> the run is invalid, never verified (1075.463281ms)
✔ plant: a back-end call from the harness (fetch) -> the run is invalid, never verified (1084.749911ms)
✔ plant: a back-end call from the harness (http.request) -> the run is invalid, never verified (1144.630331ms)
✔ plant: a second page in the same context -> the run is invalid, never verified (1148.797584ms)
✔ plant: a new browser context -> the run is invalid, never verified (1124.290243ms)
✔ plant: the page request context (page.request) -> the run is invalid, never verified (1078.145207ms)
✔ plant: reaching a browser-driver internal (_mainFrame) -> the run is invalid, never verified (1129.042293ms)
✔ plant: closing the page (Symbol.asyncDispose) -> the run is invalid, never verified (1111.122734ms)
✔ plant: an action whose refusal the driver swallows -> the run is invalid, never verified (1255.128947ms)
✔ plant: a keyboard kept from set-up and used while measured is refused (1101.582275ms)
✔ plant: an internal channel kept from set-up is refused there too (1204.948429ms)
✔ plant: a driver cannot stop the clock, drop steps or reach the raw page (1287.44999ms)
✔ plant: browserKey refuses an action passed by the driver (1111.033939ms)
✔ plant: the guard controls cannot be claimed by a driver (1.194608ms)
✔ set-up may act on the product but never run page script; verify() only reads (1289.034539ms)
✔ plant U1 (round 3): page script installed during sign-in to act in the measured part -> invalid (4201.704615ms)
✔ plant U1b (round 3): a listener installed through a locator in set-up -> invalid (1256.142743ms)
✔ plant U2 (round 3): an init script added to the context in set-up (an F9 that does the task) -> invalid (4171.826607ms)
✔ plant U2b (round 3): exposed functions, routes and extra headers made in set-up -> invalid (4916.43368ms)
✔ plant U3 (round 3): even a script that escaped the guard would not survive: the start page is a fresh context (3176.673472ms)
✔ plant H2 (round 3): the start state is checked: a field the product refills from what sign-in typed -> invalid (929.12584ms)
✔ plant H2b (round 3): a start screen that carries state in its address -> invalid (393.280568ms)
✔ plant H2c (round 3): a task already done by set-up before the clock -> invalid (918.046018ms)
✔ plant V1 (round 3): verify() that acts on the page -> invalid (1128.061544ms)
✔ plant V2 (round 3): verify() that changes the product through the back end -> invalid (1184.553972ms)
✔ plant S1 (round 3): a newline inside op.type (Enter without a step) -> invalid (1113.792186ms)
✔ plant K1 (round 3): a driver that declares chain to drop mental preparation -> invalid (1048.0507ms)
✔ plant T1 (round 3): screenshots while the product works neither hide its time nor go undeclared (3597.162318ms)
✔ the real ours sign-in driver verifies on a stand-in sign-in page (2420.699602ms)
✔ plant H1 (round 2): the ours sign-in driver types the password through ctx.page.keyboard -> invalid (2206.701113ms)
✔ plant K1 (round 3, the real driver): the ours sign-in driver with every step declared chained -> invalid (2105.207606ms)
✔ the real ours find-user driver verifies on a stand-in users screen (1429.098541ms)
✔ plant H2 (round 3, the real driver): ours find-user signs in, opens Users and types the name before the clock -> never a 1-step win (9262.322688ms)
✔ an API task counts each request, and its screenshots show the neutral request transcript (724.665649ms)
✔ plant: signing in to the API inside the measured part is refused (480.253026ms)
✔ plant P1 (round 4): an action left pending in a second browser context from set-up -> never verified (5364.457495ms)
✔ plant P2 (round 4): launching another browser in set-up -> invalid (353.797899ms)
✔ plant P3 (round 4): a browser-wide debugging session or trace from set-up -> invalid (711.232254ms)
✔ plant L1 (round 4): set-up changes where the product opens (a home preference) -> invalid (1050.362916ms)
✔ plant L2 (round 4): a list start whose address names the task's data -> invalid (1922.022991ms)
✔ control (round 4): a home start that lands on the home, with set-up contexts of its own, still verifies (1445.523599ms)
✔ plant C1 (round 4): text copied to the clipboard in set-up and pasted while measured -> invalid (4347.722682ms)
✔ control (round 4): text copied inside the measured part may be pasted (1235.289387ms)
✔ operator times are the published Card, Moran and Newell averages (1.775756ms)
✔ typing counts one key per character plus Shift for capitals and symbols (1.281011ms)
✔ a chord counts each key in it (0.371105ms)
✔ a click is M + P + BB, with homing when the hand comes from the keyboard (0.323818ms)
✔ a chained step has no mental preparation (0.131137ms)
✔ the operator starts with the hand on the mouse (0.156146ms)
✔ file picks are modelled as a double click (0.104021ms)
✔ totals for a short path add up (0.31416ms)
✔ unknown step kinds are rejected (3.851629ms)
✔ a scroll is a mouse step modelled like a click (0.260245ms)
✔ continuation is derived from the steps: typing after a click on its field, after a key; Enter after typing or an arrow (0.422634ms)
✔ plant K1 (round 3): a chain flag written on a step changes nothing; only the sequence counts (0.236972ms)
✔ every npm dependency of the harness is under an allowed licence (0.975877ms)
✔ dependencies are pinned to exact versions (0.340822ms)
✔ steps, keystrokes and waits are counted the same way every time (929.185628ms)
✔ choosing a file counts the dialog click and the pick (366.021604ms)
✔ a step before start() is refused (178.929317ms)
✔ blind screenshots paint branding over, go grey, and leave title and favicon neutral (461.607245ms)
✔ a screenshot after the end of a task never shortens the measured time (348.996851ms)
✔ round 3 fault T1: a screenshot taken while measuring stays on the clock (it cannot hide the product working) (440.687319ms)
✔ round 2 fault: the done screenshot after finish() leaves machine seconds unchanged (778.369754ms)
✔ while measuring, only the moments the task declares are shot, each once; their time stays on the clock (429.216412ms)
✔ round 3 fault S1: op.type refuses control characters (a newline would press Enter without a step) (386.33321ms)
✔ round 3 fault K1: a driver cannot declare continuation (chain) or pass options that act uncounted (342.692871ms)
✔ an API request is one step whose keystrokes are the request typed plus Enter (198.714106ms)
✔ a wait condition works on a page whose content security policy forbids eval (our product) (443.047987ms)
✔ ratchet.json has every comparison minimum (0.866224ms)
✔ tasks and named tasks never go below their minimum (8.457076ms)
✔ built Odoo drivers never go below their minimum (15.579551ms)
✔ built drivers for our product never go below their minimum (10.155812ms)
✔ verified Odoo baselines never go below their minimum, and each is complete (2.134087ms)
✔ the recorded reference volume never goes below the minimum per main list (0.232775ms)
✔ harness tests never go below their minimum (live rig checks counted apart) (2.68499ms)
✔ planted uncounted-action drivers never go below their minimum (0.269116ms)
✔ API tasks never go below their minimum (0.877333ms)
✔ every task the bar names is defined and marked as named (6.793609ms)
✔ task definitions are product-neutral and complete (1.504702ms)
✔ every task declares where the runner starts it and the moments every driver shoots (instrument 4) (23.47655ms)
✔ every task has a driver for each product (4.365496ms)
✔ every Odoo driver is built; placeholders in task text resolve from the dataset (43.247447ms)
✔ an unbuilt driver reports "not built" without touching a browser (90.683659ms)
ℹ tests 146
ℹ suites 0
ℹ pass 146
ℹ fail 0
ℹ cancelled 0
ℹ skipped 0
ℹ todo 0
ℹ duration_ms 110608.036552

[1m== .NET: restore and build (warnings are errors)[0m

Build succeeded.
    0 Warning(s)
    0 Error(s)

Time Elapsed 00:00:20.15

[1m== .NET: unit, integration (Testcontainers PostgreSQL) and gate tests[0m
Test run for /work/tests/Erp.Gates.Tests/bin/Release/net10.0/Erp.Gates.Tests.dll (.NETCoreApp,Version=v10.0)
Test run for /work/tests/Erp.Modules.Identity.Tests/bin/Release/net10.0/Erp.Modules.Identity.Tests.dll (.NETCoreApp,Version=v10.0)
Test run for /work/tests/Erp.Kernel.Tests/bin/Release/net10.0/Erp.Kernel.Tests.dll (.NETCoreApp,Version=v10.0)
A total of 1 test files matched the specified pattern.
Test run for /work/tests/Erp.Modules.Lists.Tests/bin/Release/net10.0/Erp.Modules.Lists.Tests.dll (.NETCoreApp,Version=v10.0)
A total of 1 test files matched the specified pattern.
A total of 1 test files matched the specified pattern.
A total of 1 test files matched the specified pattern.
[xUnit.net 00:00:00.00] xUnit.net VSTest Adapter v3.1.5+1b188a7b0a (64-bit .NET 10.0.12)
[xUnit.net 00:00:00.00] xUnit.net VSTest Adapter v3.1.5+1b188a7b0a (64-bit .NET 10.0.12)
[xUnit.net 00:00:00.00] xUnit.net VSTest Adapter v3.1.5+1b188a7b0a (64-bit .NET 10.0.12)
[xUnit.net 00:00:00.00] xUnit.net VSTest Adapter v3.1.5+1b188a7b0a (64-bit .NET 10.0.12)
[xUnit.net 00:00:00.65]   Discovering: Erp.Gates.Tests
[xUnit.net 00:00:00.50]   Discovering: Erp.Kernel.Tests
[xUnit.net 00:00:00.41]   Discovering: Erp.Modules.Lists.Tests
[xUnit.net 00:00:00.66]   Discovering: Erp.Modules.Identity.Tests
[xUnit.net 00:00:01.34]   Discovered:  Erp.Gates.Tests
[xUnit.net 00:00:01.26]   Discovered:  Erp.Kernel.Tests
[xUnit.net 00:00:01.17]   Discovered:  Erp.Modules.Lists.Tests
[xUnit.net 00:00:01.78]   Starting:    Erp.Gates.Tests
[xUnit.net 00:00:01.62]   Starting:    Erp.Kernel.Tests
[xUnit.net 00:00:01.62]   Discovered:  Erp.Modules.Identity.Tests
[xUnit.net 00:00:01.54]   Starting:    Erp.Modules.Lists.Tests
  Passed Erp.Kernel.Tests.ModuleListTests.A_valid_list_has_no_problems [114 ms]
  Passed Erp.Kernel.Tests.ModuleListTests.A_list_must_belong_to_its_module_and_name_real_columns [6 ms]
  Passed Erp.Kernel.Tests.ProblemMappingTests.Database_errors_map_the_same_whether_EF_wraps_them_or_not(sqlState: "23505", status: 409, code: "duplicate") [26 ms]
  Passed Erp.Kernel.Tests.ProblemMappingTests.Database_errors_map_the_same_whether_EF_wraps_them_or_not(sqlState: "23503", status: 404, code: "notFound") [< 1 ms]
  Passed Erp.Kernel.Tests.ProblemMappingTests.Database_errors_map_the_same_whether_EF_wraps_them_or_not(sqlState: "55P03", status: 409, code: "concurrency") [< 1 ms]
  Passed Erp.Kernel.Tests.ProblemMappingTests.Database_errors_map_the_same_whether_EF_wraps_them_or_not(sqlState: "40P01", status: 409, code: "concurrency") [< 1 ms]
  Passed Erp.Kernel.Tests.ProblemMappingTests.Database_errors_map_the_same_whether_EF_wraps_them_or_not(sqlState: "42501", status: 404, code: "notFound") [< 1 ms]
  Passed Erp.Kernel.Tests.ProblemMappingTests.Database_errors_map_the_same_whether_EF_wraps_them_or_not(sqlState: "22012", status: 500, code: "internal") [< 1 ms]
  Passed Erp.Kernel.Tests.ProblemMappingTests.Database_errors_map_the_same_whether_EF_wraps_them_or_not(sqlState: "40001", status: 409, code: "concurrency") [< 1 ms]
  Passed Erp.Kernel.Tests.ProblemMappingTests.Anything_unknown_is_an_internal_error_and_a_concurrent_save_is_a_conflict [18 ms]
  Passed Erp.Kernel.Tests.SecurityTests.Email_validation(value: "a@.example", valid: False) [12 ms]
  Passed Erp.Kernel.Tests.SecurityTests.Email_validation(value: "a b@c.example", valid: False) [< 1 ms]
  Passed Erp.Kernel.Tests.SecurityTests.Email_validation(value: "a@@b.example", valid: False) [< 1 ms]
  Passed Erp.Kernel.Tests.SecurityTests.Email_validation(value: "a@b.example", valid: True) [< 1 ms]
  Passed Erp.Kernel.Tests.SecurityTests.Email_validation(value: "first.last+tag@sub.domain.ae", valid: True) [< 1 ms]
  Passed Erp.Kernel.Tests.SecurityTests.Email_validation(value: "no-at.example", valid: False) [< 1 ms]
  Passed Erp.Kernel.Tests.SecurityTests.Email_validation(value: "a@b", valid: False) [< 1 ms]
[xUnit.net 00:00:02.15]   Starting:    Erp.Modules.Identity.Tests
  Passed Erp.Kernel.Tests.SecurityTests.Permission_keys_are_module_resource_action(key: "identity.users", valid: False) [< 1 ms]
  Passed Erp.Kernel.Tests.SecurityTests.Permission_keys_are_module_resource_action(key: "identity.users.read", valid: True) [< 1 ms]
  Passed Erp.Kernel.Tests.SecurityTests.Permission_keys_are_module_resource_action(key: "identity..read", valid: False) [< 1 ms]
  Passed Erp.Kernel.Tests.SecurityTests.Permission_keys_are_module_resource_action(key: "identity.userRoles.assignAll", valid: True) [< 1 ms]
  Passed Erp.Kernel.Tests.SecurityTests.Permission_keys_are_module_resource_action(key: "Identity.users.read", valid: False) [< 1 ms]
  Passed Erp.Kernel.Tests.SecurityTests.Permission_keys_are_module_resource_action(key: "identity.users.read.extra", valid: False) [< 1 ms]
  Passed Erp.Kernel.Tests.SecurityTests.Forwarded_headers_are_trusted_only_from_configured_proxies [142 ms]
  Passed Erp.Kernel.Tests.ListEngineTests.A_cursor_belongs_to_one_sort [458 ms]
  Passed Erp.Kernel.Tests.SecurityTests.Weaker_hashes_still_verify_and_ask_to_be_upgraded [109 ms]
  Passed Erp.Kernel.Tests.ListEngineTests.Bad_filters_name_the_problem(text: "seen eq '2026-09-01 08:00'", code: "list.valueDateTime") [205 ms]
  Passed Erp.Kernel.Tests.ListEngineTests.Bad_filters_name_the_problem(text: "day eq '2026-13-01'", code: "list.valueDate") [< 1 ms]
  Passed Erp.Kernel.Tests.ListEngineTests.Bad_filters_name_the_problem(text: "name gt null", code: "list.filterSyntax") [< 1 ms]
  Passed Erp.Kernel.Tests.ListEngineTests.Bad_filters_name_the_problem(text: "name eq 'x' and", code: "list.filterSyntax") [< 1 ms]
  Passed Erp.Kernel.Tests.ListEngineTests.Bad_filters_name_the_problem(text: "active eq 1", code: "list.valueBoolean") [< 1 ms]
  Passed Erp.Kernel.Tests.ListEngineTests.Bad_filters_name_the_problem(text: "name in ()", code: "list.filterSyntax") [< 1 ms]
  Passed Erp.Kernel.Tests.ListEngineTests.Bad_filters_name_the_problem(text: "((name eq 'x')", code: "list.filterSyntax") [< 1 ms]
  Passed Erp.Kernel.Tests.ListEngineTests.Bad_filters_name_the_problem(text: "name in ('a', null)", code: "list.filterSyntax") [< 1 ms]
  Passed Erp.Kernel.Tests.ListEngineTests.Bad_filters_name_the_problem(text: "nosuch eq 1", code: "list.unknownColumn") [< 1 ms]
  Passed Erp.Kernel.Tests.ListEngineTests.Bad_filters_name_the_problem(text: "kind eq 'other'", code: "list.valueChoice") [29 ms]
  Passed Erp.Kernel.Tests.ListEngineTests.Bad_filters_name_the_problem(text: "name gt 'a'", code: "list.operatorNotAllowed") [< 1 ms]
  Passed Erp.Kernel.Tests.ListEngineTests.Bad_filters_name_the_problem(text: "1.2.3 eq 1", code: "list.filterSyntax") [< 1 ms]
  Passed Erp.Kernel.Tests.ListEngineTests.Bad_filters_name_the_problem(text: "name eq", code: "list.filterSyntax") [< 1 ms]
  Passed Erp.Kernel.Tests.ListEngineTests.Bad_filters_name_the_problem(text: "name = 'x'", code: "list.filterSyntax") [< 1 ms]
  Passed Erp.Kernel.Tests.ListEngineTests.Bad_filters_name_the_problem(text: "quantity eq 'many'", code: "list.valueNumber") [< 1 ms]
  Passed Erp.Kernel.Tests.ListEngineTests.Bad_filters_name_the_problem(text: "active contains 'a'", code: "list.operatorNotAllowed") [< 1 ms]
  Passed Erp.Kernel.Tests.ListEngineTests.Bad_requests_become_400_problems_naming_the_parameter(parameter: "groupBy", value: "name", code: "list.notGroupable") [19 ms]
  Passed Erp.Kernel.Tests.ListEngineTests.Bad_requests_become_400_problems_naming_the_parameter(parameter: "sort", value: "kind", code: "list.notSortable") [15 ms]
  Passed Erp.Kernel.Tests.ListEngineTests.Bad_requests_become_400_problems_naming_the_parameter(parameter: "sort", value: "-", code: "list.sortSyntax") [82 ms]
  Passed Erp.Kernel.Tests.ListEngineTests.Bad_requests_become_400_problems_naming_the_parameter(parameter: "search", value: "a b c d e f g h i", code: "list.searchTooManyWords") [16 ms]
  Passed Erp.Kernel.Tests.ListEngineTests.Bad_requests_become_400_problems_naming_the_parameter(parameter: "sort", value: "a,b,c,d,e", code: "list.sortTooMany") [1 ms]
  Passed Erp.Kernel.Tests.ListEngineTests.Bad_requests_become_400_problems_naming_the_parameter(parameter: "after", value: "eyJzIjoibmFtZSJ9", code: "list.invalidCursor") [1 ms]
  Passed Erp.Kernel.Tests.ListEngineTests.Keyset_pages_return_every_row_once_in_the_order_of_one_page(sort: "-seen") [221 ms]
  Passed Erp.Kernel.Tests.ListEngineTests.Keyset_pages_return_every_row_once_in_the_order_of_one_page(sort: "name") [144 ms]
  Passed Erp.Kernel.Tests.ListEngineTests.Keyset_pages_return_every_row_once_in_the_order_of_one_page(sort: "code") [347 ms]
  Passed Erp.Kernel.Tests.ListEngineTests.Keyset_pages_return_every_row_once_in_the_order_of_one_page(sort: "-quantity,code") [224 ms]
  Passed Erp.Kernel.Tests.ListEngineTests.Keyset_pages_return_every_row_once_in_the_order_of_one_page(sort: "seen") [140 ms]
  Passed Erp.Kernel.Tests.ListEngineTests.Keyset_pages_return_every_row_once_in_the_order_of_one_page(sort: "-name") [203 ms]
  Passed Erp.Kernel.Tests.ListEngineTests.Keyset_pages_return_every_row_once_in_the_order_of_one_page(sort: "-code") [132 ms]
  Passed Erp.Kernel.Tests.ListEngineTests.Keyset_pages_return_every_row_once_in_the_order_of_one_page(sort: "active,-quantity") [150 ms]
  Passed Erp.Kernel.Tests.ListEngineTests.Registration_refuses_definitions_and_bindings_that_cannot_keep_their_promises [93 ms]
  Passed Erp.Kernel.Tests.ListEngineTests.Filters_parse_and_format_back_to_an_equivalent_text(text: "name eq 'x'") [< 1 ms]
  Passed Erp.Kernel.Tests.ListEngineTests.Filters_parse_and_format_back_to_an_equivalent_text(text: "kind in ('raw', 'finished') and seen ge '2026-09-0"···) [31 ms]
  Passed Erp.Kernel.Tests.ListEngineTests.Filters_parse_and_format_back_to_an_equivalent_text(text: "(name eq 'it''s' or code is null) and not quantity"···) [< 1 ms]
  Passed Erp.Kernel.Tests.ListEngineTests.Filters_parse_and_format_back_to_an_equivalent_text(text: "amount lt -1.5 and active ne false and code starts"···) [< 1 ms]
  Passed Erp.Kernel.Tests.ListEngineTests.Search_filters_and_groups_select_the_right_rows [105 ms]
  Passed Erp.Kernel.Tests.ListEngineTests.Filters_are_bounded_in_length_and_complexity [1 ms]
  Passed Erp.Kernel.Tests.UnitOfWorkTests.Problems_inside_typed_unions_count_as_failures [< 1 ms]
  Passed Erp.Kernel.Tests.UnitOfWorkTests.Plain_results_report_their_own_status [< 1 ms]
  Passed Erp.Kernel.Tests.TenantBindingTests.A_principal_without_a_tenant_claim_may_bind_nothing [6 ms]
  Passed Erp.Kernel.Tests.TenantBindingTests.A_permissioned_request_may_bind_only_the_principals_tenant [8 ms]
  Passed Erp.Kernel.Tests.TenantBindingTests.Reads_and_read_only_operations_run_read_only(method: "HEAD", marked: False, readOnly: True) [< 1 ms]
  Passed Erp.Kernel.Tests.TenantBindingTests.Reads_and_read_only_operations_run_read_only(method: "GET", marked: False, readOnly: True) [< 1 ms]
  Passed Erp.Kernel.Tests.TenantBindingTests.Reads_and_read_only_operations_run_read_only(method: "POST", marked: True, readOnly: True) [< 1 ms]
  Passed Erp.Kernel.Tests.TenantBindingTests.Reads_and_read_only_operations_run_read_only(method: "POST", marked: False, readOnly: False) [< 1 ms]
  Passed Erp.Kernel.Tests.TenantBindingTests.Reads_and_read_only_operations_run_read_only(method: "DELETE", marked: False, readOnly: False) [< 1 ms]
  Passed Erp.Kernel.Tests.TenantBindingTests.Reads_and_read_only_operations_run_read_only(method: "PUT", marked: False, readOnly: False) [< 1 ms]
  Passed Erp.Kernel.Tests.TenantBindingTests.Requests_without_a_principal_or_a_permission_bind_what_they_resolved [< 1 ms]
  Passed Erp.Kernel.Tests.MoneyTests.Currency_codes_are_three_upper_case_letters(code: "A1D") [2 ms]
  Passed Erp.Kernel.Tests.MoneyTests.Currency_codes_are_three_upper_case_letters(code: "AEDX") [< 1 ms]
  Passed Erp.Kernel.Tests.MoneyTests.Currency_codes_are_three_upper_case_letters(code: "aed") [< 1 ms]
  Passed Erp.Kernel.Tests.MoneyTests.Currency_codes_are_three_upper_case_letters(code: "AE") [< 1 ms]
  Passed Erp.Kernel.Tests.MoneyTests.Money_records_its_base_currency_and_only_adds_against_the_same_base [3 ms]
  Passed Erp.Kernel.Tests.MoneyTests.Money_travels_as_decimal_strings_in_json [39 ms]
  Passed Erp.Kernel.Tests.MoneyTests.Only_same_currency_and_rate_can_be_added [< 1 ms]
  Passed Erp.Kernel.Tests.MoneyTests.Amount_must_fit_the_currency_minor_units [< 1 ms]
  Passed Erp.Kernel.Tests.MoneyTests.Base_currency_amounts_use_rate_one_and_rates_are_positive [< 1 ms]
  Passed Erp.Kernel.Tests.MoneyTests.Base_amount_is_rounded_half_away_from_zero_to_the_base_currency [< 1 ms]
  Passed Erp.Kernel.Tests.LocalizationTests.Plural_categories_follow_the_CLDR_rules(language: "en", number: 1, expected: "one") [< 1 ms]
  Passed Erp.Kernel.Tests.LocalizationTests.Plural_categories_follow_the_CLDR_rules(language: "ar", number: 99, expected: "many") [< 1 ms]
  Passed Erp.Kernel.Tests.LocalizationTests.Plural_categories_follow_the_CLDR_rules(language: "ar", number: 10, expected: "few") [< 1 ms]
  Passed Erp.Kernel.Tests.LocalizationTests.Plural_categories_follow_the_CLDR_rules(language: "en", number: 0, expected: "other") [< 1 ms]
  Passed Erp.Kernel.Tests.LocalizationTests.Plural_categories_follow_the_CLDR_rules(language: "en", number: 2, expected: "other") [< 1 ms]
  Passed Erp.Kernel.Tests.LocalizationTests.Plural_categories_follow_the_CLDR_rules(language: "ar", number: 3, expected: "few") [< 1 ms]
  Passed Erp.Kernel.Tests.LocalizationTests.Plural_categories_follow_the_CLDR_rules(language: "ar", number: 100, expected: "other") [< 1 ms]
  Passed Erp.Kernel.Tests.LocalizationTests.Plural_categories_follow_the_CLDR_rules(language: "ar", number: 103, expected: "few") [< 1 ms]
  Passed Erp.Kernel.Tests.LocalizationTests.Plural_categories_follow_the_CLDR_rules(language: "ar", number: 11, expected: "many") [< 1 ms]
  Passed Erp.Kernel.Tests.LocalizationTests.Plural_categories_follow_the_CLDR_rules(language: "ar", number: 0, expected: "zero") [< 1 ms]
  Passed Erp.Kernel.Tests.LocalizationTests.Plural_categories_follow_the_CLDR_rules(language: "ar", number: 1, expected: "one") [< 1 ms]
  Passed Erp.Kernel.Tests.LocalizationTests.Plural_categories_follow_the_CLDR_rules(language: "ar", number: 2, expected: "two") [< 1 ms]
  Passed Erp.Kernel.Tests.LocalizationTests.Plural_categories_follow_the_CLDR_rules(language: "ar", number: 102, expected: "other") [< 1 ms]
  Passed Erp.Kernel.Tests.LocalizationTests.Plural_categories_follow_the_CLDR_rules(language: "ar", number: 1.5, expected: "other") [< 1 ms]
  Passed Erp.Kernel.Tests.LocalizationTests.Request_language_comes_from_accept_language_when_not_signed_in(header: "de", expected: "en") [6 ms]
  Passed Erp.Kernel.Tests.LocalizationTests.Request_language_comes_from_accept_language_when_not_signed_in(header: "", expected: "en") [< 1 ms]
  Passed Erp.Kernel.Tests.LocalizationTests.Request_language_comes_from_accept_language_when_not_signed_in(header: "ar-AE,ar;q=0.9,en;q=0.8", expected: "ar") [< 1 ms]
  Passed Erp.Kernel.Tests.LocalizationTests.Request_language_comes_from_accept_language_when_not_signed_in(header: "fr-FR,ar;q=0.5", expected: "ar") [< 1 ms]
  Passed Erp.Kernel.Tests.LocalizationTests.Request_language_comes_from_accept_language_when_not_signed_in(header: "en-GB,en;q=0.9", expected: "en") [< 1 ms]
  Passed Erp.Kernel.Tests.LocalizationTests.Messages_fill_named_placeholders_and_exact_plural_branches [11 ms]
  Passed Erp.Kernel.Tests.LocalizationTests.A_key_without_a_translation_stops_the_catalog_from_loading [< 1 ms]
  Passed Erp.Kernel.Tests.LocalizationTests.Kernel_strings_exist_in_both_languages_and_format_arguments [1 ms]
  Passed Erp.Kernel.Tests.SecurityTests.A_proof_from_the_challenge_equals_the_stored_hash_only_for_the_right_password [2 s]
  Passed Erp.Kernel.Tests.SecurityTests.Session_tokens_are_256_bit_base64url_and_stored_as_sha256 [2 ms]
  Passed Erp.Kernel.Tests.SecurityTests.Password_hashes_verify_only_the_right_password_and_use_unique_salts [2 s]
  Passed Erp.Kernel.Tests.KernelDataTests.Bulk_insert_requires_a_bound_tenant [2 ms]
  Passed Erp.Kernel.Tests.KernelDataTests.Migrations_and_seeding_are_idempotent [333 ms]
  Passed Erp.Kernel.Tests.KernelDataTests.A_unit_of_work_cannot_switch_tenants [54 ms]
  Passed Erp.Kernel.Tests.KernelDataTests.Bulk_insert_cannot_smuggle_rows_into_another_tenant [26 ms]
  Passed Erp.Kernel.Tests.KernelDataTests.Using_a_module_context_before_binding_a_tenant_fails_loudly [57 ms]
  Passed Erp.Kernel.Tests.KernelDataTests.EF_refuses_to_write_a_row_for_another_tenant [74 ms]
  Passed Erp.Kernel.Tests.KernelDataTests.The_query_filter_is_a_second_layer_on_every_tenant_entity [74 ms]
  Passed Erp.Gates.Tests.Rules.ShellGateTests.Screens_format_numbers_amounts_and_dates_through_the_kernel_formatter [34 ms]
  Passed Erp.Gates.Tests.G1.G1TenantSourceTests.Only_reviewed_files_choose_a_tenant_or_step_around_the_unit_of_work [141 ms]
  Passed Erp.Gates.Tests.G1.G1TenantSourceTests.The_scanner_catches_every_planted_bypass [19 ms]
  Passed Erp.Gates.Tests.Rules.BulkTimeoutGateTests.Only_the_seed_runner_and_the_platform_build_the_application_pools [300 ms]
  Passed Erp.Gates.Tests.Rules.ListIndexGateTests.Search_fields_and_sortable_columns_of_database_lists_are_indexed [195 ms]
  Passed Erp.Gates.Tests.Rules.BulkTimeoutGateTests.Bulk_code_never_sets_a_literal_command_timeout_or_opens_its_own_connection [58 ms]
  Passed Erp.Gates.Tests.Rules.BulkTimeoutGateTests.The_seed_runner_puts_every_tenant_seed_on_the_bulk_pool [< 1 ms]
  Passed Erp.Gates.Tests.Rules.MoneyGateTests.No_floating_point_or_money_columns_in_the_database [5 ms]
  Passed Erp.Gates.Tests.Rules.MoneyGateTests.No_float_or_double_in_server_code [271 ms]
  Passed Erp.Gates.Tests.Rules.MoneyGateTests.No_parseFloat_in_front_end_code [46 ms]
  Passed Erp.Gates.Tests.Rules.ShellGateTests.Language_and_digit_fields_document_their_allowed_values [2 s]
  Passed Erp.Gates.Tests.Rules.ShellGateTests.Stylesheets_and_inline_styles_use_logical_directions_only [368 ms]
  Passed Erp.Gates.Tests.Rules.ShellGateTests.Every_navigation_group_has_an_English_and_Arabic_heading [48 ms]
  Passed Erp.Gates.Tests.G1.G1DatabaseIsolationTests.Every_table_is_tenant_owned_or_a_reviewed_platform_table [43 ms]
  Passed Erp.Modules.Identity.Tests.UserLifecycleTests.The_permission_catalogue_carries_what_the_matrix_needs [4 s]
  Passed Erp.Modules.Lists.Tests.SavedViewsTests.Every_change_to_a_view_is_audited_with_its_author [5 s]
  Passed Erp.Gates.Tests.G1.G1DatabaseIsolationTests.A_tenant_set_for_the_whole_connection_or_left_by_an_earlier_transaction_is_ignored [139 ms]
  Passed Erp.Gates.Tests.G1.G1DatabaseIsolationTests.Application_role_sees_and_changes_only_its_own_tenant_in_every_tenant_table [536 ms]
  Passed Erp.Gates.Tests.G1.G1DatabaseIsolationTests.Foreign_keys_between_tenant_tables_include_the_tenant [8 ms]
  Passed Erp.Gates.Tests.G1.G1DatabaseIsolationTests.Tenant_tables_have_an_id_primary_key [62 ms]
  Passed Erp.Gates.Tests.G1.G1DatabaseIsolationTests.Tenant_tables_enforce_row_level_security_with_the_standard_policy [205 ms]
  Passed Erp.Gates.Tests.G1.G1DatabaseIsolationTests.Security_definer_functions_are_exactly_the_reviewed_ones [149 ms]
  Passed Erp.Gates.Tests.G1.G1DatabaseIsolationTests.Leakproof_functions_are_postgres_defaults_or_reviewed [64 ms]
  Passed Erp.Gates.Tests.G1.G1DatabaseIsolationTests.Audit_trail_is_append_only_for_the_application [92 ms]
  Passed Erp.Gates.Tests.G1.G1DatabaseIsolationTests.Application_role_cannot_bypass_row_level_security_or_become_a_role_that_can [150 ms]
  Passed Erp.Modules.Identity.Tests.UsersListTests.Bad_queries_are_refused_naming_the_parameter(parameter: "filter", value: "isActive eq 'yes'", code: "list.valueBoolean") [4 s]
  Passed Erp.Modules.Identity.Tests.UsersListTests.Bad_queries_are_refused_naming_the_parameter(parameter: "filter", value: "language eq 'ar", code: "list.filterSyntax") [458 ms]
  Passed Erp.Modules.Identity.Tests.UsersListTests.Bad_queries_are_refused_naming_the_parameter(parameter: "filter", value: "language eq", code: "list.filterSyntax") [520 ms]
  Passed Erp.Modules.Identity.Tests.AuthTests.The_session_cookie_is_secure_over_https_and_not_on_plain_http [5 s]
  Passed Erp.Modules.Identity.Tests.AuthTests.The_session_probe_always_answers_200_even_with_a_stale_or_malformed_session_cookie [70 ms]
  Passed Erp.Modules.Identity.Tests.UsersListTests.Bad_queries_are_refused_naming_the_parameter(parameter: "filter", value: "(language eq 'ar'", code: "list.filterSyntax") [493 ms]
  Passed Erp.Gates.Tests.Rules.OpenApiGateTests.OpenApi_document_covers_every_endpoint_with_its_permission [618 ms]
  Passed Erp.Gates.Tests.Rules.OpenApiGateTests.Decimals_are_documented_as_strings [426 ms]
  Passed Erp.Gates.Tests.Rules.RegistrationGateTests.Every_registered_list_is_served_as_a_page_whose_rows_carry_its_columns [275 ms]
  Passed Erp.Gates.Tests.Rules.RegistrationGateTests.Navigation_reaches_every_screen_and_every_menu_entry_opens_a_screen_with_its_permission [23 ms]
  Passed Erp.Modules.Lists.Tests.SavedViewsTests.Personal_views_are_private_to_their_owner [1 s]
  Passed Erp.Modules.Identity.Tests.UsersListTests.Bad_queries_are_refused_naming_the_parameter(parameter: "after", value: "not-a-cursor", code: "list.invalidCursor") [868 ms]
  Passed Erp.Modules.Identity.Tests.UsersListTests.Bad_queries_are_refused_naming_the_parameter(parameter: "filter", value: "displayName eq 5", code: "list.valueText") [647 ms]
  Passed Erp.Gates.Tests.Rules.LicenceGateTests.Every_NuGet_package_has_an_allowed_licence [288 ms]
  Passed Erp.Gates.Tests.Rules.LicenceGateTests.Every_npm_package_has_an_allowed_licence [134 ms]
  Passed Erp.Modules.Lists.Tests.SavedViewsTests.Every_field_is_validated_against_the_list_in_the_users_language [962 ms]
  Passed Erp.Modules.Identity.Tests.UsersListTests.Bad_queries_are_refused_naming_the_parameter(parameter: "filter", value: "createdAt ge 'yesterday'", code: "list.valueDateTime") [586 ms]
  Passed Erp.Modules.Identity.Tests.ModulePermissionsTests.A_role_that_may_only_view_and_create_contacts_works_end_to_end [8 s]
  Passed Erp.Modules.Identity.Tests.UsersListTests.Bad_queries_are_refused_naming_the_parameter(parameter: "filter", value: "isActive gt true", code: "list.operatorNotAllowed") [507 ms]
  Passed Erp.Modules.Lists.Tests.SavedViewsTests.Shared_views_reach_every_reader_and_only_sharers_change_them [1 s]
  Passed Erp.Modules.Identity.Tests.UsersListTests.Bad_queries_are_refused_naming_the_parameter(parameter: "filter", value: "language eq 'ar' and", code: "list.filterSyntax") [544 ms]
  Passed Erp.Modules.Identity.Tests.UsersListTests.Bad_queries_are_refused_naming_the_parameter(parameter: "groupBy", value: "nosuch", code: "list.unknownColumn") [743 ms]
  Passed Erp.Modules.Lists.Tests.SavedViewsTests.The_definition_describes_columns_operators_choices_presets_and_sharing [2 s]
  Passed Erp.Modules.Identity.Tests.UsersListTests.Bad_queries_are_refused_naming_the_parameter(parameter: "filter", value: "language = 'ar'", code: "list.filterSyntax") [970 ms]
  Passed Erp.Modules.Identity.Tests.UsersListTests.Bad_queries_are_refused_naming_the_parameter(parameter: "groupBy", value: "displayName", code: "list.notGroupable") [722 ms]
  Passed Erp.Modules.Identity.Tests.UsersListTests.Bad_queries_are_refused_naming_the_parameter(parameter: "filter", value: "language eq 'fr'", code: "list.valueChoice") [721 ms]
  Passed Erp.Modules.Identity.Tests.UsersListTests.Bad_queries_are_refused_naming_the_parameter(parameter: "sort", value: "display name", code: "list.sortSyntax") [650 ms]
[xUnit.net 00:00:33.39]   Finished:    Erp.Modules.Lists.Tests (ID = '3ab372e8c1b058abe35539ecb2b78dba197b5a9f0242af81daadb3c7868d679e')
  Passed Erp.Modules.Lists.Tests.SavedViewsTests.One_default_per_owner_and_names_unique_per_owner [1 s]
  Passed Erp.Modules.Identity.Tests.AuthTests.The_pause_ends_by_itself_when_the_failures_leave_the_window [8 s]
  Passed Erp.Modules.Identity.Tests.UsersListTests.Bad_queries_are_refused_naming_the_parameter(parameter: "filter", value: "language gt 'ar'", code: "list.operatorNotAllowed") [1 s]
  Passed Erp.Modules.Identity.Tests.UsersListTests.Bad_queries_are_refused_naming_the_parameter(parameter: "sort", value: "nosuch", code: "list.unknownColumn") [1 s]
  Passed Erp.Gates.Tests.G1.G1CredentialTests.The_function_owner_writes_only_where_reviewed [91 ms]
  Passed Erp.Gates.Tests.G1.G1CredentialTests.The_sign_in_lookup_reveals_no_hash_and_no_account_before_the_password_is_proven [195 ms]
  Passed Erp.Gates.Tests.G1.G1CredentialTests.The_application_role_can_read_no_stored_credential [55 ms]
  Passed Erp.Gates.Tests.G1.G1CredentialTests.No_reviewed_function_returns_a_credential_column_or_a_whole_row [9 ms]
Results File: /out/trx/_vm_2026-10-04_00_20_46_net10.0.trx

Test Run Successful.
Total tests: 6
     Passed: 6
 Total time: 34.5976 Seconds
Test run for /work/tests/Erp.Modules.Tenancy.Tests/bin/Release/net10.0/Erp.Modules.Tenancy.Tests.dll (.NETCoreApp,Version=v10.0)
  Passed Erp.Modules.Identity.Tests.UserLifecycleTests.An_administrator_resets_a_password_and_the_user_is_signed_out_everywhere [11 s]
  Passed Erp.Modules.Identity.Tests.UsersListTests.Bad_queries_are_refused_naming_the_parameter(parameter: "sort", value: "language", code: "list.notSortable") [536 ms]
  Passed Erp.Modules.Identity.Tests.UsersListTests.Bad_queries_are_refused_naming_the_parameter(parameter: "filter", value: "nosuch eq 'x'", code: "list.unknownColumn") [372 ms]
  Passed Erp.Modules.Identity.Tests.UserLifecycleTests.Copying_a_role_keeps_its_permissions_under_a_new_name [744 ms]
  Passed Erp.Modules.Identity.Tests.UsersListTests.Bad_queries_are_refused_naming_the_parameter(parameter: "sort", value: "displayName,displayName", code: "list.sortSyntax") [582 ms]
  Passed Erp.Gates.Tests.SelfTests.GateSelfTests.The_permission_checks_catch_a_write_guarded_by_a_read_permission_and_a_read_that_writes [564 ms]
  Passed Erp.Gates.Tests.SelfTests.GateSelfTests.The_database_check_catches_a_unique_index_across_tenants [133 ms]
  Passed Erp.Gates.Tests.G1.G1ClientStateTests.Every_piece_of_module_level_state_in_the_web_sources_is_reviewed [168 ms]
  Passed Erp.Gates.Tests.G1.G1ClientStateTests.The_inventory_finds_planted_module_state [13 ms]
A total of 1 test files matched the specified pattern.
  Passed Erp.Modules.Identity.Tests.UsersListTests.Sorting_orders_by_the_column_with_nulls_last_ascending_and_first_descending [1 s]
  Passed Erp.Modules.Identity.Tests.UsersAndRolesTests.User_search_finds_by_name_or_email_and_escapes_wildcards [1 s]
[xUnit.net 00:00:00.00] xUnit.net VSTest Adapter v3.1.5+1b188a7b0a (64-bit .NET 10.0.12)
[xUnit.net 00:00:00.85]   Discovering: Erp.Modules.Tenancy.Tests
  Passed Erp.Modules.Identity.Tests.UserLifecycleTests.The_access_view_says_what_a_user_can_do_and_which_role_grants_it [3 s]
  Passed Erp.Modules.Identity.Tests.UsersAndRolesTests.The_administrator_role_cannot_be_changed_or_deleted_and_grants_every_permission [812 ms]
  Passed Erp.Modules.Identity.Tests.UsersListTests.Keyset_paging_returns_the_same_rows_in_the_same_order_as_one_page(sort: "-displayName") [1 s]
  Passed Erp.Modules.Identity.Tests.UsersAndRolesTests.Permission_catalogue_is_labelled_in_the_users_language [673 ms]
  Passed Erp.Modules.Identity.Tests.AuthTests.Five_failures_pause_that_client_without_saying_so_until_an_administrator_unblocks [6 s]
  Passed Erp.Modules.Identity.Tests.UsersListTests.Keyset_paging_returns_the_same_rows_in_the_same_order_as_one_page(sort: "displayName") [1 s]
[xUnit.net 00:00:01.84]   Discovered:  Erp.Modules.Tenancy.Tests
[xUnit.net 00:00:02.59]   Starting:    Erp.Modules.Tenancy.Tests
  Passed Erp.Modules.Identity.Tests.AuthTests.A_suspended_workspace_cannot_be_signed_in_to [623 ms]
  Passed Erp.Modules.Identity.Tests.UsersListTests.Keyset_paging_returns_the_same_rows_in_the_same_order_as_one_page(sort: "createdAt") [1 s]
  Passed Erp.Modules.Identity.Tests.UsersAndRolesTests.Changing_the_language_preference_follows_the_user [2 s]
  Passed Erp.Modules.Identity.Tests.UsersListTests.Keyset_paging_returns_the_same_rows_in_the_same_order_as_one_page(sort: "lastSignInAt,-displayName") [1 s]
  Passed Erp.Modules.Identity.Tests.UserLifecycleTests.Signed_in_users_change_their_password_by_proving_the_current_one_and_other_sessions_end [5 s]
  Passed Erp.Modules.Identity.Tests.UsersAndRolesTests.The_digits_preference_follows_the_user_and_leaves_the_language_alone [2 s]
  Passed Erp.Modules.Identity.Tests.UsersListTests.Keyset_paging_returns_the_same_rows_in_the_same_order_as_one_page(sort: "-createdAt") [1 s]
  Passed Erp.Modules.Identity.Tests.UsersAndRolesTests.Saving_over_someone_elses_change_is_refused [773 ms]
  Passed Erp.Modules.Identity.Tests.UsersListTests.Keyset_paging_returns_the_same_rows_in_the_same_order_as_one_page(sort: "email") [1 s]
  Passed Erp.Modules.Identity.Tests.UsersAndRolesTests.Validation_errors_name_each_field_in_the_requested_language [1 s]
  Passed Erp.Modules.Identity.Tests.UsersListTests.Keyset_paging_returns_the_same_rows_in_the_same_order_as_one_page(sort: "-lastSignInAt") [863 ms]
  Passed Erp.Modules.Identity.Tests.AuthTests.The_same_email_in_two_workspaces_asks_which_one_only_when_both_passwords_match [6 s]
  Passed Erp.Modules.Identity.Tests.UsersAndRolesTests.Duplicate_email_in_the_same_workspace_is_a_conflict [496 ms]
  Passed Erp.Modules.Identity.Tests.UsersListTests.Keyset_paging_returns_the_same_rows_in_the_same_order_as_one_page(sort: "lastSignInAt") [1 s]
  Passed Erp.Modules.Identity.Tests.AuthTests.Cookie_requests_that_change_data_need_the_request_header [945 ms]
  Passed Erp.Modules.Identity.Tests.AuthTests.Expired_sessions_and_malformed_tokens_are_refused [928 ms]
  Passed Erp.Modules.Identity.Tests.UserLifecycleTests.An_invited_user_signs_in_once_with_the_set_up_code_and_chooses_a_password [4 s]
  Passed Erp.Modules.Identity.Tests.AuthTests.Signing_in_returns_the_session_and_sets_a_strict_http_only_cookie [765 ms]
  Passed Erp.Modules.Identity.Tests.UsersListTests.Filters_select_exactly_the_matching_rows [2 s]
  Passed Erp.Modules.Identity.Tests.UsersListTests.Search_matches_every_word_in_any_search_field_ignoring_case_and_order [545 ms]
  Passed Erp.Modules.Identity.Tests.UsersListTests.A_cursor_belongs_to_its_sort_and_cannot_be_combined_with_skip [516 ms]
  Passed Erp.Modules.Identity.Tests.UserLifecycleTests.An_expired_set_up_code_fails_like_a_wrong_password [1 s]
  Passed Erp.Modules.Identity.Tests.AuthTests.Deactivating_a_user_ends_their_sessions [2 s]
  Passed Erp.Modules.Identity.Tests.UsersListTests.Grouping_counts_every_matching_row_once [1 s]
  Passed Erp.Kernel.Tests.BulkTimeoutTests.A_configured_bulk_timeout_is_used_and_an_unset_one_defaults_to_an_hour [4 ms]
  Passed Erp.Kernel.Tests.BulkTimeoutTests.A_bulk_timeout_below_the_minimum_or_unreadable_is_refused(value: "30") [< 1 ms]
  Passed Erp.Kernel.Tests.BulkTimeoutTests.A_bulk_timeout_below_the_minimum_or_unreadable_is_refused(value: "599") [< 1 ms]
  Passed Erp.Kernel.Tests.BulkTimeoutTests.A_bulk_timeout_below_the_minimum_or_unreadable_is_refused(value: "-1") [< 1 ms]
  Passed Erp.Kernel.Tests.BulkTimeoutTests.A_bulk_timeout_below_the_minimum_or_unreadable_is_refused(value: "ten minutes") [< 1 ms]
  Passed Erp.Kernel.Tests.BulkTimeoutTests.The_bulk_connection_cannot_be_chosen_after_the_unit_of_work_used_its_connection [68 ms]
  Passed Erp.Kernel.Tests.BulkTimeoutTests.The_bulk_loader_never_runs_a_statement_under_the_bulk_minimum_even_on_a_request_connection [7 ms]
  Passed Erp.Kernel.Tests.BulkTimeoutTests.Every_command_on_a_bulk_unit_of_work_inherits_the_long_timeout [48 ms]
  Passed Erp.Kernel.Tests.BulkTimeoutTests.A_seed_statement_longer_than_the_default_timeout_finishes [2 ms]
  Passed Erp.Modules.Identity.Tests.AuthTests.Wrong_password_and_unknown_email_get_the_same_answer [1 s]
[xUnit.net 00:00:54.52]   Finished:    Erp.Kernel.Tests (ID = '1ac195ec15f33ab4788e3de64df3053333a57179a8cf50eb11a1918a6450c228')
  Passed Erp.Kernel.Tests.BulkTimeoutTests.Request_units_of_work_keep_the_short_default_timeout [< 1 ms]
  Passed Erp.Modules.Identity.Tests.UsersListTests.The_roles_list_serves_the_same_contract_in_memory [1 s]
  Passed Erp.Modules.Identity.Tests.AuthTests.Signing_out_revokes_the_session_for_good [788 ms]
Results File: /out/trx/_vm_2026-10-04_00_20_24_net10.0.trx

Test Run Successful.
Total tests: 126
     Passed: 126
 Total time: 55.6155 Seconds
  Passed Erp.Gates.Tests.G2.G2AccountTakeoverTests.Acting_on_a_record_that_grants_access_needs_everything_it_grants [23 s]
  Passed Erp.Modules.Identity.Tests.PlatformHttpTests.Server_errors_reveal_nothing_but_a_trace_id [1 s]
  Passed Erp.Modules.Identity.Tests.PlatformHttpTests.Unknown_api_paths_answer_404_problems_not_the_app_shell [12 ms]
  Passed Erp.Modules.Identity.Tests.PlatformHttpTests.Health_is_public_and_checks_the_database [124 ms]
  Passed Erp.Modules.Identity.Tests.PlatformHttpTests.Responses_carry_security_headers_and_api_responses_are_not_cached [122 ms]
  Passed Erp.Gates.Tests.G2.G2AccountTakeoverTests.Nobody_resets_their_own_password_or_ends_their_own_access_through_administration [3 s]
  Passed Erp.Modules.Tenancy.Tests.TenantTests.Reading_and_renaming_need_their_permissions [3 s]
  Passed Erp.Modules.Tenancy.Tests.TenantTests.Each_user_reads_their_own_workspace [1 s]
  Passed Erp.Modules.Identity.Tests.UserCorrectionsTests.A_role_granting_more_than_the_caller_holds_is_neither_renamed_copied_nor_deleted_by_them [2 s]
  Passed Erp.Modules.Identity.Tests.UserCorrectionsTests.A_user_has_a_name_in_Arabic_that_the_list_filters [1 s]
[xUnit.net 00:00:27.03]   Finished:    Erp.Modules.Tenancy.Tests (ID = '7c336b43d696105a19512de164fe1230cb02ef2c7773107fd16d0ceb1101f39a')
  Passed Erp.Modules.Tenancy.Tests.TenantTests.Renaming_needs_both_names_and_the_version_and_refuses_a_stale_version [1 s]
Results File: /out/trx/_vm_2026-10-04_00_21_23_net10.0.trx

Test Run Successful.
Total tests: 3
     Passed: 3
 Total time: 29.4803 Seconds
  Passed Erp.Modules.Identity.Tests.UserCorrectionsTests.The_sign_in_address_of_another_user_is_corrected_and_stays_unique_in_the_workspace [2 s]
  Passed Erp.Modules.Identity.Tests.SharedDatasetSeedTests.Demo_seed_loads_the_shared_dataset_users_into_the_main_tenant [11 s]
  Passed Erp.Gates.Tests.G1.G1SignInThrottleTests.Failed_sign_ins_from_one_client_never_lock_the_account_out_for_anyone_else [24 s]
  Passed Erp.Modules.Identity.Tests.RateLimitTests.Sign_in_attempts_beyond_the_limit_get_429_with_a_localized_problem [2 s]
[xUnit.net 00:01:11.70]   Finished:    Erp.Modules.Identity.Tests (ID = 'c22946a00a079b5bd17fa697d59967873c784c899ebaee038a5706484c46b106')
  Passed Erp.Modules.Identity.Tests.UserCorrectionsTests.A_user_who_never_signed_in_is_deleted_and_anyone_who_signed_in_stays [3 s]
Results File: /out/trx/_vm_2026-10-04_00_20_45_net10.0.trx

Test Run Successful.
Total tests: 71
     Passed: 71
 Total time: 1.2127 Minutes
  Passed Erp.Gates.Tests.G2.G2AccountTakeoverTests.Acting_on_a_user_needs_every_permission_that_user_holds [14 s]
  Passed Erp.Gates.Tests.G2.G2AccountTakeoverTests.Creating_from_a_role_cannot_grant_more_than_the_caller_holds [1 s]
  Passed Erp.Gates.Tests.G1.G1ReviewedLookupTests.Only_reviewed_source_files_name_a_reviewed_function [33 ms]
  Passed Erp.Gates.Tests.G1.G1ReviewedLookupTests.Every_reviewed_function_has_reviewed_callers_and_sources [6 ms]
  Passed Erp.Gates.Tests.G1.G1ReviewedLookupTests.Reviewed_lookups_answer_nothing_inside_a_tenant_bound_transaction [38 ms]
  Passed Erp.Gates.Tests.G1.G1ProcessStateTests.Process_wide_state_is_immutable_or_reviewed [67 ms]
  Passed Erp.Gates.Tests.G1.G1SignInThrottleTests.Sign_in_failures_give_one_answer_that_states_no_policy [11 s]
  Passed Erp.Gates.Tests.Rules.StringGateTests.Every_problem_and_validation_code_in_server_code_has_text [62 ms]
  Passed Erp.Gates.Tests.Rules.StringGateTests.Server_string_files_have_matching_English_and_Arabic_keys [35 ms]
  Passed Erp.Gates.Tests.Rules.StringGateTests.Web_string_files_have_matching_English_and_Arabic_keys [2 ms]
  Passed Erp.Gates.Tests.Rules.StringGateTests.Every_permission_module_and_menu_entry_has_labels [28 ms]
  Passed Erp.Gates.Tests.Rules.StringGateTests.Count_messages_use_plural_forms [17 ms]
  Passed Erp.Gates.Tests.G2.G2PermissionTests.Every_declared_permission_is_in_the_catalogue_and_every_catalogue_permission_is_used [4 ms]
  Passed Erp.Gates.Tests.G2.G2PermissionTests.Every_endpoint_declares_exactly_one_permission_or_is_reviewed_anonymous [5 ms]
  Passed Erp.Gates.Tests.G2.G2PermissionTests.A_user_whose_roles_grant_nothing_is_denied_everything_and_sees_no_menu [976 ms]
  Passed Erp.Gates.Tests.G2.G2PermissionTests.The_host_refuses_to_start_with_an_endpoint_whose_permission_is_not_in_the_catalogue [46 ms]
  Passed Erp.Gates.Tests.G2.G2PermissionTests.Users_cannot_escalate_their_own_privileges [921 ms]
  Passed Erp.Gates.Tests.Rules.AuditGateTests.Every_tenant_table_carries_the_audit_trigger_unless_reviewed_exempt [31 ms]
  Passed Erp.Gates.Tests.Rules.AuditGateTests.Changing_ones_own_interface_preferences_is_audited_field_by_field [596 ms]
  Passed Erp.Gates.Tests.G2.G2PermissionTests.Creating_a_user_cannot_grant_more_than_the_caller_holds [1 s]
  Passed Erp.Gates.Tests.G2.G2PermissionTests.Anonymous_callers_get_401_from_every_permissioned_endpoint [29 ms]
  Passed Erp.Gates.Tests.Rules.AuditGateTests.Writes_through_the_API_leave_field_level_audit_rows_attributed_to_the_user [340 ms]
  Passed Erp.Gates.Tests.Rules.AuditGateTests.Writes_that_bypass_the_ORM_are_audited_too [67 ms]
  Passed Erp.Gates.Tests.Rules.AuditGateTests.Passwords_are_redacted_in_the_audit_trail [472 ms]
  Passed Erp.Gates.Tests.G2.G2PermissionTests.Every_registered_list_is_readable_with_its_permission_alone [1 s]
  Passed Erp.Gates.Tests.G2.G2PermissionTests.The_host_refuses_a_list_whose_endpoint_declares_another_permission [63 ms]
  Passed Erp.Gates.Tests.G2.G2PermissionTests.Sharing_a_view_needs_the_share_permission_and_the_lists_own_permission [1 s]
  Passed Erp.Gates.Tests.G2.G2PermissionTests.Undeclared_endpoints_fall_back_to_deny [1 ms]
  Passed Erp.Gates.Tests.G2.G2PermissionTests.The_host_refuses_to_start_with_an_endpoint_that_declares_no_permission [22 ms]
  Passed Erp.Gates.Tests.G2.G2PermissionTests.Requests_that_only_read_cannot_write [11 ms]
  Passed Erp.Gates.Tests.G2.G2PermissionTests.No_endpoint_grants_more_than_the_caller_holds [3 s]
  Passed Erp.Gates.Tests.SelfTests.NonInterferenceSelfTests.The_non_interference_check_ignores_only_times_and_trace_ids [6 ms]
  Passed Erp.Gates.Tests.G2.G2PermissionTests.Granting_exactly_one_permission_opens_exactly_the_endpoints_that_declare_it [13 s]
  Passed Erp.Gates.Tests.G2.G2PermissionTests.No_endpoint_that_changes_data_is_guarded_by_a_read_permission [1 ms]
  Passed Erp.Gates.Tests.G2.G2PermissionTests.The_declaration_check_catches_AllowAnonymous_stacked_on_a_permission [42 ms]
  Passed Erp.Gates.Tests.G1.G1NonInterferenceTests.What_tenant_A_is_answered_never_depends_on_what_tenant_B_did [1 m 15 s]
  Passed Erp.Gates.Tests.Rules.ListContractGateTests.Every_sortable_column_orders_its_list_both_ways_and_keyset_paging_matches_one_page [1 s]
  Passed Erp.Gates.Tests.Rules.ListContractGateTests.Every_filterable_column_filters_its_list_and_other_columns_are_refused [1 s]
  Passed Erp.Gates.Tests.Rules.ListContractGateTests.Every_registered_list_documents_the_list_query_contract_and_its_definition [312 ms]
  Passed Erp.Gates.Tests.Rules.ListContractGateTests.Every_search_field_is_searched_word_by_word_and_grouping_counts_every_row_once [464 ms]
  Passed Erp.Gates.Tests.G1.G1UniqueIndexTests.Unique_indexes_on_tenant_tables_include_the_tenant [55 ms]
  Passed Erp.Gates.Tests.SelfTests.NonInterferenceSelfTests.The_non_interference_check_catches_shared_state_that_leaks_no_marker [1 m 16 s]
  Passed Erp.Gates.Tests.G1.G1HttpIsolationTests.Tenant_A_cannot_reach_tenant_B_through_any_endpoint [7 m 36 s]
  Passed Erp.Gates.Tests.SelfTests.GateSelfTests.The_HTTP_attack_catches_planted_header_route_and_body_leaks [12 m 2 s]
  Passed Erp.Gates.Tests.SelfTests.GateSelfTests.The_database_check_catches_a_table_without_row_level_security [41 ms]
  Passed Erp.Gates.Tests.SelfTests.GateSelfTests.The_process_state_check_catches_a_static_cache_and_a_stateful_singleton [12 ms]
  Passed Erp.Gates.Tests.SelfTests.GateSelfTests.The_grant_bearing_record_check_catches_a_role_delete_without_the_grant_check [5 s]
  Passed Erp.Gates.Tests.SelfTests.GateSelfTests.The_grant_escalation_check_catches_an_endpoint_that_grants_any_role [2 s]
[xUnit.net 00:12:46.04]   Finished:    Erp.Gates.Tests (ID = 'd67f9af34c5c91feae69a31c7ab81956a411c8cd54ea4942d23c1fd06e059e25')
Results File: /out/trx/_vm_2026-10-04_00_20_42_net10.0.trx

Test Run Successful.
Total tests: 88
     Passed: 88
 Total time: 12.7836 Minutes

[1m== .NET: timing budgets at demo volume (alone)[0m
Test run for /work/tests/Erp.Gates.Tests/bin/Release/net10.0/Erp.Gates.Tests.dll (.NETCoreApp,Version=v10.0)
Test run for /work/tests/Erp.Kernel.Tests/bin/Release/net10.0/Erp.Kernel.Tests.dll (.NETCoreApp,Version=v10.0)
Test run for /work/tests/Erp.Modules.Identity.Tests/bin/Release/net10.0/Erp.Modules.Identity.Tests.dll (.NETCoreApp,Version=v10.0)
Test run for /work/tests/Erp.Modules.Lists.Tests/bin/Release/net10.0/Erp.Modules.Lists.Tests.dll (.NETCoreApp,Version=v10.0)
A total of 1 test files matched the specified pattern.
A total of 1 test files matched the specified pattern.
A total of 1 test files matched the specified pattern.
A total of 1 test files matched the specified pattern.
[xUnit.net 00:00:00.00] xUnit.net VSTest Adapter v3.1.5+1b188a7b0a (64-bit .NET 10.0.12)
[xUnit.net 00:00:00.00] xUnit.net VSTest Adapter v3.1.5+1b188a7b0a (64-bit .NET 10.0.12)
[xUnit.net 00:00:00.00] xUnit.net VSTest Adapter v3.1.5+1b188a7b0a (64-bit .NET 10.0.12)
[xUnit.net 00:00:00.01] xUnit.net VSTest Adapter v3.1.5+1b188a7b0a (64-bit .NET 10.0.12)
[xUnit.net 00:00:00.32]   Discovering: Erp.Modules.Identity.Tests
[xUnit.net 00:00:00.37]   Discovering: Erp.Gates.Tests
[xUnit.net 00:00:00.44]   Discovering: Erp.Kernel.Tests
[xUnit.net 00:00:00.48]   Discovering: Erp.Modules.Lists.Tests
[xUnit.net 00:00:00.87]   Discovered:  Erp.Gates.Tests
No test matches the given testcase filter `Load=Timing` in /work/tests/Erp.Gates.Tests/bin/Release/net10.0/Erp.Gates.Tests.dll
[xUnit.net 00:00:00.81]   Discovered:  Erp.Modules.Lists.Tests
Results File: /out/trx/_vm_2026-10-04_00_33_12_net10.0.trx
No test matches the given testcase filter `Load=Timing` in /work/tests/Erp.Modules.Lists.Tests/bin/Release/net10.0/Erp.Modules.Lists.Tests.dll

[xUnit.net 00:00:01.01]   Discovered:  Erp.Modules.Identity.Tests
[xUnit.net 00:00:01.07]   Discovered:  Erp.Kernel.Tests
Test run for /work/tests/Erp.Modules.Tenancy.Tests/bin/Release/net10.0/Erp.Modules.Tenancy.Tests.dll (.NETCoreApp,Version=v10.0)
Results File: /out/trx/_vm_2026-10-04_00_33_12_net10.0[1].trx

[xUnit.net 00:00:01.34]   Starting:    Erp.Modules.Identity.Tests
[xUnit.net 00:00:01.41]   Starting:    Erp.Kernel.Tests
A total of 1 test files matched the specified pattern.
[xUnit.net 00:00:00.00] xUnit.net VSTest Adapter v3.1.5+1b188a7b0a (64-bit .NET 10.0.12)
[xUnit.net 00:00:00.28]   Discovering: Erp.Modules.Tenancy.Tests
[xUnit.net 00:00:00.51]   Discovered:  Erp.Modules.Tenancy.Tests
No test matches the given testcase filter `Load=Timing` in /work/tests/Erp.Modules.Tenancy.Tests/bin/Release/net10.0/Erp.Modules.Tenancy.Tests.dll
Results File: /out/trx/_vm_2026-10-04_00_33_14_net10.0.trx

  Passed Erp.Kernel.Tests.KernelDataTests.Bulk_insert_loads_100000_rows_through_row_level_security_quickly [1 s]
[xUnit.net 00:00:12.89]   Finished:    Erp.Kernel.Tests (ID = '1ac195ec15f33ab4788e3de64df3053333a57179a8cf50eb11a1918a6450c228')
Results File: /out/trx/_vm_2026-10-04_00_33_23_net10.0.trx

Test Run Successful.
Total tests: 1
     Passed: 1
 Total time: 13.6676 Seconds
  Passed Erp.Modules.Identity.Tests.UsersListVolumeTests.Word_search_is_served_by_the_trigram_index_not_a_table_scan [45 ms]
  Passed Erp.Modules.Identity.Tests.UsersListVolumeTests.Sorted_filtered_grouped_and_deep_keyset_pages_stay_within_budget [4 s]
  Passed Erp.Modules.Identity.Tests.UsersListVolumeTests.One_user_is_found_among_100000_in_well_under_a_second [1 s]
[xUnit.net 00:00:48.98]   Finished:    Erp.Modules.Identity.Tests (ID = 'c22946a00a079b5bd17fa697d59967873c784c899ebaee038a5706484c46b106')
Results File: /out/trx/_vm_2026-10-04_00_33_54_net10.0.trx

Test Run Successful.
Total tests: 3
     Passed: 3
 Total time: 49.7238 Seconds
[1m[2/3] Clean stack: build, migrate, seed, serve (project c-p00-foundation-r4-verify, port 20060)[0m
[1mBuilding the application image[0m
 Image erp-app:c-p00-foundation-r4-verify Building 
#1 [internal] load local bake definitions
#1 reading from stdin 646B done
#1 DONE 0.0s

#2 [internal] load build definition from Dockerfile
#2 transferring dockerfile: 1.73kB done
#2 DONE 0.0s

#3 resolve image config for docker-image://docker.io/docker/dockerfile:1
#3 DONE 1.3s

#4 docker-image://docker.io/docker/dockerfile:1@sha256:4edf897a3ffa55b89f906fc8cc78afdb3f1834cc9c7083565e611a8a7d5fe99e
#4 resolve docker.io/docker/dockerfile:1@sha256:4edf897a3ffa55b89f906fc8cc78afdb3f1834cc9c7083565e611a8a7d5fe99e 0.0s done
#4 CACHED

#5 [internal] load metadata for mcr.microsoft.com/dotnet/aspnet:10.0
#5 ...

#6 [internal] load metadata for mcr.microsoft.com/dotnet/sdk:10.0
#6 DONE 0.5s

#5 [internal] load metadata for mcr.microsoft.com/dotnet/aspnet:10.0
#5 DONE 0.5s

#7 [internal] load metadata for docker.io/library/node:22-alpine
#7 DONE 0.6s

#8 [internal] load .dockerignore
#8 transferring context:
#8 transferring context: 187B done
#8 DONE 0.3s

#9 [web 1/6] FROM docker.io/library/node:22-alpine@sha256:0a7108bf6c7bf5de370ffb1a3ed6be93d405b43ff159f681a8d18c0e2bc2e402
#9 resolve docker.io/library/node:22-alpine@sha256:0a7108bf6c7bf5de370ffb1a3ed6be93d405b43ff159f681a8d18c0e2bc2e402 0.0s done
#9 DONE 0.0s

#10 [stage-2 1/4] FROM mcr.microsoft.com/dotnet/aspnet:10.0@sha256:222759b391a1aaf241166672c8f99b2d4ada452e7b5319f3c6e8f265a37b5ad4
#10 resolve mcr.microsoft.com/dotnet/aspnet:10.0@sha256:222759b391a1aaf241166672c8f99b2d4ada452e7b5319f3c6e8f265a37b5ad4 0.0s done
#10 DONE 0.0s

#11 [build 1/6] FROM mcr.microsoft.com/dotnet/sdk:10.0@sha256:e70cdb7f80b0348f5cb85f19a8f670fca061f033d57eed12fa003d58b0e06317
#11 resolve mcr.microsoft.com/dotnet/sdk:10.0@sha256:e70cdb7f80b0348f5cb85f19a8f670fca061f033d57eed12fa003d58b0e06317 0.0s done
#11 DONE 0.0s

#12 [internal] load build context
#12 transferring context: 1.17MB 0.0s done
#12 DONE 0.0s

#13 [web 3/6] COPY web/package.json web/package-lock.json ./
#13 CACHED

#14 [web 2/6] WORKDIR /web
#14 CACHED

#15 [web 4/6] RUN --mount=type=secret,id=extra_ca,target=/run/secrets/extra_ca --mount=type=cache,target=/root/.npm     if [ -s /run/secrets/extra_ca ]; then export NODE_EXTRA_CA_CERTS=/run/secrets/extra_ca; fi;     npm ci --no-audit --no-fund
#15 CACHED

#16 [web 5/6] COPY web/ ./
#16 DONE 0.0s

#17 [web 6/6] RUN npm run check && npm run build
#17 0.435 
#17 0.435 > erp-web@0.1.0 check
#17 0.435 > node scripts/check-strings.mjs && node scripts/check-a11y.mjs
#17 0.435 
#17 1.135 String check passed: 48 source files, 365 keys in English and Arabic, 36 plural messages.
#17 1.833 Accessibility check passed: 636 JSX elements checked.
#17 1.993 
#17 1.993 > erp-web@0.1.0 build
#17 1.993 > tsc -b && vite build
#17 1.993 
#17 7.516 vite v7.3.6 building client environment for production...
#17 7.581 transforming...
#17 10.14 ✓ 83 modules transformed.
#17 10.46 rendering chunks...
#17 10.48 computing gzip size...
#17 10.48 dist/index.html                                                   0.49 kB │ gzip:   0.30 kB
#17 10.48 dist/assets/noto-sans-arabic-arabic-wght-normal-BhzieyvS.woff2  165.96 kB
#17 10.48 dist/assets/index-CHcdBxR4.css                                   23.43 kB │ gzip:   5.51 kB
#17 10.48 dist/assets/index-DiquKiJE.js                                   390.26 kB │ gzip: 115.92 kB
#17 10.48 ✓ built in 2.94s
#17 DONE 10.6s

#18 [build 6/6] RUN --mount=type=cache,target=/root/.nuget/packages dotnet publish src/Host/Erp.Host/Erp.Host.csproj -c Release -o /app --no-restore
#18 CACHED

#19 [stage-2 3/4] COPY --from=build /app ./
#19 CACHED

#20 [stage-2 2/4] WORKDIR /app
#20 CACHED

#21 [build 2/6] WORKDIR /src
#21 CACHED

#22 [build 3/6] COPY global.json Directory.Build.props Directory.Packages.props ./
#22 CACHED

#23 [build 4/6] COPY src/ src/
#23 CACHED

#24 [build 5/6] RUN --mount=type=secret,id=extra_ca,target=/run/secrets/extra_ca --mount=type=cache,target=/root/.nuget/packages     if [ -s /run/secrets/extra_ca ]; then cat /run/secrets/extra_ca >>/etc/ssl/certs/ca-certificates.crt; fi;     dotnet restore src/Host/Erp.Host/Erp.Host.csproj
#24 CACHED

#25 [stage-2 4/4] COPY --from=web /web/dist ./wwwroot
#25 CACHED

#26 exporting to image
#26 exporting layers done
#26 exporting manifest sha256:0cc5cb8a8394cb820a1feac61dc04299b3c363cfadc7476c7835e122b6530dda done
#26 exporting config sha256:2f041474883e11a2fc1b93df6b913e014f71774660453db648f8fbc90c139ae7 done
#26 exporting attestation manifest sha256:597b5f56a4b8b679e3a40f749975034351dca1dcfe9a875b0e87454682b493f2 done
#26 exporting manifest list sha256:efcb3800316ce033729231bdedeae9db99e01ffc070d227bd8d42931b7c53485 0.0s done
#26 naming to docker.io/library/erp-app:c-p00-foundation-r4-verify done
#26 unpacking to docker.io/library/erp-app:c-p00-foundation-r4-verify 0.1s done
#26 DONE 0.2s

#27 resolving provenance for metadata file
#27 DONE 0.0s
 Image erp-app:c-p00-foundation-r4-verify Built 
[1mStarting PostgreSQL, setting up the database (roles, migrations, seed: 2000 users) and serving[0m
 Network c-p00-foundation-r4-verify_default Creating 
 Network c-p00-foundation-r4-verify_default Created 
 Volume c-p00-foundation-r4-verify_db-data Creating 
 Volume c-p00-foundation-r4-verify_db-data Created 
 Container c-p00-foundation-r4-verify-db-1 Creating 
 Container c-p00-foundation-r4-verify-db-1 Created 
 Container c-p00-foundation-r4-verify-db-1 Starting 
 Container c-p00-foundation-r4-verify-db-1 Started 
 Container c-p00-foundation-r4-verify-db-1 Waiting 
 Container c-p00-foundation-r4-verify-db-1 Healthy 
 Container c-p00-foundation-r4-verify-db-1 Running 
 Container c-p00-foundation-r4-verify-setup-1 Creating 
 Container c-p00-foundation-r4-verify-setup-1 Created 
Attaching to setup-1
 Container c-p00-foundation-r4-verify-db-1 Waiting 
 Container c-p00-foundation-r4-verify-db-1 Healthy 
 Container c-p00-foundation-r4-verify-setup-1 Starting 
 Container c-p00-foundation-r4-verify-setup-1 Started 
setup-1  | info: Erp.Kernel.Data.DatabaseBootstrap[0]
setup-1  |       Creating database erp
setup-1  | info: Erp.Kernel.Data.DatabaseMigrator[0]
setup-1  |       Migrating KernelDbContext: 3 pending
setup-1  | info: Erp.Kernel.Data.DatabaseMigrator[0]
setup-1  |       Migrating TenancyDbContext: 1 pending
setup-1  | info: Erp.Kernel.Data.DatabaseMigrator[0]
setup-1  |       Migrating IdentityDbContext: 6 pending
setup-1  | info: Erp.Kernel.Data.DatabaseMigrator[0]
setup-1  |       Migrating ListsDbContext: 1 pending
setup-1  | info: Erp.Kernel.Seeding.SeedRunner[0]
setup-1  |       Seeded tenant alnoor (Demo) in 1925 ms
setup-1  | info: Erp.Kernel.Seeding.SeedRunner[0]
setup-1  |       Seeded tenant gulfsteel (Demo) in 581 ms
[Ksetup-1 exited with code 0
 Compose Stopping Aborting on container exit...
 Container c-p00-foundation-r4-verify-setup-1 Stopping 
 Container c-p00-foundation-r4-verify-setup-1 Stopped 
 Container c-p00-foundation-r4-verify-db-1 Running 
 Container c-p00-foundation-r4-verify-app-1 Creating 
 Container c-p00-foundation-r4-verify-app-1 Created 
 Container c-p00-foundation-r4-verify-db-1 Waiting 
 Container c-p00-foundation-r4-verify-db-1 Healthy 
 Container c-p00-foundation-r4-verify-setup-1 Starting 
 Container c-p00-foundation-r4-verify-setup-1 Started 
 Container c-p00-foundation-r4-verify-setup-1 Waiting 
 Container c-p00-foundation-r4-verify-setup-1 Exited 
 Container c-p00-foundation-r4-verify-app-1 Starting 
 Container c-p00-foundation-r4-verify-app-1 Started 
[1m[3/3] End-to-end tests in Chromium[0m

[1m== Copying sources (without build output)[0m

[1m== End-to-end: Playwright against http://localhost:20060[0m

added 3 packages in 520ms

Running 46 tests using 1 worker

client isolation: 12 steps per tenant judged on 7 markers in 8 carriers; canary.za7nokfm@alnoor.example (A) and canary.zbnw0z7z@gulfsteel.example (B)
  ✓   1 [chromium] › specs/client-isolation.spec.ts:174:7 › G1 in the browser: one tab, tenant B then tenant A › after B signs out, the tab holds nothing of B, and A sees nothing of B on any screen, in storage or in memory (13.0s)
  ✓   2 [chromium] › specs/client-isolation.spec.ts:233:7 › G1 in the browser: one tab, tenant B then tenant A › after signing out, Back does not bring the signed-out person's screens back (2.9s)
  ✓   3 [chromium] › specs/client-isolation.spec.ts:251:7 › G1 in the browser: one tab, tenant B then tenant A › signing out in one tab ends the session in every other tab of the browser at once (3.0s)
  ✓   4 [chromium] › specs/client-isolation.spec.ts:269:7 › G1 in the browser: one tab, tenant B then tenant A › the judges' self-test: a marker planted in each carrier of the tab is found (2.3s)
  ✓   5 [chromium] › specs/identity.spec.ts:7:7 › users, roles and permissions › an administrator creates a user with a restricted role from the keyboard, and that user sees and can do only what it grants (4.8s)
  ✓   6 [chromium] › specs/identity.spec.ts:74:7 › users, roles and permissions › a role is built in the permission matrix with search and a bulk toggle, then copied and deleted (2.7s)
  ✓   7 [chromium] › specs/identity.spec.ts:103:7 › users, roles and permissions › a user who may change roles but not delete them sees no Delete role, and a role granting more than they hold is read-only (3.6s)
  ✓   8 [chromium] › specs/identity.spec.ts:148:7 › users, roles and permissions › an invitation sent to a mistyped address is corrected, and a user who never signed in is deleted (2.7s)
  ✓   9 [chromium] › specs/identity.spec.ts:177:7 › users, roles and permissions › the Administrator role and the matrix read right to left in Arabic (1.3s)
  ✓  10 [chromium] › specs/lists.spec.ts:17:7 › list framework › finds one user by keyboard: the search box has focus, words in any order, Enter opens the only match (2.0s)
  ✓  11 [chromium] › specs/lists.spec.ts:37:7 › list framework › moves through rows with the arrow keys, selects with Space and opens with Enter (1.5s)
  ✓  12 [chromium] › specs/lists.spec.ts:63:7 › list framework › sorts from a header and filters from the column menu; the address keeps the state (1.8s)
  ✓  13 [chromium] › specs/lists.spec.ts:93:7 › list framework › groups by a column with counts and opens a group's rows (2.2s)
  ✓  14 [chromium] › specs/lists.spec.ts:108:7 › list framework › chooses columns and saves a personal default view that opens next time (3.3s)
  ✓  15 [chromium] › specs/lists.spec.ts:138:7 › list framework › a read-only user keeps personal views but is not offered sharing (1.6s)
  ✓  16 [chromium] › specs/lists.spec.ts:152:7 › list framework › the list works right to left in Arabic with Arabic counts and headers (1.7s)
  ✓  17 [chromium] › specs/navigation.spec.ts:24:7 › navigation reaches every screen › an administrator opens every menu entry in English and each screen loads (1.7s)
  ✓  18 [chromium] › specs/navigation.spec.ts:30:7 › navigation reaches every screen › an administrator opens every menu entry in Arabic, right to left, and each screen loads (2.3s)
  ✓  19 [chromium] › specs/permissions.spec.ts:5:7 › screens hide what the user cannot do › a user whose roles grant nothing sees no menu and cannot open a screen by address (1.3s)
  ✓  20 [chromium] › specs/permissions.spec.ts:15:7 › screens hide what the user cannot do › a read-only user can browse users, and the list is server-paged and searchable (1.5s)
  ✓  21 [chromium] › specs/permissions.spec.ts:27:7 › screens hide what the user cannot do › counts take the right plural form in Arabic (2.3s)
  ✓  22 [chromium] › specs/permissions.spec.ts:40:7 › screens hide what the user cannot do › signing out returns to the sign-in screen and the session is gone (1.3s)
  ✓  23 [chromium] › specs/shell.spec.ts:13:7 › app shell › a fresh visit, with or without a stale session cookie, logs no error and no failed request (634ms)
switch to Arabic on the users list: 142 ms
  ✓  24 [chromium] › specs/shell.spec.ts:26:7 › app shell › switch to Arabic in one click on a working screen: everything mirrors at once, records stay, and it survives an immediate reload (3.2s)
palette to the Roles screen: 208 ms, 3 steps, 6 keystrokes
  ✓  25 [chromium] › specs/shell.spec.ts:58:7 › app shell › keyboard only: the palette reaches any screen, Alt+M walks the navigation, ? lists every shortcut (4.4s)
  ✓  26 [chromium] › specs/shell.spec.ts:94:7 › app shell › shortcuts work with an Arabic keyboard layout (matched by key position) (6.2s)
  ✓  27 [chromium] › specs/shell.spec.ts:107:7 › app shell › the palette finds a record and opens it (2.8s)
  ✓  28 [chromium] › specs/shell.spec.ts:123:7 › app shell › the palette leads from a few record matches to the list of every match (3.0s)
  ✓  29 [chromium] › specs/shell.spec.ts:141:9 › app shell › at phone width nothing is wider than the window (en) (2.0s)
  ✓  30 [chromium] › specs/shell.spec.ts:141:9 › app shell › at phone width nothing is wider than the window (ar) (4.7s)
  ✓  31 [chromium] › specs/shell.spec.ts:162:7 › app shell › the palette offers a user with no roles nothing they cannot open (2.8s)
  ✓  32 [chromium] › specs/shell.spec.ts:176:7 › app shell › Arabic-Indic digits are a per-user choice that follows the user (4.0s)
  ✓  33 [chromium] › specs/shell.spec.ts:206:7 › app shell › printing shows the screen's content with a letterhead and none of the app's chrome (2.4s)
  ✓  34 [chromium] › specs/shell.spec.ts:226:7 › app shell › a printed list screen is a document: no buttons, menus, selection boxes, sort marks or key hints (1.3s)
  ✓  35 [chromium] › specs/shell.spec.ts:262:9 › app shell › the status line stays in view on every screen and the page never scrolls (1366x768) (2.0s)
  ✓  36 [chromium] › specs/shell.spec.ts:262:9 › app shell › the status line stays in view on every screen and the page never scrolls (1280x720) (1.9s)
  ✓  37 [chromium] › specs/shell.spec.ts:262:9 › app shell › the status line stays in view on every screen and the page never scrolls (1920x1080) (1.9s)
  ✓  38 [chromium] › specs/shell.spec.ts:286:7 › app shell › Arabic text renders in the bundled Arabic font on screen and in print, whatever the device has (2.0s)
  ✓  39 [chromium] › specs/shell.spec.ts:315:9 › app shell › every shell screen and dialog meets the accessibility basics (en) (3.2s)
  ✓  40 [chromium] › specs/shell.spec.ts:315:9 › app shell › every shell screen and dialog meets the accessibility basics (ar) (1.6s)
sign-in to workspace: 710 ms
  ✓  41 [chromium] › specs/sign-in.spec.ts:5:7 › sign in to an empty workspace › keyboard only, in English, lands in the workspace with its menu (1.2s)
  ✓  42 [chromium] › specs/sign-in.spec.ts:17:7 › sign in to an empty workspace › in Arabic, right to left, from the first screen (1.8s)
  ✓  43 [chromium] › specs/sign-in.spec.ts:33:7 › sign in to an empty workspace › a wrong password shows one message in the screen's language and clears the password (2.1s)
  ✓  44 [chromium] › specs/sign-in.spec.ts:41:7 › sign in to an empty workspace › a failed sign-in message follows a switch to Arabic, right to left, with nothing left in English (1.5s)
  ✓  45 [chromium] › specs/sign-in.spec.ts:50:7 › sign in to an empty workspace › empty fields are explained without a round trip (487ms)
  ✓  46 [chromium] › specs/sign-in.spec.ts:56:7 › sign in to an empty workspace › the device remembers the e-mail, so the next sign-in is password then Enter; signing out forgets it (1.5s)

  46 passed (2.0m)

[1m== Comparison harness: built ours drivers against http://localhost:20060 (health check)[0m

added 1 package in 462ms
built for ours: api-update-user, create-restricted-user, find-user, reach-screen-keyboard, sign-in, switch-to-arabic
api-update-user          ours  verified  steps 2  keys 242  machine 0.053s  human 70.86s  human+wait 70.91s  -> ../out/ours-health/results/api-update-user-20261004T003635-e5a6.json
create-restricted-user   ours  verified  steps 5  keys 35  machine 0.906s  human 21.65s  human+wait 22.101s  -> ../out/ours-health/results/create-restricted-user-20261004T003639-380b.json
find-user                ours  verified  steps 4  keys 20  machine 0.6s  human 14.35s  human+wait 14.388s  -> ../out/ours-health/results/find-user-20261004T003646-7491.json
reach-screen-keyboard    ours  verified  steps 2  keys 3  machine 0.137s  human 3.15s  human+wait 3.245s  -> ../out/ours-health/results/reach-screen-keyboard-20261004T003649-cc3c.json
sign-in                  ours  verified  steps 2  keys 21  machine 0.383s  human 7.63s  human+wait 7.934s  -> ../out/ours-health/results/sign-in-20261004T003655-c27b.json
switch-to-arabic         ours  verified  steps 1  keys 0  machine 0.108s  human 2.65s  human+wait 2.656s  -> ../out/ours-health/results/switch-to-arabic-20261004T003700-1395.json
output: ../../../out/ours-health

Test counts this run:
  suite.dotnetTests      passed   298  failed 0  skipped 0  (minimum 295)
  suite.webUnitTests     passed   121  failed 0  skipped 0  (minimum 119)
  suite.e2eTests         passed    46  failed 0  skipped 0  (minimum 45)
  suite.compareTests     passed   146  failed 0  skipped 0  (minimum 146)
Ratchet check passed.
[1mverify passed in 1209 s[0m
rc=0 elapsed=1210s end=2026-10-04T00:37:07Z
