Test run for /home/shan/critic/p02-tenancy-r7-work/tests/Erp.Gates.Tests/bin/Release/net10.0/Erp.Gates.Tests.dll (.NETCoreApp,Version=v10.0)
VSTest version 18.0.2 (x64)

Starting test execution, please wait...
A total of 1 test files matched the specified pattern.
[xUnit.net 00:00:00.00] xUnit.net VSTest Adapter v3.1.5+1b188a7b0a (64-bit .NET 10.0.12)
[xUnit.net 00:00:00.32]   Discovering: Erp.Gates.Tests
[xUnit.net 00:00:00.80]   Discovered:  Erp.Gates.Tests
[xUnit.net 00:00:01.07]   Starting:    Erp.Gates.Tests
  Passed Erp.Gates.Tests.G1.G1DatabaseIsolationTests.Leakproof_functions_are_postgres_defaults_or_reviewed [98 ms]
  Passed Erp.Gates.Tests.G1.G1DatabaseIsolationTests.Security_definer_functions_are_exactly_the_reviewed_ones [15 ms]
  Passed Erp.Gates.Tests.G1.G1DatabaseIsolationTests.Audit_trail_is_append_only_for_the_application [22 ms]
  Passed Erp.Gates.Tests.G1.G1DatabaseIsolationTests.Foreign_keys_between_tenant_tables_include_the_tenant [8 ms]
  Passed Erp.Gates.Tests.G1.G1DatabaseIsolationTests.Application_role_cannot_bypass_row_level_security_or_become_a_role_that_can [37 ms]
  Passed Erp.Gates.Tests.G1.G1CompanyScopeTests.The_application_role_sees_and_changes_only_the_bound_companies_in_every_company_table [349 ms]
  Passed Erp.Gates.Tests.G1.G1CompanyScopeTests.Every_company_table_carries_the_standard_company_scope_policy [59 ms]
  Passed Erp.Gates.Tests.G1.G1DatabaseIsolationTests.Application_role_sees_and_changes_only_its_own_tenant_in_every_tenant_table [634 ms]
  Passed Erp.Gates.Tests.G1.G1DatabaseIsolationTests.Every_table_is_tenant_owned_or_a_reviewed_platform_table [9 ms]
[xUnit.net 00:00:18.25]     Erp.Gates.Tests.G1.G1DatabaseIsolationTests.Tenant_tables_enforce_row_level_security_with_the_standard_policy [FAIL]
[xUnit.net 00:00:18.25]       tenancy.companies: tenant_isolation must be PERMISSIVE FOR ALL TO PUBLIC USING and WITH CHECK (tenant_id = erp.current_tenant_id()) (is * True [public] ((tenant_id = erp.current_tenant_id()) OR (erp.current_tenant_id() IS NULL)) / (tenant_id = erp.current_tenant_id()))
[xUnit.net 00:00:18.25]       Stack Trace:
[xUnit.net 00:00:18.25]         /home/shan/critic/p02-tenancy-r7-work/tests/Erp.Gates.Tests/G1/G1DatabaseIsolationTests.cs(43,0): at Erp.Gates.Tests.G1.G1DatabaseIsolationTests.Tenant_tables_enforce_row_level_security_with_the_standard_policy()
[xUnit.net 00:00:18.26]         --- End of stack trace from previous location ---
  Passed Erp.Gates.Tests.G1.G1DatabaseIsolationTests.A_tenant_set_for_the_whole_connection_or_left_by_an_earlier_transaction_is_ignored [30 ms]
  Passed Erp.Gates.Tests.G1.G1DatabaseIsolationTests.Tenant_tables_have_an_id_primary_key [24 ms]
  Failed Erp.Gates.Tests.G1.G1DatabaseIsolationTests.Tenant_tables_enforce_row_level_security_with_the_standard_policy [49 ms]
  Error Message:
   tenancy.companies: tenant_isolation must be PERMISSIVE FOR ALL TO PUBLIC USING and WITH CHECK (tenant_id = erp.current_tenant_id()) (is * True [public] ((tenant_id = erp.current_tenant_id()) OR (erp.current_tenant_id() IS NULL)) / (tenant_id = erp.current_tenant_id()))
  Stack Trace:
     at Erp.Gates.Tests.G1.G1DatabaseIsolationTests.Tenant_tables_enforce_row_level_security_with_the_standard_policy() in /home/shan/critic/p02-tenancy-r7-work/tests/Erp.Gates.Tests/G1/G1DatabaseIsolationTests.cs:line 43
--- End of stack trace from previous location ---
  Passed Erp.Gates.Tests.G2.G2PermissionTests.Anonymous_callers_get_401_from_every_permissioned_endpoint [646 ms]
  Passed Erp.Gates.Tests.G2.G2PermissionTests.The_host_refuses_a_permissioned_endpoint_that_also_allows_anonymous_callers [49 ms]
  Passed Erp.Gates.Tests.G2.G2PermissionTests.Every_registered_list_is_readable_with_its_permission_alone [3 s]
[xUnit.net 00:00:24.56]     Erp.Gates.Tests.G2.G2PermissionTests.Every_declared_permission_is_in_the_catalogue_and_every_catalogue_permission_is_used [FAIL]
[xUnit.net 00:00:24.56]       Catalogue permissions no endpoint uses (dead permissions confuse role editors): tenancy.access.update
[xUnit.net 00:00:24.56]       Stack Trace:
[xUnit.net 00:00:24.56]         /home/shan/critic/p02-tenancy-r7-work/tests/Erp.Gates.Tests/G2/G2PermissionTests.cs(303,0): at Erp.Gates.Tests.G2.G2PermissionTests.Every_declared_permission_is_in_the_catalogue_and_every_catalogue_permission_is_used()
[xUnit.net 00:00:24.56]            at System.RuntimeMethodHandle.InvokeMethod(ObjectHandleOnStack target, Void** arguments, ObjectHandleOnStack sig, BOOL isConstructor, ObjectHandleOnStack result)
[xUnit.net 00:00:24.56]            at System.RuntimeMethodHandle.InvokeMethod(ObjectHandleOnStack target, Void** arguments, ObjectHandleOnStack sig, BOOL isConstructor, ObjectHandleOnStack result)
[xUnit.net 00:00:24.56]            at System.Reflection.MethodBaseInvoker.InterpretedInvoke_Method(Object obj, IntPtr* args)
[xUnit.net 00:00:24.56]            at System.Reflection.MethodBaseInvoker.InvokeWithNoArgs(Object obj, BindingFlags invokeAttr)
[xUnit.net 00:00:24.59]     Erp.Gates.Tests.G2.G2PermissionTests.Every_endpoint_under_a_reviewed_prefix_declares_exactly_its_reviewed_permission [FAIL]
[xUnit.net 00:00:24.59]       PUT /api/tenancy/access/{userId:guid} declares tenancy.access.read; the reviewed map tenancy.txt says tenancy.access.update
[xUnit.net 00:00:24.59]       Stack Trace:
[xUnit.net 00:00:24.59]         /home/shan/critic/p02-tenancy-r7-work/tests/Erp.Gates.Tests/G2/G2PermissionTests.cs(95,0): at Erp.Gates.Tests.G2.G2PermissionTests.Every_endpoint_under_a_reviewed_prefix_declares_exactly_its_reviewed_permission()
[xUnit.net 00:00:24.59]            at System.RuntimeMethodHandle.InvokeMethod(ObjectHandleOnStack target, Void** arguments, ObjectHandleOnStack sig, BOOL isConstructor, ObjectHandleOnStack result)
[xUnit.net 00:00:24.59]            at System.RuntimeMethodHandle.InvokeMethod(ObjectHandleOnStack target, Void** arguments, ObjectHandleOnStack sig, BOOL isConstructor, ObjectHandleOnStack result)
[xUnit.net 00:00:24.59]            at System.Reflection.MethodBaseInvoker.InterpretedInvoke_Method(Object obj, IntPtr* args)
[xUnit.net 00:00:24.59]            at System.Reflection.MethodBaseInvoker.InvokeWithNoArgs(Object obj, BindingFlags invokeAttr)
[xUnit.net 00:00:24.59]       Output:
[xUnit.net 00:00:24.59]         44 endpoints compared with 3 reviewed map(s)
  Passed Erp.Gates.Tests.G2.G2PermissionTests.Requests_that_only_read_cannot_write [17 ms]
  Failed Erp.Gates.Tests.G2.G2PermissionTests.Every_declared_permission_is_in_the_catalogue_and_every_catalogue_permission_is_used [1 ms]
  Error Message:
   Catalogue permissions no endpoint uses (dead permissions confuse role editors): tenancy.access.update
  Stack Trace:
     at Erp.Gates.Tests.G2.G2PermissionTests.Every_declared_permission_is_in_the_catalogue_and_every_catalogue_permission_is_used() in /home/shan/critic/p02-tenancy-r7-work/tests/Erp.Gates.Tests/G2/G2PermissionTests.cs:line 303
   at System.RuntimeMethodHandle.InvokeMethod(ObjectHandleOnStack target, Void** arguments, ObjectHandleOnStack sig, BOOL isConstructor, ObjectHandleOnStack result)
   at System.RuntimeMethodHandle.InvokeMethod(ObjectHandleOnStack target, Void** arguments, ObjectHandleOnStack sig, BOOL isConstructor, ObjectHandleOnStack result)
   at System.Reflection.MethodBaseInvoker.InterpretedInvoke_Method(Object obj, IntPtr* args)
   at System.Reflection.MethodBaseInvoker.InvokeWithNoArgs(Object obj, BindingFlags invokeAttr)
  Passed Erp.Gates.Tests.G2.G2PermissionTests.Every_permissioned_endpoint_is_enforced_by_a_policy_requiring_its_permission [1 ms]
  Failed Erp.Gates.Tests.G2.G2PermissionTests.Every_endpoint_under_a_reviewed_prefix_declares_exactly_its_reviewed_permission [32 ms]
  Error Message:
   PUT /api/tenancy/access/{userId:guid} declares tenancy.access.read; the reviewed map tenancy.txt says tenancy.access.update
  Stack Trace:
     at Erp.Gates.Tests.G2.G2PermissionTests.Every_endpoint_under_a_reviewed_prefix_declares_exactly_its_reviewed_permission() in /home/shan/critic/p02-tenancy-r7-work/tests/Erp.Gates.Tests/G2/G2PermissionTests.cs:line 95
   at System.RuntimeMethodHandle.InvokeMethod(ObjectHandleOnStack target, Void** arguments, ObjectHandleOnStack sig, BOOL isConstructor, ObjectHandleOnStack result)
   at System.RuntimeMethodHandle.InvokeMethod(ObjectHandleOnStack target, Void** arguments, ObjectHandleOnStack sig, BOOL isConstructor, ObjectHandleOnStack result)
   at System.Reflection.MethodBaseInvoker.InterpretedInvoke_Method(Object obj, IntPtr* args)
   at System.Reflection.MethodBaseInvoker.InvokeWithNoArgs(Object obj, BindingFlags invokeAttr)
  Standard Output Messages:
 44 endpoints compared with 3 reviewed map(s)


  Passed Erp.Gates.Tests.G2.G2PermissionTests.Sharing_a_view_needs_the_share_permission_and_the_lists_own_permission [708 ms]
  Passed Erp.Gates.Tests.G2.G2PermissionTests.Users_cannot_escalate_their_own_privileges [645 ms]
  Passed Erp.Gates.Tests.G2.G2PermissionTests.The_host_refuses_to_start_with_an_endpoint_whose_permission_is_not_in_the_catalogue [40 ms]
  Passed Erp.Gates.Tests.G2.G2PermissionTests.The_declaration_check_catches_AllowAnonymous_stacked_on_a_permission [19 ms]
  Passed Erp.Gates.Tests.G2.G2PermissionTests.Every_endpoint_declares_exactly_one_permission_or_is_reviewed_anonymous [2 ms]
  Passed Erp.Gates.Tests.G2.G2PermissionTests.The_host_refuses_to_start_with_an_endpoint_that_declares_no_permission [24 ms]
  Passed Erp.Gates.Tests.G2.G2CompanyAccessGrantTests.Company_access_is_given_and_taken_only_within_what_the_caller_holds_and_never_from_a_stronger_user [6 s]
  Passed Erp.Gates.Tests.G2.G2AccountTakeoverTests.Creating_from_a_role_cannot_grant_more_than_the_caller_holds [3 s]
  Passed Erp.Gates.Tests.G2.G2CompanyRoleTests.An_administrator_of_one_company_grants_and_acts_only_within_it [3 s]
  Passed Erp.Gates.Tests.G2.G2AccountTakeoverTests.No_endpoint_grants_another_modules_permissions_the_caller_lacks [10 s]
  Passed Erp.Gates.Tests.G2.G2PermissionTests.Granting_exactly_one_permission_opens_exactly_the_endpoints_that_declare_it [23 s]
[xUnit.net 00:00:49.94]     Erp.Gates.Tests.G2.G2PermissionTests.No_endpoint_that_changes_data_is_guarded_by_a_read_permission [FAIL]
[xUnit.net 00:00:49.94]       PUT /api/tenancy/access/{userId:guid} changes data but declares the read permission tenancy.access.read: declare the permission for the change (for example .update), mark it .ReadOnlyOperation() if it only reads, or review it in tests/Gates/read-permission-writes.txt
[xUnit.net 00:00:49.94]       Stack Trace:
[xUnit.net 00:00:49.94]         /home/shan/critic/p02-tenancy-r7-work/tests/Erp.Gates.Tests/G2/G2PermissionTests.cs(248,0): at Erp.Gates.Tests.G2.G2PermissionTests.No_endpoint_that_changes_data_is_guarded_by_a_read_permission()
[xUnit.net 00:00:49.94]            at System.RuntimeMethodHandle.InvokeMethod(ObjectHandleOnStack target, Void** arguments, ObjectHandleOnStack sig, BOOL isConstructor, ObjectHandleOnStack result)
[xUnit.net 00:00:49.94]            at System.RuntimeMethodHandle.InvokeMethod(ObjectHandleOnStack target, Void** arguments, ObjectHandleOnStack sig, BOOL isConstructor, ObjectHandleOnStack result)
[xUnit.net 00:00:49.94]            at System.Reflection.MethodBaseInvoker.InterpretedInvoke_Method(Object obj, IntPtr* args)
[xUnit.net 00:00:49.94]            at System.Reflection.MethodBaseInvoker.InvokeWithNoArgs(Object obj, BindingFlags invokeAttr)
  Failed Erp.Gates.Tests.G2.G2PermissionTests.No_endpoint_that_changes_data_is_guarded_by_a_read_permission [3 ms]
  Error Message:
   PUT /api/tenancy/access/{userId:guid} changes data but declares the read permission tenancy.access.read: declare the permission for the change (for example .update), mark it .ReadOnlyOperation() if it only reads, or review it in tests/Gates/read-permission-writes.txt
  Stack Trace:
     at Erp.Gates.Tests.G2.G2PermissionTests.No_endpoint_that_changes_data_is_guarded_by_a_read_permission() in /home/shan/critic/p02-tenancy-r7-work/tests/Erp.Gates.Tests/G2/G2PermissionTests.cs:line 248
   at System.RuntimeMethodHandle.InvokeMethod(ObjectHandleOnStack target, Void** arguments, ObjectHandleOnStack sig, BOOL isConstructor, ObjectHandleOnStack result)
   at System.RuntimeMethodHandle.InvokeMethod(ObjectHandleOnStack target, Void** arguments, ObjectHandleOnStack sig, BOOL isConstructor, ObjectHandleOnStack result)
   at System.Reflection.MethodBaseInvoker.InterpretedInvoke_Method(Object obj, IntPtr* args)
   at System.Reflection.MethodBaseInvoker.InvokeWithNoArgs(Object obj, BindingFlags invokeAttr)
  Passed Erp.Gates.Tests.G2.G2PermissionTests.A_user_whose_roles_grant_nothing_is_denied_everything_and_sees_no_menu [777 ms]
  Passed Erp.Gates.Tests.G2.G2PermissionTests.Undeclared_endpoints_fall_back_to_deny [2 ms]
  Passed Erp.Gates.Tests.G2.G2PermissionTests.Creating_a_user_cannot_grant_more_than_the_caller_holds [1 s]
  Passed Erp.Gates.Tests.G2.G2CompanyRoleTests.A_permission_held_in_one_company_is_denied_while_working_in_another [18 s]
  Passed Erp.Gates.Tests.G2.G2ReportDataTests.The_report_catalogue_lists_only_what_the_caller_may_run_and_see [4 s]
  Passed Erp.Gates.Tests.G2.G2PermissionTests.Every_list_endpoint_needs_the_lists_own_permission_and_shared_view_writes_need_sharing [12 s]
  Passed Erp.Gates.Tests.G2.G2PermissionTests.Every_module_route_is_under_a_reviewed_map_or_derives_its_permission_from_its_list [8 ms]
  Passed Erp.Gates.Tests.G2.G2PermissionTests.The_host_refuses_a_permission_declared_as_metadata_that_no_policy_enforces [68 ms]
  Passed Erp.Gates.Tests.G2.G2PermissionTests.The_host_refuses_a_list_whose_endpoint_declares_another_permission [51 ms]
  Passed Erp.Gates.Tests.G2.G2PermissionTests.The_reviewed_permission_map_catches_a_weaker_permission_an_unreviewed_endpoint_and_a_stale_line [21 ms]
  Passed Erp.Gates.Tests.G2.G2PermissionTests.No_endpoint_grants_more_than_the_caller_holds [13 s]
  Passed Erp.Gates.Tests.G2.G2AccountTakeoverTests.Acting_on_a_record_that_grants_access_needs_everything_it_grants [51 s]
  Passed Erp.Gates.Tests.G2.G2ReportDataTests.Every_report_prints_only_data_its_permissions_show_elsewhere [45 s]
[xUnit.net 00:01:49.61]     Erp.Gates.Tests.G1.G1BranchScopeAttackTests.A_user_limited_to_one_branch_cannot_reach_another_branch_of_the_company_through_any_endpoint [FAIL]
[xUnit.net 00:01:49.61]       Answers that tell branch Z's values apart from values that exist nowhere:
[xUnit.net 00:01:49.61]       branch-limited administrator → GET /api/tenancy/branches/0191260e-f483-7ad9-9d11-cd8821ade1c6: 200 {"id":"<v>","companyId":"0191260e-f481-70eb-aef7-ad2db0097207","companyCode":"A1-CO","code":"A1-BR2","nameEn":"Alpha Trading branch two","nameAr":"\u0627\u0644\ but for a value that exists nowhere 404 {"type":"urn:erp:problem:notFound","title":"The record was not found.","status":404,"code":"notFound"}
[xUnit.net 00:01:49.61]       branch-limited read-only user → GET /api/tenancy/branches/0191260e-f483-7ad9-9d11-cd8821ade1c6: 200 {"id":"<v>","companyId":"0191260e-f481-70eb-aef7-ad2db0097207","companyCode":"A1-CO","code":"A1-BR2","nameEn":"Alpha Trading branch two","nameAr":"\u0627\u0644\ but for a value that exists nowhere 404 {"type":"urn:erp:problem:notFound","title":"The record was not found.","status":404,"code":"notFound"}
[xUnit.net 00:01:49.61]       Stack Trace:
[xUnit.net 00:01:49.61]         /home/shan/critic/p02-tenancy-r7-work/tests/Erp.Gates.Tests/G1/G1BranchScopeAttackTests.cs(41,0): at Erp.Gates.Tests.G1.G1BranchScopeAttackTests.A_user_limited_to_one_branch_cannot_reach_another_branch_of_the_company_through_any_endpoint()
[xUnit.net 00:01:49.61]         --- End of stack trace from previous location ---
[xUnit.net 00:01:49.61]       Output:
[xUnit.net 00:01:49.61]         103 endpoints, 13654 requests, 4 branch Z markers, 1004 differential checks, 5 write oracle checks
  Failed Erp.Gates.Tests.G1.G1BranchScopeAttackTests.A_user_limited_to_one_branch_cannot_reach_another_branch_of_the_company_through_any_endpoint [1 m 29 s]
  Error Message:
   Answers that tell branch Z's values apart from values that exist nowhere:
branch-limited administrator → GET /api/tenancy/branches/0191260e-f483-7ad9-9d11-cd8821ade1c6: 200 {"id":"<v>","companyId":"0191260e-f481-70eb-aef7-ad2db0097207","companyCode":"A1-CO","code":"A1-BR2","nameEn":"Alpha Trading branch two","nameAr":"\u0627\u0644\ but for a value that exists nowhere 404 {"type":"urn:erp:problem:notFound","title":"The record was not found.","status":404,"code":"notFound"}
branch-limited read-only user → GET /api/tenancy/branches/0191260e-f483-7ad9-9d11-cd8821ade1c6: 200 {"id":"<v>","companyId":"0191260e-f481-70eb-aef7-ad2db0097207","companyCode":"A1-CO","code":"A1-BR2","nameEn":"Alpha Trading branch two","nameAr":"\u0627\u0644\ but for a value that exists nowhere 404 {"type":"urn:erp:problem:notFound","title":"The record was not found.","status":404,"code":"notFound"}
  Stack Trace:
     at Erp.Gates.Tests.G1.G1BranchScopeAttackTests.A_user_limited_to_one_branch_cannot_reach_another_branch_of_the_company_through_any_endpoint() in /home/shan/critic/p02-tenancy-r7-work/tests/Erp.Gates.Tests/G1/G1BranchScopeAttackTests.cs:line 41
--- End of stack trace from previous location ---
  Standard Output Messages:
 103 endpoints, 13654 requests, 4 branch Z markers, 1004 differential checks, 5 write oracle checks


  Passed Erp.Gates.Tests.G2.G2SubjectTests.An_action_on_the_caller_never_acts_on_another_user_the_request_names [32 s]
  Passed Erp.Gates.Tests.G2.G2AccountTakeoverTests.Acting_on_a_user_needs_every_permission_that_user_holds [1 m 16 s]
  Passed Erp.Gates.Tests.G2.G2AccountTakeoverTests.Acting_on_users_chosen_by_a_search_or_filter_needs_every_permission_they_hold [45 s]
  Passed Erp.Gates.Tests.G2.G2AccountTakeoverTests.Nobody_resets_their_own_password_or_ends_their_own_access_through_administration [689 ms]
[xUnit.net 00:03:47.94]   Finished:    Erp.Gates.Tests (ID = 'f2e72217c38d38bad3dcc846b6d1d55516a9b077cfb6ab0a616320f215244462')
  Passed Erp.Gates.Tests.G1.G1CompanyIsolationTests.A_user_of_company_X_cannot_reach_company_Y_through_any_endpoint [1 m 58 s]

Test Run Failed.
Total tests: 50
     Passed: 45
     Failed: 5
 Total time: 3.8100 Minutes
rc=1 seconds=229
