  Determining projects to restore...
  All projects are up-to-date for restore.
  Erp.Modules.Identity.Contracts -> /home/user/critic/p03-identity-r1-plants/src/Modules/Identity/Erp.Modules.Identity.Contracts/bin/Release/net10.0/Erp.Modules.Identity.Contracts.dll
  Erp.Kernel -> /home/user/critic/p03-identity-r1-plants/src/Kernel/Erp.Kernel/bin/Release/net10.0/Erp.Kernel.dll
  Erp.Modules.Tenancy.Contracts -> /home/user/critic/p03-identity-r1-plants/src/Modules/Tenancy/Erp.Modules.Tenancy.Contracts/bin/Release/net10.0/Erp.Modules.Tenancy.Contracts.dll
  Erp.Modules.Tenancy -> /home/user/critic/p03-identity-r1-plants/src/Modules/Tenancy/Erp.Modules.Tenancy/bin/Release/net10.0/Erp.Modules.Tenancy.dll
  Erp.Modules.Identity -> /home/user/critic/p03-identity-r1-plants/src/Modules/Identity/Erp.Modules.Identity/bin/Release/net10.0/Erp.Modules.Identity.dll
  Erp.Host -> /home/user/critic/p03-identity-r1-plants/src/Host/Erp.Host/bin/Release/net10.0/Erp.Host.dll
  Erp.Testing -> /home/user/critic/p03-identity-r1-plants/tests/Erp.Testing/bin/Release/net10.0/Erp.Testing.dll
  Erp.Gates.Tests -> /home/user/critic/p03-identity-r1-plants/tests/Erp.Gates.Tests/bin/Release/net10.0/Erp.Gates.Tests.dll
Test run for /home/user/critic/p03-identity-r1-plants/tests/Erp.Gates.Tests/bin/Release/net10.0/Erp.Gates.Tests.dll (.NETCoreApp,Version=v10.0)
A total of 1 test files matched the specified pattern.
/home/user/critic/p03-identity-r1-plants/tests/Erp.Gates.Tests/bin/Release/net10.0/Erp.Gates.Tests.dll
[xUnit.net 00:00:00.00] xUnit.net VSTest Adapter v3.1.5+1b188a7b0a (64-bit .NET 10.0.12)
[xUnit.net 00:00:00.26]   Discovering: Erp.Gates.Tests
[xUnit.net 00:00:00.57]   Discovered:  Erp.Gates.Tests
[xUnit.net 00:00:00.75]   Starting:    Erp.Gates.Tests
  Passed Erp.Gates.Tests.CriticProof.CriticPermissionProof.P1_a_user_who_may_only_read_sign_in_history_clears_sign_in_pauses [779 ms]
  Standard Output Messages:
 signIns.read + users.read only: POST unblock -> 204


  Passed Erp.Gates.Tests.CriticProof.CriticPermissionProof.P2_a_role_deleter_deletes_a_role_granting_what_they_do_not_hold [579 ms]
  Standard Output Messages:
 roles.delete + roles.read only: DELETE a role granting users.create/update/resetPassword -> 204


[xUnit.net 00:00:09.59]   Finished:    Erp.Gates.Tests (ID = '6de8a1d4f1db0d5f660cb60931996a42fd9fc689295f354df631025f088e48d8')

Test Run Successful.
Total tests: 2
     Passed: 2
 Total time: 10.1844 Seconds
