  Determining projects to restore...
  Restored /home/user/critic/p03-identity-r1-plants/tests/Erp.Modules.Identity.Tests/Erp.Modules.Identity.Tests.csproj (in 559 ms).
  Restored /home/user/critic/p03-identity-r1-plants/tests/Erp.Modules.Tenancy.Tests/Erp.Modules.Tenancy.Tests.csproj (in 634 ms).
  Restored /home/user/critic/p03-identity-r1-plants/tests/Erp.Kernel.Tests/Erp.Kernel.Tests.csproj (in 560 ms).
  8 of 11 projects are up-to-date for restore.
  Erp.Modules.Identity.Contracts -> /home/user/critic/p03-identity-r1-plants/src/Modules/Identity/Erp.Modules.Identity.Contracts/bin/Release/net10.0/Erp.Modules.Identity.Contracts.dll
  Erp.Kernel -> /home/user/critic/p03-identity-r1-plants/src/Kernel/Erp.Kernel/bin/Release/net10.0/Erp.Kernel.dll
  Erp.Modules.Tenancy.Contracts -> /home/user/critic/p03-identity-r1-plants/src/Modules/Tenancy/Erp.Modules.Tenancy.Contracts/bin/Release/net10.0/Erp.Modules.Tenancy.Contracts.dll
  Erp.Modules.Tenancy -> /home/user/critic/p03-identity-r1-plants/src/Modules/Tenancy/Erp.Modules.Tenancy/bin/Release/net10.0/Erp.Modules.Tenancy.dll
  Erp.Modules.Identity -> /home/user/critic/p03-identity-r1-plants/src/Modules/Identity/Erp.Modules.Identity/bin/Release/net10.0/Erp.Modules.Identity.dll
  Erp.Host -> /home/user/critic/p03-identity-r1-plants/src/Host/Erp.Host/bin/Release/net10.0/Erp.Host.dll
  Erp.Testing -> /home/user/critic/p03-identity-r1-plants/tests/Erp.Testing/bin/Release/net10.0/Erp.Testing.dll
  Erp.Modules.Identity.Tests -> /home/user/critic/p03-identity-r1-plants/tests/Erp.Modules.Identity.Tests/bin/Release/net10.0/Erp.Modules.Identity.Tests.dll
Test run for /home/user/critic/p03-identity-r1-plants/tests/Erp.Modules.Identity.Tests/bin/Release/net10.0/Erp.Modules.Identity.Tests.dll (.NETCoreApp,Version=v10.0)
A total of 1 test files matched the specified pattern.
[xUnit.net 00:00:16.26]     Erp.Modules.Identity.Tests.AuthTests.The_same_email_in_two_workspaces_asks_which_one_only_when_both_passwords_match [FAIL]
  Failed Erp.Modules.Identity.Tests.AuthTests.The_same_email_in_two_workspaces_asks_which_one_only_when_both_passwords_match [1 s]
  Error Message:
   Assert.Equal() Failure: Values differ
Expected: Created
Actual:   Conflict
  Stack Trace:
     at Erp.Modules.Identity.Tests.AuthTests.The_same_email_in_two_workspaces_asks_which_one_only_when_both_passwords_match() in /home/user/critic/p03-identity-r1-plants/tests/Erp.Modules.Identity.Tests/AuthTests.cs:line 182
--- End of stack trace from previous location ---

Failed!  - Failed:     1, Passed:    31, Skipped:     0, Total:    32, Duration: 26 s - Erp.Modules.Identity.Tests.dll (net10.0)
  Erp.Gates.Tests -> /home/user/critic/p03-identity-r1-plants/tests/Erp.Gates.Tests/bin/Release/net10.0/Erp.Gates.Tests.dll
Test run for /home/user/critic/p03-identity-r1-plants/tests/Erp.Gates.Tests/bin/Release/net10.0/Erp.Gates.Tests.dll (.NETCoreApp,Version=v10.0)
  Erp.Kernel.Tests -> /home/user/critic/p03-identity-r1-plants/tests/Erp.Kernel.Tests/bin/Release/net10.0/Erp.Kernel.Tests.dll
Test run for /home/user/critic/p03-identity-r1-plants/tests/Erp.Kernel.Tests/bin/Release/net10.0/Erp.Kernel.Tests.dll (.NETCoreApp,Version=v10.0)
  Erp.Modules.Tenancy.Tests -> /home/user/critic/p03-identity-r1-plants/tests/Erp.Modules.Tenancy.Tests/bin/Release/net10.0/Erp.Modules.Tenancy.Tests.dll
Test run for /home/user/critic/p03-identity-r1-plants/tests/Erp.Modules.Tenancy.Tests/bin/Release/net10.0/Erp.Modules.Tenancy.Tests.dll (.NETCoreApp,Version=v10.0)
A total of 1 test files matched the specified pattern.
A total of 1 test files matched the specified pattern.
A total of 1 test files matched the specified pattern.

Passed!  - Failed:     0, Passed:    61, Skipped:     0, Total:    61, Duration: 17 s - Erp.Kernel.Tests.dll (net10.0)

Passed!  - Failed:     0, Passed:     3, Skipped:     0, Total:     3, Duration: 6 s - Erp.Modules.Tenancy.Tests.dll (net10.0)
[xUnit.net 00:00:55.62]     Erp.Gates.Tests.G1.G1SignInThrottleTests.Failed_sign_ins_from_one_client_never_lock_the_account_out_for_anyone_else [FAIL]
  Failed Erp.Gates.Tests.G1.G1SignInThrottleTests.Failed_sign_ins_from_one_client_never_lock_the_account_out_for_anyone_else [2 s]
  Error Message:
   Assert.Equal() Failure: Values differ
Expected: Created
Actual:   Conflict
  Stack Trace:
     at Erp.Gates.Tests.G1.G1SignInThrottleTests.CreateUserAsync(HttpClient admin, String email, String password) in /home/user/critic/p03-identity-r1-plants/tests/Erp.Gates.Tests/G1/G1SignInThrottleTests.cs:line 113
   at Erp.Gates.Tests.G1.G1SignInThrottleTests.Failed_sign_ins_from_one_client_never_lock_the_account_out_for_anyone_else() in /home/user/critic/p03-identity-r1-plants/tests/Erp.Gates.Tests/G1/G1SignInThrottleTests.cs:line 42
--- End of stack trace from previous location ---

Failed!  - Failed:     1, Passed:    61, Skipped:     0, Total:    62, Duration: 6 m 7 s - Erp.Gates.Tests.dll (net10.0)

real	7m11.080s
user	0m17.602s
sys	0m2.101s
