  Determining projects to restore...
  All projects are up-to-date for restore.
  Erp.Modules.Tenancy.Contracts -> /home/user/critic/p03-identity-r1-plants/src/Modules/Tenancy/Erp.Modules.Tenancy.Contracts/bin/Release/net10.0/Erp.Modules.Tenancy.Contracts.dll
  Erp.Kernel -> /home/user/critic/p03-identity-r1-plants/src/Kernel/Erp.Kernel/bin/Release/net10.0/Erp.Kernel.dll
  Erp.Modules.Identity.Contracts -> /home/user/critic/p03-identity-r1-plants/src/Modules/Identity/Erp.Modules.Identity.Contracts/bin/Release/net10.0/Erp.Modules.Identity.Contracts.dll
  Erp.Modules.Identity -> /home/user/critic/p03-identity-r1-plants/src/Modules/Identity/Erp.Modules.Identity/bin/Release/net10.0/Erp.Modules.Identity.dll
  Erp.Modules.Tenancy -> /home/user/critic/p03-identity-r1-plants/src/Modules/Tenancy/Erp.Modules.Tenancy/bin/Release/net10.0/Erp.Modules.Tenancy.dll
  Erp.Host -> /home/user/critic/p03-identity-r1-plants/src/Host/Erp.Host/bin/Release/net10.0/Erp.Host.dll
  Erp.Testing -> /home/user/critic/p03-identity-r1-plants/tests/Erp.Testing/bin/Release/net10.0/Erp.Testing.dll
  Erp.Modules.Identity.Tests -> /home/user/critic/p03-identity-r1-plants/tests/Erp.Modules.Identity.Tests/bin/Release/net10.0/Erp.Modules.Identity.Tests.dll
Test run for /home/user/critic/p03-identity-r1-plants/tests/Erp.Modules.Identity.Tests/bin/Release/net10.0/Erp.Modules.Identity.Tests.dll (.NETCoreApp,Version=v10.0)
A total of 1 test files matched the specified pattern.

Passed!  - Failed:     0, Passed:    32, Skipped:     0, Total:    32, Duration: 25 s - Erp.Modules.Identity.Tests.dll (net10.0)
  Determining projects to restore...
  All projects are up-to-date for restore.
  Erp.Modules.Identity.Contracts -> /home/user/critic/p03-identity-r1-plants/src/Modules/Identity/Erp.Modules.Identity.Contracts/bin/Release/net10.0/Erp.Modules.Identity.Contracts.dll
  Erp.Modules.Tenancy.Contracts -> /home/user/critic/p03-identity-r1-plants/src/Modules/Tenancy/Erp.Modules.Tenancy.Contracts/bin/Release/net10.0/Erp.Modules.Tenancy.Contracts.dll
  Erp.Kernel -> /home/user/critic/p03-identity-r1-plants/src/Kernel/Erp.Kernel/bin/Release/net10.0/Erp.Kernel.dll
  Erp.Modules.Identity -> /home/user/critic/p03-identity-r1-plants/src/Modules/Identity/Erp.Modules.Identity/bin/Release/net10.0/Erp.Modules.Identity.dll
  Erp.Modules.Tenancy -> /home/user/critic/p03-identity-r1-plants/src/Modules/Tenancy/Erp.Modules.Tenancy/bin/Release/net10.0/Erp.Modules.Tenancy.dll
  Erp.Host -> /home/user/critic/p03-identity-r1-plants/src/Host/Erp.Host/bin/Release/net10.0/Erp.Host.dll
  Erp.Testing -> /home/user/critic/p03-identity-r1-plants/tests/Erp.Testing/bin/Release/net10.0/Erp.Testing.dll
  Erp.Kernel.Tests -> /home/user/critic/p03-identity-r1-plants/tests/Erp.Kernel.Tests/bin/Release/net10.0/Erp.Kernel.Tests.dll
Test run for /home/user/critic/p03-identity-r1-plants/tests/Erp.Kernel.Tests/bin/Release/net10.0/Erp.Kernel.Tests.dll (.NETCoreApp,Version=v10.0)
A total of 1 test files matched the specified pattern.

Passed!  - Failed:     0, Passed:    61, Skipped:     0, Total:    61, Duration: 10 s - Erp.Kernel.Tests.dll (net10.0)
  Determining projects to restore...
  All projects are up-to-date for restore.
  Erp.Kernel -> /home/user/critic/p03-identity-r1-plants/src/Kernel/Erp.Kernel/bin/Release/net10.0/Erp.Kernel.dll
  Erp.Modules.Tenancy.Contracts -> /home/user/critic/p03-identity-r1-plants/src/Modules/Tenancy/Erp.Modules.Tenancy.Contracts/bin/Release/net10.0/Erp.Modules.Tenancy.Contracts.dll
  Erp.Modules.Identity.Contracts -> /home/user/critic/p03-identity-r1-plants/src/Modules/Identity/Erp.Modules.Identity.Contracts/bin/Release/net10.0/Erp.Modules.Identity.Contracts.dll
  Erp.Modules.Tenancy -> /home/user/critic/p03-identity-r1-plants/src/Modules/Tenancy/Erp.Modules.Tenancy/bin/Release/net10.0/Erp.Modules.Tenancy.dll
  Erp.Modules.Identity -> /home/user/critic/p03-identity-r1-plants/src/Modules/Identity/Erp.Modules.Identity/bin/Release/net10.0/Erp.Modules.Identity.dll
  Erp.Host -> /home/user/critic/p03-identity-r1-plants/src/Host/Erp.Host/bin/Release/net10.0/Erp.Host.dll
  Erp.Testing -> /home/user/critic/p03-identity-r1-plants/tests/Erp.Testing/bin/Release/net10.0/Erp.Testing.dll
  Erp.Modules.Tenancy.Tests -> /home/user/critic/p03-identity-r1-plants/tests/Erp.Modules.Tenancy.Tests/bin/Release/net10.0/Erp.Modules.Tenancy.Tests.dll
Test run for /home/user/critic/p03-identity-r1-plants/tests/Erp.Modules.Tenancy.Tests/bin/Release/net10.0/Erp.Modules.Tenancy.Tests.dll (.NETCoreApp,Version=v10.0)
A total of 1 test files matched the specified pattern.

Passed!  - Failed:     0, Passed:     3, Skipped:     0, Total:     3, Duration: 2 s - Erp.Modules.Tenancy.Tests.dll (net10.0)
