  Determining projects to restore...
  Restored /home/user/critic/p03-identity-r1-plants/src/Modules/Tenancy/Erp.Modules.Tenancy.Contracts/Erp.Modules.Tenancy.Contracts.csproj (in 129 ms).
  Restored /home/user/critic/p03-identity-r1-plants/src/Modules/Identity/Erp.Modules.Identity.Contracts/Erp.Modules.Identity.Contracts.csproj (in 126 ms).
  Restored /home/user/critic/p03-identity-r1-plants/tests/Erp.Testing/Erp.Testing.csproj (in 332 ms).
  Restored /home/user/critic/p03-identity-r1-plants/src/Modules/Tenancy/Erp.Modules.Tenancy/Erp.Modules.Tenancy.csproj (in 181 ms).
  Restored /home/user/critic/p03-identity-r1-plants/src/Modules/Identity/Erp.Modules.Identity/Erp.Modules.Identity.csproj (in 173 ms).
  Restored /home/user/critic/p03-identity-r1-plants/tests/Erp.Gates.Tests/Erp.Gates.Tests.csproj (in 345 ms).
  Restored /home/user/critic/p03-identity-r1-plants/src/Kernel/Erp.Kernel/Erp.Kernel.csproj (in 9 ms).
  Restored /home/user/critic/p03-identity-r1-plants/src/Host/Erp.Host/Erp.Host.csproj (in 5 ms).
  Erp.Modules.Tenancy.Contracts -> /home/user/critic/p03-identity-r1-plants/src/Modules/Tenancy/Erp.Modules.Tenancy.Contracts/bin/Release/net10.0/Erp.Modules.Tenancy.Contracts.dll
  Erp.Modules.Identity.Contracts -> /home/user/critic/p03-identity-r1-plants/src/Modules/Identity/Erp.Modules.Identity.Contracts/bin/Release/net10.0/Erp.Modules.Identity.Contracts.dll
  Erp.Kernel -> /home/user/critic/p03-identity-r1-plants/src/Kernel/Erp.Kernel/bin/Release/net10.0/Erp.Kernel.dll
  Erp.Modules.Tenancy -> /home/user/critic/p03-identity-r1-plants/src/Modules/Tenancy/Erp.Modules.Tenancy/bin/Release/net10.0/Erp.Modules.Tenancy.dll
  Erp.Modules.Identity -> /home/user/critic/p03-identity-r1-plants/src/Modules/Identity/Erp.Modules.Identity/bin/Release/net10.0/Erp.Modules.Identity.dll
  Erp.Host -> /home/user/critic/p03-identity-r1-plants/src/Host/Erp.Host/bin/Release/net10.0/Erp.Host.dll
  Erp.Testing -> /home/user/critic/p03-identity-r1-plants/tests/Erp.Testing/bin/Release/net10.0/Erp.Testing.dll
  Erp.Gates.Tests -> /home/user/critic/p03-identity-r1-plants/tests/Erp.Gates.Tests/bin/Release/net10.0/Erp.Gates.Tests.dll
Test run for /home/user/critic/p03-identity-r1-plants/tests/Erp.Gates.Tests/bin/Release/net10.0/Erp.Gates.Tests.dll (.NETCoreApp,Version=v10.0)
A total of 1 test files matched the specified pattern.

Passed!  - Failed:     0, Passed:    14, Skipped:     0, Total:    14, Duration: 2 m 4 s - Erp.Gates.Tests.dll (net10.0)

real	2m32.277s
user	0m5.423s
sys	0m0.547s
