Test run for /home/shan/critic/p05-list-search-r4-plants2/tests/Erp.Gates.Tests/bin/Release/net10.0/Erp.Gates.Tests.dll (.NETCoreApp,Version=v10.0)
VSTest version 18.0.2 (x64)

Starting test execution, please wait...
A total of 1 test files matched the specified pattern.
[xUnit.net 00:00:53.89]     Erp.Gates.Tests.G2.G2PermissionTests.Every_list_endpoint_needs_the_lists_own_permission_and_shared_view_writes_need_sharing [FAIL]
  Failed Erp.Gates.Tests.G2.G2PermissionTests.Every_list_endpoint_needs_the_lists_own_permission_and_shared_view_writes_need_sharing [23 s]
  Error Message:
   DELETE /api/lists/tenancy.companies/views/{id:guid} answered 204 to another reader of tenancy.companies for the administrator's personal view
tenancy.companies: the workspace's views changed while refused callers tried them:
before 01a11419-972f-7670-9f7a-8e06a7d86168:Team tenancy.companies:903:False | 01a11419-5368-79f7-a049-db69eeb92272:Team view:760:False | 01a11419-9787-73bc-a27a-0753b1ee112b:Mine tenancy.companies:904:False
after  01a11419-972f-7670-9f7a-8e06a7d86168:Team tenancy.companies:903:False | 01a11419-5368-79f7-a049-db69eeb92272:Team view:760:False
GET /api/lists/tenancy.companies/views/{id:guid} answered 404 to the administrator, so the refusals above may not have been the permission check
PUT /api/lists/tenancy.companies/views/{id:guid}: the administrator's view answered 404 before the administrator's own change (did a refused caller remove it?)
DELETE /api/lists/tenancy.companies/views/{id:guid} answered 404 to the administrator, so the refusals above may not have been the permission check
DELETE /api/lists/tenancy.branches/views/{id:guid} answered 204 to another reader of tenancy.branches for the administrator's personal view
tenancy.branches: the workspace's views changed while refused callers tried them:
before 01a11419-b9ef-7711-b832-4018537afc17:Team tenancy.branches:946:False | 01a11419-5382-7602-bb4b-ab23fdb5c019:Team view:760:False | 01a11419-bc11-700b-9b1c-b5aba3e6e25c:Mine tenancy.branches:948:False
after  01a11419-b9ef-7711-b832-4018537afc17:Team tenancy.branches:946:False | 01a11419-5382-7602-bb4b-ab23fdb5c019:Team view:760:False
GET /api/lists/tenancy.branches/views/{id:guid} answered 404 to the administrator, so the refusals above may not have been the permission check
PUT /api/lists/tenancy.branches/views/{id:guid}: the administrator's view answered 404 before the administrator's own change (did a refused caller remove it?)
DELETE /api/lists/tenancy.branches/views/{id:guid} answered 404 to the administrator, so the refusals above may not have been the permission check
DELETE /api/lists/tenancy.access/views/{id:guid} answered 204 to another reader of tenancy.access for the administrator's personal view
tenancy.access: the workspace's views changed while refused callers tried them:
before 01a11419-d02f-7f79-ab29-12471d5b8c22:Team tenancy.access:980:False | 01a11419-5386-78c1-b1b2-b9c4bc8ecaf8:Team view:760:False | 01a11419-d09b-74e9-a162-f3d9ce819a25:Mine tenancy.access:982:False
after  01a11419-d02f-7f79-ab29-12471d5b8c22:Team tenancy.access:980:False | 01a11419-5386-78c1-b1b2-b9c4bc8ecaf8:Team view:760:False
GET /api/lists/tenancy.access/views/{id:guid} answered 404 to the administrator, so the refusals above may not have been the permission check
PUT /api/lists/tenancy.access/views/{id:guid}: the administrator's view answered 404 before the administrator's own change (did a refused caller remove it?)
DELETE /api/lists/tenancy.access/views/{id:guid} answered 404 to the administrator, so the refusals above may not have been the permission check
DELETE /api/lists/identity.users/views/{id:guid} answered 204 to another reader of identity.users for the administrator's personal view
identity.users: the workspace's views changed while refused callers tried them:
before 01a11419-dc6c-7a48-8025-cd808c3e233a:Team identity.users:1013:False | 01a11419-5388-75f8-995a-422681d8a69c:Team view:760:False | 01a11419-dd33-76b2-9192-53bf0e699764:Mine identity.users:1014:False
after  01a11419-dc6c-7a48-8025-cd808c3e233a:Team identity.users:1013:False | 01a11419-5388-75f8-995a-422681d8a69c:Team view:760:False
GET /api/lists/identity.users/views/{id:guid} answered 404 to the administrator, so the refusals above may not have been the permission check
PUT /api/lists/identity.users/views/{id:guid}: the administrator's view answered 404 before the administrator's own change (did a refused caller remove it?)
DELETE /api/lists/identity.users/views/{id:guid} answered 404 to the administrator, so the refusals above may not have been the permission check
DELETE /api/lists/identity.roles/views/{id:guid} answered 204 to another reader of identity.roles for the administrator's personal view
identity.roles: the workspace's views changed while refused callers tried them:
before 01a11419-e4c3-712c-b047-eee641883f4e:Team identity.roles:1042:False | 01a11419-538a-7339-b8a0-c60b5a71dfb0:Team view:760:False | 01a11419-e563-7d49-9350-bc6622c5c980:Mine identity.roles:1043:False
after  01a11419-e4c3-712c-b047-eee641883f4e:Team identity.roles:1042:False | 01a11419-538a-7339-b8a0-c60b5a71dfb0:Team view:760:False
GET /api/lists/identity.roles/views/{id:guid} answered 404 to the administrator, so the refusals above may not have been the permission check
PUT /api/lists/identity.roles/views/{id:guid}: the administrator's view answered 404 before the administrator's own change (did a refused caller remove it?)
DELETE /api/lists/identity.roles/views/{id:guid} answered 404 to the administrator, so the refusals above may not have been the permission check
  Stack Trace:
     at Erp.Gates.Tests.G2.G2PermissionTests.Every_list_endpoint_needs_the_lists_own_permission_and_shared_view_writes_need_sharing() in /home/shan/critic/p05-list-search-r4-plants2/tests/Erp.Gates.Tests/G2/G2PermissionTests.cs:line 700
--- End of stack trace from previous location ---
  Standard Output Messages:
 5 lists, 80 refusals checked on list endpoints



Failed!  - Failed:     1, Passed:    26, Skipped:     0, Total:    27, Duration: 1 m 35 s - Erp.Gates.Tests.dll (net10.0)
