
[1m[46m RUN [49m[22m [36mv4.0.18 [39m[90m/home/user/critic/p03-identity-r2-plants/web[39m

[90mstderr[2m | src/modules/identity/screens.test.tsx[2m > [22m[2mscreens hide exactly what a missing permission refuses[2m > [22m[2mroles: without identity.roles.delete there is no "Delete role", and the other role actions remain
[22m[39mEncountered two children with the same key, `r-clerk`. Keys should be unique so that components maintain their identity across updates. Non-unique keys may cause children to be duplicated and/or omitted — the behavior is unsupported and could change in a future version.

[90mstderr[2m | src/modules/identity/screens.test.tsx[2m > [22m[2mscreens hide exactly what a missing permission refuses[2m > [22m[2mroles: without identity.roles.delete there is no "Delete role", and the other role actions remain
[22m[39mEncountered two children with the same key, `r-clerk`. Keys should be unique so that components maintain their identity across updates. Non-unique keys may cause children to be duplicated and/or omitted — the behavior is unsupported and could change in a future version.

[90mstderr[2m | src/modules/identity/screens.test.tsx[2m > [22m[2mscreens hide exactly what a missing permission refuses[2m > [22m[2mroles: without identity.roles.delete there is no "Delete role", and the other role actions remain
[22m[39mEncountered two children with the same key, `r-clerk`. Keys should be unique so that components maintain their identity across updates. Non-unique keys may cause children to be duplicated and/or omitted — the behavior is unsupported and could change in a future version.

[90mstderr[2m | src/modules/identity/screens.test.tsx[2m > [22m[2mscreens hide exactly what a missing permission refuses[2m > [22m[2mroles: without identity.roles.delete there is no "Delete role", and the other role actions remain
[22m[39mEncountered two children with the same key, `r-clerk`. Keys should be unique so that components maintain their identity across updates. Non-unique keys may cause children to be duplicated and/or omitted — the behavior is unsupported and could change in a future version.

[90mstderr[2m | src/modules/identity/screens.test.tsx[2m > [22m[2mscreens hide exactly what a missing permission refuses[2m > [22m[2mroles: without identity.roles.update there is no "Save", and the other role actions remain
[22m[39mEncountered two children with the same key, `r-clerk`. Keys should be unique so that components maintain their identity across updates. Non-unique keys may cause children to be duplicated and/or omitted — the behavior is unsupported and could change in a future version.

[90mstderr[2m | src/modules/identity/screens.test.tsx[2m > [22m[2mscreens hide exactly what a missing permission refuses[2m > [22m[2mroles: without identity.roles.update there is no "Save", and the other role actions remain
[22m[39mEncountered two children with the same key, `r-clerk`. Keys should be unique so that components maintain their identity across updates. Non-unique keys may cause children to be duplicated and/or omitted — the behavior is unsupported and could change in a future version.

[90mstderr[2m | src/modules/identity/screens.test.tsx[2m > [22m[2mscreens hide exactly what a missing permission refuses[2m > [22m[2mroles: without identity.roles.update there is no "Save", and the other role actions remain
[22m[39mEncountered two children with the same key, `r-clerk`. Keys should be unique so that components maintain their identity across updates. Non-unique keys may cause children to be duplicated and/or omitted — the behavior is unsupported and could change in a future version.

[90mstderr[2m | src/modules/identity/screens.test.tsx[2m > [22m[2mscreens hide exactly what a missing permission refuses[2m > [22m[2mroles: without identity.roles.update there is no "Save", and the other role actions remain
[22m[39mEncountered two children with the same key, `r-clerk`. Keys should be unique so that components maintain their identity across updates. Non-unique keys may cause children to be duplicated and/or omitted — the behavior is unsupported and could change in a future version.

 [32m✓[39m src/kernel/lists/ListView.test.tsx [2m([22m[2m6 tests[22m[2m)[22m[33m 1573[2mms[22m[39m
     [33m[2m✓[22m[39m searches as the user types and opens the only match with Enter [33m 516[2mms[22m[39m
     [33m[2m✓[22m[39m sorts from the header and filters from the column menu [33m 373[2mms[22m[39m
[90mstderr[2m | src/modules/identity/screens.test.tsx[2m > [22m[2mscreens hide exactly what a missing permission refuses[2m > [22m[2mroles: without identity.roles.create there is no "Copy role", and the other role actions remain
[22m[39mEncountered two children with the same key, `r-clerk`. Keys should be unique so that components maintain their identity across updates. Non-unique keys may cause children to be duplicated and/or omitted — the behavior is unsupported and could change in a future version.

[90mstderr[2m | src/modules/identity/screens.test.tsx[2m > [22m[2mscreens hide exactly what a missing permission refuses[2m > [22m[2mroles: without identity.roles.create there is no "Copy role", and the other role actions remain
[22m[39mEncountered two children with the same key, `r-clerk`. Keys should be unique so that components maintain their identity across updates. Non-unique keys may cause children to be duplicated and/or omitted — the behavior is unsupported and could change in a future version.

[90mstderr[2m | src/modules/identity/screens.test.tsx[2m > [22m[2mscreens hide exactly what a missing permission refuses[2m > [22m[2mroles: without identity.roles.create there is no "Copy role", and the other role actions remain
[22m[39mEncountered two children with the same key, `r-clerk`. Keys should be unique so that components maintain their identity across updates. Non-unique keys may cause children to be duplicated and/or omitted — the behavior is unsupported and could change in a future version.

[90mstderr[2m | src/modules/identity/screens.test.tsx[2m > [22m[2mscreens hide exactly what a missing permission refuses[2m > [22m[2mroles: without identity.roles.create there is no "Copy role", and the other role actions remain
[22m[39mEncountered two children with the same key, `r-clerk`. Keys should be unique so that components maintain their identity across updates. Non-unique keys may cause children to be duplicated and/or omitted — the behavior is unsupported and could change in a future version.

 [32m✓[39m src/modules/identity/screens.test.tsx [2m([22m[2m15 tests[22m[2m)[22m[33m 1784[2mms[22m[39m
     [33m[2m✓[22m[39m creates an invited user from the keyboard: n, local part only, a role by filter, Ctrl+Enter, and shows the set-up code once [33m 484[2mms[22m[39m
 [32m✓[39m src/modules/identity/model.test.ts [2m([22m[2m12 tests[22m[2m)[22m[32m 13[2mms[22m[39m
 [32m✓[39m src/kernel/lists/model.test.ts [2m([22m[2m9 tests[22m[2m)[22m[32m 12[2mms[22m[39m
 [32m✓[39m src/modules/shell/AppShell.test.tsx [2m([22m[2m16 tests[22m[2m)[22m[33m 3238[2mms[22m[39m
     [33m[2m✓[22m[39m finds an English screen by its Arabic name and records through module sources [33m 489[2mms[22m[39m
     [33m[2m✓[22m[39m ends a source's records with 'show all matches', which opens the list narrowed to the query [33m 415[2mms[22m[39m
     [33m[2m✓[22m[39m offers no 'show all matches' when every match is already shown [33m 340[2mms[22m[39m
     [33m[2m✓[22m[39m offers a user with no roles no screens and never asks a record source they may not use [33m 343[2mms[22m[39m
     [33m[2m✓[22m[39m shows Arabic-Indic digits on Arabic screens when the user chooses them [33m 367[2mms[22m[39m
 [32m✓[39m src/modules/shell/SignInPage.test.tsx [2m([22m[2m6 tests[22m[2m)[22m[32m 189[2mms[22m[39m
 [32m✓[39m src/kernel/shortcuts.test.tsx [2m([22m[2m8 tests[22m[2m)[22m[32m 67[2mms[22m[39m
 [32m✓[39m src/kernel/format.test.ts [2m([22m[2m8 tests[22m[2m)[22m[32m 61[2mms[22m[39m
 [32m✓[39m src/kernel/print.test.tsx [2m([22m[2m3 tests[22m[2m)[22m[33m 379[2mms[22m[39m
     [33m[2m✓[22m[39m prints an Arabic document right to left even from an English screen, with its own digits [33m 368[2mms[22m[39m
 [32m✓[39m src/kernel/extensions.test.ts [2m([22m[2m4 tests[22m[2m)[22m[32m 40[2mms[22m[39m
 [32m✓[39m src/kernel/preferences.test.ts [2m([22m[2m6 tests[22m[2m)[22m[32m 6[2mms[22m[39m
 [32m✓[39m src/kernel/i18n.test.ts [2m([22m[2m5 tests[22m[2m)[22m[32m 68[2mms[22m[39m
 [32m✓[39m src/modules/shell/paletteSearch.test.ts [2m([22m[2m4 tests[22m[2m)[22m[32m 9[2mms[22m[39m
 [32m✓[39m src/kernel/messageFormat.test.ts [2m([22m[2m5 tests[22m[2m)[22m[32m 34[2mms[22m[39m
 [32m✓[39m src/kernel/api.test.ts [2m([22m[2m2 tests[22m[2m)[22m[32m 7[2mms[22m[39m
 [32m✓[39m src/kernel/session.test.ts [2m([22m[2m2 tests[22m[2m)[22m[32m 2[2mms[22m[39m
 [32m✓[39m src/kernel/router.test.ts [2m([22m[2m1 test[22m[2m)[22m[32m 3[2mms[22m[39m

[2m Test Files [22m [1m[32m17 passed[39m[22m[90m (17)[39m
[2m      Tests [22m [1m[32m112 passed[39m[22m[90m (112)[39m
[2m   Start at [22m 18:46:21
[2m   Duration [22m 10.20s[2m (transform 2.23s, setup 0ms, import 4.97s, tests 7.48s, environment 10.92s)[22m

rc=0
