  Determining projects to restore...
  All projects are up-to-date for restore.
  Erp.Kernel -> /home/user/critic/p03-identity-r2-plants/src/Kernel/Erp.Kernel/bin/Release/net10.0/Erp.Kernel.dll
  Erp.Modules.Tenancy.Contracts -> /home/user/critic/p03-identity-r2-plants/src/Modules/Tenancy/Erp.Modules.Tenancy.Contracts/bin/Release/net10.0/Erp.Modules.Tenancy.Contracts.dll
  Erp.Modules.Lists.Contracts -> /home/user/critic/p03-identity-r2-plants/src/Modules/Lists/Erp.Modules.Lists.Contracts/bin/Release/net10.0/Erp.Modules.Lists.Contracts.dll
  Erp.Modules.Identity.Contracts -> /home/user/critic/p03-identity-r2-plants/src/Modules/Identity/Erp.Modules.Identity.Contracts/bin/Release/net10.0/Erp.Modules.Identity.Contracts.dll
  Erp.Modules.Tenancy -> /home/user/critic/p03-identity-r2-plants/src/Modules/Tenancy/Erp.Modules.Tenancy/bin/Release/net10.0/Erp.Modules.Tenancy.dll
  Erp.Modules.Lists -> /home/user/critic/p03-identity-r2-plants/src/Modules/Lists/Erp.Modules.Lists/bin/Release/net10.0/Erp.Modules.Lists.dll
  Erp.Modules.Identity -> /home/user/critic/p03-identity-r2-plants/src/Modules/Identity/Erp.Modules.Identity/bin/Release/net10.0/Erp.Modules.Identity.dll
  Erp.Host -> /home/user/critic/p03-identity-r2-plants/src/Host/Erp.Host/bin/Release/net10.0/Erp.Host.dll
  Erp.Testing -> /home/user/critic/p03-identity-r2-plants/tests/Erp.Testing/bin/Release/net10.0/Erp.Testing.dll
  Erp.Gates.Tests -> /home/user/critic/p03-identity-r2-plants/tests/Erp.Gates.Tests/bin/Release/net10.0/Erp.Gates.Tests.dll
Test run for /home/user/critic/p03-identity-r2-plants/tests/Erp.Gates.Tests/bin/Release/net10.0/Erp.Gates.Tests.dll (.NETCoreApp,Version=v10.0)
A total of 1 test files matched the specified pattern.
[xUnit.net 00:00:00.00] xUnit.net VSTest Adapter v3.1.5+1b188a7b0a (64-bit .NET 10.0.12)
[xUnit.net 00:00:00.73]   Discovering: Erp.Gates.Tests
[xUnit.net 00:00:02.85]   Discovered:  Erp.Gates.Tests
[xUnit.net 00:00:04.24]   Starting:    Erp.Gates.Tests
  Passed Erp.Gates.Tests.Rules.RegistrationGateTests.Navigation_reaches_every_screen_and_every_menu_entry_opens_a_screen_with_its_permission [55 ms]
  Passed Erp.Gates.Tests.Rules.ShellGateTests.Stylesheets_and_inline_styles_use_logical_directions_only [242 ms]
  Passed Erp.Gates.Tests.Rules.ShellGateTests.Language_and_digit_fields_document_their_allowed_values [639 ms]
  Passed Erp.Gates.Tests.Rules.RegistrationGateTests.Every_registered_list_is_served_as_a_page_whose_rows_carry_its_columns [819 ms]
  Passed Erp.Gates.Tests.Rules.ShellGateTests.Screens_format_numbers_amounts_and_dates_through_the_kernel_formatter [19 ms]
  Passed Erp.Gates.Tests.Rules.ShellGateTests.Every_navigation_group_has_an_English_and_Arabic_heading [8 ms]
  Passed Erp.Gates.Tests.Rules.OpenApiGateTests.OpenApi_document_covers_every_endpoint_with_its_permission [116 ms]
  Passed Erp.Gates.Tests.Rules.OpenApiGateTests.Decimals_are_documented_as_strings [72 ms]
  Passed Erp.Gates.Tests.Rules.LicenceGateTests.Every_NuGet_package_has_an_allowed_licence [28 ms]
  Passed Erp.Gates.Tests.Rules.LicenceGateTests.Every_npm_package_has_an_allowed_licence [10 ms]
  Passed Erp.Gates.Tests.Rules.ListContractGateTests.Every_sortable_column_orders_its_list_both_ways_and_keyset_paging_matches_one_page [3 s]
  Passed Erp.Gates.Tests.Rules.ListContractGateTests.Every_search_field_is_searched_word_by_word_and_grouping_counts_every_row_once [979 ms]
  Passed Erp.Gates.Tests.Rules.ListContractGateTests.Every_registered_list_documents_the_list_query_contract_and_its_definition [523 ms]
  Passed Erp.Gates.Tests.G2.G2PermissionTests.The_host_refuses_to_start_with_an_endpoint_whose_permission_is_not_in_the_catalogue [45 ms]
  Passed Erp.Gates.Tests.Rules.AuditGateTests.Passwords_are_redacted_in_the_audit_trail [930 ms]
  Passed Erp.Gates.Tests.Rules.AuditGateTests.Every_tenant_table_carries_the_audit_trigger_unless_reviewed_exempt [55 ms]
  Passed Erp.Gates.Tests.Rules.ListContractGateTests.Every_filterable_column_filters_its_list_and_other_columns_are_refused [3 s]
  Passed Erp.Gates.Tests.Rules.StringGateTests.Every_permission_module_and_menu_entry_has_labels [22 ms]
  Passed Erp.Gates.Tests.Rules.StringGateTests.Count_messages_use_plural_forms [16 ms]
  Passed Erp.Gates.Tests.Rules.StringGateTests.Server_string_files_have_matching_English_and_Arabic_keys [11 ms]
  Passed Erp.Gates.Tests.Rules.StringGateTests.Every_problem_and_validation_code_in_server_code_has_text [218 ms]
  Passed Erp.Gates.Tests.Rules.StringGateTests.Web_string_files_have_matching_English_and_Arabic_keys [3 ms]
  Passed Erp.Gates.Tests.Rules.MoneyGateTests.No_parseFloat_in_front_end_code [11 ms]
  Passed Erp.Gates.Tests.Rules.MoneyGateTests.No_floating_point_or_money_columns_in_the_database [20 ms]
  Passed Erp.Gates.Tests.Rules.MoneyGateTests.No_float_or_double_in_server_code [138 ms]
  Passed Erp.Gates.Tests.Rules.AuditGateTests.Writes_through_the_API_leave_field_level_audit_rows_attributed_to_the_user [991 ms]
  Passed Erp.Gates.Tests.Rules.ListIndexGateTests.Search_fields_and_sortable_columns_of_database_lists_are_indexed [180 ms]
  Passed Erp.Gates.Tests.Rules.AuditGateTests.Writes_that_bypass_the_ORM_are_audited_too [191 ms]
  Passed Erp.Gates.Tests.Rules.AuditGateTests.Changing_ones_own_interface_preferences_is_audited_field_by_field [489 ms]
[xUnit.net 00:00:30.51]     Erp.Gates.Tests.G2.G2PermissionTests.No_endpoint_grants_more_than_the_caller_holds [FAIL]
[xUnit.net 00:00:30.51]       PUT /api/identity/roles/{id:guid}: granting the Administrator role / every permission as a user holding only [identity.roles.update, identity.roles.read, identity.users.read] answered 200 (expected 403): {"id":"01a10311-00a1-7679-9970-d2442c9a4c0f","nameEn":"G2 2ccdcb1t 1","nameAr":"G2 2ccdcb1t 2","permissions":["identity.profile.update","identity.roles.create","identity.roles.delete","identity.roles.read","identity.roles.update","identity.signIns.read","identity.users.create","identity.users.delete…
[xUnit.net 00:00:30.51]       PUT /api/identity/roles/{id:guid}: target grants changed from  | identity.users.read to  | identity.profile.update,identity.roles.create,identity.roles.delete,identity.roles.read,identity.roles.update,identity.signIns.read,identity.users.create,identity.users.delete,identity.users.read,identity.users.resetPassword,identity.users.update,lists.views.share,tenancy.tenant.read,tenancy.tenant.update
[xUnit.net 00:00:30.51]       PUT /api/identity/roles/{id:guid}: the same request granting only what the caller holds answered 403, so the gate cannot tell a grant check from a malformed request: {"type":"urn:erp:problem:identity.roleBeyondOwn","title":"This role grants permissions you do not hold, so only someone who holds all of them can change, copy or delete it.","status":403,"code":"identity.roleBeyondOwn","traceId":"00-b230244cd66481c93e94267900b5cf2a-b8db8357bf6218e8-00"}
[xUnit.net 00:00:30.51]       Stack Trace:
[xUnit.net 00:00:30.51]         /home/user/critic/p03-identity-r2-plants/tests/Erp.Gates.Tests/G2/G2PermissionTests.cs(317,0): at Erp.Gates.Tests.G2.G2PermissionTests.No_endpoint_grants_more_than_the_caller_holds()
[xUnit.net 00:00:30.51]         --- End of stack trace from previous location ---
  Failed Erp.Gates.Tests.G2.G2PermissionTests.No_endpoint_grants_more_than_the_caller_holds [4 s]
  Error Message:
   PUT /api/identity/roles/{id:guid}: granting the Administrator role / every permission as a user holding only [identity.roles.update, identity.roles.read, identity.users.read] answered 200 (expected 403): {"id":"01a10311-00a1-7679-9970-d2442c9a4c0f","nameEn":"G2 2ccdcb1t 1","nameAr":"G2 2ccdcb1t 2","permissions":["identity.profile.update","identity.roles.create","identity.roles.delete","identity.roles.read","identity.roles.update","identity.signIns.read","identity.users.create","identity.users.delete…
PUT /api/identity/roles/{id:guid}: target grants changed from  | identity.users.read to  | identity.profile.update,identity.roles.create,identity.roles.delete,identity.roles.read,identity.roles.update,identity.signIns.read,identity.users.create,identity.users.delete,identity.users.read,identity.users.resetPassword,identity.users.update,lists.views.share,tenancy.tenant.read,tenancy.tenant.update
PUT /api/identity/roles/{id:guid}: the same request granting only what the caller holds answered 403, so the gate cannot tell a grant check from a malformed request: {"type":"urn:erp:problem:identity.roleBeyondOwn","title":"This role grants permissions you do not hold, so only someone who holds all of them can change, copy or delete it.","status":403,"code":"identity.roleBeyondOwn","traceId":"00-b230244cd66481c93e94267900b5cf2a-b8db8357bf6218e8-00"}
  Stack Trace:
     at Erp.Gates.Tests.G2.G2PermissionTests.No_endpoint_grants_more_than_the_caller_holds() in /home/user/critic/p03-identity-r2-plants/tests/Erp.Gates.Tests/G2/G2PermissionTests.cs:line 317
--- End of stack trace from previous location ---
  Passed Erp.Gates.Tests.G2.G2PermissionTests.Anonymous_callers_get_401_from_every_permissioned_endpoint [17 ms]
  Passed Erp.Gates.Tests.G2.G2PermissionTests.A_user_whose_roles_grant_nothing_is_denied_everything_and_sees_no_menu [989 ms]
  Passed Erp.Gates.Tests.G2.G2PermissionTests.Requests_that_only_read_cannot_write [14 ms]
  Passed Erp.Gates.Tests.G2.G2PermissionTests.Every_endpoint_declares_exactly_one_permission_or_is_reviewed_anonymous [2 ms]
  Passed Erp.Gates.Tests.G2.G2PermissionTests.Undeclared_endpoints_fall_back_to_deny [1 ms]
[xUnit.net 00:00:35.96]     Erp.Gates.Tests.G2.G2AccountTakeoverTests.Acting_on_a_record_that_grants_access_needs_everything_it_grants [FAIL]
[xUnit.net 00:00:35.96]       POST /api/identity/users/{id:guid}/sessions/revoke: aimed at a record granting everything by a user holding only [identity.users.update, identity.roles.read, identity.users.read] answered 200 (expected 403): {"sessionsEnded":0}
[xUnit.net 00:00:35.96]       Stack Trace:
[xUnit.net 00:00:35.96]         /home/user/critic/p03-identity-r2-plants/tests/Erp.Gates.Tests/G2/G2AccountTakeoverTests.cs(178,0): at Erp.Gates.Tests.G2.G2AccountTakeoverTests.Acting_on_a_record_that_grants_access_needs_everything_it_grants()
[xUnit.net 00:00:35.96]         --- End of stack trace from previous location ---
[xUnit.net 00:00:35.96]       Output:
[xUnit.net 00:00:35.96]         8 endpoints acting on grant-bearing records checked: DELETE /api/identity/roles/{id:guid}, PUT /api/identity/roles/{id:guid}, POST /api/identity/roles/{id:guid}/copy, DELETE /api/identity/users/{id:guid}, PUT /api/identity/users/{id:guid}, POST /api/identity/users/{id:guid}/password, POST /api/identity/users/{id:guid}/sessions/revoke, POST /api/identity/users/{id:guid}/unblock
  Failed Erp.Gates.Tests.G2.G2AccountTakeoverTests.Acting_on_a_record_that_grants_access_needs_everything_it_grants [9 s]
  Error Message:
   POST /api/identity/users/{id:guid}/sessions/revoke: aimed at a record granting everything by a user holding only [identity.users.update, identity.roles.read, identity.users.read] answered 200 (expected 403): {"sessionsEnded":0}
  Stack Trace:
     at Erp.Gates.Tests.G2.G2AccountTakeoverTests.Acting_on_a_record_that_grants_access_needs_everything_it_grants() in /home/user/critic/p03-identity-r2-plants/tests/Erp.Gates.Tests/G2/G2AccountTakeoverTests.cs:line 178
--- End of stack trace from previous location ---
  Standard Output Messages:
 8 endpoints acting on grant-bearing records checked: DELETE /api/identity/roles/{id:guid}, PUT /api/identity/roles/{id:guid}, POST /api/identity/roles/{id:guid}/copy, DELETE /api/identity/users/{id:guid}, PUT /api/identity/users/{id:guid}, POST /api/identity/users/{id:guid}/password, POST /api/identity/users/{id:guid}/sessions/revoke, POST /api/identity/users/{id:guid}/unblock


[xUnit.net 00:00:36.83]     Erp.Gates.Tests.G2.G2AccountTakeoverTests.Nobody_resets_their_own_password_or_ends_their_own_access_through_administration [FAIL]
[xUnit.net 00:00:36.83]       The caller's own session ended
[xUnit.net 00:00:36.83]       Stack Trace:
[xUnit.net 00:00:36.83]         /home/user/critic/p03-identity-r2-plants/tests/Erp.Gates.Tests/G2/G2AccountTakeoverTests.cs(127,0): at Erp.Gates.Tests.G2.G2AccountTakeoverTests.Nobody_resets_their_own_password_or_ends_their_own_access_through_administration()
[xUnit.net 00:00:36.83]         --- End of stack trace from previous location ---
  Failed Erp.Gates.Tests.G2.G2AccountTakeoverTests.Nobody_resets_their_own_password_or_ends_their_own_access_through_administration [870 ms]
  Error Message:
   The caller's own session ended
  Stack Trace:
     at Erp.Gates.Tests.G2.G2AccountTakeoverTests.Nobody_resets_their_own_password_or_ends_their_own_access_through_administration() in /home/user/critic/p03-identity-r2-plants/tests/Erp.Gates.Tests/G2/G2AccountTakeoverTests.cs:line 127
--- End of stack trace from previous location ---
[xUnit.net 00:00:41.35]     Erp.Gates.Tests.G2.G2AccountTakeoverTests.Acting_on_a_user_needs_every_permission_that_user_holds [FAIL]
[xUnit.net 00:00:41.35]       System.Net.Http.HttpRequestException : Response status code does not indicate success: 401 (Unauthorized).
[xUnit.net 00:00:41.35]       Stack Trace:
[xUnit.net 00:00:41.35]            at System.Net.Http.HttpResponseMessage.EnsureSuccessStatusCode()
[xUnit.net 00:00:41.35]            at System.Net.Http.Json.HttpClientJsonExtensions.<FromJsonAsyncCore>g__Core|12_0[TValue,TJsonOptions](HttpClient client, Task`1 responseTask, Boolean usingResponseHeadersRead, CancellationTokenSource linkedCTS, Func`4 deserializeMethod, TJsonOptions jsonOptions, CancellationToken cancellationToken)
[xUnit.net 00:00:41.35]         /home/user/critic/p03-identity-r2-plants/tests/Erp.Gates.Tests/G2/G2AccountTakeoverTests.cs(69,0): at Erp.Gates.Tests.G2.G2AccountTakeoverTests.Acting_on_a_user_needs_every_permission_that_user_holds()
[xUnit.net 00:00:41.35]         --- End of stack trace from previous location ---
  Failed Erp.Gates.Tests.G2.G2AccountTakeoverTests.Acting_on_a_user_needs_every_permission_that_user_holds [4 s]
  Error Message:
   System.Net.Http.HttpRequestException : Response status code does not indicate success: 401 (Unauthorized).
  Stack Trace:
     at System.Net.Http.HttpResponseMessage.EnsureSuccessStatusCode()
   at System.Net.Http.Json.HttpClientJsonExtensions.<FromJsonAsyncCore>g__Core|12_0[TValue,TJsonOptions](HttpClient client, Task`1 responseTask, Boolean usingResponseHeadersRead, CancellationTokenSource linkedCTS, Func`4 deserializeMethod, TJsonOptions jsonOptions, CancellationToken cancellationToken)
   at Erp.Gates.Tests.G2.G2AccountTakeoverTests.Acting_on_a_user_needs_every_permission_that_user_holds() in /home/user/critic/p03-identity-r2-plants/tests/Erp.Gates.Tests/G2/G2AccountTakeoverTests.cs:line 69
--- End of stack trace from previous location ---
  Passed Erp.Gates.Tests.G2.G2AccountTakeoverTests.Creating_from_a_role_cannot_grant_more_than_the_caller_holds [1 s]
  Passed Erp.Gates.Tests.G2.G2PermissionTests.Granting_exactly_one_permission_opens_exactly_the_endpoints_that_declare_it [15 s]
  Passed Erp.Gates.Tests.G2.G2PermissionTests.The_host_refuses_a_list_whose_endpoint_declares_another_permission [43 ms]
  Passed Erp.Gates.Tests.G2.G2PermissionTests.The_host_refuses_to_start_with_an_endpoint_that_declares_no_permission [22 ms]
  Passed Erp.Gates.Tests.G2.G2PermissionTests.Users_cannot_escalate_their_own_privileges [715 ms]
  Passed Erp.Gates.Tests.G2.G2PermissionTests.Sharing_a_view_needs_the_share_permission_and_the_lists_own_permission [1 s]
  Passed Erp.Gates.Tests.G2.G2PermissionTests.Creating_a_user_cannot_grant_more_than_the_caller_holds [1 s]
  Passed Erp.Gates.Tests.G2.G2PermissionTests.No_endpoint_that_changes_data_is_guarded_by_a_read_permission [2 ms]
[xUnit.net 00:00:52.24]     Erp.Gates.Tests.G2.G2PermissionTests.Every_declared_permission_is_in_the_catalogue_and_every_catalogue_permission_is_used [FAIL]
[xUnit.net 00:00:52.24]       Catalogue permissions no endpoint uses (dead permissions confuse role editors): identity.signIns.read
[xUnit.net 00:00:52.24]       Stack Trace:
[xUnit.net 00:00:52.24]         /home/user/critic/p03-identity-r2-plants/tests/Erp.Gates.Tests/G2/G2PermissionTests.cs(128,0): at Erp.Gates.Tests.G2.G2PermissionTests.Every_declared_permission_is_in_the_catalogue_and_every_catalogue_permission_is_used()
[xUnit.net 00:00:52.24]            at System.RuntimeMethodHandle.InvokeMethod(ObjectHandleOnStack target, Void** arguments, ObjectHandleOnStack sig, BOOL isConstructor, ObjectHandleOnStack result)
[xUnit.net 00:00:52.24]            at System.RuntimeMethodHandle.InvokeMethod(ObjectHandleOnStack target, Void** arguments, ObjectHandleOnStack sig, BOOL isConstructor, ObjectHandleOnStack result)
[xUnit.net 00:00:52.24]            at System.Reflection.MethodBaseInvoker.InterpretedInvoke_Method(Object obj, IntPtr* args)
[xUnit.net 00:00:52.24]            at System.Reflection.RuntimeMethodInfo.Invoke(Object obj, BindingFlags invokeAttr, Binder binder, Object[] parameters, CultureInfo culture)
  Passed Erp.Gates.Tests.G2.G2PermissionTests.Every_registered_list_is_readable_with_its_permission_alone [1 s]
  Failed Erp.Gates.Tests.G2.G2PermissionTests.Every_declared_permission_is_in_the_catalogue_and_every_catalogue_permission_is_used [1 ms]
  Error Message:
   Catalogue permissions no endpoint uses (dead permissions confuse role editors): identity.signIns.read
  Stack Trace:
     at Erp.Gates.Tests.G2.G2PermissionTests.Every_declared_permission_is_in_the_catalogue_and_every_catalogue_permission_is_used() in /home/user/critic/p03-identity-r2-plants/tests/Erp.Gates.Tests/G2/G2PermissionTests.cs:line 128
   at System.RuntimeMethodHandle.InvokeMethod(ObjectHandleOnStack target, Void** arguments, ObjectHandleOnStack sig, BOOL isConstructor, ObjectHandleOnStack result)
   at System.RuntimeMethodHandle.InvokeMethod(ObjectHandleOnStack target, Void** arguments, ObjectHandleOnStack sig, BOOL isConstructor, ObjectHandleOnStack result)
   at System.Reflection.MethodBaseInvoker.InterpretedInvoke_Method(Object obj, IntPtr* args)
   at System.Reflection.RuntimeMethodInfo.Invoke(Object obj, BindingFlags invokeAttr, Binder binder, Object[] parameters, CultureInfo culture)
[xUnit.net 00:00:53.71]   Finished:    Erp.Gates.Tests (ID = '7e05003f60e3bb0550ba8ca1b9e85901b175509375eb26862d822ecb85e30804')

Test Run Failed.
Total tests: 48
     Passed: 43
     Failed: 5
 Total time: 56.0699 Seconds
rc=1 seconds=72
