
Build succeeded.
    0 Warning(s)
    0 Error(s)

Time Elapsed 00:00:12.04
Test run for /work/tests/Erp.Gates.Tests/bin/Release/net10.0/Erp.Gates.Tests.dll (.NETCoreApp,Version=v10.0)
A total of 1 test files matched the specified pattern.
[xUnit.net 00:00:00.00] xUnit.net VSTest Adapter v3.1.5+1b188a7b0a (64-bit .NET 10.0.12)
[xUnit.net 00:00:00.14]   Discovering: Erp.Gates.Tests
[xUnit.net 00:00:00.36]   Discovered:  Erp.Gates.Tests
[xUnit.net 00:00:00.49]   Starting:    Erp.Gates.Tests
  Passed Erp.Gates.Tests.G2.G2ReportDataTests.The_report_catalogue_lists_only_what_the_caller_may_run_and_see [945 ms]
[xUnit.net 00:00:27.68]     Erp.Gates.Tests.G2.G2ReportDataTests.Every_report_prints_only_data_its_permissions_show_elsewhere [FAIL]
[xUnit.net 00:00:27.68]       identity.users (permission identity.users.read) as a user holding exactly [identity.users.read]: /api/reports/lists/identity.users?language=en prints 'Only g2rd 2' in column 'roleIds', whose values are records of identity.roles, which the caller may not read (a count is printed instead)
[xUnit.net 00:00:27.68]       identity.users (permission identity.users.read) as a user holding exactly [identity.users.read]: /api/reports/lists/identity.users?language=en prints 'Only g2rc 1' in column 'roleIds', whose values are records of identity.roles, which the caller may not read (a count is printed instead)
[xUnit.net 00:00:27.68]       identity.users (permission identity.users.read) as a user holding exactly [identity.users.read]: /api/reports/lists/identity.users?language=en prints 'Administrator' in column 'roleIds', whose values are records of identity.roles, which the caller may not read (a count is printed instead)
[xUnit.net 00:00:27.68]       identity.users (permission identity.users.read) as a user holding exactly [identity.users.read] /api/reports/lists/identity.users?language=en: the JSON prints 'Administrator', which the list does not show that caller (its endpoint's rows, and the lists it may read)
[xUnit.net 00:00:27.68]       identity.users (permission identity.users.read) as a user holding exactly [identity.users.read] /api/reports/lists/identity.users?language=en: the JSON prints 'Only g2rc 1', which the list does not show that caller (its endpoint's rows, and the lists it may read)
[xUnit.net 00:00:27.68]       identity.users (permission identity.users.read) as a user holding exactly [identity.users.read] /api/reports/lists/identity.users?language=en: the JSON prints 'Only g2rd 2', which the list does not show that caller (its endpoint's rows, and the lists it may read)
[xUnit.net 00:00:27.68]       identity.users (permission identity.users.read) as a user holding exactly [identity.users.read] /api/reports/lists/identity.users?language=en: the JSON prints 'Read-only', which the list does not show that caller (its endpoint's rows, and the lists it may read)
[xUnit.net 00:00:27.68]       identity.users (permission identity.users.read) as a user holding exactly [identity.users.read] /api/reports/lists/identity.users?language=en: the JSON prints 'Staff', which the list does not show that caller (its endpoint's rows, and the lists it may read)
[xUnit.net 00:00:27.68]       identity.users (permission identity.users.read) as a user holding exactly [identity.users.read] /api/reports/lists/identity.users?language=en&format=csv: the CSV prints 'Administrator', which the list does not show that caller (its endpoint's rows, and the lists it may read)
[xUnit.net 00:00:27.68]       identity.users (permission identity.users.read) as a user holding exactly [identity.users.read] /api/reports/lists/identity.users?language=en&format=csv: the CSV prints 'Only g2rc 1', which the list does not show that caller (its endpoint's rows, and the lists it may read)
[xUnit.net 00:00:27.68]       identity.users (permission identity.users.read) as a user holding exactly [identity.users.read] /api/reports/lists/identity.users?language=en&format=csv: the CSV prints 'Only g2rd 2', which the list does not show that caller (its endpoint's rows, and the lists it may read)
[xUnit.net 00:00:27.68]       identity.users (permission identity.users.read) as a user holding exactly [identity.users.read] /api/reports/lists/identity.users?language=en&format=csv: the CSV prints 'Read-only', which the list does not show that caller (its endpoint's rows, and the lists it may read)
[xUnit.net 00:00:27.68]       identity.users (permission identity.users.read) as a user holding exactly [identity.users.read] /api/reports/lists/identity.users?language=en&format=csv: the CSV prints 'Staff', which the list does not show that caller (its endpoint's rows, and the lists it may read)
[xUnit.net 00:00:27.68]       identity.users (permission identity.users.read) as a user holding exactly [identity.users.read] /api/reports/lists/identity.users?language=en&format=xlsx: the XLSX prints 'Administrator', which the list does not show that caller (its endpoint's rows, and the lists it may read)
[xUnit.net 00:00:27.68]       identity.users (permission identity.users.read) as a user holding exactly [identity.users.read] /api/reports/lists/identity.users?language=en&format=xlsx: the XLSX prints 'Only g2rc 1', which the list does not show that caller (its endpoint's rows, and the lists it may read)
[xUnit.net 00:00:27.68]       identity.users (permission identity.users.read) as a user holding exactly [identity.users.read] /api/reports/lists/identity.users?language=en&format=xlsx: the XLSX prints 'Only g2rd 2', which the list does not show that caller (its endpoint's rows, and the lists it may read)
[xUnit.net 00:00:27.68]       identity.users (permission identity.users.read) as a user holding exactly [identity.users.read] /api/reports/lists/identity.users?language=en&format=xlsx: the XLSX prints 'Read-only', which the list does not show that caller (its endpoint's rows, and the lists it may read)
[xUnit.net 00:00:27.68]       identity.users (permission identity.users.read) as a user holding exactly [identity.users.read] /api/reports/lists/identity.users?language=en&format=xlsx: the XLSX prints 'Staff', which the list does not show that caller (its endpoint's rows, and the lists it may read)
[xUnit.net 00:00:27.68]       identity.users (permission identity.users.read) as a user holding exactly [identity.users.read] /api/reports/lists/identity.users?language=en&format=pdf: the PDF prints 'Administrator', which the list does not show that caller (its endpoint's rows, and the lists it may read)
[xUnit.net 00:00:27.68]       identity.users (permission identity.users.read) as a user holding exactly [identity.users.read] /api/reports/lists/identity.users?language=en&format=pdf: the PDF prints 'Only g2rc 1', which the list does not show that caller (its endpoint's rows, and the lists it may read)
[xUnit.net 00:00:27.68]       identity.users (permission identity.users.read) as a user holding exactly [identity.users.read] /api/reports/lists/identity.users?language=en&format=pdf: the PDF prints 'Only g2rd 2', which the list does not show that caller (its endpoint's rows, and the lists it may read)
[xUnit.net 00:00:27.68]       identity.users (permission identity.users.read) as a user holding exactly [identity.users.read] /api/reports/lists/identity.users?language=en&format=pdf: the PDF prints 'Read-only', which the list does not show that caller (its endpoint's rows, and the lists it may read)
[xUnit.net 00:00:27.68]       identity.users (permission identity.users.read) as a user holding exactly [identity.users.read] /api/reports/lists/identity.users?language=en&format=pdf: the PDF prints 'Staff', which the list does not show that caller (its endpoint's rows, and the lists it may read)
[xUnit.net 00:00:27.68]       identity.users (permission identity.users.read) as a user holding exactly [identity.users.read]: /api/reports/lists/identity.users?language=ar prints 'فقط g2rd 2' in column 'roleIds', whose values are records of identity.roles, which the caller may not read (a count is printed instead)
[xUnit.net 00:00:27.68]       identity.users (permission identity.users.read) as a user holding exactly [identity.users.read]: /api/reports/lists/identity.users?language=ar prints 'فقط g2rc 1' in column 'roleIds', whose values are records of identity.roles, which the caller may not read (a count is printed instead)
[xUnit.net 00:00:27.68]       identity.users (permission identity.users.read) as a user holding exactly [identity.users.read]: /api/reports/lists/identity.users?language=ar prints 'مدير النظام' in column 'roleIds', whose values are records of identity.roles, which the caller may not read (a count is printed instead)
[xUnit.net 00:00:27.68]       identity.users (permission identity.users.read) as a user holding exactly [identity.users.read] /api/reports/lists/identity.users?language=ar: the JSON prints 'فقط g2rc 1', which the list does not show that caller (its endpoint's rows, and the lists it may read)
[xUnit.net 00:00:27.68]       identity.users (permission identity.users.read) as a user holding exactly [identity.users.read] /api/reports/lists/identity.users?language=ar: the JSON prints 'فقط g2rd 2', which the list does not show that caller (its endpoint's rows, and the lists it may read)
[xUnit.net 00:00:27.68]       identity.users (permission identity.users.read) as a user holding exactly [identity.users.read] /api/reports/lists/identity.users?language=ar: the JSON prints 'قراءة فقط', which the list does not show that caller (its endpoint's rows, and the lists it may read)
[xUnit.net 00:00:27.68]       identity.users (permission identity.users.read) as a user holding exactly [identity.users.read] /api/reports/lists/identity.users?language=ar: the JSON prints 'مدير النظام', which the list does not show that caller (its endpoint's rows, and the lists it may read)
[xUnit.net 00:00:27.68]       identity.users (permission identity.users.read) as a user holding exactly [identity.users.read] /api/reports/lists/identity.users?language=ar&format=csv: the CSV prints 'فقط g2rc 1', which the list does not show that caller (its endpoint's rows, and the lists it may read)
[xUnit.net 00:00:27.68]       identity.users (permission identity.users.read) as a user holding exactly [identity.users.read] /api/reports/lists/identity.users?language=ar&format=csv: the CSV prints 'فقط g2rd 2', which the list does not show that caller (its endpoint's rows, and the lists it may read)
[xUnit.net 00:00:27.68]       identity.users (permission identity.users.read) as a user holding exactly [identity.users.read] /api/reports/lists/identity.users?language=ar&format=csv: the CSV prints 'قراءة فقط', which the list does not show that caller (its endpoint's rows, and the lists it may read)
[xUnit.net 00:00:27.68]       identity.users (permission identity.users.read) as a user holding exactly [identity.users.read] /api/reports/lists/identity.users?language=ar&format=csv: the CSV prints 'مدير النظام', which the list does not show that caller (its endpoint's rows, and the lists it may read)
[xUnit.net 00:00:27.68]       identity.users (permission identity.users.read) as a user holding exactly [identity.users.read] /api/reports/lists/identity.users?language=ar&format=xlsx: the XLSX prints 'فقط g2rc 1', which the list does not show that caller (its endpoint's rows, and the lists it may read)
[xUnit.net 00:00:27.68]       identity.users (permission identity.users.read) as a user holding exactly [identity.users.read] /api/reports/lists/identity.users?language=ar&format=xlsx: the XLSX prints 'فقط g2rd 2', which the list does not show that caller (its endpoint's rows, and the lists it may read)
[xUnit.net 00:00:27.68]       identity.users (permission identity.users.read) as a user holding exactly [identity.users.read] /api/reports/lists/identity.users?language=ar&format=xlsx: the XLSX prints 'قراءة فقط', which the list does not show that caller (its endpoint's rows, and the lists it may read)
[xUnit.net 00:00:27.68]       identity.users (permission identity.users.read) as a user holding exactly [identity.users.read] /api/reports/lists/identity.users?language=ar&format=xlsx: the XLSX prints 'مدير النظام', which the list does not show that caller (its endpoint's rows, and the lists it may read)
[xUnit.net 00:00:27.68]       identity.users (permission identity.users.read) as a user holding exactly [identity.users.read] /api/reports/lists/identity.users?language=ar&format=pdf: the PDF prints 'قراءة فقط', which the list does not show that caller (its endpoint's rows, and the lists it may read)
[xUnit.net 00:00:27.68]       identity.users (permission identity.users.read) as a user holding exactly [identity.users.read] /api/reports/lists/identity.users?language=ar&format=pdf: the PDF prints 'مدير النظام', which the list does not show that caller (its endpoint's rows, and the lists it may read)
[xUnit.net 00:00:27.68]       identity.users (permission identity.users.read) as a user holding exactly [identity.users.read]: /api/reports/lists/identity.users?columns=displayName,displayNameAr,email,language,isActive,lastSignInAt,roleIds,createdAt&language=en prints 'Only g2rd 2' in column 'roleIds', whose values are records of identity.roles, which the caller may not read (a count is printed instead)
[xUnit.net 00:00:27.68]       identity.users (permission identity.users.read) as a user holding exactly [identity.users.read]: /api/reports/lists/identity.users?columns=displayName,displayNameAr,email,language,isActive,lastSignInAt,roleIds,createdAt&language=en prints 'Only g2rc 1' in column 'roleIds', whose values are records of identity.roles, which the caller may not read (a count is printed instead)
[xUnit.net 00:00:27.68]       identity.users (permission identity.users.read) as a user holding exactly [identity.users.read]: /api/reports/lists/identity.users?columns=displayName,displayNameAr,email,language,isActive,lastSignInAt,roleIds,createdAt&language=en prints 'Administrator' in column 'roleIds', whose values are records of identity.roles, which the caller may not read (a count is printed instead)
[xUnit.net 00:00:27.68]       identity.users (permission identity.users.read) as a user holding exactly [identity.users.read] /api/reports/lists/identity.users?columns=displayName,displayNameAr,email,language,isActive,lastSignInAt,roleIds,createdAt&language=en: the JSON prints 'Administrator', which the list does not show that caller (its endpoint's rows, and the lists it may read)
[xUnit.net 00:00:27.68]       identity.users (permission identity.users.read) as a user holding exactly [identity.users.read] /api/reports/lists/identity.users?columns=displayName,displayNameAr,email,language,isActive,lastSignInAt,roleIds,createdAt&language=en: the JSON prints 'Only g2rc 1', which the list does not show that caller (its endpoint's rows, and the lists it may read)
[xUnit.net 00:00:27.68]       identity.users (permission identity.users.read) as a user holding exactly [identity.users.read] /api/reports/lists/identity.users?columns=displayName,displayNameAr,email,language,isActive,lastSignInAt,roleIds,createdAt&language=en: the JSON prints 'Only g2rd 2', which the list does not show that caller (its endpoint's rows, and the lists it may read)
[xUnit.net 00:00:27.68]       identity.users (permission identity.users.read) as a user holding exactly [identity.users.read] /api/reports/lists/identity.users?columns=displayName,displayNameAr,email,language,isActive,lastSignInAt,roleIds,createdAt&language=en: the JSON prints 'Read-only', which the list does not show that caller (its endpoint's rows, and the lists it may read)
[xUnit.net 00:00:27.68]       identity.users (permission identity.users.read) as a user holding exactly [identity.users.read] /api/reports/lists/identity.users?columns=displayName,displayNameAr,email,language,isActive,lastSignInAt,roleIds,createdAt&language=en: the JSON prints 'Staff', which the list does not show that caller (its endpoint's rows, and the lists it may read)
[xUnit.net 00:00:27.68]       identity.users (permission identity.users.read) as a user holding exactly [identity.users.read] /api/reports/lists/identity.users?columns=displayName,displayNameAr,email,language,isActive,lastSignInAt,roleIds,createdAt&language=en&format=csv: the CSV prints 'Administrator', which the list does not show that caller (its endpoint's rows, and the lists it may read)
[xUnit.net 00:00:27.68]       identity.users (permission identity.users.read) as a user holding exactly [identity.users.read] /api/reports/lists/identity.users?columns=displayName,displayNameAr,email,language,isActive,lastSignInAt,roleIds,createdAt&language=en&format=csv: the CSV prints 'Only g2rc 1', which the list does not show that caller (its endpoint's rows, and the lists it may read)
[xUnit.net 00:00:27.68]       identity.users (permission identity.users.read) as a user holding exactly [identity.users.read] /api/reports/lists/identity.users?columns=displayName,displayNameAr,email,language,isActive,lastSignInAt,roleIds,createdAt&language=en&format=csv: the CSV prints 'Only g2rd 2', which the list does not show that caller (its endpoint's rows, and the lists it may read)
[xUnit.net 00:00:27.68]       identity.users (permission identity.users.read) as a user holding exactly [identity.users.read] /api/reports/lists/identity.users?columns=displayName,displayNameAr,email,language,isActive,lastSignInAt,roleIds,createdAt&language=en&format=csv: the CSV prints 'Read-only', which the list does not show that caller (its endpoint's rows, and the lists it may read)
[xUnit.net 00:00:27.68]       identity.users (permission identity.users.read) as a user holding exactly [identity.users.read] /api/reports/lists/identity.users?columns=displayName,displayNameAr,email,language,isActive,lastSignInAt,roleIds,createdAt&language=en&format=csv: the CSV prints 'Staff', which the list does not show that caller (its endpoint's rows, and the lists it may read)
[xUnit.net 00:00:27.68]       identity.users (permission identity.users.read) as a user holding exactly [identity.users.read] /api/reports/lists/identity.users?columns=displayName,displayNameAr,email,language,isActive,lastSignInAt,roleIds,createdAt&language=en&format=xlsx: the XLSX prints 'Administrator', which the list does not show that caller (its endpoint's rows, and the lists it may read)
[xUnit.net 00:00:27.68]       identity.users (permission identity.users.read) as a user holding exactly [identity.users.read] /api/reports/lists/identity.users?columns=displayName,displayNameAr,email,language,isActive,lastSignInAt,roleIds,createdAt&language=en&format=xlsx: the XLSX prints 'Only g2rc 1', which the list does not show that caller (its endpoint's rows, and the lists it may read)
[xUnit.net 00:00:27.68]       identity.users (permission identity.users.read) as a user holding exactly [identity.users.read] /api/reports/lists/identity.users?columns=displayName,displayNameAr,email,language,isActive,lastSignInAt,roleIds,createdAt&language=en&format=xlsx: the XLSX prints 'Only g2rd 2', which the list does not show that caller (its endpoint's rows, and the lists it may read)
[xUnit.net 00:00:27.68]       identity.users (permission identity.users.read) as a user holding exactly [identity.users.read] /api/reports/lists/identity.users?columns=displayName,displayNameAr,email,language,isActive,lastSignInAt,roleIds,createdAt&language=en&format=xlsx: the XLSX prints 'Read-only', which the list does not show that caller (its endpoint's rows, and the lists it may read)
[xUnit.net 00:00:27.68]       identity.users (permission identity.users.read) as a user holding exactly [identity.users.read] /api/reports/lists/identity.users?columns=displayName,displayNameAr,email,language,isActive,lastSignInAt,roleIds,createdAt&language=en&format=xlsx: the XLSX prints 'Staff', which the list does not show that caller (its endpoint's rows, and the lists it may read)
[xUnit.net 00:00:27.68]       identity.users (permission identity.users.read) as a user holding exactly [identity.users.read] /api/reports/lists/identity.users?columns=displayName,displayNameAr,email,language,isActive,lastSignInAt,roleIds,createdAt&language=en&format=pdf: the PDF prints 'Administrator', which the list does not show that caller (its endpoint's rows, and the lists it may read)
[xUnit.net 00:00:27.68]       identity.users (permission identity.users.read) as a user holding exactly [identity.users.read] /api/reports/lists/identity.users?columns=displayName,displayNameAr,email,language,isActive,lastSignInAt,roleIds,createdAt&language=en&format=pdf: the PDF prints 'Only g2rc 1', which the list does not show that caller (its endpoint's rows, and the lists it may read)
[xUnit.net 00:00:27.68]       Stack Trace:
[xUnit.net 00:00:27.69]         /work/tests/Erp.Gates.Tests/G2/G2ReportDataTests.cs(38,0): at Erp.Gates.Tests.G2.G2ReportDataTests.Every_report_prints_only_data_its_permissions_show_elsewhere()
[xUnit.net 00:00:27.69]         --- End of stack trace from previous location ---
[xUnit.net 00:00:27.69]       Output:
[xUnit.net 00:00:27.69]         4 reports, 36 permission sets, 5 printable lists, 45 list permission sets, 360 runs, 936 files, 8637 printed values judged in JSON, 23862 in files
  Failed Erp.Gates.Tests.G2.G2ReportDataTests.Every_report_prints_only_data_its_permissions_show_elsewhere [16 s]
  Error Message:
   identity.users (permission identity.users.read) as a user holding exactly [identity.users.read]: /api/reports/lists/identity.users?language=en prints 'Only g2rd 2' in column 'roleIds', whose values are records of identity.roles, which the caller may not read (a count is printed instead)
identity.users (permission identity.users.read) as a user holding exactly [identity.users.read]: /api/reports/lists/identity.users?language=en prints 'Only g2rc 1' in column 'roleIds', whose values are records of identity.roles, which the caller may not read (a count is printed instead)
identity.users (permission identity.users.read) as a user holding exactly [identity.users.read]: /api/reports/lists/identity.users?language=en prints 'Administrator' in column 'roleIds', whose values are records of identity.roles, which the caller may not read (a count is printed instead)
identity.users (permission identity.users.read) as a user holding exactly [identity.users.read] /api/reports/lists/identity.users?language=en: the JSON prints 'Administrator', which the list does not show that caller (its endpoint's rows, and the lists it may read)
identity.users (permission identity.users.read) as a user holding exactly [identity.users.read] /api/reports/lists/identity.users?language=en: the JSON prints 'Only g2rc 1', which the list does not show that caller (its endpoint's rows, and the lists it may read)
identity.users (permission identity.users.read) as a user holding exactly [identity.users.read] /api/reports/lists/identity.users?language=en: the JSON prints 'Only g2rd 2', which the list does not show that caller (its endpoint's rows, and the lists it may read)
identity.users (permission identity.users.read) as a user holding exactly [identity.users.read] /api/reports/lists/identity.users?language=en: the JSON prints 'Read-only', which the list does not show that caller (its endpoint's rows, and the lists it may read)
identity.users (permission identity.users.read) as a user holding exactly [identity.users.read] /api/reports/lists/identity.users?language=en: the JSON prints 'Staff', which the list does not show that caller (its endpoint's rows, and the lists it may read)
identity.users (permission identity.users.read) as a user holding exactly [identity.users.read] /api/reports/lists/identity.users?language=en&format=csv: the CSV prints 'Administrator', which the list does not show that caller (its endpoint's rows, and the lists it may read)
identity.users (permission identity.users.read) as a user holding exactly [identity.users.read] /api/reports/lists/identity.users?language=en&format=csv: the CSV prints 'Only g2rc 1', which the list does not show that caller (its endpoint's rows, and the lists it may read)
identity.users (permission identity.users.read) as a user holding exactly [identity.users.read] /api/reports/lists/identity.users?language=en&format=csv: the CSV prints 'Only g2rd 2', which the list does not show that caller (its endpoint's rows, and the lists it may read)
identity.users (permission identity.users.read) as a user holding exactly [identity.users.read] /api/reports/lists/identity.users?language=en&format=csv: the CSV prints 'Read-only', which the list does not show that caller (its endpoint's rows, and the lists it may read)
identity.users (permission identity.users.read) as a user holding exactly [identity.users.read] /api/reports/lists/identity.users?language=en&format=csv: the CSV prints 'Staff', which the list does not show that caller (its endpoint's rows, and the lists it may read)
identity.users (permission identity.users.read) as a user holding exactly [identity.users.read] /api/reports/lists/identity.users?language=en&format=xlsx: the XLSX prints 'Administrator', which the list does not show that caller (its endpoint's rows, and the lists it may read)
identity.users (permission identity.users.read) as a user holding exactly [identity.users.read] /api/reports/lists/identity.users?language=en&format=xlsx: the XLSX prints 'Only g2rc 1', which the list does not show that caller (its endpoint's rows, and the lists it may read)
identity.users (permission identity.users.read) as a user holding exactly [identity.users.read] /api/reports/lists/identity.users?language=en&format=xlsx: the XLSX prints 'Only g2rd 2', which the list does not show that caller (its endpoint's rows, and the lists it may read)
identity.users (permission identity.users.read) as a user holding exactly [identity.users.read] /api/reports/lists/identity.users?language=en&format=xlsx: the XLSX prints 'Read-only', which the list does not show that caller (its endpoint's rows, and the lists it may read)
identity.users (permission identity.users.read) as a user holding exactly [identity.users.read] /api/reports/lists/identity.users?language=en&format=xlsx: the XLSX prints 'Staff', which the list does not show that caller (its endpoint's rows, and the lists it may read)
identity.users (permission identity.users.read) as a user holding exactly [identity.users.read] /api/reports/lists/identity.users?language=en&format=pdf: the PDF prints 'Administrator', which the list does not show that caller (its endpoint's rows, and the lists it may read)
identity.users (permission identity.users.read) as a user holding exactly [identity.users.read] /api/reports/lists/identity.users?language=en&format=pdf: the PDF prints 'Only g2rc 1', which the list does not show that caller (its endpoint's rows, and the lists it may read)
identity.users (permission identity.users.read) as a user holding exactly [identity.users.read] /api/reports/lists/identity.users?language=en&format=pdf: the PDF prints 'Only g2rd 2', which the list does not show that caller (its endpoint's rows, and the lists it may read)
identity.users (permission identity.users.read) as a user holding exactly [identity.users.read] /api/reports/lists/identity.users?language=en&format=pdf: the PDF prints 'Read-only', which the list does not show that caller (its endpoint's rows, and the lists it may read)
identity.users (permission identity.users.read) as a user holding exactly [identity.users.read] /api/reports/lists/identity.users?language=en&format=pdf: the PDF prints 'Staff', which the list does not show that caller (its endpoint's rows, and the lists it may read)
identity.users (permission identity.users.read) as a user holding exactly [identity.users.read]: /api/reports/lists/identity.users?language=ar prints 'فقط g2rd 2' in column 'roleIds', whose values are records of identity.roles, which the caller may not read (a count is printed instead)
identity.users (permission identity.users.read) as a user holding exactly [identity.users.read]: /api/reports/lists/identity.users?language=ar prints 'فقط g2rc 1' in column 'roleIds', whose values are records of identity.roles, which the caller may not read (a count is printed instead)
identity.users (permission identity.users.read) as a user holding exactly [identity.users.read]: /api/reports/lists/identity.users?language=ar prints 'مدير النظام' in column 'roleIds', whose values are records of identity.roles, which the caller may not read (a count is printed instead)
identity.users (permission identity.users.read) as a user holding exactly [identity.users.read] /api/reports/lists/identity.users?language=ar: the JSON prints 'فقط g2rc 1', which the list does not show that caller (its endpoint's rows, and the lists it may read)
identity.users (permission identity.users.read) as a user holding exactly [identity.users.read] /api/reports/lists/identity.users?language=ar: the JSON prints 'فقط g2rd 2', which the list does not show that caller (its endpoint's rows, and the lists it may read)
identity.users (permission identity.users.read) as a user holding exactly [identity.users.read] /api/reports/lists/identity.users?language=ar: the JSON prints 'قراءة فقط', which the list does not show that caller (its endpoint's rows, and the lists it may read)
identity.users (permission identity.users.read) as a user holding exactly [identity.users.read] /api/reports/lists/identity.users?language=ar: the JSON prints 'مدير النظام', which the list does not show that caller (its endpoint's rows, and the lists it may read)
identity.users (permission identity.users.read) as a user holding exactly [identity.users.read] /api/reports/lists/identity.users?language=ar&format=csv: the CSV prints 'فقط g2rc 1', which the list does not show that caller (its endpoint's rows, and the lists it may read)
identity.users (permission identity.users.read) as a user holding exactly [identity.users.read] /api/reports/lists/identity.users?language=ar&format=csv: the CSV prints 'فقط g2rd 2', which the list does not show that caller (its endpoint's rows, and the lists it may read)
identity.users (permission identity.users.read) as a user holding exactly [identity.users.read] /api/reports/lists/identity.users?language=ar&format=csv: the CSV prints 'قراءة فقط', which the list does not show that caller (its endpoint's rows, and the lists it may read)
identity.users (permission identity.users.read) as a user holding exactly [identity.users.read] /api/reports/lists/identity.users?language=ar&format=csv: the CSV prints 'مدير النظام', which the list does not show that caller (its endpoint's rows, and the lists it may read)
identity.users (permission identity.users.read) as a user holding exactly [identity.users.read] /api/reports/lists/identity.users?language=ar&format=xlsx: the XLSX prints 'فقط g2rc 1', which the list does not show that caller (its endpoint's rows, and the lists it may read)
identity.users (permission identity.users.read) as a user holding exactly [identity.users.read] /api/reports/lists/identity.users?language=ar&format=xlsx: the XLSX prints 'فقط g2rd 2', which the list does not show that caller (its endpoint's rows, and the lists it may read)
identity.users (permission identity.users.read) as a user holding exactly [identity.users.read] /api/reports/lists/identity.users?language=ar&format=xlsx: the XLSX prints 'قراءة فقط', which the list does not show that caller (its endpoint's rows, and the lists it may read)
identity.users (permission identity.users.read) as a user holding exactly [identity.users.read] /api/reports/lists/identity.users?language=ar&format=xlsx: the XLSX prints 'مدير النظام', which the list does not show that caller (its endpoint's rows, and the lists it may read)
identity.users (permission identity.users.read) as a user holding exactly [identity.users.read] /api/reports/lists/identity.users?language=ar&format=pdf: the PDF prints 'قراءة فقط', which the list does not show that caller (its endpoint's rows, and the lists it may read)
identity.users (permission identity.users.read) as a user holding exactly [identity.users.read] /api/reports/lists/identity.users?language=ar&format=pdf: the PDF prints 'مدير النظام', which the list does not show that caller (its endpoint's rows, and the lists it may read)
identity.users (permission identity.users.read) as a user holding exactly [identity.users.read]: /api/reports/lists/identity.users?columns=displayName,displayNameAr,email,language,isActive,lastSignInAt,roleIds,createdAt&language=en prints 'Only g2rd 2' in column 'roleIds', whose values are records of identity.roles, which the caller may not read (a count is printed instead)
identity.users (permission identity.users.read) as a user holding exactly [identity.users.read]: /api/reports/lists/identity.users?columns=displayName,displayNameAr,email,language,isActive,lastSignInAt,roleIds,createdAt&language=en prints 'Only g2rc 1' in column 'roleIds', whose values are records of identity.roles, which the caller may not read (a count is printed instead)
identity.users (permission identity.users.read) as a user holding exactly [identity.users.read]: /api/reports/lists/identity.users?columns=displayName,displayNameAr,email,language,isActive,lastSignInAt,roleIds,createdAt&language=en prints 'Administrator' in column 'roleIds', whose values are records of identity.roles, which the caller may not read (a count is printed instead)
identity.users (permission identity.users.read) as a user holding exactly [identity.users.read] /api/reports/lists/identity.users?columns=displayName,displayNameAr,email,language,isActive,lastSignInAt,roleIds,createdAt&language=en: the JSON prints 'Administrator', which the list does not show that caller (its endpoint's rows, and the lists it may read)
identity.users (permission identity.users.read) as a user holding exactly [identity.users.read] /api/reports/lists/identity.users?columns=displayName,displayNameAr,email,language,isActive,lastSignInAt,roleIds,createdAt&language=en: the JSON prints 'Only g2rc 1', which the list does not show that caller (its endpoint's rows, and the lists it may read)
identity.users (permission identity.users.read) as a user holding exactly [identity.users.read] /api/reports/lists/identity.users?columns=displayName,displayNameAr,email,language,isActive,lastSignInAt,roleIds,createdAt&language=en: the JSON prints 'Only g2rd 2', which the list does not show that caller (its endpoint's rows, and the lists it may read)
identity.users (permission identity.users.read) as a user holding exactly [identity.users.read] /api/reports/lists/identity.users?columns=displayName,displayNameAr,email,language,isActive,lastSignInAt,roleIds,createdAt&language=en: the JSON prints 'Read-only', which the list does not show that caller (its endpoint's rows, and the lists it may read)
identity.users (permission identity.users.read) as a user holding exactly [identity.users.read] /api/reports/lists/identity.users?columns=displayName,displayNameAr,email,language,isActive,lastSignInAt,roleIds,createdAt&language=en: the JSON prints 'Staff', which the list does not show that caller (its endpoint's rows, and the lists it may read)
identity.users (permission identity.users.read) as a user holding exactly [identity.users.read] /api/reports/lists/identity.users?columns=displayName,displayNameAr,email,language,isActive,lastSignInAt,roleIds,createdAt&language=en&format=csv: the CSV prints 'Administrator', which the list does not show that caller (its endpoint's rows, and the lists it may read)
identity.users (permission identity.users.read) as a user holding exactly [identity.users.read] /api/reports/lists/identity.users?columns=displayName,displayNameAr,email,language,isActive,lastSignInAt,roleIds,createdAt&language=en&format=csv: the CSV prints 'Only g2rc 1', which the list does not show that caller (its endpoint's rows, and the lists it may read)
identity.users (permission identity.users.read) as a user holding exactly [identity.users.read] /api/reports/lists/identity.users?columns=displayName,displayNameAr,email,language,isActive,lastSignInAt,roleIds,createdAt&language=en&format=csv: the CSV prints 'Only g2rd 2', which the list does not show that caller (its endpoint's rows, and the lists it may read)
identity.users (permission identity.users.read) as a user holding exactly [identity.users.read] /api/reports/lists/identity.users?columns=displayName,displayNameAr,email,language,isActive,lastSignInAt,roleIds,createdAt&language=en&format=csv: the CSV prints 'Read-only', which the list does not show that caller (its endpoint's rows, and the lists it may read)
identity.users (permission identity.users.read) as a user holding exactly [identity.users.read] /api/reports/lists/identity.users?columns=displayName,displayNameAr,email,language,isActive,lastSignInAt,roleIds,createdAt&language=en&format=csv: the CSV prints 'Staff', which the list does not show that caller (its endpoint's rows, and the lists it may read)
identity.users (permission identity.users.read) as a user holding exactly [identity.users.read] /api/reports/lists/identity.users?columns=displayName,displayNameAr,email,language,isActive,lastSignInAt,roleIds,createdAt&language=en&format=xlsx: the XLSX prints 'Administrator', which the list does not show that caller (its endpoint's rows, and the lists it may read)
identity.users (permission identity.users.read) as a user holding exactly [identity.users.read] /api/reports/lists/identity.users?columns=displayName,displayNameAr,email,language,isActive,lastSignInAt,roleIds,createdAt&language=en&format=xlsx: the XLSX prints 'Only g2rc 1', which the list does not show that caller (its endpoint's rows, and the lists it may read)
identity.users (permission identity.users.read) as a user holding exactly [identity.users.read] /api/reports/lists/identity.users?columns=displayName,displayNameAr,email,language,isActive,lastSignInAt,roleIds,createdAt&language=en&format=xlsx: the XLSX prints 'Only g2rd 2', which the list does not show that caller (its endpoint's rows, and the lists it may read)
identity.users (permission identity.users.read) as a user holding exactly [identity.users.read] /api/reports/lists/identity.users?columns=displayName,displayNameAr,email,language,isActive,lastSignInAt,roleIds,createdAt&language=en&format=xlsx: the XLSX prints 'Read-only', which the list does not show that caller (its endpoint's rows, and the lists it may read)
identity.users (permission identity.users.read) as a user holding exactly [identity.users.read] /api/reports/lists/identity.users?columns=displayName,displayNameAr,email,language,isActive,lastSignInAt,roleIds,createdAt&language=en&format=xlsx: the XLSX prints 'Staff', which the list does not show that caller (its endpoint's rows, and the lists it may read)
identity.users (permission identity.users.read) as a user holding exactly [identity.users.read] /api/reports/lists/identity.users?columns=displayName,displayNameAr,email,language,isActive,lastSignInAt,roleIds,createdAt&language=en&format=pdf: the PDF prints 'Administrator', which the list does not show that caller (its endpoint's rows, and the lists it may read)
identity.users (permission identity.users.read) as a user holding exactly [identity.users.read] /api/reports/lists/identity.users?columns=displayName,displayNameAr,email,language,isActive,lastSignInAt,roleIds,createdAt&language=en&format=pdf: the PDF prints 'Only g2rc 1', which the list does not show that caller (its endpoint's rows, and the lists it may read)
  Stack Trace:
     at Erp.Gates.Tests.G2.G2ReportDataTests.Every_report_prints_only_data_its_permissions_show_elsewhere() in /work/tests/Erp.Gates.Tests/G2/G2ReportDataTests.cs:line 38
--- End of stack trace from previous location ---
  Standard Output Messages:
 4 reports, 36 permission sets, 5 printable lists, 45 list permission sets, 360 runs, 936 files, 8637 printed values judged in JSON, 23862 in files


[xUnit.net 00:00:27.94]   Finished:    Erp.Gates.Tests (ID = 'd67f9af34c5c91feae69a31c7ab81956a411c8cd54ea4942d23c1fd06e059e25')

Total tests: 2
     Passed: 1
     Failed: 1
Test Run Failed.
 Total time: 28.2280 Seconds
exit 1
