
Build succeeded.
    0 Warning(s)
    0 Error(s)

Time Elapsed 00:00:27.64
Test run for /work/tests/Erp.Gates.Tests/bin/Release/net10.0/Erp.Gates.Tests.dll (.NETCoreApp,Version=v10.0)
A total of 1 test files matched the specified pattern.
[xUnit.net 00:00:00.00] xUnit.net VSTest Adapter v3.1.5+1b188a7b0a (64-bit .NET 10.0.12)
[xUnit.net 00:00:00.29]   Discovering: Erp.Gates.Tests
[xUnit.net 00:00:00.71]   Discovered:  Erp.Gates.Tests
[xUnit.net 00:00:01.00]   Starting:    Erp.Gates.Tests
  Passed Erp.Gates.Tests.G1.DifferentialNormalizationTests.One_pass_gives_what_two_passes_gave(body: "{\"items\":[{\"id\":\"0190a000-0000-7000-8000-0000"···) [22 ms]
  Passed Erp.Gates.Tests.G1.DifferentialNormalizationTests.One_pass_gives_what_two_passes_gave(body: "\"bravo trading\"") [< 1 ms]
  Passed Erp.Gates.Tests.G1.DifferentialNormalizationTests.One_pass_gives_what_two_passes_gave(body: "not json at all: bravo trading, admin@bravo.exampl"···) [1 ms]
  Passed Erp.Gates.Tests.G1.DifferentialNormalizationTests.One_pass_gives_what_two_passes_gave(body: "null") [< 1 ms]
  Passed Erp.Gates.Tests.G1.DifferentialNormalizationTests.One_pass_gives_what_two_passes_gave(body: "{\"type\":\"https://tools.ietf.org/html/rfc9110#se"···) [< 1 ms]
  Passed Erp.Gates.Tests.G1.DifferentialNormalizationTests.One_pass_gives_what_two_passes_gave(body: "42") [< 1 ms]
  Passed Erp.Gates.Tests.G1.DifferentialNormalizationTests.One_pass_gives_what_two_passes_gave(body: "  {\"spaced\" : [ 1 , 2 ] , \"s\" : \"admin@bravo."···) [< 1 ms]
  Passed Erp.Gates.Tests.G1.DifferentialNormalizationTests.One_pass_gives_what_two_passes_gave(body: "{\"bravo trading\":\"key is never scrubbed\",\"x\""···) [< 1 ms]
  Passed Erp.Gates.Tests.G1.DifferentialNormalizationTests.One_pass_gives_what_two_passes_gave(body: "[{\"a\":1.50,\"b\":1e3,\"c\":-0,\"d\":true,\"e\":f"···) [5 ms]
  Passed Erp.Gates.Tests.G1.DifferentialNormalizationTests.One_pass_gives_what_two_passes_gave(body: "{\"nested\":{\"traceId\":\"t\",\"deeper\":[{\"trac"···) [< 1 ms]
  Passed Erp.Gates.Tests.G1.DifferentialNormalizationTests.One_pass_gives_what_two_passes_gave(body: "{\"broken\": bravo}") [< 1 ms]
  Passed Erp.Gates.Tests.G1.DifferentialNormalizationTests.One_pass_gives_what_two_passes_gave(body: "{\"name\":\"شركة برافو\",\"note\":\"مرحبا bravo\","···) [1 ms]
  Passed Erp.Gates.Tests.G1.DifferentialNormalizationTests.One_pass_gives_what_two_passes_gave(body: "") [< 1 ms]
  Passed Erp.Gates.Tests.G1.DifferentialNormalizationTests.One_pass_gives_what_two_passes_gave(body: "{\"a\":1} {\"b\":2}") [< 1 ms]
  Passed Erp.Gates.Tests.G1.G1SignInThrottleTests.Failed_sign_ins_from_one_client_never_lock_the_account_out_for_anyone_else [9 s]
  Passed Erp.Gates.Tests.G2.G2AccountTakeoverTests.No_endpoint_grants_another_modules_permissions_the_caller_lacks [16 s]
  Passed Erp.Gates.Tests.G1.G1SignInThrottleTests.Sign_in_failures_give_one_answer_that_states_no_policy [5 s]
  Passed Erp.Gates.Tests.G1.G1SignInThrottleTests.A_browser_that_signed_in_before_is_not_paused_by_failures_from_its_network_address [7 s]
  Passed Erp.Gates.Tests.G2.G2AccountTakeoverTests.Acting_on_a_record_that_grants_access_needs_everything_it_grants [55 s]
  Passed Erp.Gates.Tests.G2.G2AccountTakeoverTests.Nobody_resets_their_own_password_or_ends_their_own_access_through_administration [773 ms]
  Passed Erp.Gates.Tests.G2.G2AccountTakeoverTests.Acting_on_users_chosen_by_a_search_or_filter_needs_every_permission_they_hold [58 s]
  Passed Erp.Gates.Tests.G1.G1CompanyIsolationTests.A_user_of_company_X_cannot_reach_company_Y_through_any_endpoint [2 m 50 s]
  Passed Erp.Gates.Tests.G2.G2PermissionTests.Every_declared_permission_is_in_the_catalogue_and_every_catalogue_permission_is_used [2 ms]
  Passed Erp.Gates.Tests.G2.G2PermissionTests.Every_permissioned_endpoint_is_enforced_by_a_policy_requiring_its_permission [1 ms]
  Passed Erp.Gates.Tests.G2.G2PermissionTests.Every_endpoint_declares_exactly_one_permission_or_is_reviewed_anonymous [5 ms]
  Passed Erp.Gates.Tests.G2.G2PermissionTests.A_user_whose_roles_grant_nothing_is_denied_everything_and_sees_no_menu [1 s]
  Passed Erp.Gates.Tests.G2.G2PermissionTests.Every_list_endpoint_needs_the_lists_own_permission_and_shared_view_writes_need_sharing [8 s]
  Passed Erp.Gates.Tests.G2.G2PermissionTests.The_host_refuses_to_start_with_an_endpoint_whose_permission_is_not_in_the_catalogue [47 ms]
  Passed Erp.Gates.Tests.G2.G2PermissionTests.Users_cannot_escalate_their_own_privileges [629 ms]
  Passed Erp.Gates.Tests.G2.G2PermissionTests.The_host_refuses_a_permissioned_endpoint_that_also_allows_anonymous_callers [23 ms]
  Passed Erp.Gates.Tests.G2.G2PermissionTests.Creating_a_user_cannot_grant_more_than_the_caller_holds [1 s]
  Passed Erp.Gates.Tests.G2.G2PermissionTests.Anonymous_callers_get_401_from_every_permissioned_endpoint [22 ms]
  Passed Erp.Gates.Tests.G2.G2PermissionTests.The_reviewed_permission_map_catches_a_weaker_permission_an_unreviewed_endpoint_and_a_stale_line [82 ms]
  Passed Erp.Gates.Tests.G2.G2PermissionTests.The_host_refuses_a_permission_declared_as_metadata_that_no_policy_enforces [47 ms]
  Passed Erp.Gates.Tests.G2.G2PermissionTests.Every_registered_list_is_readable_with_its_permission_alone [3 s]
  Passed Erp.Gates.Tests.G2.G2PermissionTests.The_host_refuses_a_list_whose_endpoint_declares_another_permission [60 ms]
  Passed Erp.Gates.Tests.G2.G2PermissionTests.Sharing_a_view_needs_the_share_permission_and_the_lists_own_permission [1 s]
  Passed Erp.Gates.Tests.G2.G2PermissionTests.Undeclared_endpoints_fall_back_to_deny [2 ms]
  Passed Erp.Gates.Tests.G2.G2PermissionTests.The_host_refuses_to_start_with_an_endpoint_that_declares_no_permission [24 ms]
  Passed Erp.Gates.Tests.G2.G2PermissionTests.Requests_that_only_read_cannot_write [16 ms]
  Passed Erp.Gates.Tests.G2.G2PermissionTests.No_endpoint_grants_more_than_the_caller_holds [10 s]
  Passed Erp.Gates.Tests.G2.G2PermissionTests.Every_module_route_is_under_a_reviewed_map_or_derives_its_permission_from_its_list [8 ms]
  Passed Erp.Gates.Tests.G2.G2AccountTakeoverTests.Acting_on_a_user_needs_every_permission_that_user_holds [1 m 27 s]
  Passed Erp.Gates.Tests.G2.G2AccountTakeoverTests.Creating_from_a_role_cannot_grant_more_than_the_caller_holds [2 s]
  Passed Erp.Gates.Tests.G1.G1CompanyScopeTests.Every_company_table_carries_the_standard_company_scope_policy [29 ms]
  Passed Erp.Gates.Tests.G1.G1CompanyScopeTests.The_application_role_sees_and_changes_only_the_bound_companies_in_every_company_table [263 ms]
  Passed Erp.Gates.Tests.G2.G2PermissionTests.Granting_exactly_one_permission_opens_exactly_the_endpoints_that_declare_it [28 s]
  Passed Erp.Gates.Tests.G2.G2PermissionTests.No_endpoint_that_changes_data_is_guarded_by_a_read_permission [3 ms]
  Passed Erp.Gates.Tests.G2.G2PermissionTests.Every_endpoint_under_a_reviewed_prefix_declares_exactly_its_reviewed_permission [8 ms]
  Passed Erp.Gates.Tests.G2.G2PermissionTests.The_declaration_check_catches_AllowAnonymous_stacked_on_a_permission [25 ms]
  Passed Erp.Gates.Tests.SelfTests.GateSelfTests.The_database_check_catches_a_unique_index_across_tenants [182 ms]
  Passed Erp.Gates.Tests.SelfTests.GateSelfTests.The_subject_check_catches_me_endpoints_that_act_on_the_user_a_request_names [4 s]
  Passed Erp.Gates.Tests.SelfTests.GateSelfTests.The_company_grant_check_catches_access_given_without_checking_the_caller_or_the_user [14 s]
  Passed Erp.Gates.Tests.SelfTests.GateSelfTests.The_database_check_catches_a_table_without_row_level_security [101 ms]
  Passed Erp.Gates.Tests.SelfTests.GateSelfTests.The_reachable_state_walk_says_when_it_stopped_at_its_object_budget [365 ms]
  Passed Erp.Gates.Tests.G1.G1BranchScopeAttackTests.A_user_limited_to_one_branch_cannot_reach_another_branch_of_the_company_through_any_endpoint [35 s]
  Passed Erp.Gates.Tests.SelfTests.ResponseTextSelfTests.Only_a_recent_instant_and_a_short_dated_text_are_scrubbed_as_the_print_stamp [1 ms]
  Passed Erp.Gates.Tests.SelfTests.ResponseTextSelfTests.A_compressed_pdf_and_a_zipped_workbook_are_read_for_their_text [38 ms]
  Passed Erp.Gates.Tests.SelfTests.ResponseTextSelfTests.Right_to_left_runs_are_also_given_in_logical_order [< 1 ms]
  Passed Erp.Gates.Tests.G1.G1ClientStateTests.Every_use_of_a_carrier_that_outlives_the_document_is_reviewed [130 ms]
  Passed Erp.Gates.Tests.G1.G1ClientStateTests.Every_piece_of_module_level_state_in_the_web_sources_is_reviewed [28 ms]
  Passed Erp.Gates.Tests.G1.G1ClientStateTests.The_carrier_inventory_finds_the_planted_cookie_and_window_name [7 ms]
  Passed Erp.Gates.Tests.G1.G1ClientStateTests.The_inventory_finds_planted_module_state [1 ms]
  Passed Erp.Gates.Tests.G1.G1DatabaseIsolationTests.Every_table_is_tenant_owned_or_a_reviewed_platform_table [11 ms]
  Passed Erp.Gates.Tests.G1.G1DatabaseIsolationTests.A_tenant_set_for_the_whole_connection_or_left_by_an_earlier_transaction_is_ignored [14 ms]
  Passed Erp.Gates.Tests.G1.G1DatabaseIsolationTests.Application_role_sees_and_changes_only_its_own_tenant_in_every_tenant_table [355 ms]
  Passed Erp.Gates.Tests.G1.G1DatabaseIsolationTests.Foreign_keys_between_tenant_tables_include_the_tenant [8 ms]
  Passed Erp.Gates.Tests.G1.G1DatabaseIsolationTests.Tenant_tables_have_an_id_primary_key [24 ms]
  Passed Erp.Gates.Tests.G1.G1DatabaseIsolationTests.Tenant_tables_enforce_row_level_security_with_the_standard_policy [27 ms]
  Passed Erp.Gates.Tests.G1.G1DatabaseIsolationTests.Security_definer_functions_are_exactly_the_reviewed_ones [6 ms]
  Passed Erp.Gates.Tests.G1.G1DatabaseIsolationTests.Leakproof_functions_are_postgres_defaults_or_reviewed [19 ms]
  Passed Erp.Gates.Tests.G1.G1DatabaseIsolationTests.Audit_trail_is_append_only_for_the_application [8 ms]
  Passed Erp.Gates.Tests.G1.G1DatabaseIsolationTests.Application_role_cannot_bypass_row_level_security_or_become_a_role_that_can [20 ms]
  Passed Erp.Gates.Tests.G1.G1CredentialTests.The_function_owner_writes_only_where_reviewed [64 ms]
  Passed Erp.Gates.Tests.G1.G1CredentialTests.The_sign_in_lookup_reveals_no_hash_and_no_account_before_the_password_is_proven [87 ms]
  Passed Erp.Gates.Tests.G1.G1CredentialTests.The_application_role_can_read_no_stored_credential [21 ms]
  Passed Erp.Gates.Tests.G1.G1CredentialTests.No_reviewed_function_returns_a_credential_column_or_a_whole_row [12 ms]
  Passed Erp.Gates.Tests.G1.G1ReviewedLookupTests.Only_reviewed_source_files_name_a_reviewed_function [63 ms]
  Passed Erp.Gates.Tests.G1.G1ReviewedLookupTests.Every_reviewed_function_has_reviewed_callers_and_sources [2 ms]
  Passed Erp.Gates.Tests.G1.G1ReviewedLookupTests.Reviewed_lookups_answer_nothing_inside_a_tenant_bound_transaction [19 ms]
  Passed Erp.Gates.Tests.G1.G1TenantSettingCodeTests.Only_reviewed_methods_name_the_tenant_setting [46 ms]
  Passed Erp.Gates.Tests.G1.G1TenantSettingCodeTests.The_scan_finds_a_helper_that_names_the_tenant_setting [28 ms]
  Passed Erp.Gates.Tests.G1.G1TenantSourceTests.Only_reviewed_files_choose_a_tenant_or_step_around_the_unit_of_work [94 ms]
  Passed Erp.Gates.Tests.G1.G1TenantSourceTests.The_scanner_catches_every_planted_bypass [3 ms]
  Passed Erp.Gates.Tests.G1.G1TenantValueRuleTests.Every_shape_of_setting_change_is_read_with_its_value [20 ms]
  Passed Erp.Gates.Tests.G1.G1TenantValueRuleTests.A_request_may_run_its_SQL_only_under_the_tenant_it_may_bind [8 ms]
  Passed Erp.Gates.Tests.G1.G1UniqueIndexTests.Unique_indexes_on_tenant_tables_include_the_tenant [55 ms]
  Passed Erp.Gates.Tests.G1.G1WriteOracleTests.Writes_answer_the_same_for_another_tenants_values_as_for_values_that_exist_nowhere [9 s]
  Passed Erp.Gates.Tests.SelfTests.GateSelfTests.The_report_data_check_catches_a_report_printing_data_its_permission_does_not_grant [21 s]
  Passed Erp.Gates.Tests.SelfTests.GateSelfTests.The_reachable_state_walk_judges_every_field_of_registration_objects [4 ms]
  Passed Erp.Gates.Tests.SelfTests.ReportPrintSelfTests.The_report_data_check_catches_exports_beyond_their_document_and_list_prints_beyond_their_list [10 s]
  Passed Erp.Gates.Tests.SelfTests.GateSelfTests.The_set_takeover_check_catches_all_that_match_judging_nothing_or_only_roles_held_everywhere [19 s]
  Passed Erp.Gates.Tests.G2.G2CompanyAccessGrantTests.Company_access_is_given_and_taken_only_within_what_the_caller_holds_and_never_from_a_stronger_user [7 s]
  Passed Erp.Gates.Tests.Rules.StringGateTests.Every_problem_and_validation_code_in_server_code_has_text [18 ms]
  Passed Erp.Gates.Tests.Rules.StringGateTests.Server_string_files_have_matching_English_and_Arabic_keys [11 ms]
  Passed Erp.Gates.Tests.Rules.StringGateTests.Web_string_files_have_matching_English_and_Arabic_keys [3 ms]
  Passed Erp.Gates.Tests.Rules.StringGateTests.Every_permission_module_and_menu_entry_has_labels [8 ms]
  Passed Erp.Gates.Tests.Rules.StringGateTests.Count_messages_use_plural_forms [6 ms]
  Passed Erp.Gates.Tests.SelfTests.GateSelfTests.The_grant_escalation_check_catches_grant_checks_that_compare_only_identity_permissions [22 s]
  Passed Erp.Gates.Tests.SelfTests.GateSelfTests.The_process_state_check_catches_a_static_cache_and_a_stateful_singleton [266 ms]
  Passed Erp.Gates.Tests.G2.G2CompanyRoleTests.A_permission_held_in_one_company_is_denied_while_working_in_another [23 s]
  Passed Erp.Gates.Tests.G2.G2CompanyRoleTests.An_administrator_of_one_company_grants_and_acts_only_within_it [3 s]
  Passed Erp.Gates.Tests.Rules.ShellGateTests.Screens_format_numbers_amounts_and_dates_through_the_kernel_formatter [23 ms]
  Passed Erp.Gates.Tests.Rules.ShellGateTests.Language_and_digit_fields_document_their_allowed_values [133 ms]
  Passed Erp.Gates.Tests.Rules.ShellGateTests.Stylesheets_and_inline_styles_use_logical_directions_only [146 ms]
  Passed Erp.Gates.Tests.Rules.ShellGateTests.Every_navigation_group_has_an_English_and_Arabic_heading [< 1 ms]
  Passed Erp.Gates.Tests.G2.G2ReportDataTests.The_report_catalogue_lists_only_what_the_caller_may_run_and_see [2 s]
[xUnit.net 00:06:36.69]     Erp.Gates.Tests.G2.G2ReportDataTests.Every_report_prints_only_data_its_permissions_show_elsewhere [FAIL]
[xUnit.net 00:06:36.70]       tenancy.companyProfile (permission tenancy.companies.read) as a user holding exactly [tenancy.companies.read]: /api/reports/run/tenancy.companyProfile?company=0191260e-f481-7b02-88a3-f141fae46efa&language=en&format=csv has the columns [Code, Branch, City, Emirate, Phone, Active], the JSON document [] (a file carries exactly the document's columns: none the caller's roles withhold, none twice)
[xUnit.net 00:06:36.70]       tenancy.companyProfile (permission tenancy.companies.read) as a user holding exactly [tenancy.companies.read]: /api/reports/run/tenancy.companyProfile?company=0191260e-f481-7b02-88a3-f141fae46efa&language=en&format=xlsx has the columns [Code, Branch, City, Emirate, Phone, Active], the JSON document [] (a file carries exactly the document's columns: none the caller's roles withhold, none twice)
[xUnit.net 00:06:36.70]       tenancy.companyProfile (permission tenancy.companies.read) as a user holding exactly [tenancy.companies.read] /api/reports/run/tenancy.companyProfile?company=0191260e-f481-7b02-88a3-f141fae46efa&language=en&format=csv: the CSV prints 'A1-BR1', which no other endpoint those permissions open shows
[xUnit.net 00:06:36.70]       tenancy.companyProfile (permission tenancy.companies.read) as a user holding exactly [tenancy.companies.read] /api/reports/run/tenancy.companyProfile?company=0191260e-f481-7b02-88a3-f141fae46efa&language=en&format=csv: the CSV prints 'A1-BR1', which the JSON document of the same request does not (a file prints what the document shows, no more)
[xUnit.net 00:06:36.70]       tenancy.companyProfile (permission tenancy.companies.read) as a user holding exactly [tenancy.companies.read] /api/reports/run/tenancy.companyProfile?company=0191260e-f481-7b02-88a3-f141fae46efa&language=en&format=csv: the CSV prints 'A1-BR2', which no other endpoint those permissions open shows
[xUnit.net 00:06:36.70]       tenancy.companyProfile (permission tenancy.companies.read) as a user holding exactly [tenancy.companies.read] /api/reports/run/tenancy.companyProfile?company=0191260e-f481-7b02-88a3-f141fae46efa&language=en&format=csv: the CSV prints 'A1-BR2', which the JSON document of the same request does not (a file prints what the document shows, no more)
[xUnit.net 00:06:36.70]       tenancy.companyProfile (permission tenancy.companies.read) as a user holding exactly [tenancy.companies.read] /api/reports/run/tenancy.companyProfile?company=0191260e-f481-7b02-88a3-f141fae46efa&language=en&format=csv: the CSV prints 'Alpha Trading branch one', which no other endpoint those permissions open shows
[xUnit.net 00:06:36.70]       tenancy.companyProfile (permission tenancy.companies.read) as a user holding exactly [tenancy.companies.read] /api/reports/run/tenancy.companyProfile?company=0191260e-f481-7b02-88a3-f141fae46efa&language=en&format=csv: the CSV prints 'Alpha Trading branch one', which the JSON document of the same request does not (a file prints what the document shows, no more)
[xUnit.net 00:06:36.70]       tenancy.companyProfile (permission tenancy.companies.read) as a user holding exactly [tenancy.companies.read] /api/reports/run/tenancy.companyProfile?company=0191260e-f481-7b02-88a3-f141fae46efa&language=en&format=csv: the CSV prints 'Alpha Trading branch two', which no other endpoint those permissions open shows
[xUnit.net 00:06:36.70]       tenancy.companyProfile (permission tenancy.companies.read) as a user holding exactly [tenancy.companies.read] /api/reports/run/tenancy.companyProfile?company=0191260e-f481-7b02-88a3-f141fae46efa&language=en&format=csv: the CSV prints 'Alpha Trading branch two', which the JSON document of the same request does not (a file prints what the document shows, no more)
[xUnit.net 00:06:36.70]       tenancy.companyProfile (permission tenancy.companies.read) as a user holding exactly [tenancy.companies.read] /api/reports/run/tenancy.companyProfile?company=0191260e-f481-7b02-88a3-f141fae46efa&language=en&format=csv: the CSV prints '+971 4 000 0011', which no other endpoint those permissions open shows
[xUnit.net 00:06:36.70]       tenancy.companyProfile (permission tenancy.companies.read) as a user holding exactly [tenancy.companies.read] /api/reports/run/tenancy.companyProfile?company=0191260e-f481-7b02-88a3-f141fae46efa&language=en&format=csv: the CSV prints '+971 4 000 0011', which the JSON document of the same request does not (a file prints what the document shows, no more)
[xUnit.net 00:06:36.70]       tenancy.companyProfile (permission tenancy.companies.read) as a user holding exactly [tenancy.companies.read] /api/reports/run/tenancy.companyProfile?company=0191260e-f481-7b02-88a3-f141fae46efa&language=en&format=csv: the CSV prints '+971 6 000 0012', which no other endpoint those permissions open shows
[xUnit.net 00:06:36.70]       tenancy.companyProfile (permission tenancy.companies.read) as a user holding exactly [tenancy.companies.read] /api/reports/run/tenancy.companyProfile?company=0191260e-f481-7b02-88a3-f141fae46efa&language=en&format=csv: the CSV prints '+971 6 000 0012', which the JSON document of the same request does not (a file prints what the document shows, no more)
[xUnit.net 00:06:36.70]       tenancy.companyProfile (permission tenancy.companies.read) as a user holding exactly [tenancy.companies.read] /api/reports/run/tenancy.companyProfile?company=0191260e-f481-7b02-88a3-f141fae46efa&language=en&format=xlsx: the XLSX prints 'A1-BR1', which no other endpoint those permissions open shows
[xUnit.net 00:06:36.70]       tenancy.companyProfile (permission tenancy.companies.read) as a user holding exactly [tenancy.companies.read] /api/reports/run/tenancy.companyProfile?company=0191260e-f481-7b02-88a3-f141fae46efa&language=en&format=xlsx: the XLSX prints 'A1-BR1', which the JSON document of the same request does not (a file prints what the document shows, no more)
[xUnit.net 00:06:36.70]       tenancy.companyProfile (permission tenancy.companies.read) as a user holding exactly [tenancy.companies.read] /api/reports/run/tenancy.companyProfile?company=0191260e-f481-7b02-88a3-f141fae46efa&language=en&format=xlsx: the XLSX prints 'A1-BR2', which no other endpoint those permissions open shows
[xUnit.net 00:06:36.70]       tenancy.companyProfile (permission tenancy.companies.read) as a user holding exactly [tenancy.companies.read] /api/reports/run/tenancy.companyProfile?company=0191260e-f481-7b02-88a3-f141fae46efa&language=en&format=xlsx: the XLSX prints 'A1-BR2', which the JSON document of the same request does not (a file prints what the document shows, no more)
[xUnit.net 00:06:36.70]       tenancy.companyProfile (permission tenancy.companies.read) as a user holding exactly [tenancy.companies.read] /api/reports/run/tenancy.companyProfile?company=0191260e-f481-7b02-88a3-f141fae46efa&language=en&format=xlsx: the XLSX prints 'Alpha Trading branch one', which no other endpoint those permissions open shows
[xUnit.net 00:06:36.70]       tenancy.companyProfile (permission tenancy.companies.read) as a user holding exactly [tenancy.companies.read] /api/reports/run/tenancy.companyProfile?company=0191260e-f481-7b02-88a3-f141fae46efa&language=en&format=xlsx: the XLSX prints 'Alpha Trading branch one', which the JSON document of the same request does not (a file prints what the document shows, no more)
[xUnit.net 00:06:36.70]       tenancy.companyProfile (permission tenancy.companies.read) as a user holding exactly [tenancy.companies.read] /api/reports/run/tenancy.companyProfile?company=0191260e-f481-7b02-88a3-f141fae46efa&language=en&format=xlsx: the XLSX prints 'Alpha Trading branch two', which no other endpoint those permissions open shows
[xUnit.net 00:06:36.70]       tenancy.companyProfile (permission tenancy.companies.read) as a user holding exactly [tenancy.companies.read] /api/reports/run/tenancy.companyProfile?company=0191260e-f481-7b02-88a3-f141fae46efa&language=en&format=xlsx: the XLSX prints 'Alpha Trading branch two', which the JSON document of the same request does not (a file prints what the document shows, no more)
[xUnit.net 00:06:36.70]       tenancy.companyProfile (permission tenancy.companies.read) as a user holding exactly [tenancy.companies.read] /api/reports/run/tenancy.companyProfile?company=0191260e-f481-7b02-88a3-f141fae46efa&language=en&format=xlsx: the XLSX prints '+971 4 000 0011', which no other endpoint those permissions open shows
[xUnit.net 00:06:36.70]       tenancy.companyProfile (permission tenancy.companies.read) as a user holding exactly [tenancy.companies.read] /api/reports/run/tenancy.companyProfile?company=0191260e-f481-7b02-88a3-f141fae46efa&language=en&format=xlsx: the XLSX prints '+971 4 000 0011', which the JSON document of the same request does not (a file prints what the document shows, no more)
[xUnit.net 00:06:36.70]       tenancy.companyProfile (permission tenancy.companies.read) as a user holding exactly [tenancy.companies.read] /api/reports/run/tenancy.companyProfile?company=0191260e-f481-7b02-88a3-f141fae46efa&language=en&format=xlsx: the XLSX prints '+971 6 000 0012', which no other endpoint those permissions open shows
[xUnit.net 00:06:36.70]       tenancy.companyProfile (permission tenancy.companies.read) as a user holding exactly [tenancy.companies.read] /api/reports/run/tenancy.companyProfile?company=0191260e-f481-7b02-88a3-f141fae46efa&language=en&format=xlsx: the XLSX prints '+971 6 000 0012', which the JSON document of the same request does not (a file prints what the document shows, no more)
[xUnit.net 00:06:36.70]       tenancy.companyProfile (permission tenancy.companies.read) as a user holding exactly [tenancy.companies.read]: /api/reports/run/tenancy.companyProfile?company=0191260e-f481-7b02-88a3-f141fae46efa&language=ar&format=csv has the columns [الرمز, الفرع, المدينة, الإمارة, الهاتف, نشط], the JSON document [] (a file carries exactly the document's columns: none the caller's roles withhold, none twice)
[xUnit.net 00:06:36.70]       tenancy.companyProfile (permission tenancy.companies.read) as a user holding exactly [tenancy.companies.read]: /api/reports/run/tenancy.companyProfile?company=0191260e-f481-7b02-88a3-f141fae46efa&language=ar&format=xlsx has the columns [الرمز, الفرع, المدينة, الإمارة, الهاتف, نشط], the JSON document [] (a file carries exactly the document's columns: none the caller's roles withhold, none twice)
[xUnit.net 00:06:36.70]       tenancy.companyProfile (permission tenancy.companies.read) as a user holding exactly [tenancy.companies.read] /api/reports/run/tenancy.companyProfile?company=0191260e-f481-7b02-88a3-f141fae46efa&language=ar&format=csv: the CSV prints 'A1-BR1', which no other endpoint those permissions open shows
[xUnit.net 00:06:36.70]       tenancy.companyProfile (permission tenancy.companies.read) as a user holding exactly [tenancy.companies.read] /api/reports/run/tenancy.companyProfile?company=0191260e-f481-7b02-88a3-f141fae46efa&language=ar&format=csv: the CSV prints 'A1-BR1', which the JSON document of the same request does not (a file prints what the document shows, no more)
[xUnit.net 00:06:36.70]       tenancy.companyProfile (permission tenancy.companies.read) as a user holding exactly [tenancy.companies.read] /api/reports/run/tenancy.companyProfile?company=0191260e-f481-7b02-88a3-f141fae46efa&language=ar&format=csv: the CSV prints 'A1-BR2', which no other endpoint those permissions open shows
[xUnit.net 00:06:36.70]       tenancy.companyProfile (permission tenancy.companies.read) as a user holding exactly [tenancy.companies.read] /api/reports/run/tenancy.companyProfile?company=0191260e-f481-7b02-88a3-f141fae46efa&language=ar&format=csv: the CSV prints 'A1-BR2', which the JSON document of the same request does not (a file prints what the document shows, no more)
[xUnit.net 00:06:36.70]       tenancy.companyProfile (permission tenancy.companies.read) as a user holding exactly [tenancy.companies.read] /api/reports/run/tenancy.companyProfile?company=0191260e-f481-7b02-88a3-f141fae46efa&language=ar&format=csv: the CSV prints 'التجارة فرع أول', which no other endpoint those permissions open shows
[xUnit.net 00:06:36.70]       tenancy.companyProfile (permission tenancy.companies.read) as a user holding exactly [tenancy.companies.read] /api/reports/run/tenancy.companyProfile?company=0191260e-f481-7b02-88a3-f141fae46efa&language=ar&format=csv: the CSV prints 'التجارة فرع أول', which the JSON document of the same request does not (a file prints what the document shows, no more)
[xUnit.net 00:06:36.70]       tenancy.companyProfile (permission tenancy.companies.read) as a user holding exactly [tenancy.companies.read] /api/reports/run/tenancy.companyProfile?company=0191260e-f481-7b02-88a3-f141fae46efa&language=ar&format=csv: the CSV prints 'التجارة فرع ثان', which no other endpoint those permissions open shows
[xUnit.net 00:06:36.70]       tenancy.companyProfile (permission tenancy.companies.read) as a user holding exactly [tenancy.companies.read] /api/reports/run/tenancy.companyProfile?company=0191260e-f481-7b02-88a3-f141fae46efa&language=ar&format=csv: the CSV prints 'التجارة فرع ثان', which the JSON document of the same request does not (a file prints what the document shows, no more)
[xUnit.net 00:06:36.70]       tenancy.companyProfile (permission tenancy.companies.read) as a user holding exactly [tenancy.companies.read] /api/reports/run/tenancy.companyProfile?company=0191260e-f481-7b02-88a3-f141fae46efa&language=ar&format=csv: the CSV prints '+971 4 000 0011', which no other endpoint those permissions open shows
[xUnit.net 00:06:36.70]       tenancy.companyProfile (permission tenancy.companies.read) as a user holding exactly [tenancy.companies.read] /api/reports/run/tenancy.companyProfile?company=0191260e-f481-7b02-88a3-f141fae46efa&language=ar&format=csv: the CSV prints '+971 4 000 0011', which the JSON document of the same request does not (a file prints what the document shows, no more)
[xUnit.net 00:06:36.70]       tenancy.companyProfile (permission tenancy.companies.read) as a user holding exactly [tenancy.companies.read] /api/reports/run/tenancy.companyProfile?company=0191260e-f481-7b02-88a3-f141fae46efa&language=ar&format=csv: the CSV prints '+971 6 000 0012', which no other endpoint those permissions open shows
[xUnit.net 00:06:36.70]       tenancy.companyProfile (permission tenancy.companies.read) as a user holding exactly [tenancy.companies.read] /api/reports/run/tenancy.companyProfile?company=0191260e-f481-7b02-88a3-f141fae46efa&language=ar&format=csv: the CSV prints '+971 6 000 0012', which the JSON document of the same request does not (a file prints what the document shows, no more)
[xUnit.net 00:06:36.70]       tenancy.companyProfile (permission tenancy.companies.read) as a user holding exactly [tenancy.companies.read] /api/reports/run/tenancy.companyProfile?company=0191260e-f481-7b02-88a3-f141fae46efa&language=ar&format=xlsx: the XLSX prints 'A1-BR1', which no other endpoint those permissions open shows
[xUnit.net 00:06:36.70]       tenancy.companyProfile (permission tenancy.companies.read) as a user holding exactly [tenancy.companies.read] /api/reports/run/tenancy.companyProfile?company=0191260e-f481-7b02-88a3-f141fae46efa&language=ar&format=xlsx: the XLSX prints 'A1-BR1', which the JSON document of the same request does not (a file prints what the document shows, no more)
[xUnit.net 00:06:36.70]       tenancy.companyProfile (permission tenancy.companies.read) as a user holding exactly [tenancy.companies.read] /api/reports/run/tenancy.companyProfile?company=0191260e-f481-7b02-88a3-f141fae46efa&language=ar&format=xlsx: the XLSX prints 'A1-BR2', which no other endpoint those permissions open shows
[xUnit.net 00:06:36.70]       tenancy.companyProfile (permission tenancy.companies.read) as a user holding exactly [tenancy.companies.read] /api/reports/run/tenancy.companyProfile?company=0191260e-f481-7b02-88a3-f141fae46efa&language=ar&format=xlsx: the XLSX prints 'A1-BR2', which the JSON document of the same request does not (a file prints what the document shows, no more)
[xUnit.net 00:06:36.70]       tenancy.companyProfile (permission tenancy.companies.read) as a user holding exactly [tenancy.companies.read] /api/reports/run/tenancy.companyProfile?company=0191260e-f481-7b02-88a3-f141fae46efa&language=ar&format=xlsx: the XLSX prints 'التجارة فرع أول', which no other endpoint those permissions open shows
[xUnit.net 00:06:36.70]       tenancy.companyProfile (permission tenancy.companies.read) as a user holding exactly [tenancy.companies.read] /api/reports/run/tenancy.companyProfile?company=0191260e-f481-7b02-88a3-f141fae46efa&language=ar&format=xlsx: the XLSX prints 'التجارة فرع أول', which the JSON document of the same request does not (a file prints what the document shows, no more)
[xUnit.net 00:06:36.70]       tenancy.companyProfile (permission tenancy.companies.read) as a user holding exactly [tenancy.companies.read] /api/reports/run/tenancy.companyProfile?company=0191260e-f481-7b02-88a3-f141fae46efa&language=ar&format=xlsx: the XLSX prints 'التجارة فرع ثان', which no other endpoint those permissions open shows
[xUnit.net 00:06:36.70]       tenancy.companyProfile (permission tenancy.companies.read) as a user holding exactly [tenancy.companies.read] /api/reports/run/tenancy.companyProfile?company=0191260e-f481-7b02-88a3-f141fae46efa&language=ar&format=xlsx: the XLSX prints 'التجارة فرع ثان', which the JSON document of the same request does not (a file prints what the document shows, no more)
[xUnit.net 00:06:36.70]       tenancy.companyProfile (permission tenancy.companies.read) as a user holding exactly [tenancy.companies.read] /api/reports/run/tenancy.companyProfile?company=0191260e-f481-7b02-88a3-f141fae46efa&language=ar&format=xlsx: the XLSX prints '+971 4 000 0011', which no other endpoint those permissions open shows
[xUnit.net 00:06:36.70]       tenancy.companyProfile (permission tenancy.companies.read) as a user holding exactly [tenancy.companies.read] /api/reports/run/tenancy.companyProfile?company=0191260e-f481-7b02-88a3-f141fae46efa&language=ar&format=xlsx: the XLSX prints '+971 4 000 0011', which the JSON document of the same request does not (a file prints what the document shows, no more)
[xUnit.net 00:06:36.70]       tenancy.companyProfile (permission tenancy.companies.read) as a user holding exactly [tenancy.companies.read] /api/reports/run/tenancy.companyProfile?company=0191260e-f481-7b02-88a3-f141fae46efa&language=ar&format=xlsx: the XLSX prints '+971 6 000 0012', which no other endpoint those permissions open shows
[xUnit.net 00:06:36.70]       tenancy.companyProfile (permission tenancy.companies.read) as a user holding exactly [tenancy.companies.read] /api/reports/run/tenancy.companyProfile?company=0191260e-f481-7b02-88a3-f141fae46efa&language=ar&format=xlsx: the XLSX prints '+971 6 000 0012', which the JSON document of the same request does not (a file prints what the document shows, no more)
[xUnit.net 00:06:36.70]       tenancy.companyProfile (permission tenancy.companies.read) as a user holding exactly [tenancy.companies.read]: /api/reports/run/tenancy.companyProfile?company=0191260e-f484-7c49-b9ba-a3d22331387b&language=en&format=csv has the columns [Code, Branch, City, Emirate, Phone, Active], the JSON document [] (a file carries exactly the document's columns: none the caller's roles withhold, none twice)
[xUnit.net 00:06:36.70]       tenancy.companyProfile (permission tenancy.companies.read) as a user holding exactly [tenancy.companies.read]: /api/reports/run/tenancy.companyProfile?company=0191260e-f484-7c49-b9ba-a3d22331387b&language=en&format=xlsx has the columns [Code, Branch, City, Emirate, Phone, Active], the JSON document [] (a file carries exactly the document's columns: none the caller's roles withhold, none twice)
[xUnit.net 00:06:36.70]       tenancy.companyProfile (permission tenancy.companies.read) as a user holding exactly [tenancy.companies.read] /api/reports/run/tenancy.companyProfile?company=0191260e-f484-7c49-b9ba-a3d22331387b&language=en&format=csv: the CSV prints 'A2-BR1', which no other endpoint those permissions open shows
[xUnit.net 00:06:36.70]       tenancy.companyProfile (permission tenancy.companies.read) as a user holding exactly [tenancy.companies.read] /api/reports/run/tenancy.companyProfile?company=0191260e-f484-7c49-b9ba-a3d22331387b&language=en&format=csv: the CSV prints 'A2-BR1', which the JSON document of the same request does not (a file prints what the document shows, no more)
[xUnit.net 00:06:36.70]       tenancy.companyProfile (permission tenancy.companies.read) as a user holding exactly [tenancy.companies.read] /api/reports/run/tenancy.companyProfile?company=0191260e-f484-7c49-b9ba-a3d22331387b&language=en&format=csv: the CSV prints 'A2-BR2', which no other endpoint those permissions open shows
[xUnit.net 00:06:36.70]       tenancy.companyProfile (permission tenancy.companies.read) as a user holding exactly [tenancy.companies.read] /api/reports/run/tenancy.companyProfile?company=0191260e-f484-7c49-b9ba-a3d22331387b&language=en&format=csv: the CSV prints 'A2-BR2', which the JSON document of the same request does not (a file prints what the document shows, no more)
[xUnit.net 00:06:36.70]       tenancy.companyProfile (permission tenancy.companies.read) as a user holding exactly [tenancy.companies.read] /api/reports/run/tenancy.companyProfile?company=0191260e-f484-7c49-b9ba-a3d22331387b&language=en&format=csv: the CSV prints 'Alpha Steel Industries branch one', which no other endpoint those permissions open shows
[xUnit.net 00:06:36.70]       tenancy.companyProfile (permission tenancy.companies.read) as a user holding exactly [tenancy.companies.read] /api/reports/run/tenancy.companyProfile?company=0191260e-f484-7c49-b9ba-a3d22331387b&language=en&format=csv: the CSV prints 'Alpha Steel Industries branch one', which the JSON document of the same request does not (a file prints what the document shows, no more)
[xUnit.net 00:06:36.70]       Stack Trace:
[xUnit.net 00:06:36.70]         /work/tests/Erp.Gates.Tests/G2/G2ReportDataTests.cs(38,0): at Erp.Gates.Tests.G2.G2ReportDataTests.Every_report_prints_only_data_its_permissions_show_elsewhere()
[xUnit.net 00:06:36.70]         --- End of stack trace from previous location ---
[xUnit.net 00:06:36.70]       Output:
[xUnit.net 00:06:36.70]         4 reports, 36 permission sets, 5 printable lists, 45 list permission sets, 360 runs, 936 files, 8493 printed values judged in JSON, 24189 in files
  Failed Erp.Gates.Tests.G2.G2ReportDataTests.Every_report_prints_only_data_its_permissions_show_elsewhere [38 s]
  Error Message:
   tenancy.companyProfile (permission tenancy.companies.read) as a user holding exactly [tenancy.companies.read]: /api/reports/run/tenancy.companyProfile?company=0191260e-f481-7b02-88a3-f141fae46efa&language=en&format=csv has the columns [Code, Branch, City, Emirate, Phone, Active], the JSON document [] (a file carries exactly the document's columns: none the caller's roles withhold, none twice)
tenancy.companyProfile (permission tenancy.companies.read) as a user holding exactly [tenancy.companies.read]: /api/reports/run/tenancy.companyProfile?company=0191260e-f481-7b02-88a3-f141fae46efa&language=en&format=xlsx has the columns [Code, Branch, City, Emirate, Phone, Active], the JSON document [] (a file carries exactly the document's columns: none the caller's roles withhold, none twice)
tenancy.companyProfile (permission tenancy.companies.read) as a user holding exactly [tenancy.companies.read] /api/reports/run/tenancy.companyProfile?company=0191260e-f481-7b02-88a3-f141fae46efa&language=en&format=csv: the CSV prints 'A1-BR1', which no other endpoint those permissions open shows
tenancy.companyProfile (permission tenancy.companies.read) as a user holding exactly [tenancy.companies.read] /api/reports/run/tenancy.companyProfile?company=0191260e-f481-7b02-88a3-f141fae46efa&language=en&format=csv: the CSV prints 'A1-BR1', which the JSON document of the same request does not (a file prints what the document shows, no more)
tenancy.companyProfile (permission tenancy.companies.read) as a user holding exactly [tenancy.companies.read] /api/reports/run/tenancy.companyProfile?company=0191260e-f481-7b02-88a3-f141fae46efa&language=en&format=csv: the CSV prints 'A1-BR2', which no other endpoint those permissions open shows
tenancy.companyProfile (permission tenancy.companies.read) as a user holding exactly [tenancy.companies.read] /api/reports/run/tenancy.companyProfile?company=0191260e-f481-7b02-88a3-f141fae46efa&language=en&format=csv: the CSV prints 'A1-BR2', which the JSON document of the same request does not (a file prints what the document shows, no more)
tenancy.companyProfile (permission tenancy.companies.read) as a user holding exactly [tenancy.companies.read] /api/reports/run/tenancy.companyProfile?company=0191260e-f481-7b02-88a3-f141fae46efa&language=en&format=csv: the CSV prints 'Alpha Trading branch one', which no other endpoint those permissions open shows
tenancy.companyProfile (permission tenancy.companies.read) as a user holding exactly [tenancy.companies.read] /api/reports/run/tenancy.companyProfile?company=0191260e-f481-7b02-88a3-f141fae46efa&language=en&format=csv: the CSV prints 'Alpha Trading branch one', which the JSON document of the same request does not (a file prints what the document shows, no more)
tenancy.companyProfile (permission tenancy.companies.read) as a user holding exactly [tenancy.companies.read] /api/reports/run/tenancy.companyProfile?company=0191260e-f481-7b02-88a3-f141fae46efa&language=en&format=csv: the CSV prints 'Alpha Trading branch two', which no other endpoint those permissions open shows
tenancy.companyProfile (permission tenancy.companies.read) as a user holding exactly [tenancy.companies.read] /api/reports/run/tenancy.companyProfile?company=0191260e-f481-7b02-88a3-f141fae46efa&language=en&format=csv: the CSV prints 'Alpha Trading branch two', which the JSON document of the same request does not (a file prints what the document shows, no more)
tenancy.companyProfile (permission tenancy.companies.read) as a user holding exactly [tenancy.companies.read] /api/reports/run/tenancy.companyProfile?company=0191260e-f481-7b02-88a3-f141fae46efa&language=en&format=csv: the CSV prints '+971 4 000 0011', which no other endpoint those permissions open shows
tenancy.companyProfile (permission tenancy.companies.read) as a user holding exactly [tenancy.companies.read] /api/reports/run/tenancy.companyProfile?company=0191260e-f481-7b02-88a3-f141fae46efa&language=en&format=csv: the CSV prints '+971 4 000 0011', which the JSON document of the same request does not (a file prints what the document shows, no more)
tenancy.companyProfile (permission tenancy.companies.read) as a user holding exactly [tenancy.companies.read] /api/reports/run/tenancy.companyProfile?company=0191260e-f481-7b02-88a3-f141fae46efa&language=en&format=csv: the CSV prints '+971 6 000 0012', which no other endpoint those permissions open shows
tenancy.companyProfile (permission tenancy.companies.read) as a user holding exactly [tenancy.companies.read] /api/reports/run/tenancy.companyProfile?company=0191260e-f481-7b02-88a3-f141fae46efa&language=en&format=csv: the CSV prints '+971 6 000 0012', which the JSON document of the same request does not (a file prints what the document shows, no more)
tenancy.companyProfile (permission tenancy.companies.read) as a user holding exactly [tenancy.companies.read] /api/reports/run/tenancy.companyProfile?company=0191260e-f481-7b02-88a3-f141fae46efa&language=en&format=xlsx: the XLSX prints 'A1-BR1', which no other endpoint those permissions open shows
tenancy.companyProfile (permission tenancy.companies.read) as a user holding exactly [tenancy.companies.read] /api/reports/run/tenancy.companyProfile?company=0191260e-f481-7b02-88a3-f141fae46efa&language=en&format=xlsx: the XLSX prints 'A1-BR1', which the JSON document of the same request does not (a file prints what the document shows, no more)
tenancy.companyProfile (permission tenancy.companies.read) as a user holding exactly [tenancy.companies.read] /api/reports/run/tenancy.companyProfile?company=0191260e-f481-7b02-88a3-f141fae46efa&language=en&format=xlsx: the XLSX prints 'A1-BR2', which no other endpoint those permissions open shows
tenancy.companyProfile (permission tenancy.companies.read) as a user holding exactly [tenancy.companies.read] /api/reports/run/tenancy.companyProfile?company=0191260e-f481-7b02-88a3-f141fae46efa&language=en&format=xlsx: the XLSX prints 'A1-BR2', which the JSON document of the same request does not (a file prints what the document shows, no more)
tenancy.companyProfile (permission tenancy.companies.read) as a user holding exactly [tenancy.companies.read] /api/reports/run/tenancy.companyProfile?company=0191260e-f481-7b02-88a3-f141fae46efa&language=en&format=xlsx: the XLSX prints 'Alpha Trading branch one', which no other endpoint those permissions open shows
tenancy.companyProfile (permission tenancy.companies.read) as a user holding exactly [tenancy.companies.read] /api/reports/run/tenancy.companyProfile?company=0191260e-f481-7b02-88a3-f141fae46efa&language=en&format=xlsx: the XLSX prints 'Alpha Trading branch one', which the JSON document of the same request does not (a file prints what the document shows, no more)
tenancy.companyProfile (permission tenancy.companies.read) as a user holding exactly [tenancy.companies.read] /api/reports/run/tenancy.companyProfile?company=0191260e-f481-7b02-88a3-f141fae46efa&language=en&format=xlsx: the XLSX prints 'Alpha Trading branch two', which no other endpoint those permissions open shows
tenancy.companyProfile (permission tenancy.companies.read) as a user holding exactly [tenancy.companies.read] /api/reports/run/tenancy.companyProfile?company=0191260e-f481-7b02-88a3-f141fae46efa&language=en&format=xlsx: the XLSX prints 'Alpha Trading branch two', which the JSON document of the same request does not (a file prints what the document shows, no more)
tenancy.companyProfile (permission tenancy.companies.read) as a user holding exactly [tenancy.companies.read] /api/reports/run/tenancy.companyProfile?company=0191260e-f481-7b02-88a3-f141fae46efa&language=en&format=xlsx: the XLSX prints '+971 4 000 0011', which no other endpoint those permissions open shows
tenancy.companyProfile (permission tenancy.companies.read) as a user holding exactly [tenancy.companies.read] /api/reports/run/tenancy.companyProfile?company=0191260e-f481-7b02-88a3-f141fae46efa&language=en&format=xlsx: the XLSX prints '+971 4 000 0011', which the JSON document of the same request does not (a file prints what the document shows, no more)
tenancy.companyProfile (permission tenancy.companies.read) as a user holding exactly [tenancy.companies.read] /api/reports/run/tenancy.companyProfile?company=0191260e-f481-7b02-88a3-f141fae46efa&language=en&format=xlsx: the XLSX prints '+971 6 000 0012', which no other endpoint those permissions open shows
tenancy.companyProfile (permission tenancy.companies.read) as a user holding exactly [tenancy.companies.read] /api/reports/run/tenancy.companyProfile?company=0191260e-f481-7b02-88a3-f141fae46efa&language=en&format=xlsx: the XLSX prints '+971 6 000 0012', which the JSON document of the same request does not (a file prints what the document shows, no more)
tenancy.companyProfile (permission tenancy.companies.read) as a user holding exactly [tenancy.companies.read]: /api/reports/run/tenancy.companyProfile?company=0191260e-f481-7b02-88a3-f141fae46efa&language=ar&format=csv has the columns [الرمز, الفرع, المدينة, الإمارة, الهاتف, نشط], the JSON document [] (a file carries exactly the document's columns: none the caller's roles withhold, none twice)
tenancy.companyProfile (permission tenancy.companies.read) as a user holding exactly [tenancy.companies.read]: /api/reports/run/tenancy.companyProfile?company=0191260e-f481-7b02-88a3-f141fae46efa&language=ar&format=xlsx has the columns [الرمز, الفرع, المدينة, الإمارة, الهاتف, نشط], the JSON document [] (a file carries exactly the document's columns: none the caller's roles withhold, none twice)
tenancy.companyProfile (permission tenancy.companies.read) as a user holding exactly [tenancy.companies.read] /api/reports/run/tenancy.companyProfile?company=0191260e-f481-7b02-88a3-f141fae46efa&language=ar&format=csv: the CSV prints 'A1-BR1', which no other endpoint those permissions open shows
tenancy.companyProfile (permission tenancy.companies.read) as a user holding exactly [tenancy.companies.read] /api/reports/run/tenancy.companyProfile?company=0191260e-f481-7b02-88a3-f141fae46efa&language=ar&format=csv: the CSV prints 'A1-BR1', which the JSON document of the same request does not (a file prints what the document shows, no more)
tenancy.companyProfile (permission tenancy.companies.read) as a user holding exactly [tenancy.companies.read] /api/reports/run/tenancy.companyProfile?company=0191260e-f481-7b02-88a3-f141fae46efa&language=ar&format=csv: the CSV prints 'A1-BR2', which no other endpoint those permissions open shows
tenancy.companyProfile (permission tenancy.companies.read) as a user holding exactly [tenancy.companies.read] /api/reports/run/tenancy.companyProfile?company=0191260e-f481-7b02-88a3-f141fae46efa&language=ar&format=csv: the CSV prints 'A1-BR2', which the JSON document of the same request does not (a file prints what the document shows, no more)
tenancy.companyProfile (permission tenancy.companies.read) as a user holding exactly [tenancy.companies.read] /api/reports/run/tenancy.companyProfile?company=0191260e-f481-7b02-88a3-f141fae46efa&language=ar&format=csv: the CSV prints 'التجارة فرع أول', which no other endpoint those permissions open shows
tenancy.companyProfile (permission tenancy.companies.read) as a user holding exactly [tenancy.companies.read] /api/reports/run/tenancy.companyProfile?company=0191260e-f481-7b02-88a3-f141fae46efa&language=ar&format=csv: the CSV prints 'التجارة فرع أول', which the JSON document of the same request does not (a file prints what the document shows, no more)
tenancy.companyProfile (permission tenancy.companies.read) as a user holding exactly [tenancy.companies.read] /api/reports/run/tenancy.companyProfile?company=0191260e-f481-7b02-88a3-f141fae46efa&language=ar&format=csv: the CSV prints 'التجارة فرع ثان', which no other endpoint those permissions open shows
tenancy.companyProfile (permission tenancy.companies.read) as a user holding exactly [tenancy.companies.read] /api/reports/run/tenancy.companyProfile?company=0191260e-f481-7b02-88a3-f141fae46efa&language=ar&format=csv: the CSV prints 'التجارة فرع ثان', which the JSON document of the same request does not (a file prints what the document shows, no more)
tenancy.companyProfile (permission tenancy.companies.read) as a user holding exactly [tenancy.companies.read] /api/reports/run/tenancy.companyProfile?company=0191260e-f481-7b02-88a3-f141fae46efa&language=ar&format=csv: the CSV prints '+971 4 000 0011', which no other endpoint those permissions open shows
tenancy.companyProfile (permission tenancy.companies.read) as a user holding exactly [tenancy.companies.read] /api/reports/run/tenancy.companyProfile?company=0191260e-f481-7b02-88a3-f141fae46efa&language=ar&format=csv: the CSV prints '+971 4 000 0011', which the JSON document of the same request does not (a file prints what the document shows, no more)
tenancy.companyProfile (permission tenancy.companies.read) as a user holding exactly [tenancy.companies.read] /api/reports/run/tenancy.companyProfile?company=0191260e-f481-7b02-88a3-f141fae46efa&language=ar&format=csv: the CSV prints '+971 6 000 0012', which no other endpoint those permissions open shows
tenancy.companyProfile (permission tenancy.companies.read) as a user holding exactly [tenancy.companies.read] /api/reports/run/tenancy.companyProfile?company=0191260e-f481-7b02-88a3-f141fae46efa&language=ar&format=csv: the CSV prints '+971 6 000 0012', which the JSON document of the same request does not (a file prints what the document shows, no more)
tenancy.companyProfile (permission tenancy.companies.read) as a user holding exactly [tenancy.companies.read] /api/reports/run/tenancy.companyProfile?company=0191260e-f481-7b02-88a3-f141fae46efa&language=ar&format=xlsx: the XLSX prints 'A1-BR1', which no other endpoint those permissions open shows
tenancy.companyProfile (permission tenancy.companies.read) as a user holding exactly [tenancy.companies.read] /api/reports/run/tenancy.companyProfile?company=0191260e-f481-7b02-88a3-f141fae46efa&language=ar&format=xlsx: the XLSX prints 'A1-BR1', which the JSON document of the same request does not (a file prints what the document shows, no more)
tenancy.companyProfile (permission tenancy.companies.read) as a user holding exactly [tenancy.companies.read] /api/reports/run/tenancy.companyProfile?company=0191260e-f481-7b02-88a3-f141fae46efa&language=ar&format=xlsx: the XLSX prints 'A1-BR2', which no other endpoint those permissions open shows
tenancy.companyProfile (permission tenancy.companies.read) as a user holding exactly [tenancy.companies.read] /api/reports/run/tenancy.companyProfile?company=0191260e-f481-7b02-88a3-f141fae46efa&language=ar&format=xlsx: the XLSX prints 'A1-BR2', which the JSON document of the same request does not (a file prints what the document shows, no more)
tenancy.companyProfile (permission tenancy.companies.read) as a user holding exactly [tenancy.companies.read] /api/reports/run/tenancy.companyProfile?company=0191260e-f481-7b02-88a3-f141fae46efa&language=ar&format=xlsx: the XLSX prints 'التجارة فرع أول', which no other endpoint those permissions open shows
tenancy.companyProfile (permission tenancy.companies.read) as a user holding exactly [tenancy.companies.read] /api/reports/run/tenancy.companyProfile?company=0191260e-f481-7b02-88a3-f141fae46efa&language=ar&format=xlsx: the XLSX prints 'التجارة فرع أول', which the JSON document of the same request does not (a file prints what the document shows, no more)
tenancy.companyProfile (permission tenancy.companies.read) as a user holding exactly [tenancy.companies.read] /api/reports/run/tenancy.companyProfile?company=0191260e-f481-7b02-88a3-f141fae46efa&language=ar&format=xlsx: the XLSX prints 'التجارة فرع ثان', which no other endpoint those permissions open shows
tenancy.companyProfile (permission tenancy.companies.read) as a user holding exactly [tenancy.companies.read] /api/reports/run/tenancy.companyProfile?company=0191260e-f481-7b02-88a3-f141fae46efa&language=ar&format=xlsx: the XLSX prints 'التجارة فرع ثان', which the JSON document of the same request does not (a file prints what the document shows, no more)
tenancy.companyProfile (permission tenancy.companies.read) as a user holding exactly [tenancy.companies.read] /api/reports/run/tenancy.companyProfile?company=0191260e-f481-7b02-88a3-f141fae46efa&language=ar&format=xlsx: the XLSX prints '+971 4 000 0011', which no other endpoint those permissions open shows
tenancy.companyProfile (permission tenancy.companies.read) as a user holding exactly [tenancy.companies.read] /api/reports/run/tenancy.companyProfile?company=0191260e-f481-7b02-88a3-f141fae46efa&language=ar&format=xlsx: the XLSX prints '+971 4 000 0011', which the JSON document of the same request does not (a file prints what the document shows, no more)
tenancy.companyProfile (permission tenancy.companies.read) as a user holding exactly [tenancy.companies.read] /api/reports/run/tenancy.companyProfile?company=0191260e-f481-7b02-88a3-f141fae46efa&language=ar&format=xlsx: the XLSX prints '+971 6 000 0012', which no other endpoint those permissions open shows
tenancy.companyProfile (permission tenancy.companies.read) as a user holding exactly [tenancy.companies.read] /api/reports/run/tenancy.companyProfile?company=0191260e-f481-7b02-88a3-f141fae46efa&language=ar&format=xlsx: the XLSX prints '+971 6 000 0012', which the JSON document of the same request does not (a file prints what the document shows, no more)
tenancy.companyProfile (permission tenancy.companies.read) as a user holding exactly [tenancy.companies.read]: /api/reports/run/tenancy.companyProfile?company=0191260e-f484-7c49-b9ba-a3d22331387b&language=en&format=csv has the columns [Code, Branch, City, Emirate, Phone, Active], the JSON document [] (a file carries exactly the document's columns: none the caller's roles withhold, none twice)
tenancy.companyProfile (permission tenancy.companies.read) as a user holding exactly [tenancy.companies.read]: /api/reports/run/tenancy.companyProfile?company=0191260e-f484-7c49-b9ba-a3d22331387b&language=en&format=xlsx has the columns [Code, Branch, City, Emirate, Phone, Active], the JSON document [] (a file carries exactly the document's columns: none the caller's roles withhold, none twice)
tenancy.companyProfile (permission tenancy.companies.read) as a user holding exactly [tenancy.companies.read] /api/reports/run/tenancy.companyProfile?company=0191260e-f484-7c49-b9ba-a3d22331387b&language=en&format=csv: the CSV prints 'A2-BR1', which no other endpoint those permissions open shows
tenancy.companyProfile (permission tenancy.companies.read) as a user holding exactly [tenancy.companies.read] /api/reports/run/tenancy.companyProfile?company=0191260e-f484-7c49-b9ba-a3d22331387b&language=en&format=csv: the CSV prints 'A2-BR1', which the JSON document of the same request does not (a file prints what the document shows, no more)
tenancy.companyProfile (permission tenancy.companies.read) as a user holding exactly [tenancy.companies.read] /api/reports/run/tenancy.companyProfile?company=0191260e-f484-7c49-b9ba-a3d22331387b&language=en&format=csv: the CSV prints 'A2-BR2', which no other endpoint those permissions open shows
tenancy.companyProfile (permission tenancy.companies.read) as a user holding exactly [tenancy.companies.read] /api/reports/run/tenancy.companyProfile?company=0191260e-f484-7c49-b9ba-a3d22331387b&language=en&format=csv: the CSV prints 'A2-BR2', which the JSON document of the same request does not (a file prints what the document shows, no more)
tenancy.companyProfile (permission tenancy.companies.read) as a user holding exactly [tenancy.companies.read] /api/reports/run/tenancy.companyProfile?company=0191260e-f484-7c49-b9ba-a3d22331387b&language=en&format=csv: the CSV prints 'Alpha Steel Industries branch one', which no other endpoint those permissions open shows
tenancy.companyProfile (permission tenancy.companies.read) as a user holding exactly [tenancy.companies.read] /api/reports/run/tenancy.companyProfile?company=0191260e-f484-7c49-b9ba-a3d22331387b&language=en&format=csv: the CSV prints 'Alpha Steel Industries branch one', which the JSON document of the same request does not (a file prints what the document shows, no more)
  Stack Trace:
     at Erp.Gates.Tests.G2.G2ReportDataTests.Every_report_prints_only_data_its_permissions_show_elsewhere() in /work/tests/Erp.Gates.Tests/G2/G2ReportDataTests.cs:line 38
--- End of stack trace from previous location ---
  Standard Output Messages:
 4 reports, 36 permission sets, 5 printable lists, 45 list permission sets, 360 runs, 936 files, 8493 printed values judged in JSON, 24189 in files


  Passed Erp.Gates.Tests.Rules.ReportGateTests.Every_report_and_printable_list_renders_in_every_format_and_both_languages [2 s]
  Passed Erp.Gates.Tests.Rules.ReportGateTests.Every_list_is_printable_and_every_report_is_well_formed [3 ms]
  Passed Erp.Gates.Tests.SelfTests.GateSelfTests.The_grant_bearing_record_check_catches_access_checks_that_compare_only_identity_permissions [1 m 5 s]
  Passed Erp.Gates.Tests.SelfTests.GateSelfTests.The_company_policy_check_catches_a_company_table_without_the_company_scope [46 ms]
  Passed Erp.Gates.Tests.SelfTests.GateSelfTests.The_grant_bearing_record_check_catches_a_role_delete_without_the_grant_check [< 1 ms]
  Passed Erp.Gates.Tests.SelfTests.GateSelfTests.The_grant_bearing_record_check_catches_an_edit_that_skips_the_access_check_when_only_the_email_changes [< 1 ms]
  Passed Erp.Gates.Tests.SelfTests.GateSelfTests.The_grant_escalation_check_catches_an_endpoint_that_grants_any_role [< 1 ms]
  Passed Erp.Gates.Tests.SelfTests.GateSelfTests.The_permission_checks_catch_a_write_guarded_by_a_read_permission_and_a_read_that_writes [177 ms]
  Passed Erp.Gates.Tests.SelfTests.WriteOracleSelfTests.The_write_oracle_check_catches_a_create_that_refuses_another_tenants_address [5 s]
  Passed Erp.Gates.Tests.Rules.AuditGateTests.Every_tenant_table_carries_the_audit_trigger_unless_reviewed_exempt [15 ms]
  Passed Erp.Gates.Tests.Rules.AuditGateTests.Changing_ones_own_interface_preferences_is_audited_field_by_field [608 ms]
  Passed Erp.Gates.Tests.Rules.AuditGateTests.Writes_through_the_API_leave_field_level_audit_rows_attributed_to_the_user [173 ms]
  Passed Erp.Gates.Tests.Rules.AuditGateTests.Writes_that_bypass_the_ORM_are_audited_too [23 ms]
  Passed Erp.Gates.Tests.Rules.AuditGateTests.Passwords_are_redacted_in_the_audit_trail [272 ms]
  Passed Erp.Gates.Tests.Rules.BulkTimeoutGateTests.Only_the_seed_runner_and_the_platform_build_the_application_pools [21 ms]
  Passed Erp.Gates.Tests.Rules.BulkTimeoutGateTests.Bulk_code_never_sets_a_literal_command_timeout_or_opens_its_own_connection [11 ms]
  Passed Erp.Gates.Tests.Rules.BulkTimeoutGateTests.The_seed_runner_puts_every_tenant_seed_on_the_bulk_pool [< 1 ms]
  Passed Erp.Gates.Tests.Rules.LicenceGateTests.The_font_check_catches_an_unreviewed_font_changed_bytes_and_a_missing_licence [7 ms]
  Passed Erp.Gates.Tests.Rules.LicenceGateTests.Every_NuGet_package_has_an_allowed_licence [42 ms]
  Passed Erp.Gates.Tests.Rules.LicenceGateTests.Every_font_file_in_the_repository_is_reviewed_with_its_licence_beside_it [29 ms]
  Passed Erp.Gates.Tests.Rules.LicenceGateTests.Every_npm_package_has_an_allowed_licence [20 ms]
  Passed Erp.Gates.Tests.Rules.ListContractGateTests.Every_sortable_column_orders_its_list_both_ways_and_keyset_paging_matches_one_page [1 s]
  Passed Erp.Gates.Tests.Rules.ListContractGateTests.Every_filterable_column_filters_its_list_and_other_columns_are_refused [1 s]
  Passed Erp.Gates.Tests.Rules.ListContractGateTests.Every_registered_list_documents_the_list_query_contract_and_its_definition [193 ms]
  Passed Erp.Gates.Tests.Rules.ListContractGateTests.Every_search_field_is_searched_word_by_word_and_grouping_counts_every_row_once [543 ms]
  Passed Erp.Gates.Tests.Rules.ListIndexGateTests.Search_fields_and_sortable_columns_of_database_lists_are_indexed [64 ms]
  Passed Erp.Gates.Tests.Rules.ModuleBoundaryGateTests.Modules_use_one_another_only_through_their_contracts [7 ms]
  Passed Erp.Gates.Tests.Rules.ModuleBoundaryGateTests.The_boundary_check_catches_a_module_reaching_into_another_one [1 ms]
  Passed Erp.Gates.Tests.Rules.MoneyGateTests.No_floating_point_or_money_columns_in_the_database [2 ms]
  Passed Erp.Gates.Tests.Rules.MoneyGateTests.No_float_or_double_in_server_code [16 ms]
  Passed Erp.Gates.Tests.Rules.MoneyGateTests.No_parseFloat_in_front_end_code [7 ms]
  Passed Erp.Gates.Tests.Rules.OpenApiGateTests.OpenApi_document_covers_every_endpoint_with_its_permission [3 ms]
  Passed Erp.Gates.Tests.Rules.OpenApiGateTests.Decimals_are_documented_as_strings [9 ms]
  Passed Erp.Gates.Tests.Rules.OpenApiGateTests.The_served_description_is_the_whole_current_document_the_same_for_every_caller [89 ms]
  Passed Erp.Gates.Tests.Rules.RegistrationGateTests.Every_registered_list_is_served_as_a_page_whose_rows_carry_its_columns [5 ms]
  Passed Erp.Gates.Tests.Rules.RegistrationGateTests.Navigation_reaches_every_screen_and_every_menu_entry_opens_a_screen_with_its_permission [5 ms]
  Passed Erp.Gates.Tests.G1.G1ProcessStateTests.Process_wide_state_is_immutable_or_reviewed [127 ms]
  Passed Erp.Gates.Tests.G2.G2SubjectTests.An_action_on_the_caller_never_acts_on_another_user_the_request_names [24 s]
  Passed Erp.Gates.Tests.G1.G1NonInterferenceTests.What_tenant_A_is_answered_never_depends_on_what_tenant_B_did [8 m 11 s]
[xUnit.net 00:16:24.84]   Finished:    Erp.Gates.Tests (ID = 'd67f9af34c5c91feae69a31c7ab81956a411c8cd54ea4942d23c1fd06e059e25')
  Passed Erp.Gates.Tests.G1.G1HttpIsolationTests.Tenant_A_cannot_reach_tenant_B_through_any_endpoint [15 m 34 s]

Total tests: 148
     Passed: 147
     Failed: 1
 Total time: 16.4346 Minutes
Test Run Failed.
exit 1
