[1mBuilding the application image[0m
 Image erp-app:c-p06-form-report-r4-plant Building 
#1 [internal] load local bake definitions
#1 reading from stdin 703B done
#1 DONE 0.0s

#2 [internal] load build definition from Dockerfile
#2 transferring dockerfile: 2.14kB done
#2 DONE 0.1s

#3 resolve image config for docker-image://docker.io/docker/dockerfile:1
#3 DONE 1.1s

#4 docker-image://docker.io/docker/dockerfile:1@sha256:4edf897a3ffa55b89f906fc8cc78afdb3f1834cc9c7083565e611a8a7d5fe99e
#4 resolve docker.io/docker/dockerfile:1@sha256:4edf897a3ffa55b89f906fc8cc78afdb3f1834cc9c7083565e611a8a7d5fe99e 0.0s done
#4 CACHED

#5 [internal] load metadata for mcr.microsoft.com/dotnet/aspnet:10.0
#5 ...

#6 [internal] load metadata for mcr.microsoft.com/dotnet/sdk:10.0
#6 DONE 0.3s

#5 [internal] load metadata for mcr.microsoft.com/dotnet/aspnet:10.0
#5 DONE 0.3s

#7 [internal] load metadata for docker.io/library/node:22-alpine
#7 DONE 0.9s

#8 [internal] load .dockerignore
#8 transferring context: 187B done
#8 DONE 0.1s

#9 [web 1/6] FROM docker.io/library/node:22-alpine@sha256:0a7108bf6c7bf5de370ffb1a3ed6be93d405b43ff159f681a8d18c0e2bc2e402
#9 resolve docker.io/library/node:22-alpine@sha256:0a7108bf6c7bf5de370ffb1a3ed6be93d405b43ff159f681a8d18c0e2bc2e402 0.1s done
#9 DONE 0.1s

#10 [stage-3 1/4] FROM mcr.microsoft.com/dotnet/aspnet:10.0@sha256:222759b391a1aaf241166672c8f99b2d4ada452e7b5319f3c6e8f265a37b5ad4
#10 resolve mcr.microsoft.com/dotnet/aspnet:10.0@sha256:222759b391a1aaf241166672c8f99b2d4ada452e7b5319f3c6e8f265a37b5ad4 0.1s done
#10 DONE 0.1s

#11 [build 1/7] FROM mcr.microsoft.com/dotnet/sdk:10.0@sha256:e70cdb7f80b0348f5cb85f19a8f670fca061f033d57eed12fa003d58b0e06317
#11 resolve mcr.microsoft.com/dotnet/sdk:10.0@sha256:e70cdb7f80b0348f5cb85f19a8f670fca061f033d57eed12fa003d58b0e06317 0.1s done
#11 DONE 0.1s

#12 [internal] load build context
#12 transferring context: 2.82MB 0.1s done
#12 DONE 0.1s

#13 [strings 2/3] COPY web/src/modules/ /modules/
#13 CACHED

#14 [strings 3/3] RUN cd /modules && mkdir /strings && for d in */i18n; do mkdir -p "/strings/$d" && cp "$d"/*.json "/strings/$d/"; done
#14 CACHED

#15 [build 2/7] WORKDIR /src
#15 CACHED

#16 [build 3/7] COPY global.json Directory.Build.props Directory.Packages.props ./
#16 CACHED

#17 [build 4/7] COPY src/ src/
#17 DONE 0.1s

#18 [build 5/7] RUN --mount=type=secret,id=extra_ca,target=/run/secrets/extra_ca --mount=type=cache,target=/root/.nuget/packages     if [ -s /run/secrets/extra_ca ]; then cat /run/secrets/extra_ca >>/etc/ssl/certs/ca-certificates.crt; fi;     dotnet restore src/Host/Erp.Host/Erp.Host.csproj
#18 1.213   Determining projects to restore...
#18 2.717   Restored /src/src/Modules/Tenancy/Erp.Modules.Tenancy.Contracts/Erp.Modules.Tenancy.Contracts.csproj (in 145 ms).
#18 2.721   Restored /src/src/Modules/Lists/Erp.Modules.Lists.Contracts/Erp.Modules.Lists.Contracts.csproj (in 145 ms).
#18 2.723   Restored /src/src/Modules/Reports/Erp.Modules.Reports.Contracts/Erp.Modules.Reports.Contracts.csproj (in 145 ms).
#18 3.749   Restored /src/src/Modules/Identity/Erp.Modules.Identity.Contracts/Erp.Modules.Identity.Contracts.csproj (in 1.21 sec).
#18 3.756   Restored /src/src/Modules/Reports/Erp.Modules.Reports/Erp.Modules.Reports.csproj (in 1.22 sec).
#18 3.762   Restored /src/src/Host/Erp.Host/Erp.Host.csproj (in 1.21 sec).
#18 3.816   Restored /src/src/Modules/Lists/Erp.Modules.Lists/Erp.Modules.Lists.csproj (in 1.27 sec).
#18 3.817   Restored /src/src/Kernel/Erp.Kernel/Erp.Kernel.csproj (in 1.28 sec).
#18 3.817   Restored /src/src/Modules/Tenancy/Erp.Modules.Tenancy/Erp.Modules.Tenancy.csproj (in 1.27 sec).
#18 3.818   Restored /src/src/Modules/Identity/Erp.Modules.Identity/Erp.Modules.Identity.csproj (in 1.27 sec).
#18 DONE 4.0s

#19 [build 6/7] COPY --from=strings /strings/ web/src/modules/
#19 DONE 0.1s

#20 [build 7/7] RUN --mount=type=cache,target=/root/.nuget/packages dotnet publish src/Host/Erp.Host/Erp.Host.csproj -c Release -o /app --no-restore
#20 4.770   Erp.Modules.Tenancy.Contracts -> /src/src/Modules/Tenancy/Erp.Modules.Tenancy.Contracts/bin/Release/net10.0/Erp.Modules.Tenancy.Contracts.dll
#20 4.772   Erp.Modules.Lists.Contracts -> /src/src/Modules/Lists/Erp.Modules.Lists.Contracts/bin/Release/net10.0/Erp.Modules.Lists.Contracts.dll
#20 4.772   Erp.Modules.Reports.Contracts -> /src/src/Modules/Reports/Erp.Modules.Reports.Contracts/bin/Release/net10.0/Erp.Modules.Reports.Contracts.dll
#20 7.104   Erp.Kernel -> /src/src/Kernel/Erp.Kernel/bin/Release/net10.0/Erp.Kernel.dll
#20 7.888   Erp.Modules.Identity.Contracts -> /src/src/Modules/Identity/Erp.Modules.Identity.Contracts/bin/Release/net10.0/Erp.Modules.Identity.Contracts.dll
#20 9.315   Erp.Modules.Lists -> /src/src/Modules/Lists/Erp.Modules.Lists/bin/Release/net10.0/Erp.Modules.Lists.dll
#20 12.12   Erp.Modules.Reports -> /src/src/Modules/Reports/Erp.Modules.Reports/bin/Release/net10.0/Erp.Modules.Reports.dll
#20 12.55   Erp.Modules.Tenancy -> /src/src/Modules/Tenancy/Erp.Modules.Tenancy/bin/Release/net10.0/Erp.Modules.Tenancy.dll
#20 12.64   Erp.Modules.Identity -> /src/src/Modules/Identity/Erp.Modules.Identity/bin/Release/net10.0/Erp.Modules.Identity.dll
#20 13.55   Erp.Host -> /src/src/Host/Erp.Host/bin/Release/net10.0/Erp.Host.dll
#20 13.70   Erp.Host -> /app/
#20 DONE 14.0s

#21 [web 2/6] WORKDIR /web
#21 CACHED

#22 [web 3/6] COPY web/package.json web/package-lock.json ./
#22 CACHED

#23 [web 4/6] RUN --mount=type=secret,id=extra_ca,target=/run/secrets/extra_ca --mount=type=cache,target=/root/.npm     if [ -s /run/secrets/extra_ca ]; then export NODE_EXTRA_CA_CERTS=/run/secrets/extra_ca; fi;     npm ci --no-audit --no-fund
#23 CACHED

#24 [web 5/6] COPY web/ ./
#24 CACHED

#25 [web 6/6] RUN npm run check && npm run build
#25 CACHED

#26 [stage-3 2/4] WORKDIR /app
#26 CACHED

#27 [stage-3 3/4] COPY --from=build /app ./
#27 DONE 0.2s

#28 [stage-3 4/4] COPY --from=web /web/dist ./wwwroot
#28 DONE 0.1s

#29 exporting to image
#29 exporting layers
#29 exporting layers 3.8s done
#29 exporting manifest sha256:b6e69617e8759a163ce7870c888613613b65ee72ef9211717735804fe3d43fba 0.0s done
#29 exporting config sha256:5d25fbfa6164775af3a0fe89c47b0407054ce2886a31c9305c7d0d72e96ccafd 0.0s done
#29 exporting attestation manifest sha256:13a93f0bd4f19c2cab2ec74b2ec1d3104ffc75610d50747f30ded0a2fc19c21e 0.1s done
#29 exporting manifest list sha256:d5b55b133f98cc5fc7b8095481c423ee641f86a1a2576f4dd18861d4f3ffa6f7
#29 exporting manifest list sha256:d5b55b133f98cc5fc7b8095481c423ee641f86a1a2576f4dd18861d4f3ffa6f7 0.0s done
#29 naming to docker.io/library/erp-app:c-p06-form-report-r4-plant done
#29 unpacking to docker.io/library/erp-app:c-p06-form-report-r4-plant
#29 unpacking to docker.io/library/erp-app:c-p06-form-report-r4-plant 0.6s done
#29 DONE 4.6s

#30 resolving provenance for metadata file
#30 DONE 0.0s
 Image erp-app:c-p06-form-report-r4-plant Built 
[1mStarting PostgreSQL, setting up the database (roles, migrations, seed: 2000 users) and serving[0m
 Network c-p06-form-report-r4-plant_default Creating 
 Network c-p06-form-report-r4-plant_default Created 
 Volume c-p06-form-report-r4-plant_db-data Creating 
 Volume c-p06-form-report-r4-plant_db-data Created 
 Container c-p06-form-report-r4-plant-db-1 Creating 
 Container c-p06-form-report-r4-plant-db-1 Created 
 Container c-p06-form-report-r4-plant-db-1 Starting 
 Container c-p06-form-report-r4-plant-db-1 Started 
 Container c-p06-form-report-r4-plant-db-1 Waiting 
 Container c-p06-form-report-r4-plant-db-1 Healthy 
 Container c-p06-form-report-r4-plant-db-1 Running 
 Container c-p06-form-report-r4-plant-setup-1 Creating 
 Container c-p06-form-report-r4-plant-setup-1 Created 
Attaching to setup-1
 Container c-p06-form-report-r4-plant-db-1 Waiting 
 Container c-p06-form-report-r4-plant-db-1 Healthy 
 Container c-p06-form-report-r4-plant-setup-1 Starting 
 Container c-p06-form-report-r4-plant-setup-1 Started 
setup-1  | info: Erp.Kernel.Data.DatabaseBootstrap[0]
setup-1  |       Creating database erp
setup-1  | info: Erp.Kernel.Data.DatabaseMigrator[0]
setup-1  |       Migrating KernelDbContext: 4 pending
setup-1  | info: Erp.Kernel.Data.DatabaseMigrator[0]
setup-1  |       Migrating TenancyDbContext: 4 pending
setup-1  | info: Erp.Kernel.Data.DatabaseMigrator[0]
setup-1  |       Migrating IdentityDbContext: 7 pending
setup-1  | info: Erp.Kernel.Data.DatabaseMigrator[0]
setup-1  |       Migrating ListsDbContext: 1 pending
setup-1  | info: Erp.Kernel.Seeding.SeedRunner[0]
setup-1  |       Seeded tenant alnoor (Demo) in 2607 ms
setup-1  | info: Erp.Kernel.Seeding.SeedRunner[0]
setup-1  |       Seeded tenant gulfsteel (Demo) in 631 ms
setup-1  | info: Erp.Kernel.Data.DatabaseMigrator[0]
setup-1  |       Refreshed statistics and index lists in 1001 ms
[Ksetup-1 exited with code 0
 Compose Stopping Aborting on container exit...
 Container c-p06-form-report-r4-plant-setup-1 Stopping 
 Container c-p06-form-report-r4-plant-setup-1 Stopped 
 Container c-p06-form-report-r4-plant-db-1 Running 
 Container c-p06-form-report-r4-plant-app-1 Creating 
 Container c-p06-form-report-r4-plant-app-1 Created 
 Container c-p06-form-report-r4-plant-db-1 Waiting 
 Container c-p06-form-report-r4-plant-db-1 Healthy 
 Container c-p06-form-report-r4-plant-setup-1 Starting 
 Container c-p06-form-report-r4-plant-setup-1 Started 
 Container c-p06-form-report-r4-plant-setup-1 Waiting 
 Container c-p06-form-report-r4-plant-setup-1 Exited 
 Container c-p06-form-report-r4-plant-app-1 Starting 
 Container c-p06-form-report-r4-plant-app-1 Started 

[1mThe demo is running (50 s): http://localhost:20670[0m

  Sign in (password for every demo user: Demo-Pass-2026)
    admin@alnoor.example       Administrator, English
    admin.ar@alnoor.example    Administrator, Arabic
    viewer@alnoor.example      Read-only role
    noaccess@alnoor.example    No roles (sees nothing)
    admin@gulfsteel.example    Administrator of the second workspace

  Team sign-in addresses (the e-mail domain is filled in: type the part before "@", Enter, password, Enter)
    http://localhost:20670/?domain=alnoor.example
    http://localhost:20670/?domain=gulfsteel.example

  API description: http://localhost:20670/api/openapi/v1.json
  Database:        localhost:20671 (./erp psql)
  Stop:            ./erp down        (add --volumes to delete the data)
