Test run for /work/tests/Erp.Gates.Tests/bin/Release/net10.0/Erp.Gates.Tests.dll (.NETCoreApp,Version=v10.0)
A total of 1 test files matched the specified pattern.
[xUnit.net 00:00:00.00] xUnit.net VSTest Adapter v3.1.5+1b188a7b0a (64-bit .NET 10.0.12)
[xUnit.net 00:00:00.18]   Discovering: Erp.Gates.Tests
[xUnit.net 00:00:00.47]   Discovered:  Erp.Gates.Tests
[xUnit.net 00:00:00.62]   Starting:    Erp.Gates.Tests
  Passed Erp.Gates.Tests.SelfTests.GateSelfTests.The_database_check_catches_a_unique_index_across_tenants [107 ms]
  Passed Erp.Gates.Tests.SelfTests.GateSelfTests.The_subject_check_catches_me_endpoints_that_act_on_the_user_a_request_names [3 s]
  Passed Erp.Gates.Tests.SelfTests.GateSelfTests.The_company_grant_check_catches_access_given_without_checking_the_caller_or_the_user [11 s]
  Passed Erp.Gates.Tests.SelfTests.GateSelfTests.The_database_check_catches_a_table_without_row_level_security [73 ms]
  Passed Erp.Gates.Tests.SelfTests.GateSelfTests.The_reachable_state_walk_says_when_it_stopped_at_its_object_budget [457 ms]
  Passed Erp.Gates.Tests.SelfTests.GateSelfTests.The_report_data_check_catches_a_report_printing_data_its_permission_does_not_grant [26 s]
  Passed Erp.Gates.Tests.SelfTests.GateSelfTests.The_reachable_state_walk_judges_every_field_of_registration_objects [5 ms]
  Passed Erp.Gates.Tests.SelfTests.GateSelfTests.The_set_takeover_check_catches_all_that_match_judging_nothing_or_only_roles_held_everywhere [19 s]
  Passed Erp.Gates.Tests.SelfTests.GateSelfTests.The_grant_escalation_check_catches_grant_checks_that_compare_only_identity_permissions [1 m 6 s]
  Passed Erp.Gates.Tests.SelfTests.GateSelfTests.The_process_state_check_catches_a_static_cache_and_a_stateful_singleton [490 ms]
  Passed Erp.Gates.Tests.G1.G1CompanyIsolationTests.A_user_of_company_X_cannot_reach_company_Y_through_any_endpoint [3 m 14 s]
  Passed Erp.Gates.Tests.SelfTests.ResponseTextSelfTests.Only_a_recent_instant_and_a_short_dated_text_are_scrubbed_as_the_print_stamp [3 ms]
  Passed Erp.Gates.Tests.SelfTests.ResponseTextSelfTests.A_compressed_pdf_and_a_zipped_workbook_are_read_for_their_text [39 ms]
  Passed Erp.Gates.Tests.SelfTests.ResponseTextSelfTests.Right_to_left_runs_are_also_given_in_logical_order [< 1 ms]
[xUnit.net 00:03:42.47]     Erp.Gates.Tests.G1.G1SignInThrottleTests.Failed_sign_ins_from_one_client_never_lock_the_account_out_for_anyone_else [FAIL]
[xUnit.net 00:03:42.48]       Assert.Equal() Failure: Values differ
[xUnit.net 00:03:42.48]       Expected: Created
[xUnit.net 00:03:42.48]       Actual:   Conflict
[xUnit.net 00:03:42.48]       Stack Trace:
[xUnit.net 00:03:42.48]         /work/tests/Erp.Gates.Tests/G1/G1SignInThrottleTests.cs(166,0): at Erp.Gates.Tests.G1.G1SignInThrottleTests.CreateUserAsync(HttpClient admin, String email, String password)
[xUnit.net 00:03:42.48]         /work/tests/Erp.Gates.Tests/G1/G1SignInThrottleTests.cs(42,0): at Erp.Gates.Tests.G1.G1SignInThrottleTests.Failed_sign_ins_from_one_client_never_lock_the_account_out_for_anyone_else()
[xUnit.net 00:03:42.48]         --- End of stack trace from previous location ---
  Failed Erp.Gates.Tests.G1.G1SignInThrottleTests.Failed_sign_ins_from_one_client_never_lock_the_account_out_for_anyone_else [2 s]
  Error Message:
   Assert.Equal() Failure: Values differ
Expected: Created
Actual:   Conflict
  Stack Trace:
     at Erp.Gates.Tests.G1.G1SignInThrottleTests.CreateUserAsync(HttpClient admin, String email, String password) in /work/tests/Erp.Gates.Tests/G1/G1SignInThrottleTests.cs:line 166
   at Erp.Gates.Tests.G1.G1SignInThrottleTests.Failed_sign_ins_from_one_client_never_lock_the_account_out_for_anyone_else() in /work/tests/Erp.Gates.Tests/G1/G1SignInThrottleTests.cs:line 42
--- End of stack trace from previous location ---
  Passed Erp.Gates.Tests.G1.G1SignInThrottleTests.Sign_in_failures_give_one_answer_that_states_no_policy [6 s]
  Passed Erp.Gates.Tests.G1.G1SignInThrottleTests.A_browser_that_signed_in_before_is_not_paused_by_failures_from_its_network_address [7 s]
  Passed Erp.Gates.Tests.G2.G2PermissionTests.Every_declared_permission_is_in_the_catalogue_and_every_catalogue_permission_is_used [6 ms]
  Passed Erp.Gates.Tests.G2.G2PermissionTests.Every_permissioned_endpoint_is_enforced_by_a_policy_requiring_its_permission [1 ms]
  Passed Erp.Gates.Tests.G2.G2PermissionTests.Every_endpoint_declares_exactly_one_permission_or_is_reviewed_anonymous [23 ms]
  Passed Erp.Gates.Tests.G2.G2PermissionTests.A_user_whose_roles_grant_nothing_is_denied_everything_and_sees_no_menu [2 s]
  Passed Erp.Gates.Tests.G2.G2PermissionTests.Every_list_endpoint_needs_the_lists_own_permission_and_shared_view_writes_need_sharing [12 s]
  Passed Erp.Gates.Tests.G2.G2PermissionTests.The_host_refuses_to_start_with_an_endpoint_whose_permission_is_not_in_the_catalogue [53 ms]
  Passed Erp.Gates.Tests.G2.G2PermissionTests.Users_cannot_escalate_their_own_privileges [943 ms]
  Passed Erp.Gates.Tests.G2.G2PermissionTests.The_host_refuses_a_permissioned_endpoint_that_also_allows_anonymous_callers [117 ms]
  Passed Erp.Gates.Tests.G2.G2PermissionTests.Creating_a_user_cannot_grant_more_than_the_caller_holds [1 s]
  Passed Erp.Gates.Tests.G2.G2PermissionTests.Anonymous_callers_get_401_from_every_permissioned_endpoint [25 ms]
  Passed Erp.Gates.Tests.G2.G2PermissionTests.The_reviewed_permission_map_catches_a_weaker_permission_an_unreviewed_endpoint_and_a_stale_line [99 ms]
  Passed Erp.Gates.Tests.G2.G2PermissionTests.The_host_refuses_a_permission_declared_as_metadata_that_no_policy_enforces [67 ms]
  Passed Erp.Gates.Tests.G2.G2PermissionTests.Every_registered_list_is_readable_with_its_permission_alone [5 s]
  Passed Erp.Gates.Tests.G2.G2PermissionTests.The_host_refuses_a_list_whose_endpoint_declares_another_permission [48 ms]
  Passed Erp.Gates.Tests.G2.G2PermissionTests.Sharing_a_view_needs_the_share_permission_and_the_lists_own_permission [1 s]
  Passed Erp.Gates.Tests.G2.G2PermissionTests.Undeclared_endpoints_fall_back_to_deny [< 1 ms]
  Passed Erp.Gates.Tests.G2.G2PermissionTests.The_host_refuses_to_start_with_an_endpoint_that_declares_no_permission [31 ms]
  Passed Erp.Gates.Tests.G2.G2PermissionTests.Requests_that_only_read_cannot_write [8 ms]
  Passed Erp.Gates.Tests.SelfTests.GateSelfTests.The_grant_bearing_record_check_catches_access_checks_that_compare_only_identity_permissions [2 m 11 s]
[xUnit.net 00:04:36.53]     Erp.Gates.Tests.SelfTests.GateSelfTests.The_permission_checks_catch_a_write_guarded_by_a_read_permission_and_a_read_that_writes [FAIL]
[xUnit.net 00:04:36.53]       Assert.DoesNotContain() Failure: Filter matched in collection
[xUnit.net 00:04:36.53]                    ↓ (pos 0)
[xUnit.net 00:04:36.53]       Collection: ["POST /api/identity/users/{id:guid}/unblock changes"···, "POST /api/leaky/users/{id:guid}/reactivate changes"···, "POST /api/lists/leaky.people/views changes data bu"···, "DELETE /api/lists/leaky.people/views/{id:guid} cha"···, "PUT /api/lists/leaky.people/views/{id:guid} change"···, ···]
[xUnit.net 00:04:36.53]       Stack Trace:
[xUnit.net 00:04:36.53]         /work/tests/Erp.Gates.Tests/SelfTests/GateSelfTests.cs(620,0): at Erp.Gates.Tests.SelfTests.GateSelfTests.The_permission_checks_catch_a_write_guarded_by_a_read_permission_and_a_read_that_writes()
[xUnit.net 00:04:36.53]         --- End of stack trace from previous location ---
  Passed Erp.Gates.Tests.SelfTests.GateSelfTests.The_company_policy_check_catches_a_company_table_without_the_company_scope [56 ms]
  Passed Erp.Gates.Tests.SelfTests.GateSelfTests.The_grant_bearing_record_check_catches_a_role_delete_without_the_grant_check [1 ms]
  Passed Erp.Gates.Tests.SelfTests.GateSelfTests.The_grant_bearing_record_check_catches_an_edit_that_skips_the_access_check_when_only_the_email_changes [1 ms]
  Passed Erp.Gates.Tests.SelfTests.GateSelfTests.The_grant_escalation_check_catches_an_endpoint_that_grants_any_role [< 1 ms]
  Failed Erp.Gates.Tests.SelfTests.GateSelfTests.The_permission_checks_catch_a_write_guarded_by_a_read_permission_and_a_read_that_writes [7 ms]
  Error Message:
   Assert.DoesNotContain() Failure: Filter matched in collection
             ↓ (pos 0)
Collection: ["POST /api/identity/users/{id:guid}/unblock changes"···, "POST /api/leaky/users/{id:guid}/reactivate changes"···, "POST /api/lists/leaky.people/views changes data bu"···, "DELETE /api/lists/leaky.people/views/{id:guid} cha"···, "PUT /api/lists/leaky.people/views/{id:guid} change"···, ···]
  Stack Trace:
     at Erp.Gates.Tests.SelfTests.GateSelfTests.The_permission_checks_catch_a_write_guarded_by_a_read_permission_and_a_read_that_writes() in /work/tests/Erp.Gates.Tests/SelfTests/GateSelfTests.cs:line 620
--- End of stack trace from previous location ---
  Passed Erp.Gates.Tests.G2.G2PermissionTests.No_endpoint_grants_more_than_the_caller_holds [13 s]
  Passed Erp.Gates.Tests.G2.G2PermissionTests.Every_module_route_is_under_a_reviewed_map_or_derives_its_permission_from_its_list [9 ms]
[xUnit.net 00:05:03.18]     Erp.Gates.Tests.SelfTests.WriteOracleSelfTests.The_write_oracle_check_catches_a_create_that_refuses_another_tenants_address [FAIL]
[xUnit.net 00:05:03.18]       Assert.DoesNotContain() Failure: Filter matched in collection
[xUnit.net 00:05:03.18]                    ↓ (pos 0)
[xUnit.net 00:05:03.18]       Collection: ["POST /api/identity/users [email]: tenant A sending"···, "POST /api/leaky/accounts [email]: tenant A sending"···, "POST /api/leaky/companies [code]: tenant A sending"···, "POST /api/leaky/registered-roles [nameEn]: tenant "···, "PUT /api/leaky/branch-names/{id:guid}: no POST /ap"···, ···]
[xUnit.net 00:05:03.18]       Stack Trace:
[xUnit.net 00:05:03.19]         /work/tests/Erp.Gates.Tests/SelfTests/GateSelfTests.cs(726,0): at Erp.Gates.Tests.SelfTests.WriteOracleSelfTests.The_write_oracle_check_catches_a_create_that_refuses_another_tenants_address()
[xUnit.net 00:05:03.19]         --- End of stack trace from previous location ---
  Failed Erp.Gates.Tests.SelfTests.WriteOracleSelfTests.The_write_oracle_check_catches_a_create_that_refuses_another_tenants_address [19 s]
  Error Message:
   Assert.DoesNotContain() Failure: Filter matched in collection
             ↓ (pos 0)
Collection: ["POST /api/identity/users [email]: tenant A sending"···, "POST /api/leaky/accounts [email]: tenant A sending"···, "POST /api/leaky/companies [code]: tenant A sending"···, "POST /api/leaky/registered-roles [nameEn]: tenant "···, "PUT /api/leaky/branch-names/{id:guid}: no POST /ap"···, ···]
  Stack Trace:
     at Erp.Gates.Tests.SelfTests.WriteOracleSelfTests.The_write_oracle_check_catches_a_create_that_refuses_another_tenants_address() in /work/tests/Erp.Gates.Tests/SelfTests/GateSelfTests.cs:line 726
--- End of stack trace from previous location ---
  Passed Erp.Gates.Tests.G2.G2PermissionTests.Granting_exactly_one_permission_opens_exactly_the_endpoints_that_declare_it [44 s]
[xUnit.net 00:05:20.95]     Erp.Gates.Tests.G2.G2PermissionTests.No_endpoint_that_changes_data_is_guarded_by_a_read_permission [FAIL]
[xUnit.net 00:05:20.95]       POST /api/identity/users/{id:guid}/unblock changes data but declares the read permission identity.users.read: declare the permission for the change (for example .update), mark it .ReadOnlyOperation() if it only reads, or review it in tests/Gates/read-permission-writes.txt
[xUnit.net 00:05:20.95]       Stack Trace:
[xUnit.net 00:05:20.95]         /work/tests/Erp.Gates.Tests/G2/G2PermissionTests.cs(248,0): at Erp.Gates.Tests.G2.G2PermissionTests.No_endpoint_that_changes_data_is_guarded_by_a_read_permission()
[xUnit.net 00:05:20.95]            at System.RuntimeMethodHandle.InvokeMethod(ObjectHandleOnStack target, Void** arguments, ObjectHandleOnStack sig, BOOL isConstructor, ObjectHandleOnStack result)
[xUnit.net 00:05:20.95]            at System.RuntimeMethodHandle.InvokeMethod(ObjectHandleOnStack target, Void** arguments, ObjectHandleOnStack sig, BOOL isConstructor, ObjectHandleOnStack result)
[xUnit.net 00:05:20.95]            at System.Reflection.MethodBaseInvoker.InterpretedInvoke_Method(Object obj, IntPtr* args)
[xUnit.net 00:05:20.95]            at System.Reflection.RuntimeMethodInfo.Invoke(Object obj, BindingFlags invokeAttr, Binder binder, Object[] parameters, CultureInfo culture)
[xUnit.net 00:05:20.95]     Erp.Gates.Tests.G2.G2PermissionTests.Every_endpoint_under_a_reviewed_prefix_declares_exactly_its_reviewed_permission [FAIL]
[xUnit.net 00:05:20.95]       POST /api/identity/users/{id:guid}/unblock declares identity.users.read; the reviewed map identity.txt says identity.users.update
[xUnit.net 00:05:20.95]       Stack Trace:
[xUnit.net 00:05:20.95]         /work/tests/Erp.Gates.Tests/G2/G2PermissionTests.cs(95,0): at Erp.Gates.Tests.G2.G2PermissionTests.Every_endpoint_under_a_reviewed_prefix_declares_exactly_its_reviewed_permission()
[xUnit.net 00:05:20.95]            at System.RuntimeMethodHandle.InvokeMethod(ObjectHandleOnStack target, Void** arguments, ObjectHandleOnStack sig, BOOL isConstructor, ObjectHandleOnStack result)
[xUnit.net 00:05:20.95]            at System.RuntimeMethodHandle.InvokeMethod(ObjectHandleOnStack target, Void** arguments, ObjectHandleOnStack sig, BOOL isConstructor, ObjectHandleOnStack result)
[xUnit.net 00:05:20.95]            at System.Reflection.MethodBaseInvoker.InterpretedInvoke_Method(Object obj, IntPtr* args)
[xUnit.net 00:05:20.95]            at System.Reflection.RuntimeMethodInfo.Invoke(Object obj, BindingFlags invokeAttr, Binder binder, Object[] parameters, CultureInfo culture)
[xUnit.net 00:05:20.95]       Output:
[xUnit.net 00:05:20.95]         44 endpoints compared with 3 reviewed map(s)
  Failed Erp.Gates.Tests.G2.G2PermissionTests.No_endpoint_that_changes_data_is_guarded_by_a_read_permission [2 ms]
  Error Message:
   POST /api/identity/users/{id:guid}/unblock changes data but declares the read permission identity.users.read: declare the permission for the change (for example .update), mark it .ReadOnlyOperation() if it only reads, or review it in tests/Gates/read-permission-writes.txt
  Stack Trace:
     at Erp.Gates.Tests.G2.G2PermissionTests.No_endpoint_that_changes_data_is_guarded_by_a_read_permission() in /work/tests/Erp.Gates.Tests/G2/G2PermissionTests.cs:line 248
   at System.RuntimeMethodHandle.InvokeMethod(ObjectHandleOnStack target, Void** arguments, ObjectHandleOnStack sig, BOOL isConstructor, ObjectHandleOnStack result)
   at System.RuntimeMethodHandle.InvokeMethod(ObjectHandleOnStack target, Void** arguments, ObjectHandleOnStack sig, BOOL isConstructor, ObjectHandleOnStack result)
   at System.Reflection.MethodBaseInvoker.InterpretedInvoke_Method(Object obj, IntPtr* args)
   at System.Reflection.RuntimeMethodInfo.Invoke(Object obj, BindingFlags invokeAttr, Binder binder, Object[] parameters, CultureInfo culture)
  Failed Erp.Gates.Tests.G2.G2PermissionTests.Every_endpoint_under_a_reviewed_prefix_declares_exactly_its_reviewed_permission [2 ms]
  Error Message:
   POST /api/identity/users/{id:guid}/unblock declares identity.users.read; the reviewed map identity.txt says identity.users.update
  Stack Trace:
     at Erp.Gates.Tests.G2.G2PermissionTests.Every_endpoint_under_a_reviewed_prefix_declares_exactly_its_reviewed_permission() in /work/tests/Erp.Gates.Tests/G2/G2PermissionTests.cs:line 95
   at System.RuntimeMethodHandle.InvokeMethod(ObjectHandleOnStack target, Void** arguments, ObjectHandleOnStack sig, BOOL isConstructor, ObjectHandleOnStack result)
   at System.RuntimeMethodHandle.InvokeMethod(ObjectHandleOnStack target, Void** arguments, ObjectHandleOnStack sig, BOOL isConstructor, ObjectHandleOnStack result)
   at System.Reflection.MethodBaseInvoker.InterpretedInvoke_Method(Object obj, IntPtr* args)
   at System.Reflection.RuntimeMethodInfo.Invoke(Object obj, BindingFlags invokeAttr, Binder binder, Object[] parameters, CultureInfo culture)
  Standard Output Messages:
 44 endpoints compared with 3 reviewed map(s)


  Passed Erp.Gates.Tests.G2.G2PermissionTests.The_declaration_check_catches_AllowAnonymous_stacked_on_a_permission [16 ms]
  Passed Erp.Gates.Tests.G2.G2AccountTakeoverTests.No_endpoint_grants_another_modules_permissions_the_caller_lacks [15 s]
  Passed Erp.Gates.Tests.G1.G1BranchScopeAttackTests.A_user_limited_to_one_branch_cannot_reach_another_branch_of_the_company_through_any_endpoint [57 s]
  Passed Erp.Gates.Tests.G1.G1ClientStateTests.Every_use_of_a_carrier_that_outlives_the_document_is_reviewed [140 ms]
  Passed Erp.Gates.Tests.G1.G1ClientStateTests.Every_piece_of_module_level_state_in_the_web_sources_is_reviewed [27 ms]
  Passed Erp.Gates.Tests.G1.G1ClientStateTests.The_carrier_inventory_finds_the_planted_cookie_and_window_name [19 ms]
  Passed Erp.Gates.Tests.G1.G1ClientStateTests.The_inventory_finds_planted_module_state [2 ms]
  Passed Erp.Gates.Tests.G1.G1CompanyScopeTests.Every_company_table_carries_the_standard_company_scope_policy [66 ms]
  Passed Erp.Gates.Tests.G1.G1CompanyScopeTests.The_application_role_sees_and_changes_only_the_bound_companies_in_every_company_table [345 ms]
  Passed Erp.Gates.Tests.G1.G1CredentialTests.The_function_owner_writes_only_where_reviewed [117 ms]
  Passed Erp.Gates.Tests.G1.G1CredentialTests.The_sign_in_lookup_reveals_no_hash_and_no_account_before_the_password_is_proven [219 ms]
  Passed Erp.Gates.Tests.G1.G1CredentialTests.The_application_role_can_read_no_stored_credential [102 ms]
  Passed Erp.Gates.Tests.G1.G1CredentialTests.No_reviewed_function_returns_a_credential_column_or_a_whole_row [8 ms]
  Passed Erp.Gates.Tests.G1.G1DatabaseIsolationTests.Every_table_is_tenant_owned_or_a_reviewed_platform_table [34 ms]
  Passed Erp.Gates.Tests.G1.G1DatabaseIsolationTests.A_tenant_set_for_the_whole_connection_or_left_by_an_earlier_transaction_is_ignored [48 ms]
  Passed Erp.Gates.Tests.G1.G1DatabaseIsolationTests.Application_role_sees_and_changes_only_its_own_tenant_in_every_tenant_table [1 s]
  Passed Erp.Gates.Tests.G1.G1DatabaseIsolationTests.Foreign_keys_between_tenant_tables_include_the_tenant [9 ms]
  Passed Erp.Gates.Tests.G1.G1DatabaseIsolationTests.Tenant_tables_have_an_id_primary_key [49 ms]
  Passed Erp.Gates.Tests.G1.G1DatabaseIsolationTests.Tenant_tables_enforce_row_level_security_with_the_standard_policy [182 ms]
  Passed Erp.Gates.Tests.G1.G1DatabaseIsolationTests.Security_definer_functions_are_exactly_the_reviewed_ones [15 ms]
  Passed Erp.Gates.Tests.G1.G1DatabaseIsolationTests.Leakproof_functions_are_postgres_defaults_or_reviewed [42 ms]
  Passed Erp.Gates.Tests.G1.G1DatabaseIsolationTests.Audit_trail_is_append_only_for_the_application [25 ms]
  Passed Erp.Gates.Tests.G1.G1DatabaseIsolationTests.Application_role_cannot_bypass_row_level_security_or_become_a_role_that_can [62 ms]
  Passed Erp.Gates.Tests.G1.G1ReviewedLookupTests.Only_reviewed_source_files_name_a_reviewed_function [129 ms]
  Passed Erp.Gates.Tests.G1.G1ReviewedLookupTests.Every_reviewed_function_has_reviewed_callers_and_sources [7 ms]
  Passed Erp.Gates.Tests.G1.G1ReviewedLookupTests.Reviewed_lookups_answer_nothing_inside_a_tenant_bound_transaction [22 ms]
  Passed Erp.Gates.Tests.G1.G1TenantSettingCodeTests.Only_reviewed_methods_name_the_tenant_setting [71 ms]
  Passed Erp.Gates.Tests.G1.G1TenantSettingCodeTests.The_scan_finds_a_helper_that_names_the_tenant_setting [59 ms]
  Passed Erp.Gates.Tests.G1.G1TenantSourceTests.Only_reviewed_files_choose_a_tenant_or_step_around_the_unit_of_work [223 ms]
  Passed Erp.Gates.Tests.G1.G1TenantSourceTests.The_scanner_catches_every_planted_bypass [3 ms]
  Passed Erp.Gates.Tests.G1.G1TenantValueRuleTests.Every_shape_of_setting_change_is_read_with_its_value [60 ms]
  Passed Erp.Gates.Tests.G1.G1TenantValueRuleTests.A_request_may_run_its_SQL_only_under_the_tenant_it_may_bind [13 ms]
  Passed Erp.Gates.Tests.G1.G1UniqueIndexTests.Unique_indexes_on_tenant_tables_include_the_tenant [113 ms]
  Passed Erp.Gates.Tests.G2.G2AccountTakeoverTests.Acting_on_a_record_that_grants_access_needs_everything_it_grants [1 m 23 s]
  Passed Erp.Gates.Tests.G2.G2AccountTakeoverTests.Nobody_resets_their_own_password_or_ends_their_own_access_through_administration [773 ms]
[xUnit.net 00:06:52.60]     Erp.Gates.Tests.G1.G1WriteOracleTests.Writes_answer_the_same_for_another_tenants_values_as_for_values_that_exist_nowhere [FAIL]
[xUnit.net 00:06:52.60]       POST /api/identity/users [email]: tenant A sending a value written by tenant B through this endpoint answered 409, a value that exists nowhere answered 201: the answer tells tenant A what tenant B holds ({"type":"urn:erp:problem:identity.emailTaken","title":"A user with this e-mail already exists in this workspace.","status":409,"code":"identity.emailTaken","traceId":"00-1e5fe2d498ff418f0ca1e669b321a0… / {"id":"01a11d70-7336-734a-a632-1f884410dd93","email":"oracle.536ba421b1bcx@bravo-cnryfc6c2d2169.example","displayName":"G2 536ba421b1bcf4 2","language":"en","isActive":true,"roleIds":[],"lastSignInAt"…)
[xUnit.net 00:06:52.60]       POST /api/identity/users [email]: tenant A sending a value from tenant B's seed data answered 409, a value that exists nowhere answered 201: the answer tells tenant A what tenant B holds ({"type":"urn:erp:problem:identity.emailTaken","title":"A user with this e-mail already exists in this workspace.","status":409,"code":"identity.emailTaken","traceId":"00-44a6fc0b3bc92d6dae03c7f5bde591… / {"id":"01a11d70-7503-7267-bdaa-8f5922487690","email":"oracle.536ba421b1bcs@bravo-cnryfc6c2d2169.example","displayName":"G2 536ba421b1bcf5 2","language":"en","isActive":true,"roleIds":[],"lastSignInAt"…)
[xUnit.net 00:06:52.60]       Stack Trace:
[xUnit.net 00:06:52.60]         /work/tests/Erp.Gates.Tests/G1/G1WriteOracle.cs(317,0): at Erp.Gates.Tests.G1.G1WriteOracleTests.Writes_answer_the_same_for_another_tenants_values_as_for_values_that_exist_nowhere()
[xUnit.net 00:06:52.60]         --- End of stack trace from previous location ---
[xUnit.net 00:06:52.60]       Output:
[xUnit.net 00:06:52.60]         57 differential write checks on POST /api/identity/roles, POST /api/identity/roles/{id:guid}/copy, POST /api/identity/users, POST /api/lists/identity.roles/shared-views, POST /api/lists/identity.roles/views, POST /api/lists/identity.users/shared-views, POST /api/lists/identity.users/views, POST /api/lists/tenancy.access/shared-views, POST /api/lists/tenancy.access/views, POST /api/lists/tenancy.branches/shared-views, POST /api/lists/tenancy.branches/views, POST /api/lists/tenancy.companies/shared-views, POST /api/lists/tenancy.companies/views, POST /api/tenancy/branches, POST /api/tenancy/companies, PUT /api/identity/roles/{id:guid}, PUT /api/identity/users/{id:guid}, PUT /api/lists/identity.roles/shared-views/{id:guid}, PUT /api/lists/identity.roles/views/{id:guid}, PUT /api/lists/identity.users/shared-views/{id:guid}, PUT /api/lists/identity.users/views/{id:guid}, PUT /api/lists/tenancy.access/shared-views/{id:guid}, PUT /api/lists/tenancy.access/views/{id:guid}, PUT /api/lists/tenancy.branches/shared-views/{id:guid}, PUT /api/lists/tenancy.branches/views/{id:guid}, PUT /api/lists/tenancy.companies/shared-views/{id:guid}, PUT /api/lists/tenancy.companies/views/{id:guid}, PUT /api/tenancy/branches/{id:guid}, PUT /api/tenancy/companies/{id:guid}, PUT /api/tenancy/tenant
  Failed Erp.Gates.Tests.G1.G1WriteOracleTests.Writes_answer_the_same_for_another_tenants_values_as_for_values_that_exist_nowhere [14 s]
  Error Message:
   POST /api/identity/users [email]: tenant A sending a value written by tenant B through this endpoint answered 409, a value that exists nowhere answered 201: the answer tells tenant A what tenant B holds ({"type":"urn:erp:problem:identity.emailTaken","title":"A user with this e-mail already exists in this workspace.","status":409,"code":"identity.emailTaken","traceId":"00-1e5fe2d498ff418f0ca1e669b321a0… / {"id":"01a11d70-7336-734a-a632-1f884410dd93","email":"oracle.536ba421b1bcx@bravo-cnryfc6c2d2169.example","displayName":"G2 536ba421b1bcf4 2","language":"en","isActive":true,"roleIds":[],"lastSignInAt"…)
POST /api/identity/users [email]: tenant A sending a value from tenant B's seed data answered 409, a value that exists nowhere answered 201: the answer tells tenant A what tenant B holds ({"type":"urn:erp:problem:identity.emailTaken","title":"A user with this e-mail already exists in this workspace.","status":409,"code":"identity.emailTaken","traceId":"00-44a6fc0b3bc92d6dae03c7f5bde591… / {"id":"01a11d70-7503-7267-bdaa-8f5922487690","email":"oracle.536ba421b1bcs@bravo-cnryfc6c2d2169.example","displayName":"G2 536ba421b1bcf5 2","language":"en","isActive":true,"roleIds":[],"lastSignInAt"…)
  Stack Trace:
     at Erp.Gates.Tests.G1.G1WriteOracleTests.Writes_answer_the_same_for_another_tenants_values_as_for_values_that_exist_nowhere() in /work/tests/Erp.Gates.Tests/G1/G1WriteOracle.cs:line 317
--- End of stack trace from previous location ---
  Standard Output Messages:
 57 differential write checks on POST /api/identity/roles, POST /api/identity/roles/{id:guid}/copy, POST /api/identity/users, POST /api/lists/identity.roles/shared-views, POST /api/lists/identity.roles/views, POST /api/lists/identity.users/shared-views, POST /api/lists/identity.users/views, POST /api/lists/tenancy.access/shared-views, POST /api/lists/tenancy.access/views, POST /api/lists/tenancy.branches/shared-views, POST /api/lists/tenancy.branches/views, POST /api/lists/tenancy.companies/shared-views, POST /api/lists/tenancy.companies/views, POST /api/tenancy/branches, POST /api/tenancy/companies, PUT /api/identity/roles/{id:guid}, PUT /api/identity/users/{id:guid}, PUT /api/lists/identity.roles/shared-views/{id:guid}, PUT /api/lists/identity.roles/views/{id:guid}, PUT /api/lists/identity.users/shared-views/{id:guid}, PUT /api/lists/identity.users/views/{id:guid}, PUT /api/lists/tenancy.access/shared-views/{id:guid}, PUT /api/lists/tenancy.access/views/{id:guid}, PUT /api/lists/tenancy.branches/shared-views/{id:guid}, PUT /api/lists/tenancy.branches/views/{id:guid}, PUT /api/lists/tenancy.companies/shared-views/{id:guid}, PUT /api/lists/tenancy.companies/views/{id:guid}, PUT /api/tenancy/branches/{id:guid}, PUT /api/tenancy/companies/{id:guid}, PUT /api/tenancy/tenant


  Passed Erp.Gates.Tests.G2.G2CompanyAccessGrantTests.Company_access_is_given_and_taken_only_within_what_the_caller_holds_and_never_from_a_stronger_user [10 s]
[xUnit.net 00:07:34.41]     Erp.Gates.Tests.G2.G2AccountTakeoverTests.Acting_on_users_chosen_by_a_search_or_filter_needs_every_permission_they_hold [FAIL]
[xUnit.net 00:07:34.41]       POST /api/identity/users/matching/active by search [active=false]: aimed at a user holding a role in a company the caller does not work in by a user holding only [identity.users.update, identity.users.read, identity.roles.read] answered 200 and changed them: before 200 {"id":"01a11d70-da07-7dbb-b10e-4b519ef1092c","email":"g2.incompany.7331d4e6e1@alpha.example","displayName":"G2 company target 7331d4e6e1","language":"en","isActive":true,"roleIds":[],"lastSignInAt":null,"createdAt":"2026-10-08T21:34:57.707016+00:00","version":8405,"pendingSetup":true,"displayNam…; after 200 {"id":"01a11d70-da07-7dbb-b10e-4b519ef1092c","email":"g2.incompany.7331d4e6e1@alpha.example","displayName":"G2 company target 7331d4e6e1","language":"en","isActive":false,"roleIds":[],"lastSignInAt":null,"createdAt":"2026-10-08T21:34:57.707016+00:00","version":8457,"pendingSetup":true,"displayNa…; answer {"matched":1,"changed":1,"unchanged":0,"refusedSelf":0,"refusedBeyondOwn":0}
[xUnit.net 00:07:34.41]       POST /api/identity/users/matching/active by search [active=true]: aimed at a user holding a role in a company the caller does not work in by a user holding only [identity.users.update, identity.users.read, identity.roles.read] answered 200 and changed them: before 200 {"id":"01a11d70-da07-7dbb-b10e-4b519ef1092c","email":"g2.incompany.7331d4e6e1@alpha.example","displayName":"G2 company target 7331d4e6e1","language":"en","isActive":false,"roleIds":[],"lastSignInAt":null,"createdAt":"2026-10-08T21:34:57.707016+00:00","version":8457,"pendingSetup":true,"displayNa…; after 200 {"id":"01a11d70-da07-7dbb-b10e-4b519ef1092c","email":"g2.incompany.7331d4e6e1@alpha.example","displayName":"G2 company target 7331d4e6e1","language":"en","isActive":true,"roleIds":[],"lastSignInAt":null,"createdAt":"2026-10-08T21:34:57.707016+00:00","version":8519,"pendingSetup":true,"displayNam…; answer {"matched":1,"changed":1,"unchanged":0,"refusedSelf":0,"refusedBeyondOwn":0}
[xUnit.net 00:07:34.41]       POST /api/identity/users/matching/active by filter [active=false]: aimed at a user holding a role in a company the caller does not work in by a user holding only [identity.users.update, identity.users.read, identity.roles.read] answered 200 and changed them: before 200 {"id":"01a11d70-da07-7dbb-b10e-4b519ef1092c","email":"g2.incompany.7331d4e6e1@alpha.example","displayName":"G2 company target 7331d4e6e1","language":"en","isActive":true,"roleIds":[],"lastSignInAt":null,"createdAt":"2026-10-08T21:34:57.707016+00:00","version":8519,"pendingSetup":true,"displayNam…; after 200 {"id":"01a11d70-da07-7dbb-b10e-4b519ef1092c","email":"g2.incompany.7331d4e6e1@alpha.example","displayName":"G2 company target 7331d4e6e1","language":"en","isActive":false,"roleIds":[],"lastSignInAt":null,"createdAt":"2026-10-08T21:34:57.707016+00:00","version":8582,"pendingSetup":true,"displayNa…; answer {"matched":1,"changed":1,"unchanged":0,"refusedSelf":0,"refusedBeyondOwn":0}
[xUnit.net 00:07:34.41]       POST /api/identity/users/matching/active by filter [active=true]: aimed at a user holding a role in a company the caller does not work in by a user holding only [identity.users.update, identity.users.read, identity.roles.read] answered 200 and changed them: before 200 {"id":"01a11d70-da07-7dbb-b10e-4b519ef1092c","email":"g2.incompany.7331d4e6e1@alpha.example","displayName":"G2 company target 7331d4e6e1","language":"en","isActive":false,"roleIds":[],"lastSignInAt":null,"createdAt":"2026-10-08T21:34:57.707016+00:00","version":8582,"pendingSetup":true,"displayNa…; after 200 {"id":"01a11d70-da07-7dbb-b10e-4b519ef1092c","email":"g2.incompany.7331d4e6e1@alpha.example","displayName":"G2 company target 7331d4e6e1","language":"en","isActive":true,"roleIds":[],"lastSignInAt":null,"createdAt":"2026-10-08T21:34:57.707016+00:00","version":8645,"pendingSetup":true,"displayNam…; answer {"matched":1,"changed":1,"unchanged":0,"refusedSelf":0,"refusedBeyondOwn":0}
[xUnit.net 00:07:34.41]       Stack Trace:
[xUnit.net 00:07:34.41]         /work/tests/Erp.Gates.Tests/G2/G2AccountTakeoverTests.cs(299,0): at Erp.Gates.Tests.G2.G2AccountTakeoverTests.Acting_on_users_chosen_by_a_search_or_filter_needs_every_permission_they_hold()
[xUnit.net 00:07:34.41]         --- End of stack trace from previous location ---
[xUnit.net 00:07:34.41]       Output:
[xUnit.net 00:07:34.41]         1 endpoints changing users chosen by a search or filter (POST /api/identity/users/matching/active), 160 requests aimed at stronger users, 24 of them at users whose roles are held in one company
  Failed Erp.Gates.Tests.G2.G2AccountTakeoverTests.Acting_on_users_chosen_by_a_search_or_filter_needs_every_permission_they_hold [45 s]
  Error Message:
   POST /api/identity/users/matching/active by search [active=false]: aimed at a user holding a role in a company the caller does not work in by a user holding only [identity.users.update, identity.users.read, identity.roles.read] answered 200 and changed them: before 200 {"id":"01a11d70-da07-7dbb-b10e-4b519ef1092c","email":"g2.incompany.7331d4e6e1@alpha.example","displayName":"G2 company target 7331d4e6e1","language":"en","isActive":true,"roleIds":[],"lastSignInAt":null,"createdAt":"2026-10-08T21:34:57.707016+00:00","version":8405,"pendingSetup":true,"displayNam…; after 200 {"id":"01a11d70-da07-7dbb-b10e-4b519ef1092c","email":"g2.incompany.7331d4e6e1@alpha.example","displayName":"G2 company target 7331d4e6e1","language":"en","isActive":false,"roleIds":[],"lastSignInAt":null,"createdAt":"2026-10-08T21:34:57.707016+00:00","version":8457,"pendingSetup":true,"displayNa…; answer {"matched":1,"changed":1,"unchanged":0,"refusedSelf":0,"refusedBeyondOwn":0}
POST /api/identity/users/matching/active by search [active=true]: aimed at a user holding a role in a company the caller does not work in by a user holding only [identity.users.update, identity.users.read, identity.roles.read] answered 200 and changed them: before 200 {"id":"01a11d70-da07-7dbb-b10e-4b519ef1092c","email":"g2.incompany.7331d4e6e1@alpha.example","displayName":"G2 company target 7331d4e6e1","language":"en","isActive":false,"roleIds":[],"lastSignInAt":null,"createdAt":"2026-10-08T21:34:57.707016+00:00","version":8457,"pendingSetup":true,"displayNa…; after 200 {"id":"01a11d70-da07-7dbb-b10e-4b519ef1092c","email":"g2.incompany.7331d4e6e1@alpha.example","displayName":"G2 company target 7331d4e6e1","language":"en","isActive":true,"roleIds":[],"lastSignInAt":null,"createdAt":"2026-10-08T21:34:57.707016+00:00","version":8519,"pendingSetup":true,"displayNam…; answer {"matched":1,"changed":1,"unchanged":0,"refusedSelf":0,"refusedBeyondOwn":0}
POST /api/identity/users/matching/active by filter [active=false]: aimed at a user holding a role in a company the caller does not work in by a user holding only [identity.users.update, identity.users.read, identity.roles.read] answered 200 and changed them: before 200 {"id":"01a11d70-da07-7dbb-b10e-4b519ef1092c","email":"g2.incompany.7331d4e6e1@alpha.example","displayName":"G2 company target 7331d4e6e1","language":"en","isActive":true,"roleIds":[],"lastSignInAt":null,"createdAt":"2026-10-08T21:34:57.707016+00:00","version":8519,"pendingSetup":true,"displayNam…; after 200 {"id":"01a11d70-da07-7dbb-b10e-4b519ef1092c","email":"g2.incompany.7331d4e6e1@alpha.example","displayName":"G2 company target 7331d4e6e1","language":"en","isActive":false,"roleIds":[],"lastSignInAt":null,"createdAt":"2026-10-08T21:34:57.707016+00:00","version":8582,"pendingSetup":true,"displayNa…; answer {"matched":1,"changed":1,"unchanged":0,"refusedSelf":0,"refusedBeyondOwn":0}
POST /api/identity/users/matching/active by filter [active=true]: aimed at a user holding a role in a company the caller does not work in by a user holding only [identity.users.update, identity.users.read, identity.roles.read] answered 200 and changed them: before 200 {"id":"01a11d70-da07-7dbb-b10e-4b519ef1092c","email":"g2.incompany.7331d4e6e1@alpha.example","displayName":"G2 company target 7331d4e6e1","language":"en","isActive":false,"roleIds":[],"lastSignInAt":null,"createdAt":"2026-10-08T21:34:57.707016+00:00","version":8582,"pendingSetup":true,"displayNa…; after 200 {"id":"01a11d70-da07-7dbb-b10e-4b519ef1092c","email":"g2.incompany.7331d4e6e1@alpha.example","displayName":"G2 company target 7331d4e6e1","language":"en","isActive":true,"roleIds":[],"lastSignInAt":null,"createdAt":"2026-10-08T21:34:57.707016+00:00","version":8645,"pendingSetup":true,"displayNam…; answer {"matched":1,"changed":1,"unchanged":0,"refusedSelf":0,"refusedBeyondOwn":0}
  Stack Trace:
     at Erp.Gates.Tests.G2.G2AccountTakeoverTests.Acting_on_users_chosen_by_a_search_or_filter_needs_every_permission_they_hold() in /work/tests/Erp.Gates.Tests/G2/G2AccountTakeoverTests.cs:line 299
--- End of stack trace from previous location ---
  Standard Output Messages:
 1 endpoints changing users chosen by a search or filter (POST /api/identity/users/matching/active), 160 requests aimed at stronger users, 24 of them at users whose roles are held in one company


  Passed Erp.Gates.Tests.G2.G2CompanyRoleTests.A_permission_held_in_one_company_is_denied_while_working_in_another [29 s]
  Passed Erp.Gates.Tests.G2.G2CompanyRoleTests.An_administrator_of_one_company_grants_and_acts_only_within_it [4 s]
  Passed Erp.Gates.Tests.G2.G2ReportDataTests.The_report_catalogue_lists_only_what_the_caller_may_run_and_see [8 s]
  Passed Erp.Gates.Tests.G2.G2ReportDataTests.Every_report_prints_only_data_its_permissions_show_elsewhere [41 s]
  Passed Erp.Gates.Tests.G2.G2AccountTakeoverTests.Acting_on_a_user_needs_every_permission_that_user_holds [1 m 41 s]
  Passed Erp.Gates.Tests.G2.G2AccountTakeoverTests.Creating_from_a_role_cannot_grant_more_than_the_caller_holds [3 s]
  Passed Erp.Gates.Tests.Rules.BulkTimeoutGateTests.Only_the_seed_runner_and_the_platform_build_the_application_pools [68 ms]
  Passed Erp.Gates.Tests.Rules.BulkTimeoutGateTests.Bulk_code_never_sets_a_literal_command_timeout_or_opens_its_own_connection [21 ms]
  Passed Erp.Gates.Tests.Rules.BulkTimeoutGateTests.The_seed_runner_puts_every_tenant_seed_on_the_bulk_pool [< 1 ms]
  Passed Erp.Gates.Tests.Rules.AuditGateTests.Every_tenant_table_carries_the_audit_trigger_unless_reviewed_exempt [54 ms]
  Passed Erp.Gates.Tests.Rules.AuditGateTests.Changing_ones_own_interface_preferences_is_audited_field_by_field [1 s]
  Passed Erp.Gates.Tests.Rules.AuditGateTests.Writes_through_the_API_leave_field_level_audit_rows_attributed_to_the_user [409 ms]
  Passed Erp.Gates.Tests.Rules.AuditGateTests.Writes_that_bypass_the_ORM_are_audited_too [70 ms]
  Passed Erp.Gates.Tests.Rules.AuditGateTests.Passwords_are_redacted_in_the_audit_trail [662 ms]
  Passed Erp.Gates.Tests.Rules.LicenceGateTests.The_font_check_catches_an_unreviewed_font_changed_bytes_and_a_missing_licence [35 ms]
  Passed Erp.Gates.Tests.Rules.LicenceGateTests.Every_NuGet_package_has_an_allowed_licence [280 ms]
  Passed Erp.Gates.Tests.Rules.LicenceGateTests.Every_font_file_in_the_repository_is_reviewed_with_its_licence_beside_it [42 ms]
  Passed Erp.Gates.Tests.Rules.LicenceGateTests.Every_npm_package_has_an_allowed_licence [27 ms]
  Passed Erp.Gates.Tests.Rules.ListIndexGateTests.Search_fields_and_sortable_columns_of_database_lists_are_indexed [103 ms]
  Passed Erp.Gates.Tests.Rules.ModuleBoundaryGateTests.Modules_use_one_another_only_through_their_contracts [20 ms]
  Passed Erp.Gates.Tests.Rules.ModuleBoundaryGateTests.The_boundary_check_catches_a_module_reaching_into_another_one [1 ms]
  Passed Erp.Gates.Tests.G2.G2SubjectTests.An_action_on_the_caller_never_acts_on_another_user_the_request_names [52 s]
  Passed Erp.Gates.Tests.Rules.MoneyGateTests.No_floating_point_or_money_columns_in_the_database [4 ms]
  Passed Erp.Gates.Tests.Rules.MoneyGateTests.No_float_or_double_in_server_code [76 ms]
  Passed Erp.Gates.Tests.Rules.MoneyGateTests.No_parseFloat_in_front_end_code [37 ms]
  Passed Erp.Gates.Tests.Rules.OpenApiGateTests.OpenApi_document_covers_every_endpoint_with_its_permission [112 ms]
  Passed Erp.Gates.Tests.Rules.OpenApiGateTests.Decimals_are_documented_as_strings [10 ms]
  Passed Erp.Gates.Tests.Rules.OpenApiGateTests.The_served_description_is_the_whole_current_document_the_same_for_every_caller [101 ms]
  Passed Erp.Gates.Tests.Rules.ListContractGateTests.Every_sortable_column_orders_its_list_both_ways_and_keyset_paging_matches_one_page [5 s]
  Passed Erp.Gates.Tests.Rules.ReportGateTests.Every_report_and_printable_list_renders_in_every_format_and_both_languages [4 s]
  Passed Erp.Gates.Tests.Rules.ReportGateTests.Every_list_is_printable_and_every_report_is_well_formed [4 ms]
  Passed Erp.Gates.Tests.Rules.RegistrationGateTests.Every_registered_list_is_served_as_a_page_whose_rows_carry_its_columns [5 ms]
  Passed Erp.Gates.Tests.Rules.RegistrationGateTests.Navigation_reaches_every_screen_and_every_menu_entry_opens_a_screen_with_its_permission [7 ms]
  Passed Erp.Gates.Tests.Rules.ShellGateTests.Screens_format_numbers_amounts_and_dates_through_the_kernel_formatter [26 ms]
  Passed Erp.Gates.Tests.Rules.ShellGateTests.Language_and_digit_fields_document_their_allowed_values [5 ms]
  Passed Erp.Gates.Tests.Rules.ShellGateTests.Stylesheets_and_inline_styles_use_logical_directions_only [114 ms]
  Passed Erp.Gates.Tests.Rules.ShellGateTests.Every_navigation_group_has_an_English_and_Arabic_heading [8 ms]
  Passed Erp.Gates.Tests.Rules.StringGateTests.Every_problem_and_validation_code_in_server_code_has_text [57 ms]
  Passed Erp.Gates.Tests.Rules.StringGateTests.Server_string_files_have_matching_English_and_Arabic_keys [17 ms]
  Passed Erp.Gates.Tests.Rules.StringGateTests.Web_string_files_have_matching_English_and_Arabic_keys [4 ms]
  Passed Erp.Gates.Tests.Rules.StringGateTests.Every_permission_module_and_menu_entry_has_labels [10 ms]
  Passed Erp.Gates.Tests.Rules.StringGateTests.Count_messages_use_plural_forms [6 ms]
  Passed Erp.Gates.Tests.G1.G1ProcessStateTests.Process_wide_state_is_immutable_or_reviewed [269 ms]
  Passed Erp.Gates.Tests.Rules.ListContractGateTests.Every_filterable_column_filters_its_list_and_other_columns_are_refused [4 s]
  Passed Erp.Gates.Tests.Rules.ListContractGateTests.Every_registered_list_documents_the_list_query_contract_and_its_definition [424 ms]
  Passed Erp.Gates.Tests.Rules.ListContractGateTests.Every_search_field_is_searched_word_by_word_and_grouping_counts_every_row_once [1 s]
  Passed Erp.Gates.Tests.G1.G1NonInterferenceTests.What_tenant_A_is_answered_never_depends_on_what_tenant_B_did [12 m 5 s]
[xUnit.net 00:23:35.43]     Erp.Gates.Tests.G1.G1HttpIsolationTests.Tenant_A_cannot_reach_tenant_B_through_any_endpoint [FAIL]
[xUnit.net 00:23:35.43]       4 isolation checks failed:
[xUnit.net 00:23:35.43]       
[xUnit.net 00:23:35.43]       Tenant B's own writes must succeed so their handlers run to the end; these did not:
[xUnit.net 00:23:35.43]       POST /api/identity/users → 409 {"type":"urn:erp:problem:identity.emailTaken","title":"A user with this e-mail already exists in this workspace.","status":409,"code":"identity.emailTaken","traceId":"00-10e1b9ffe3a873504fef86965d4f66
[xUnit.net 00:23:35.43]       POST /api/identity/users → 409 {"type":"urn:erp:problem:identity.emailTaken","title":"A user with this e-mail already exists in this workspace.","status":409,"code":"identity.emailTaken","traceId":"00-cde236bf1042ea5853f80d56b28b6d
[xUnit.net 00:23:35.43]       POST /api/identity/users → 409 {"type":"urn:erp:problem:identity.emailTaken","title":"A user with this e-mail already exists in this workspace.","status":409,"code":"identity.emailTaken","traceId":"00-2875c2b7edcffce245f009abdb41cc
[xUnit.net 00:23:35.43]       POST /api/identity/users/{id:guid}/password → 404 {"type":"urn:erp:problem:notFound","title":"The record was not found.","status":404,"code":"notFound","traceId":"00-e3bc0abcbf28ba1dd1082dcac860f437-d8402c6cb0f00669-00"}
[xUnit.net 00:23:35.43]       POST /api/identity/users/{id:guid}/sessions/revoke → 404 {"type":"urn:erp:problem:notFound","title":"The record was not found.","status":404,"code":"notFound","traceId":"00-832787c3e206a350e9e77e249e635361-eb0ca0ad65e9849f-00"}
[xUnit.net 00:23:35.43]       POST /api/identity/users/{id:guid}/unblock → 404 {"type":"urn:erp:problem:notFound","title":"The record was not found.","status":404,"code":"notFound","traceId":"00-f29f799f73ae267f747294e451c48467-49b5f61efc9b5f3b-00"}
[xUnit.net 00:23:35.43]       PUT /api/identity/users/{id:guid} → 404 {"type":"urn:erp:problem:notFound","title":"The record was not found.","status":404,"code":"notFound","traceId":"00-b2d2c3a97a5ebe4f3cc419b393c5581b-cc32028fac29a1e2-00"}
[xUnit.net 00:23:35.43]       PUT /api/identity/users/{id:guid} → 404 {"type":"urn:erp:problem:notFound","title":"The record was not found.","status":404,"code":"notFound","traceId":"00-900b746fb0d7a92c20651cc866459dd5-5baf7a01e9ec0d8f-00"}
[xUnit.net 00:23:35.43]       PUT /api/identity/users/{id:guid} → 404 {"type":"urn:erp:problem:notFound","title":"The record was not found.","status":404,"code":"notFound","traceId":"00-9772b058f3270d2a970e668d115fe68f-0670a90dbb660b93-00"}
[xUnit.net 00:23:35.43]       PUT /api/identity/users/{id:guid}/default-company → 404 {"type":"urn:erp:problem:notFound","title":"The record was not found.","status":404,"code":"notFound","traceId":"00-2433c27c391bb023acf4c53c6e513b21-aa2622b61d9573c3-00"}
[xUnit.net 00:23:35.43]       DELETE /api/identity/users/{id:guid} → 404 {"type":"urn:erp:problem:notFound","title":"The record was not found.","status":404,"code":"notFound","traceId":"00-2fd3b83e7d4b98d79e26bfdeaa72986a-5db5fc96d939d286-00"}
[xUnit.net 00:23:35.43]       PUT /api/identity/users/{id:guid} → 404 {"type":"urn:erp:problem:notFound","title":"The record was not found.","status":404,"code":"notFound","traceId":"00-2fa67233720f550dbf4225af04dd64d2-a525ee2722672a42-00"}
[xUnit.net 00:23:35.43]       PUT /api/identity/users/{id:guid} → 404 {"type":"urn:erp:problem:notFound","title":"The record was not found.","status":404,"code":"notFound","traceId":"00-6641647b2e3d64de4f4fac7baeff219e-0d60269e63f13583-00"}
[xUnit.net 00:23:35.43]       PUT /api/identity/users/{id:guid}/default-company → 404 {"type":"urn:erp:problem:notFound","title":"The record was not found.","status":404,"code":"notFound","traceId":"00-88c7875e0a75d3282038320659ef30f9-05b64940fd772ef7-00"}
[xUnit.net 00:23:35.43]       PUT /api/identity/users/{id:guid}/default-company → 404 {"type":"urn:erp:problem:notFound","title":"The record was not found.","status":404,"code":"notFound","traceId":"00-1929eec985da898e6fb8d28371542959-5894fa93a1a3d1ff-00"}
[xUnit.net 00:23:35.43]       POST /api/identity/users/{id:guid}/password → 404 {"type":"urn:erp:problem:notFound","title":"The record was not found.","status":404,"code":"notFound","traceId":"00-5cb36757aa29f8d76052f14a37acb8c1-a0954f5cbee25500-00"}
[xUnit.net 00:23:35.43]       POST /api/identity/users/{id:guid}/password → 404 {"type":"urn:erp:problem:notFound","title":"The record was not found.","status":404,"code":"notFound","traceId":"00-1c36d43e4f31bfaca20d08759a24abec-f9ea5d308d372fc7-00"}
[xUnit.net 00:23:35.43]       POST /api/identity/users/{id:guid}/sessions/revoke → 404 {"type":"urn:erp:problem:notFound","title":"The record was not found.","status":404,"code":"notFound","traceId":"00-1b8dcb54703c6d4b05c7da9210fc15f8-5e9d9efa421490a1-00"}
[xUnit.net 00:23:35.43]       POST /api/identity/users/{id:guid}/sessions/revoke → 404 {"type":"urn:erp:problem:notFound","title":"The record was not found.","status":404,"code":"notFound","traceId":"00-de0186ac1d555c0051ff22caa8abaf8a-b8945a34d9a0ca4a-00"}
[xUnit.net 00:23:35.43]       POST /api/identity/users/{id:guid}/unblock → 404 {"type":"urn:erp:problem:notFound","title":"The record was not found.","status":404,"code":"notFound","traceId":"00-a2fb939dde64fb36ebda29976ec3dc21-6b41fe02791d6c1d-00"}
[xUnit.net 00:23:35.43]       POST /api/identity/users/{id:guid}/unblock → 404 {"type":"urn:erp:problem:notFound","title":"The record was not found.","status":404,"code":"notFound","traceId":"00-37f7f205752201cb1fe17498c965ca55-0af6a8cf617ddb18-00"}
[xUnit.net 00:23:35.43]       PUT /api/identity/users/{id:guid} → 404 {"type":"urn:erp:problem:notFound","title":"The record was not found.","status":404,"code":"notFound","traceId":"00-0af5f7e7f03f329ffb8843ebbc88d053-ba68e4a2fd964081-00"}
[xUnit.net 00:23:35.43]       PUT /api/identity/users/{id:guid} → 404 {"type":"urn:erp:problem:notFound","title":"The record was not found.","status":404,"code":"notFound","traceId":"00-43dd81486c8be38528eff4a4526fcd21-7ee9c61b5558f821-00"}
[xUnit.net 00:23:35.43]       PUT /api/identity/users/{id:guid}/default-company → 404 {"type":"urn:erp:problem:notFound","title":"The record was not found.","status":404,"code":"notFound","traceId":"00-8ccf6ab881dcd66e4f7a793a0a31e14c-0a646c343e8a6329-00"}
[xUnit.net 00:23:35.43]       PUT /api/identity/users/{id:guid}/default-company → 404 {"type":"urn:erp:problem:notFound","title":"The record was not found.","status":404,"code":"notFound","traceId":"00-4dd03227547f9284a08321d77c6860d4-2a87776fb5c32948-00"}
[xUnit.net 00:23:35.43]       POST /api/identity/users/{id:guid}/password → 404 {"type":"urn:erp:problem:notFound","title":"The record was not found.","status":404,"code":"notFound","traceId":"00-9141cc2a112206843cd7d1e90670f031-924b28dc03a28a1a-00"}
[xUnit.net 00:23:35.43]       POST /api/identity/users/{id:guid}/password → 404 {"type":"urn:erp:problem:notFound","title":"The record was not found.","status":404,"code":"notFound","traceId":"00-7e9ca8daa28d97308cb35589d66fcaee-507815872761b933-00"}
[xUnit.net 00:23:35.43]       POST /api/identity/users/{id:guid}/sessions/revoke → 404 {"type":"urn:erp:problem:notFound","title":"The record was not found.","status":404,"code":"notFound","traceId":"00-0a7f0550a616e18db253298775377776-10bf2c3de8688a1e-00"}
[xUnit.net 00:23:35.43]       POST /api/identity/users/{id:guid}/sessions/revoke → 404 {"type":"urn:erp:problem:notFound","title":"The record was not found.","status":404,"code":"notFound","traceId":"00-644bc35f1479b2fdb56120be195f8d8c-3057f4deec9ae699-00"}
[xUnit.net 00:23:35.43]       POST /api/identity/users/{id:guid}/unblock → 404 {"type":"urn:erp:problem:notFound","title":"The record was not found.","status":404,"code":"notFound","traceId":"00-2c0cbd9ae55adfbae516757d4fd766b1-73bdfbc50abf4766-00"}
[xUnit.net 00:23:35.43]       POST /api/identity/users/{id:guid}/unblock → 404 {"type":"urn:erp:problem:notFound","title":"The record was not found.","status":404,"code":"notFound","traceId":"00-5c8e10563840b7c05e5c3da6dfd65a79-c396d870c7d10ef3-00"}
[xUnit.net 00:23:35.43]       PUT /api/identity/users/{id:guid} → 404 {"type":"urn:erp:problem:notFound","title":"The record was not found.","status":404,"code":"notFound","traceId":"00-7b0c1ec489c1a7de9e64bb8c0c7fc932-64accf127125846b-00"}
[xUnit.net 00:23:35.43]       PUT /api/identity/users/{id:guid} → 404 {"type":"urn:erp:problem:notFound","title":"The record was not found.","status":404,"code":"notFound","traceId":"00-3a050b6aaf86f09f6d28ba152baab8c7-6d46a800ee0f38b8-00"}
[xUnit.net 00:23:35.43]       PUT /api/identity/users/{id:guid} → 404 {"type":"urn:erp:problem:notFound","title":"The record was not found.","status":404,"code":"notFound","traceId":"00-04f1ed858beb9dc32d8c1f8bc566308c-9d944b9087a9b085-00"}
[xUnit.net 00:23:35.43]       PUT /api/identity/users/{id:guid} → 404 {"type":"urn:erp:problem:notFound","title":"The record was not found.","status":404,"code":"notFound","traceId":"00-188f92b32c0716a90f5703588f2fd7d3-aeb239fcf075347f-00"}
[xUnit.net 00:23:35.43]       PUT /api/identity/users/{id:guid} → 404 {"type":"urn:erp:problem:notFound","title":"The record was not found.","status":404,"code":"notFound","traceId":"00-51dbad55faec56fc892fee80401db413-fdd015af184a5e30-00"}
[xUnit.net 00:23:35.43]       PUT /api/identity/users/{id:guid} → 404 {"type":"urn:erp:problem:notFound","title":"The record was not found.","status":404,"code":"notFound","traceId":"00-279861a0fa509774e6334edd5d10567e-5565970048957e33-00"}
[xUnit.net 00:23:35.43]       PUT /api/identity/users/{id:guid} → 404 {"type":"urn:erp:problem:notFound","title":"The record was not found.","status":404,"code":"notFound","traceId":"00-b7a62f7e28fb0f8684c330eec40678bb-0584c1a368cf6936-00"}
[xUnit.net 00:23:35.43]       PUT /api/identity/users/{id:guid} → 404 {"type":"urn:erp:problem:notFound","title":"The record was not found.","status":404,"code":"notFound","traceId":"00-3143c9493fa50f98e1727cfe69998652-8d1a4e0657ac4884-00"}
[xUnit.net 00:23:35.43]       PUT /api/identity/users/{id:guid} → 404 {"type":"urn:erp:problem:notFound","title":"The record was not found.","status":404,"code":"notFound","traceId":"00-5722c1d3d90aed128605e8c322d39ee8-a381153c6b6a5d87-00"}
[xUnit.net 00:23:35.43]       PUT /api/identity/users/{id:guid}/default-company → 404 {"type":"urn:erp:problem:notFound","title":"The record was not found.","status":404,"code":"notFound","traceId":"00-8faa4caca504e007a065989cf0d55dc7-3ef88084882ee5b5-00"}
[xUnit.net 00:23:35.43]       PUT /api/identity/users/{id:guid}/default-company → 404 {"type":"urn:erp:problem:notFound","title":"The record was not found.","status":404,"code":"notFound","traceId":"00-f748530fa836e30ccd38b99554e68207-3673fca476163e41-00"}
[xUnit.net 00:23:35.43]       PUT /api/identity/users/{id:guid}/default-company → 404 {"type":"urn:erp:problem:notFound","title":"The record was not found.","status":404,"code":"notFound","traceId":"00-e88c46bd36b08a47eb3b5b7fed46e1c3-ac2875dfc4740808-00"}
[xUnit.net 00:23:35.43]       POST /api/identity/users/{id:guid}/password → 404 {"type":"urn:erp:problem:notFound","title":"The record was not found.","status":404,"code":"notFound","traceId":"00-2bd01fd8837dfd075aff9db0e1a59261-725cd1619aae7c08-00"}
[xUnit.net 00:23:35.43]       POST /api/identity/users/{id:guid}/password → 404 {"type":"urn:erp:problem:notFound","title":"The record was not found.","status":404,"code":"notFound","traceId":"00-ca9d10b94c4466e894ebd2a617b15fd1-e9fbc3e173776c2a-00"}
[xUnit.net 00:23:35.43]       POST /api/identity/users/{id:guid}/password → 404 {"type":"urn:erp:problem:notFound","title":"The record was not found.","status":404,"code":"notFound","traceId":"00-54cd308bda9a97992ff8c8c8495f6efe-dc7a047304bf48cc-00"}
[xUnit.net 00:23:35.43]       POST /api/identity/users/{id:guid}/sessions/revoke → 404 {"type":"urn:erp:problem:notFound","title":"The record was not found.","status":404,"code":"notFound","traceId":"00-2fbb3fd9bb5983f6c2ede1f1750b2253-45a051d3bb3a33b8-00"}
[xUnit.net 00:23:35.43]       POST /api/identity/users/{id:guid}/sessions/revoke → 404 {"type":"urn:erp:problem:notFound","title":"The record was not found.","status":404,"code":"notFound","traceId":"00-450768fed51254dff738fae7ed58c6b0-6bdb030a835e3e83-00"}
[xUnit.net 00:23:35.43]       POST /api/identity/users/{id:guid}/sessions/revoke → 404 {"type":"urn:erp:problem:notFound","title":"The record was not found.","status":404,"code":"notFound","traceId":"00-d39c3a2794ccb750eb7198a9dc28e2ec-ca10c65f8dc4dfa8-00"}
[xUnit.net 00:23:35.43]       POST /api/identity/users/{id:guid}/unblock → 404 {"type":"urn:erp:problem:notFound","title":"The record was not found.","status":404,"code":"notFound","traceId":"00-ac0ce6bf83abd71bed11ff0cca448aab-f560d9d1d35d6a9d-00"}
[xUnit.net 00:23:35.43]       POST /api/identity/users/{id:guid}/unblock → 404 {"type":"urn:erp:problem:notFound","title":"The record was not found.","status":404,"code":"notFound","traceId":"00-f366b2144a2c8a1a2d642fe66e48514c-59d47f4acd0537d2-00"}
[xUnit.net 00:23:35.43]       POST /api/identity/users/{id:guid}/unblock → 404 {"type":"urn:erp:problem:notFound","title":"The record was not found.","status":404,"code":"notFound","traceId":"00-f501ab72220fd9f98c1d3015e6b9db81-bb2798fc599ffc5f-00"}
[xUnit.net 00:23:35.43]       
[xUnit.net 00:23:35.43]       The write-after-write phase may have been blind:
[xUnit.net 00:23:35.43]       PUT /api/identity/users/{id:guid} with language="en": no write pair succeeded on both sides with the value in the body
[xUnit.net 00:23:35.43]       PUT /api/identity/users/{id:guid} with language="ar": no write pair succeeded on both sides with the value in the body
[xUnit.net 00:23:35.43]       
[xUnit.net 00:23:35.43]       g1.enumValuesAttacked: 207; ratchet minimum 209
[xUnit.net 00:23:35.43]       
[xUnit.net 00:23:35.43]       g1.enumVariantWritePairs: 648; ratchet minimum 650
[xUnit.net 00:23:35.43]       Stack Trace:
[xUnit.net 00:23:35.43]         /work/tests/Erp.Gates.Tests/G1/G1HttpIsolationTests.cs(148,0): at Erp.Gates.Tests.G1.G1HttpIsolationTests.Tenant_A_cannot_reach_tenant_B_through_any_endpoint()
[xUnit.net 00:23:35.43]         --- End of stack trace from previous location ---
[xUnit.net 00:23:35.43]       Output:
[xUnit.net 00:23:35.43]         routes, tenant headers and guessed queries: 177060 requests so far, 450.4 s
[xUnit.net 00:23:35.43]         tenant switch inputs: 19 headers, 32 query names, 3 cookies, 34 body names: 188377 requests so far, 543.2 s
[xUnit.net 00:23:35.43]         write after write: 94 pairs over 52 endpoints, 648 pairs with 207 documented values, 20873 tenant A requests: 188377 requests so far, 863.4 s
[xUnit.net 00:23:35.43]         answer shapes: 10 endpoints, 448 shapes, 1433 tenant B and 848 tenant A requests: 189236 requests so far, 885.8 s
[xUnit.net 00:23:35.43]         tenant B values in route and query parameters: 377634 requests so far, 1153.3 s
[xUnit.net 00:23:35.43]         registered lists through their query contract: 16413 attacks, 29585 requests: 407219 requests so far, 1220.3 s
[xUnit.net 00:23:35.43]         list answers judged against each tenant's own rows: 552 queries, 179 with different true answers, 14527 rows walked; process-wide state fingerprinted in 4441 lines from 82 roots: 407219 requests so far, 1251.6 s
[xUnit.net 00:23:35.43]         tenant B values in body fields: 437648 requests so far, 1339.0 s
[xUnit.net 00:23:35.43]         tenant B activity: 104639 requests (38592 concurrent with the attack), 1771 successful own writes, 104562 responses judged for tenant A markers: 437648 requests so far, 1357.9 s
[xUnit.net 00:23:35.43]         tenant B: 267 ids (58 sampled), 147 text values, 101 extra markers, 41 probe values
[xUnit.net 00:23:35.43]         513734 tenant bindings and 1027102 setting statements judged among 4886328 statements; 513734 tenant values judged, 4568112 statements observed with their parameters; 11317 tenant switch inputs over 19 header names; 357502 responses judged on every header
[xUnit.net 00:23:35.43]         10827 tenant B route values replayed, 9056 tenant B opens of the routes A was about to attack
[xUnit.net 00:23:35.43]         207 documented enumeration values sent, 648 enumeration-variant write pairs
[xUnit.net 00:23:35.43]         112 endpoints, 458521 requests, 414 tenant B values, 135652 parameter attacks, 30429 body value attacks, 74374 differential checks (4955 values tenant A holds itself not compared), 515470 traced lookups
[xUnit.net 00:23:35.58]   Finished:    Erp.Gates.Tests (ID = 'd67f9af34c5c91feae69a31c7ab81956a411c8cd54ea4942d23c1fd06e059e25')
  Failed Erp.Gates.Tests.G1.G1HttpIsolationTests.Tenant_A_cannot_reach_tenant_B_through_any_endpoint [23 m 22 s]
  Error Message:
   4 isolation checks failed:

Tenant B's own writes must succeed so their handlers run to the end; these did not:
POST /api/identity/users → 409 {"type":"urn:erp:problem:identity.emailTaken","title":"A user with this e-mail already exists in this workspace.","status":409,"code":"identity.emailTaken","traceId":"00-10e1b9ffe3a873504fef86965d4f66
POST /api/identity/users → 409 {"type":"urn:erp:problem:identity.emailTaken","title":"A user with this e-mail already exists in this workspace.","status":409,"code":"identity.emailTaken","traceId":"00-cde236bf1042ea5853f80d56b28b6d
POST /api/identity/users → 409 {"type":"urn:erp:problem:identity.emailTaken","title":"A user with this e-mail already exists in this workspace.","status":409,"code":"identity.emailTaken","traceId":"00-2875c2b7edcffce245f009abdb41cc
POST /api/identity/users/{id:guid}/password → 404 {"type":"urn:erp:problem:notFound","title":"The record was not found.","status":404,"code":"notFound","traceId":"00-e3bc0abcbf28ba1dd1082dcac860f437-d8402c6cb0f00669-00"}
POST /api/identity/users/{id:guid}/sessions/revoke → 404 {"type":"urn:erp:problem:notFound","title":"The record was not found.","status":404,"code":"notFound","traceId":"00-832787c3e206a350e9e77e249e635361-eb0ca0ad65e9849f-00"}
POST /api/identity/users/{id:guid}/unblock → 404 {"type":"urn:erp:problem:notFound","title":"The record was not found.","status":404,"code":"notFound","traceId":"00-f29f799f73ae267f747294e451c48467-49b5f61efc9b5f3b-00"}
PUT /api/identity/users/{id:guid} → 404 {"type":"urn:erp:problem:notFound","title":"The record was not found.","status":404,"code":"notFound","traceId":"00-b2d2c3a97a5ebe4f3cc419b393c5581b-cc32028fac29a1e2-00"}
PUT /api/identity/users/{id:guid} → 404 {"type":"urn:erp:problem:notFound","title":"The record was not found.","status":404,"code":"notFound","traceId":"00-900b746fb0d7a92c20651cc866459dd5-5baf7a01e9ec0d8f-00"}
PUT /api/identity/users/{id:guid} → 404 {"type":"urn:erp:problem:notFound","title":"The record was not found.","status":404,"code":"notFound","traceId":"00-9772b058f3270d2a970e668d115fe68f-0670a90dbb660b93-00"}
PUT /api/identity/users/{id:guid}/default-company → 404 {"type":"urn:erp:problem:notFound","title":"The record was not found.","status":404,"code":"notFound","traceId":"00-2433c27c391bb023acf4c53c6e513b21-aa2622b61d9573c3-00"}
DELETE /api/identity/users/{id:guid} → 404 {"type":"urn:erp:problem:notFound","title":"The record was not found.","status":404,"code":"notFound","traceId":"00-2fd3b83e7d4b98d79e26bfdeaa72986a-5db5fc96d939d286-00"}
PUT /api/identity/users/{id:guid} → 404 {"type":"urn:erp:problem:notFound","title":"The record was not found.","status":404,"code":"notFound","traceId":"00-2fa67233720f550dbf4225af04dd64d2-a525ee2722672a42-00"}
PUT /api/identity/users/{id:guid} → 404 {"type":"urn:erp:problem:notFound","title":"The record was not found.","status":404,"code":"notFound","traceId":"00-6641647b2e3d64de4f4fac7baeff219e-0d60269e63f13583-00"}
PUT /api/identity/users/{id:guid}/default-company → 404 {"type":"urn:erp:problem:notFound","title":"The record was not found.","status":404,"code":"notFound","traceId":"00-88c7875e0a75d3282038320659ef30f9-05b64940fd772ef7-00"}
PUT /api/identity/users/{id:guid}/default-company → 404 {"type":"urn:erp:problem:notFound","title":"The record was not found.","status":404,"code":"notFound","traceId":"00-1929eec985da898e6fb8d28371542959-5894fa93a1a3d1ff-00"}
POST /api/identity/users/{id:guid}/password → 404 {"type":"urn:erp:problem:notFound","title":"The record was not found.","status":404,"code":"notFound","traceId":"00-5cb36757aa29f8d76052f14a37acb8c1-a0954f5cbee25500-00"}
POST /api/identity/users/{id:guid}/password → 404 {"type":"urn:erp:problem:notFound","title":"The record was not found.","status":404,"code":"notFound","traceId":"00-1c36d43e4f31bfaca20d08759a24abec-f9ea5d308d372fc7-00"}
POST /api/identity/users/{id:guid}/sessions/revoke → 404 {"type":"urn:erp:problem:notFound","title":"The record was not found.","status":404,"code":"notFound","traceId":"00-1b8dcb54703c6d4b05c7da9210fc15f8-5e9d9efa421490a1-00"}
POST /api/identity/users/{id:guid}/sessions/revoke → 404 {"type":"urn:erp:problem:notFound","title":"The record was not found.","status":404,"code":"notFound","traceId":"00-de0186ac1d555c0051ff22caa8abaf8a-b8945a34d9a0ca4a-00"}
POST /api/identity/users/{id:guid}/unblock → 404 {"type":"urn:erp:problem:notFound","title":"The record was not found.","status":404,"code":"notFound","traceId":"00-a2fb939dde64fb36ebda29976ec3dc21-6b41fe02791d6c1d-00"}
POST /api/identity/users/{id:guid}/unblock → 404 {"type":"urn:erp:problem:notFound","title":"The record was not found.","status":404,"code":"notFound","traceId":"00-37f7f205752201cb1fe17498c965ca55-0af6a8cf617ddb18-00"}
PUT /api/identity/users/{id:guid} → 404 {"type":"urn:erp:problem:notFound","title":"The record was not found.","status":404,"code":"notFound","traceId":"00-0af5f7e7f03f329ffb8843ebbc88d053-ba68e4a2fd964081-00"}
PUT /api/identity/users/{id:guid} → 404 {"type":"urn:erp:problem:notFound","title":"The record was not found.","status":404,"code":"notFound","traceId":"00-43dd81486c8be38528eff4a4526fcd21-7ee9c61b5558f821-00"}
PUT /api/identity/users/{id:guid}/default-company → 404 {"type":"urn:erp:problem:notFound","title":"The record was not found.","status":404,"code":"notFound","traceId":"00-8ccf6ab881dcd66e4f7a793a0a31e14c-0a646c343e8a6329-00"}
PUT /api/identity/users/{id:guid}/default-company → 404 {"type":"urn:erp:problem:notFound","title":"The record was not found.","status":404,"code":"notFound","traceId":"00-4dd03227547f9284a08321d77c6860d4-2a87776fb5c32948-00"}
POST /api/identity/users/{id:guid}/password → 404 {"type":"urn:erp:problem:notFound","title":"The record was not found.","status":404,"code":"notFound","traceId":"00-9141cc2a112206843cd7d1e90670f031-924b28dc03a28a1a-00"}
POST /api/identity/users/{id:guid}/password → 404 {"type":"urn:erp:problem:notFound","title":"The record was not found.","status":404,"code":"notFound","traceId":"00-7e9ca8daa28d97308cb35589d66fcaee-507815872761b933-00"}
POST /api/identity/users/{id:guid}/sessions/revoke → 404 {"type":"urn:erp:problem:notFound","title":"The record was not found.","status":404,"code":"notFound","traceId":"00-0a7f0550a616e18db253298775377776-10bf2c3de8688a1e-00"}
POST /api/identity/users/{id:guid}/sessions/revoke → 404 {"type":"urn:erp:problem:notFound","title":"The record was not found.","status":404,"code":"notFound","traceId":"00-644bc35f1479b2fdb56120be195f8d8c-3057f4deec9ae699-00"}
POST /api/identity/users/{id:guid}/unblock → 404 {"type":"urn:erp:problem:notFound","title":"The record was not found.","status":404,"code":"notFound","traceId":"00-2c0cbd9ae55adfbae516757d4fd766b1-73bdfbc50abf4766-00"}
POST /api/identity/users/{id:guid}/unblock → 404 {"type":"urn:erp:problem:notFound","title":"The record was not found.","status":404,"code":"notFound","traceId":"00-5c8e10563840b7c05e5c3da6dfd65a79-c396d870c7d10ef3-00"}
PUT /api/identity/users/{id:guid} → 404 {"type":"urn:erp:problem:notFound","title":"The record was not found.","status":404,"code":"notFound","traceId":"00-7b0c1ec489c1a7de9e64bb8c0c7fc932-64accf127125846b-00"}
PUT /api/identity/users/{id:guid} → 404 {"type":"urn:erp:problem:notFound","title":"The record was not found.","status":404,"code":"notFound","traceId":"00-3a050b6aaf86f09f6d28ba152baab8c7-6d46a800ee0f38b8-00"}
PUT /api/identity/users/{id:guid} → 404 {"type":"urn:erp:problem:notFound","title":"The record was not found.","status":404,"code":"notFound","traceId":"00-04f1ed858beb9dc32d8c1f8bc566308c-9d944b9087a9b085-00"}
PUT /api/identity/users/{id:guid} → 404 {"type":"urn:erp:problem:notFound","title":"The record was not found.","status":404,"code":"notFound","traceId":"00-188f92b32c0716a90f5703588f2fd7d3-aeb239fcf075347f-00"}
PUT /api/identity/users/{id:guid} → 404 {"type":"urn:erp:problem:notFound","title":"The record was not found.","status":404,"code":"notFound","traceId":"00-51dbad55faec56fc892fee80401db413-fdd015af184a5e30-00"}
PUT /api/identity/users/{id:guid} → 404 {"type":"urn:erp:problem:notFound","title":"The record was not found.","status":404,"code":"notFound","traceId":"00-279861a0fa509774e6334edd5d10567e-5565970048957e33-00"}
PUT /api/identity/users/{id:guid} → 404 {"type":"urn:erp:problem:notFound","title":"The record was not found.","status":404,"code":"notFound","traceId":"00-b7a62f7e28fb0f8684c330eec40678bb-0584c1a368cf6936-00"}
PUT /api/identity/users/{id:guid} → 404 {"type":"urn:erp:problem:notFound","title":"The record was not found.","status":404,"code":"notFound","traceId":"00-3143c9493fa50f98e1727cfe69998652-8d1a4e0657ac4884-00"}
PUT /api/identity/users/{id:guid} → 404 {"type":"urn:erp:problem:notFound","title":"The record was not found.","status":404,"code":"notFound","traceId":"00-5722c1d3d90aed128605e8c322d39ee8-a381153c6b6a5d87-00"}
PUT /api/identity/users/{id:guid}/default-company → 404 {"type":"urn:erp:problem:notFound","title":"The record was not found.","status":404,"code":"notFound","traceId":"00-8faa4caca504e007a065989cf0d55dc7-3ef88084882ee5b5-00"}
PUT /api/identity/users/{id:guid}/default-company → 404 {"type":"urn:erp:problem:notFound","title":"The record was not found.","status":404,"code":"notFound","traceId":"00-f748530fa836e30ccd38b99554e68207-3673fca476163e41-00"}
PUT /api/identity/users/{id:guid}/default-company → 404 {"type":"urn:erp:problem:notFound","title":"The record was not found.","status":404,"code":"notFound","traceId":"00-e88c46bd36b08a47eb3b5b7fed46e1c3-ac2875dfc4740808-00"}
POST /api/identity/users/{id:guid}/password → 404 {"type":"urn:erp:problem:notFound","title":"The record was not found.","status":404,"code":"notFound","traceId":"00-2bd01fd8837dfd075aff9db0e1a59261-725cd1619aae7c08-00"}
POST /api/identity/users/{id:guid}/password → 404 {"type":"urn:erp:problem:notFound","title":"The record was not found.","status":404,"code":"notFound","traceId":"00-ca9d10b94c4466e894ebd2a617b15fd1-e9fbc3e173776c2a-00"}
POST /api/identity/users/{id:guid}/password → 404 {"type":"urn:erp:problem:notFound","title":"The record was not found.","status":404,"code":"notFound","traceId":"00-54cd308bda9a97992ff8c8c8495f6efe-dc7a047304bf48cc-00"}
POST /api/identity/users/{id:guid}/sessions/revoke → 404 {"type":"urn:erp:problem:notFound","title":"The record was not found.","status":404,"code":"notFound","traceId":"00-2fbb3fd9bb5983f6c2ede1f1750b2253-45a051d3bb3a33b8-00"}
POST /api/identity/users/{id:guid}/sessions/revoke → 404 {"type":"urn:erp:problem:notFound","title":"The record was not found.","status":404,"code":"notFound","traceId":"00-450768fed51254dff738fae7ed58c6b0-6bdb030a835e3e83-00"}
POST /api/identity/users/{id:guid}/sessions/revoke → 404 {"type":"urn:erp:problem:notFound","title":"The record was not found.","status":404,"code":"notFound","traceId":"00-d39c3a2794ccb750eb7198a9dc28e2ec-ca10c65f8dc4dfa8-00"}
POST /api/identity/users/{id:guid}/unblock → 404 {"type":"urn:erp:problem:notFound","title":"The record was not found.","status":404,"code":"notFound","traceId":"00-ac0ce6bf83abd71bed11ff0cca448aab-f560d9d1d35d6a9d-00"}
POST /api/identity/users/{id:guid}/unblock → 404 {"type":"urn:erp:problem:notFound","title":"The record was not found.","status":404,"code":"notFound","traceId":"00-f366b2144a2c8a1a2d642fe66e48514c-59d47f4acd0537d2-00"}
POST /api/identity/users/{id:guid}/unblock → 404 {"type":"urn:erp:problem:notFound","title":"The record was not found.","status":404,"code":"notFound","traceId":"00-f501ab72220fd9f98c1d3015e6b9db81-bb2798fc599ffc5f-00"}

The write-after-write phase may have been blind:
PUT /api/identity/users/{id:guid} with language="en": no write pair succeeded on both sides with the value in the body
PUT /api/identity/users/{id:guid} with language="ar": no write pair succeeded on both sides with the value in the body

g1.enumValuesAttacked: 207; ratchet minimum 209

g1.enumVariantWritePairs: 648; ratchet minimum 650
  Stack Trace:
     at Erp.Gates.Tests.G1.G1HttpIsolationTests.Tenant_A_cannot_reach_tenant_B_through_any_endpoint() in /work/tests/Erp.Gates.Tests/G1/G1HttpIsolationTests.cs:line 148
--- End of stack trace from previous location ---
  Standard Output Messages:
 routes, tenant headers and guessed queries: 177060 requests so far, 450.4 s
 tenant switch inputs: 19 headers, 32 query names, 3 cookies, 34 body names: 188377 requests so far, 543.2 s
 write after write: 94 pairs over 52 endpoints, 648 pairs with 207 documented values, 20873 tenant A requests: 188377 requests so far, 863.4 s
 answer shapes: 10 endpoints, 448 shapes, 1433 tenant B and 848 tenant A requests: 189236 requests so far, 885.8 s
 tenant B values in route and query parameters: 377634 requests so far, 1153.3 s
 registered lists through their query contract: 16413 attacks, 29585 requests: 407219 requests so far, 1220.3 s
 list answers judged against each tenant's own rows: 552 queries, 179 with different true answers, 14527 rows walked; process-wide state fingerprinted in 4441 lines from 82 roots: 407219 requests so far, 1251.6 s
 tenant B values in body fields: 437648 requests so far, 1339.0 s
 tenant B activity: 104639 requests (38592 concurrent with the attack), 1771 successful own writes, 104562 responses judged for tenant A markers: 437648 requests so far, 1357.9 s
 tenant B: 267 ids (58 sampled), 147 text values, 101 extra markers, 41 probe values
 513734 tenant bindings and 1027102 setting statements judged among 4886328 statements; 513734 tenant values judged, 4568112 statements observed with their parameters; 11317 tenant switch inputs over 19 header names; 357502 responses judged on every header
 10827 tenant B route values replayed, 9056 tenant B opens of the routes A was about to attack
 207 documented enumeration values sent, 648 enumeration-variant write pairs
 112 endpoints, 458521 requests, 414 tenant B values, 135652 parameter attacks, 30429 body value attacks, 74374 differential checks (4955 values tenant A holds itself not compared), 515470 traced lookups



Test Run Failed.
Total tests: 133
     Passed: 125
     Failed: 8
 Total time: 23.6044 Minutes
gates rc=1
