=== plant-a1 plant A1
 .../Identity/Erp.Modules.Identity/Migrations/20261002213744_Initial.cs   | 1 +
 1 file changed, 1 insertion(+)
  Determining projects to restore...
  Restored /home/user/critic/p00-foundation-r1-plant/src/Host/Erp.Host/Erp.Host.csproj (in 1.2 sec).
  Restored /home/user/critic/p00-foundation-r1-plant/tests/Erp.Testing/Erp.Testing.csproj (in 1.2 sec).
  Restored /home/user/critic/p00-foundation-r1-plant/src/Modules/Identity/Erp.Modules.Identity.Contracts/Erp.Modules.Identity.Contracts.csproj (in 2 ms).
  Restored /home/user/critic/p00-foundation-r1-plant/tests/Erp.Gates.Tests/Erp.Gates.Tests.csproj (in 1.5 sec).
  Restored /home/user/critic/p00-foundation-r1-plant/src/Modules/Tenancy/Erp.Modules.Tenancy.Contracts/Erp.Modules.Tenancy.Contracts.csproj (in 1 ms).
  Restored /home/user/critic/p00-foundation-r1-plant/src/Modules/Tenancy/Erp.Modules.Tenancy/Erp.Modules.Tenancy.csproj (in 60 ms).
  Restored /home/user/critic/p00-foundation-r1-plant/src/Kernel/Erp.Kernel/Erp.Kernel.csproj (in 1.53 sec).
  Restored /home/user/critic/p00-foundation-r1-plant/src/Modules/Identity/Erp.Modules.Identity/Erp.Modules.Identity.csproj (in 292 ms).
  Erp.Modules.Tenancy.Contracts -> /home/user/critic/p00-foundation-r1-plant/src/Modules/Tenancy/Erp.Modules.Tenancy.Contracts/bin/Release/net10.0/Erp.Modules.Tenancy.Contracts.dll
  Erp.Modules.Identity.Contracts -> /home/user/critic/p00-foundation-r1-plant/src/Modules/Identity/Erp.Modules.Identity.Contracts/bin/Release/net10.0/Erp.Modules.Identity.Contracts.dll
  Erp.Kernel -> /home/user/critic/p00-foundation-r1-plant/src/Kernel/Erp.Kernel/bin/Release/net10.0/Erp.Kernel.dll
  Erp.Modules.Tenancy -> /home/user/critic/p00-foundation-r1-plant/src/Modules/Tenancy/Erp.Modules.Tenancy/bin/Release/net10.0/Erp.Modules.Tenancy.dll
  Erp.Modules.Identity -> /home/user/critic/p00-foundation-r1-plant/src/Modules/Identity/Erp.Modules.Identity/bin/Release/net10.0/Erp.Modules.Identity.dll
  Erp.Host -> /home/user/critic/p00-foundation-r1-plant/src/Host/Erp.Host/bin/Release/net10.0/Erp.Host.dll
  Erp.Testing -> /home/user/critic/p00-foundation-r1-plant/tests/Erp.Testing/bin/Release/net10.0/Erp.Testing.dll
  Erp.Gates.Tests -> /home/user/critic/p00-foundation-r1-plant/tests/Erp.Gates.Tests/bin/Release/net10.0/Erp.Gates.Tests.dll
Test run for /home/user/critic/p00-foundation-r1-plant/tests/Erp.Gates.Tests/bin/Release/net10.0/Erp.Gates.Tests.dll (.NETCoreApp,Version=v10.0)
A total of 1 test files matched the specified pattern.
[xUnit.net 00:00:00.00] xUnit.net VSTest Adapter v3.1.5+1b188a7b0a (64-bit .NET 10.0.12)
[xUnit.net 00:00:00.18]   Discovering: Erp.Gates.Tests
[xUnit.net 00:00:00.39]   Discovered:  Erp.Gates.Tests
[xUnit.net 00:00:00.58]   Starting:    Erp.Gates.Tests
  Passed Erp.Gates.Tests.Rules.MoneyGateTests.No_float_or_double_in_server_code [41 ms]
  Passed Erp.Gates.Tests.Rules.MoneyGateTests.No_parseFloat_in_front_end_code [5 ms]
  Passed Erp.Gates.Tests.Rules.MoneyGateTests.No_floating_point_or_money_columns_in_the_database [15 ms]
  Passed Erp.Gates.Tests.Rules.StringGateTests.Web_string_files_have_matching_English_and_Arabic_keys [8 ms]
  Passed Erp.Gates.Tests.Rules.StringGateTests.Every_permission_module_and_menu_entry_has_labels [4 ms]
  Passed Erp.Gates.Tests.Rules.StringGateTests.Server_string_files_have_matching_English_and_Arabic_keys [1 ms]
  Passed Erp.Gates.Tests.Rules.StringGateTests.Every_problem_and_validation_code_in_server_code_has_text [11 ms]
  Passed Erp.Gates.Tests.Rules.OpenApiGateTests.OpenApi_document_covers_every_endpoint_with_its_permission [267 ms]
  Passed Erp.Gates.Tests.Rules.OpenApiGateTests.Decimals_are_documented_as_strings [35 ms]
  Passed Erp.Gates.Tests.Rules.LicenceGateTests.Every_npm_package_has_an_allowed_licence [11 ms]
  Passed Erp.Gates.Tests.Rules.LicenceGateTests.Every_NuGet_package_has_an_allowed_licence [98 ms]
  Passed Erp.Gates.Tests.Rules.AuditGateTests.Every_tenant_table_carries_the_audit_trigger_unless_reviewed_exempt [26 ms]
  Passed Erp.Gates.Tests.G2.G2PermissionTests.The_host_refuses_to_start_with_an_endpoint_that_declares_no_permission [25 ms]
  Passed Erp.Gates.Tests.Rules.AuditGateTests.Writes_that_bypass_the_ORM_are_audited_too [52 ms]
  Passed Erp.Gates.Tests.Rules.AuditGateTests.Writes_through_the_API_leave_field_level_audit_rows_attributed_to_the_user [407 ms]
  Passed Erp.Gates.Tests.SelfTests.GateSelfTests.The_database_check_catches_a_table_without_row_level_security [45 ms]
  Passed Erp.Gates.Tests.Rules.AuditGateTests.Passwords_are_redacted_in_the_audit_trail [318 ms]
[xUnit.net 00:00:13.15]     Erp.Gates.Tests.G1.G1DatabaseIsolationTests.Tenant_tables_enforce_row_level_security_with_the_standard_policy [FAIL]
[xUnit.net 00:00:13.15]       identity.roles: tenant_isolation must be PERMISSIVE FOR ALL TO PUBLIC USING and WITH CHECK (tenant_id = erp.current_tenant_id()) (is * True [public] true / true)
[xUnit.net 00:00:13.15]       Stack Trace:
[xUnit.net 00:00:13.16]         /home/user/critic/p00-foundation-r1-plant/tests/Erp.Gates.Tests/G1/G1DatabaseIsolationTests.cs(43,0): at Erp.Gates.Tests.G1.G1DatabaseIsolationTests.Tenant_tables_enforce_row_level_security_with_the_standard_policy()
[xUnit.net 00:00:13.16]         --- End of stack trace from previous location ---
[xUnit.net 00:00:13.30]     Erp.Gates.Tests.G1.G1DatabaseIsolationTests.Application_role_sees_and_changes_only_its_own_tenant_in_every_tenant_table [FAIL]
[xUnit.net 00:00:13.30]       Npgsql.PostgresException : 42501: new row violates row-level security policy for table "entries"
[xUnit.net 00:00:13.30]       Stack Trace:
[xUnit.net 00:00:13.30]            at Npgsql.Internal.NpgsqlConnector.ReadMessageLong(Boolean async, DataRowLoadingMode dataRowLoadingMode, Boolean readingNotifications, Boolean isReadingPrependedMessage)
[xUnit.net 00:00:13.30]            at System.Runtime.CompilerServices.PoolingAsyncValueTaskMethodBuilder`1.StateMachineBox`1.System.Threading.Tasks.Sources.IValueTaskSource<TResult>.GetResult(Int16 token)
[xUnit.net 00:00:13.30]            at Npgsql.NpgsqlDataReader.NextResult(Boolean async, Boolean isConsuming, CancellationToken cancellationToken)
[xUnit.net 00:00:13.30]            at Npgsql.NpgsqlDataReader.NextResult(Boolean async, Boolean isConsuming, CancellationToken cancellationToken)
[xUnit.net 00:00:13.30]            at Npgsql.NpgsqlCommand.ExecuteReader(Boolean async, CommandBehavior behavior, CancellationToken cancellationToken)
[xUnit.net 00:00:13.30]            at Npgsql.NpgsqlCommand.ExecuteReader(Boolean async, CommandBehavior behavior, CancellationToken cancellationToken)
[xUnit.net 00:00:13.30]            at Npgsql.NpgsqlCommand.ExecuteNonQuery(Boolean async, CancellationToken cancellationToken)
[xUnit.net 00:00:13.30]         /home/user/critic/p00-foundation-r1-plant/tests/Erp.Gates.Tests/G1/G1DatabaseIsolationTests.cs(337,0): at Erp.Gates.Tests.G1.G1DatabaseIsolationTests.ExecAsync(NpgsqlConnection connection, NpgsqlTransaction tx, String sql)
[xUnit.net 00:00:13.30]         /home/user/critic/p00-foundation-r1-plant/tests/Erp.Gates.Tests/G1/G1DatabaseIsolationTests.cs(337,0): at Erp.Gates.Tests.G1.G1DatabaseIsolationTests.ExecAsync(NpgsqlConnection connection, NpgsqlTransaction tx, String sql)
[xUnit.net 00:00:13.30]         /home/user/critic/p00-foundation-r1-plant/tests/Erp.Gates.Tests/G1/G1DatabaseIsolationTests.cs(273,0): at Erp.Gates.Tests.G1.G1DatabaseIsolationTests.Application_role_sees_and_changes_only_its_own_tenant_in_every_tenant_table()
[xUnit.net 00:00:13.30]         /home/user/critic/p00-foundation-r1-plant/tests/Erp.Gates.Tests/G1/G1DatabaseIsolationTests.cs(291,0): at Erp.Gates.Tests.G1.G1DatabaseIsolationTests.Application_role_sees_and_changes_only_its_own_tenant_in_every_tenant_table()
[xUnit.net 00:00:13.30]            at Erp.Gates.Tests.G1.G1DatabaseIsolationTests.Application_role_sees_and_changes_only_its_own_tenant_in_every_tenant_table()
[xUnit.net 00:00:13.30]         /home/user/critic/p00-foundation-r1-plant/tests/Erp.Gates.Tests/G1/G1DatabaseIsolationTests.cs(310,0): at Erp.Gates.Tests.G1.G1DatabaseIsolationTests.Application_role_sees_and_changes_only_its_own_tenant_in_every_tenant_table()
[xUnit.net 00:00:13.30]         --- End of stack trace from previous location ---
  Failed Erp.Gates.Tests.G1.G1DatabaseIsolationTests.Tenant_tables_enforce_row_level_security_with_the_standard_policy [32 ms]
  Error Message:
   identity.roles: tenant_isolation must be PERMISSIVE FOR ALL TO PUBLIC USING and WITH CHECK (tenant_id = erp.current_tenant_id()) (is * True [public] true / true)
  Stack Trace:
     at Erp.Gates.Tests.G1.G1DatabaseIsolationTests.Tenant_tables_enforce_row_level_security_with_the_standard_policy() in /home/user/critic/p00-foundation-r1-plant/tests/Erp.Gates.Tests/G1/G1DatabaseIsolationTests.cs:line 43
--- End of stack trace from previous location ---
  Passed Erp.Gates.Tests.G1.G1DatabaseIsolationTests.Application_role_cannot_bypass_row_level_security_or_become_a_role_that_can [49 ms]
  Passed Erp.Gates.Tests.G1.G1DatabaseIsolationTests.Tenant_tables_have_an_id_primary_key [10 ms]
  Passed Erp.Gates.Tests.G1.G1DatabaseIsolationTests.Audit_trail_is_append_only_for_the_application [21 ms]
  Passed Erp.Gates.Tests.G1.G1DatabaseIsolationTests.Every_table_is_tenant_owned_or_a_reviewed_platform_table [8 ms]
  Failed Erp.Gates.Tests.G1.G1DatabaseIsolationTests.Application_role_sees_and_changes_only_its_own_tenant_in_every_tenant_table [53 ms]
  Error Message:
   Npgsql.PostgresException : 42501: new row violates row-level security policy for table "entries"
  Stack Trace:
     at Npgsql.Internal.NpgsqlConnector.ReadMessageLong(Boolean async, DataRowLoadingMode dataRowLoadingMode, Boolean readingNotifications, Boolean isReadingPrependedMessage)
   at System.Runtime.CompilerServices.PoolingAsyncValueTaskMethodBuilder`1.StateMachineBox`1.System.Threading.Tasks.Sources.IValueTaskSource<TResult>.GetResult(Int16 token)
   at Npgsql.NpgsqlDataReader.NextResult(Boolean async, Boolean isConsuming, CancellationToken cancellationToken)
   at Npgsql.NpgsqlDataReader.NextResult(Boolean async, Boolean isConsuming, CancellationToken cancellationToken)
   at Npgsql.NpgsqlCommand.ExecuteReader(Boolean async, CommandBehavior behavior, CancellationToken cancellationToken)
   at Npgsql.NpgsqlCommand.ExecuteReader(Boolean async, CommandBehavior behavior, CancellationToken cancellationToken)
   at Npgsql.NpgsqlCommand.ExecuteNonQuery(Boolean async, CancellationToken cancellationToken)
   at Erp.Gates.Tests.G1.G1DatabaseIsolationTests.ExecAsync(NpgsqlConnection connection, NpgsqlTransaction tx, String sql) in /home/user/critic/p00-foundation-r1-plant/tests/Erp.Gates.Tests/G1/G1DatabaseIsolationTests.cs:line 337
   at Erp.Gates.Tests.G1.G1DatabaseIsolationTests.ExecAsync(NpgsqlConnection connection, NpgsqlTransaction tx, String sql) in /home/user/critic/p00-foundation-r1-plant/tests/Erp.Gates.Tests/G1/G1DatabaseIsolationTests.cs:line 337
   at Erp.Gates.Tests.G1.G1DatabaseIsolationTests.Application_role_sees_and_changes_only_its_own_tenant_in_every_tenant_table() in /home/user/critic/p00-foundation-r1-plant/tests/Erp.Gates.Tests/G1/G1DatabaseIsolationTests.cs:line 273
   at Erp.Gates.Tests.G1.G1DatabaseIsolationTests.Application_role_sees_and_changes_only_its_own_tenant_in_every_tenant_table() in /home/user/critic/p00-foundation-r1-plant/tests/Erp.Gates.Tests/G1/G1DatabaseIsolationTests.cs:line 291
   at Erp.Gates.Tests.G1.G1DatabaseIsolationTests.Application_role_sees_and_changes_only_its_own_tenant_in_every_tenant_table()
   at Erp.Gates.Tests.G1.G1DatabaseIsolationTests.Application_role_sees_and_changes_only_its_own_tenant_in_every_tenant_table() in /home/user/critic/p00-foundation-r1-plant/tests/Erp.Gates.Tests/G1/G1DatabaseIsolationTests.cs:line 310
--- End of stack trace from previous location ---
  Passed Erp.Gates.Tests.G1.G1DatabaseIsolationTests.Foreign_keys_between_tenant_tables_include_the_tenant [5 ms]
  Passed Erp.Gates.Tests.G1.G1DatabaseIsolationTests.Security_definer_functions_are_exactly_the_reviewed_ones [7 ms]
  Passed Erp.Gates.Tests.G2.G2PermissionTests.Granting_exactly_one_permission_opens_exactly_the_endpoints_that_declare_it [4 s]
  Passed Erp.Gates.Tests.G2.G2PermissionTests.Every_endpoint_declares_exactly_one_permission_or_is_reviewed_anonymous [2 ms]
  Passed Erp.Gates.Tests.G2.G2PermissionTests.Every_declared_permission_is_in_the_catalogue_and_every_catalogue_permission_is_used [< 1 ms]
  Passed Erp.Gates.Tests.G2.G2PermissionTests.Anonymous_callers_get_401_from_every_permissioned_endpoint [5 ms]
  Passed Erp.Gates.Tests.G2.G2PermissionTests.Users_cannot_escalate_their_own_privileges [650 ms]
  Passed Erp.Gates.Tests.G2.G2PermissionTests.A_user_whose_roles_grant_nothing_is_denied_everything_and_sees_no_menu [244 ms]
  Passed Erp.Gates.Tests.G2.G2PermissionTests.The_host_refuses_to_start_with_an_endpoint_whose_permission_is_not_in_the_catalogue [21 ms]
  Passed Erp.Gates.Tests.G2.G2PermissionTests.Undeclared_endpoints_fall_back_to_deny [1 ms]
  Passed Erp.Gates.Tests.G1.G1HttpIsolationTests.Tenant_A_cannot_reach_tenant_B_through_any_endpoint [12 s]
[xUnit.net 00:00:26.55]   Finished:    Erp.Gates.Tests (ID = 'd2b4c8415264301e9b2188c4095ada012777c9697abb1a0485a33b9812fab22f')
  Passed Erp.Gates.Tests.SelfTests.GateSelfTests.The_HTTP_attack_catches_planted_header_route_and_body_leaks [13 s]

Test Run Failed.
Total tests: 35
     Passed: 33
     Failed: 2
 Total time: 26.9820 Seconds
EXIT=1
