=== plant-a3 plant A3
 src/Modules/Tenancy/Erp.Modules.Tenancy/TenancyEndpoints.cs | 7 ++++++-
 1 file changed, 6 insertions(+), 1 deletion(-)
  Determining projects to restore...
  All projects are up-to-date for restore.
  Erp.Modules.Identity.Contracts -> /home/user/critic/p00-foundation-r1-plant/src/Modules/Identity/Erp.Modules.Identity.Contracts/bin/Release/net10.0/Erp.Modules.Identity.Contracts.dll
  Erp.Modules.Tenancy.Contracts -> /home/user/critic/p00-foundation-r1-plant/src/Modules/Tenancy/Erp.Modules.Tenancy.Contracts/bin/Release/net10.0/Erp.Modules.Tenancy.Contracts.dll
  Erp.Kernel -> /home/user/critic/p00-foundation-r1-plant/src/Kernel/Erp.Kernel/bin/Release/net10.0/Erp.Kernel.dll
  Erp.Modules.Tenancy -> /home/user/critic/p00-foundation-r1-plant/src/Modules/Tenancy/Erp.Modules.Tenancy/bin/Release/net10.0/Erp.Modules.Tenancy.dll
  Erp.Modules.Identity -> /home/user/critic/p00-foundation-r1-plant/src/Modules/Identity/Erp.Modules.Identity/bin/Release/net10.0/Erp.Modules.Identity.dll
  Erp.Host -> /home/user/critic/p00-foundation-r1-plant/src/Host/Erp.Host/bin/Release/net10.0/Erp.Host.dll
  Erp.Testing -> /home/user/critic/p00-foundation-r1-plant/tests/Erp.Testing/bin/Release/net10.0/Erp.Testing.dll
  Erp.Gates.Tests -> /home/user/critic/p00-foundation-r1-plant/tests/Erp.Gates.Tests/bin/Release/net10.0/Erp.Gates.Tests.dll
Test run for /home/user/critic/p00-foundation-r1-plant/tests/Erp.Gates.Tests/bin/Release/net10.0/Erp.Gates.Tests.dll (.NETCoreApp,Version=v10.0)
A total of 1 test files matched the specified pattern.
[xUnit.net 00:00:00.00] xUnit.net VSTest Adapter v3.1.5+1b188a7b0a (64-bit .NET 10.0.12)
[xUnit.net 00:00:00.19]   Discovering: Erp.Gates.Tests
[xUnit.net 00:00:00.43]   Discovered:  Erp.Gates.Tests
[xUnit.net 00:00:00.68]   Starting:    Erp.Gates.Tests
  Passed Erp.Gates.Tests.Rules.StringGateTests.Web_string_files_have_matching_English_and_Arabic_keys [22 ms]
  Passed Erp.Gates.Tests.Rules.MoneyGateTests.No_float_or_double_in_server_code [31 ms]
  Passed Erp.Gates.Tests.Rules.MoneyGateTests.No_parseFloat_in_front_end_code [3 ms]
  Passed Erp.Gates.Tests.Rules.StringGateTests.Every_permission_module_and_menu_entry_has_labels [4 ms]
  Passed Erp.Gates.Tests.Rules.StringGateTests.Server_string_files_have_matching_English_and_Arabic_keys [5 ms]
  Passed Erp.Gates.Tests.Rules.MoneyGateTests.No_floating_point_or_money_columns_in_the_database [9 ms]
  Passed Erp.Gates.Tests.Rules.StringGateTests.Every_problem_and_validation_code_in_server_code_has_text [9 ms]
  Passed Erp.Gates.Tests.G1.G1DatabaseIsolationTests.Tenant_tables_enforce_row_level_security_with_the_standard_policy [43 ms]
  Passed Erp.Gates.Tests.G1.G1DatabaseIsolationTests.Application_role_cannot_bypass_row_level_security_or_become_a_role_that_can [61 ms]
  Passed Erp.Gates.Tests.G1.G1DatabaseIsolationTests.Tenant_tables_have_an_id_primary_key [18 ms]
  Passed Erp.Gates.Tests.G1.G1DatabaseIsolationTests.Audit_trail_is_append_only_for_the_application [20 ms]
  Passed Erp.Gates.Tests.G1.G1DatabaseIsolationTests.Every_table_is_tenant_owned_or_a_reviewed_platform_table [5 ms]
  Passed Erp.Gates.Tests.G1.G1DatabaseIsolationTests.Application_role_sees_and_changes_only_its_own_tenant_in_every_tenant_table [215 ms]
  Passed Erp.Gates.Tests.G1.G1DatabaseIsolationTests.Foreign_keys_between_tenant_tables_include_the_tenant [4 ms]
  Passed Erp.Gates.Tests.G1.G1DatabaseIsolationTests.Security_definer_functions_are_exactly_the_reviewed_ones [14 ms]
  Passed Erp.Gates.Tests.Rules.OpenApiGateTests.OpenApi_document_covers_every_endpoint_with_its_permission [282 ms]
  Passed Erp.Gates.Tests.Rules.OpenApiGateTests.Decimals_are_documented_as_strings [57 ms]
  Passed Erp.Gates.Tests.Rules.LicenceGateTests.Every_npm_package_has_an_allowed_licence [6 ms]
  Passed Erp.Gates.Tests.Rules.LicenceGateTests.Every_NuGet_package_has_an_allowed_licence [21 ms]
  Passed Erp.Gates.Tests.G2.G2PermissionTests.The_host_refuses_to_start_with_an_endpoint_that_declares_no_permission [31 ms]
  Passed Erp.Gates.Tests.Rules.AuditGateTests.Every_tenant_table_carries_the_audit_trigger_unless_reviewed_exempt [18 ms]
  Passed Erp.Gates.Tests.Rules.AuditGateTests.Writes_that_bypass_the_ORM_are_audited_too [31 ms]
  Passed Erp.Gates.Tests.Rules.AuditGateTests.Writes_through_the_API_leave_field_level_audit_rows_attributed_to_the_user [428 ms]
  Passed Erp.Gates.Tests.Rules.AuditGateTests.Passwords_are_redacted_in_the_audit_trail [417 ms]
  Passed Erp.Gates.Tests.SelfTests.GateSelfTests.The_database_check_catches_a_table_without_row_level_security [25 ms]
  Passed Erp.Gates.Tests.G2.G2PermissionTests.Granting_exactly_one_permission_opens_exactly_the_endpoints_that_declare_it [5 s]
  Passed Erp.Gates.Tests.G2.G2PermissionTests.Every_endpoint_declares_exactly_one_permission_or_is_reviewed_anonymous [3 ms]
  Passed Erp.Gates.Tests.G2.G2PermissionTests.Every_declared_permission_is_in_the_catalogue_and_every_catalogue_permission_is_used [5 ms]
  Passed Erp.Gates.Tests.G2.G2PermissionTests.Anonymous_callers_get_401_from_every_permissioned_endpoint [4 ms]
  Passed Erp.Gates.Tests.G2.G2PermissionTests.Users_cannot_escalate_their_own_privileges [590 ms]
  Passed Erp.Gates.Tests.G2.G2PermissionTests.A_user_whose_roles_grant_nothing_is_denied_everything_and_sees_no_menu [271 ms]
  Passed Erp.Gates.Tests.G2.G2PermissionTests.The_host_refuses_to_start_with_an_endpoint_whose_permission_is_not_in_the_catalogue [25 ms]
  Passed Erp.Gates.Tests.G2.G2PermissionTests.Undeclared_endpoints_fall_back_to_deny [1 ms]
[xUnit.net 00:00:26.07]     Erp.Gates.Tests.G1.G1HttpIsolationTests.Tenant_A_cannot_reach_tenant_B_through_any_endpoint [FAIL]
[xUnit.net 00:00:26.07]       2 leaks:
[xUnit.net 00:00:26.07]       tenant A administrator (cookie) → GET /api/tenancy/tenant [TenantQuery] → 200: response contains tenant B marker 0190a000-0000-7000-8000-00000000000b
[xUnit.net 00:00:26.07]       tenant A administrator (bearer) → GET /api/tenancy/tenant [TenantQuery] → 200: response contains tenant B marker 0190a000-0000-7000-8000-00000000000b
[xUnit.net 00:00:26.07]       Stack Trace:
[xUnit.net 00:00:26.07]         /home/user/critic/p00-foundation-r1-plant/tests/Erp.Gates.Tests/G1/G1HttpIsolationTests.cs(44,0): at Erp.Gates.Tests.G1.G1HttpIsolationTests.Tenant_A_cannot_reach_tenant_B_through_any_endpoint()
[xUnit.net 00:00:26.07]         --- End of stack trace from previous location ---
  Failed Erp.Gates.Tests.G1.G1HttpIsolationTests.Tenant_A_cannot_reach_tenant_B_through_any_endpoint [13 s]
  Error Message:
   2 leaks:
tenant A administrator (cookie) → GET /api/tenancy/tenant [TenantQuery] → 200: response contains tenant B marker 0190a000-0000-7000-8000-00000000000b
tenant A administrator (bearer) → GET /api/tenancy/tenant [TenantQuery] → 200: response contains tenant B marker 0190a000-0000-7000-8000-00000000000b
  Stack Trace:
     at Erp.Gates.Tests.G1.G1HttpIsolationTests.Tenant_A_cannot_reach_tenant_B_through_any_endpoint() in /home/user/critic/p00-foundation-r1-plant/tests/Erp.Gates.Tests/G1/G1HttpIsolationTests.cs:line 44
--- End of stack trace from previous location ---
[xUnit.net 00:00:27.39]     Erp.Gates.Tests.SelfTests.GateSelfTests.The_HTTP_attack_catches_planted_header_route_and_body_leaks [FAIL]
[xUnit.net 00:00:27.39]       Assert.DoesNotContain() Failure: Filter matched in collection
[xUnit.net 00:00:27.39]                                                                                                                                                                                                    ↓ (pos 8)
[xUnit.net 00:00:27.39]       Collection: [···, "tenant A administrator (bearer) → GET /api/leaky/t"···, "tenant A administrator (cookie) → GET /api/leaky/t"···, "tenant A administrator (bearer) → GET /api/leaky/t"···, "tenant A administrator (cookie) → GET /api/tenancy"···, "tenant A administrator (bearer) → GET /api/tenancy"···]
[xUnit.net 00:00:27.39]       Stack Trace:
[xUnit.net 00:00:27.39]         /home/user/critic/p00-foundation-r1-plant/tests/Erp.Gates.Tests/SelfTests/GateSelfTests.cs(37,0): at Erp.Gates.Tests.SelfTests.GateSelfTests.The_HTTP_attack_catches_planted_header_route_and_body_leaks()
[xUnit.net 00:00:27.39]         --- End of stack trace from previous location ---
[xUnit.net 00:00:28.03]   Finished:    Erp.Gates.Tests (ID = 'd2b4c8415264301e9b2188c4095ada012777c9697abb1a0485a33b9812fab22f')
  Failed Erp.Gates.Tests.SelfTests.GateSelfTests.The_HTTP_attack_catches_planted_header_route_and_body_leaks [13 s]
  Error Message:
   Assert.DoesNotContain() Failure: Filter matched in collection
                                                                                                                                                                                             ↓ (pos 8)
Collection: [···, "tenant A administrator (bearer) → GET /api/leaky/t"···, "tenant A administrator (cookie) → GET /api/leaky/t"···, "tenant A administrator (bearer) → GET /api/leaky/t"···, "tenant A administrator (cookie) → GET /api/tenancy"···, "tenant A administrator (bearer) → GET /api/tenancy"···]
  Stack Trace:
     at Erp.Gates.Tests.SelfTests.GateSelfTests.The_HTTP_attack_catches_planted_header_route_and_body_leaks() in /home/user/critic/p00-foundation-r1-plant/tests/Erp.Gates.Tests/SelfTests/GateSelfTests.cs:line 37
--- End of stack trace from previous location ---

Test Run Failed.
Total tests: 35
     Passed: 33
     Failed: 2
 Total time: 28.6139 Seconds
EXIT=1
