edit-and-save            odoo  verified  steps 4  keys 19  machine 0.577s  human 10.28s  human+wait 11.122s  -> ../../evidence-staging/p06-form-report/r3/compare/results/edit-and-save-20261008T154935-619c.json
edit-and-save            odoo  verified  steps 4  keys 19  machine 0.835s  human 10.28s  human+wait 10.704s  -> ../../evidence-staging/p06-form-report/r3/compare/results/edit-and-save-20261008T155003-7283.json
edit-and-save            odoo  verified  steps 4  keys 19  machine 0.553s  human 10.28s  human+wait 10.54s  -> ../../evidence-staging/p06-form-report/r3/compare/results/edit-and-save-20261008T155026-3e96.json
edit-and-save            ours  verified  steps 3  keys 17  machine 0.293s  human 9.72s  human+wait 10.034s  -> ../../evidence-staging/p06-form-report/r3/compare/results/edit-and-save-20261008T155050-1e7e.json
edit-and-save            ours  verified  steps 3  keys 17  machine 0.252s  human 9.72s  human+wait 9.781s  -> ../../evidence-staging/p06-form-report/r3/compare/results/edit-and-save-20261008T155102-40b5.json
edit-and-save            ours  verified  steps 3  keys 17  machine 0.236s  human 9.72s  human+wait 9.776s  -> ../../evidence-staging/p06-form-report/r3/compare/results/edit-and-save-20261008T155110-547f.json
edit-and-save            verdict win
arabic-report            odoo  verified  steps 6  keys 0  machine 8.936s  human 15.9s  human+wait 24.206s  -> ../../evidence-staging/p06-form-report/r3/compare/results/arabic-report-20261008T155119-8cfb.json
arabic-report            odoo  verified  steps 6  keys 0  machine 6.76s  human 15.9s  human+wait 21.937s  -> ../../evidence-staging/p06-form-report/r3/compare/results/arabic-report-20261008T155138-fa19.json
arabic-report            odoo  verified  steps 6  keys 0  machine 7.582s  human 15.9s  human+wait 22.838s  -> ../../evidence-staging/p06-form-report/r3/compare/results/arabic-report-20261008T155156-3a8e.json
arabic-report            ours  verified  steps 2  keys 0  machine 0.462s  human 5.3s  human+wait 5.625s  -> ../../evidence-staging/p06-form-report/r3/compare/results/arabic-report-20261008T155217-bf58.json
arabic-report            ours  verified  steps 2  keys 0  machine 0.193s  human 5.3s  human+wait 5.372s  -> ../../evidence-staging/p06-form-report/r3/compare/results/arabic-report-20261008T155220-7a6a.json
arabic-report            ours  verified  steps 2  keys 0  machine 0.186s  human 5.3s  human+wait 5.353s  -> ../../evidence-staging/p06-form-report/r3/compare/results/arabic-report-20261008T155225-8a16.json
arabic-report            verdict loss
arabic-report            TIE AT ZERO on keystrokes (both products 0; counted as a tie, and a tie is a loss): every other metric is a win, so this loss comes from the tie at zero alone. Owner question pending, gauntlet/needs-human.md.
print-list-arabic        odoo  verified  steps 5  keys 32  machine 9.926s  human 19.06s  human+wait 27.984s  -> ../../evidence-staging/p06-form-report/r3/compare/results/print-list-arabic-20261008T155229-46e7.json
print-list-arabic        odoo  verified  steps 5  keys 32  machine 9.978s  human 19.06s  human+wait 28.265s  -> ../../evidence-staging/p06-form-report/r3/compare/results/print-list-arabic-20261008T155251-448b.json
print-list-arabic        odoo  verified  steps 5  keys 32  machine 10.898s  human 19.06s  human+wait 28.801s  -> ../../evidence-staging/p06-form-report/r3/compare/results/print-list-arabic-20261008T155312-b485.json
print-list-arabic        ours  verified  steps 3  keys 13  machine 0.975s  human 11.09s  human+wait 11.632s  -> ../../evidence-staging/p06-form-report/r3/compare/results/print-list-arabic-20261008T155337-c018.json
print-list-arabic        ours  verified  steps 3  keys 13  machine 0.828s  human 11.09s  human+wait 11.43s  -> ../../evidence-staging/p06-form-report/r3/compare/results/print-list-arabic-20261008T155345-ca9a.json
print-list-arabic        ours  verified  steps 3  keys 13  machine 0.921s  human 11.09s  human+wait 11.571s  -> ../../evidence-staging/p06-form-report/r3/compare/results/print-list-arabic-20261008T155352-7490.json
print-list-arabic        verdict win
blind review page: ../../../../evidence-staging/p06-form-report/r3/compare/blind/review.html
output: ../../../../evidence-staging/p06-form-report/r3/compare
