  Determining projects to restore...
  Restored /home/user/critic/p01-odoo-rig-r2-plants/src/Modules/Tenancy/Erp.Modules.Tenancy.Contracts/Erp.Modules.Tenancy.Contracts.csproj (in 103 ms).
  Restored /home/user/critic/p01-odoo-rig-r2-plants/src/Modules/Identity/Erp.Modules.Identity.Contracts/Erp.Modules.Identity.Contracts.csproj (in 2 ms).
  Restored /home/user/critic/p01-odoo-rig-r2-plants/tests/Erp.Testing/Erp.Testing.csproj (in 167 ms).
  Restored /home/user/critic/p01-odoo-rig-r2-plants/tests/Erp.Gates.Tests/Erp.Gates.Tests.csproj (in 325 ms).
  Restored /home/user/critic/p01-odoo-rig-r2-plants/src/Host/Erp.Host/Erp.Host.csproj (in 5 ms).
  Restored /home/user/critic/p01-odoo-rig-r2-plants/src/Modules/Identity/Erp.Modules.Identity/Erp.Modules.Identity.csproj (in 342 ms).
  Restored /home/user/critic/p01-odoo-rig-r2-plants/src/Modules/Tenancy/Erp.Modules.Tenancy/Erp.Modules.Tenancy.csproj (in 342 ms).
  Restored /home/user/critic/p01-odoo-rig-r2-plants/src/Kernel/Erp.Kernel/Erp.Kernel.csproj (in 27 ms).
  Erp.Modules.Identity.Contracts -> /home/user/critic/p01-odoo-rig-r2-plants/src/Modules/Identity/Erp.Modules.Identity.Contracts/bin/Release/net10.0/Erp.Modules.Identity.Contracts.dll
  Erp.Modules.Tenancy.Contracts -> /home/user/critic/p01-odoo-rig-r2-plants/src/Modules/Tenancy/Erp.Modules.Tenancy.Contracts/bin/Release/net10.0/Erp.Modules.Tenancy.Contracts.dll
  Erp.Kernel -> /home/user/critic/p01-odoo-rig-r2-plants/src/Kernel/Erp.Kernel/bin/Release/net10.0/Erp.Kernel.dll
  Erp.Modules.Tenancy -> /home/user/critic/p01-odoo-rig-r2-plants/src/Modules/Tenancy/Erp.Modules.Tenancy/bin/Release/net10.0/Erp.Modules.Tenancy.dll
  Erp.Modules.Identity -> /home/user/critic/p01-odoo-rig-r2-plants/src/Modules/Identity/Erp.Modules.Identity/bin/Release/net10.0/Erp.Modules.Identity.dll
  Erp.Host -> /home/user/critic/p01-odoo-rig-r2-plants/src/Host/Erp.Host/bin/Release/net10.0/Erp.Host.dll
  Erp.Testing -> /home/user/critic/p01-odoo-rig-r2-plants/tests/Erp.Testing/bin/Release/net10.0/Erp.Testing.dll
  Erp.Gates.Tests -> /home/user/critic/p01-odoo-rig-r2-plants/tests/Erp.Gates.Tests/bin/Release/net10.0/Erp.Gates.Tests.dll
Test run for /home/user/critic/p01-odoo-rig-r2-plants/tests/Erp.Gates.Tests/bin/Release/net10.0/Erp.Gates.Tests.dll (.NETCoreApp,Version=v10.0)
A total of 1 test files matched the specified pattern.
[xUnit.net 00:00:00.00] xUnit.net VSTest Adapter v3.1.5+1b188a7b0a (64-bit .NET 10.0.12)
[xUnit.net 00:00:00.21]   Discovering: Erp.Gates.Tests
[xUnit.net 00:00:00.45]   Discovered:  Erp.Gates.Tests
[xUnit.net 00:00:00.68]   Starting:    Erp.Gates.Tests
  Passed Erp.Gates.Tests.Rules.MoneyGateTests.No_floating_point_or_money_columns_in_the_database [54 ms]
  Passed Erp.Gates.Tests.Rules.MoneyGateTests.No_parseFloat_in_front_end_code [20 ms]
  Passed Erp.Gates.Tests.Rules.LicenceGateTests.Every_NuGet_package_has_an_allowed_licence [86 ms]
  Passed Erp.Gates.Tests.Rules.LicenceGateTests.Every_npm_package_has_an_allowed_licence [46 ms]
  Passed Erp.Gates.Tests.Rules.MoneyGateTests.No_float_or_double_in_server_code [57 ms]
  Passed Erp.Gates.Tests.G1.G1ReviewedLookupTests.Only_reviewed_source_files_name_a_reviewed_function [6 ms]
  Passed Erp.Gates.Tests.G1.G1DatabaseIsolationTests.Every_table_is_tenant_owned_or_a_reviewed_platform_table [25 ms]
  Passed Erp.Gates.Tests.G1.G1DatabaseIsolationTests.Tenant_tables_have_an_id_primary_key [25 ms]
  Passed Erp.Gates.Tests.G1.G1ReviewedLookupTests.Reviewed_lookups_answer_nothing_inside_a_tenant_bound_transaction [112 ms]
  Passed Erp.Gates.Tests.G1.G1ReviewedLookupTests.Every_reviewed_function_has_reviewed_callers_and_sources [4 ms]
  Passed Erp.Gates.Tests.G1.G1DatabaseIsolationTests.Audit_trail_is_append_only_for_the_application [104 ms]
  Passed Erp.Gates.Tests.G1.G1DatabaseIsolationTests.Security_definer_functions_are_exactly_the_reviewed_ones [7 ms]
  Passed Erp.Gates.Tests.G1.G1DatabaseIsolationTests.A_tenant_set_for_the_whole_connection_or_left_by_an_earlier_transaction_is_ignored [26 ms]
  Passed Erp.Gates.Tests.G1.G1DatabaseIsolationTests.Foreign_keys_between_tenant_tables_include_the_tenant [7 ms]
  Passed Erp.Gates.Tests.G1.G1DatabaseIsolationTests.Application_role_cannot_bypass_row_level_security_or_become_a_role_that_can [78 ms]
  Passed Erp.Gates.Tests.G1.G1DatabaseIsolationTests.Tenant_tables_enforce_row_level_security_with_the_standard_policy [86 ms]
  Passed Erp.Gates.Tests.Rules.OpenApiGateTests.Decimals_are_documented_as_strings [330 ms]
  Passed Erp.Gates.Tests.Rules.OpenApiGateTests.OpenApi_document_covers_every_endpoint_with_its_permission [50 ms]
  Passed Erp.Gates.Tests.G1.G1DatabaseIsolationTests.Application_role_sees_and_changes_only_its_own_tenant_in_every_tenant_table [141 ms]
  Passed Erp.Gates.Tests.G1.G1ProcessStateTests.Process_wide_state_is_immutable_or_reviewed [12 ms]
  Passed Erp.Gates.Tests.Rules.StringGateTests.Count_messages_use_plural_forms [5 ms]
  Passed Erp.Gates.Tests.Rules.StringGateTests.Every_problem_and_validation_code_in_server_code_has_text [8 ms]
  Passed Erp.Gates.Tests.Rules.StringGateTests.Server_string_files_have_matching_English_and_Arabic_keys [8 ms]
  Passed Erp.Gates.Tests.Rules.StringGateTests.Web_string_files_have_matching_English_and_Arabic_keys [1 ms]
  Passed Erp.Gates.Tests.Rules.StringGateTests.Every_permission_module_and_menu_entry_has_labels [2 ms]
  Passed Erp.Gates.Tests.G2.G2PermissionTests.Anonymous_callers_get_401_from_every_permissioned_endpoint [106 ms]
  Passed Erp.Gates.Tests.G2.G2PermissionTests.The_host_refuses_a_list_whose_endpoint_declares_another_permission [44 ms]
  Passed Erp.Gates.Tests.SelfTests.GateSelfTests.The_database_check_catches_a_table_without_row_level_security [27 ms]
  Passed Erp.Gates.Tests.Rules.AuditGateTests.Passwords_are_redacted_in_the_audit_trail [706 ms]
  Passed Erp.Gates.Tests.Rules.AuditGateTests.Every_tenant_table_carries_the_audit_trigger_unless_reviewed_exempt [43 ms]
  Passed Erp.Gates.Tests.Rules.AuditGateTests.Writes_through_the_API_leave_field_level_audit_rows_attributed_to_the_user [455 ms]
  Passed Erp.Gates.Tests.Rules.AuditGateTests.Writes_that_bypass_the_ORM_are_audited_too [63 ms]
  Passed Erp.Gates.Tests.G2.G2PermissionTests.Creating_a_user_cannot_grant_more_than_the_caller_holds [1 s]
  Passed Erp.Gates.Tests.G2.G2PermissionTests.No_endpoint_grants_more_than_the_caller_holds [2 s]
  Passed Erp.Gates.Tests.G2.G2PermissionTests.Undeclared_endpoints_fall_back_to_deny [1 ms]
  Passed Erp.Gates.Tests.G2.G2PermissionTests.Every_registered_list_is_readable_with_its_permission_alone [1 s]
  Passed Erp.Gates.Tests.G2.G2PermissionTests.A_user_whose_roles_grant_nothing_is_denied_everything_and_sees_no_menu [276 ms]
  Passed Erp.Gates.Tests.G2.G2PermissionTests.Users_cannot_escalate_their_own_privileges [540 ms]
  Passed Erp.Gates.Tests.G2.G2PermissionTests.The_host_refuses_to_start_with_an_endpoint_whose_permission_is_not_in_the_catalogue [21 ms]
  Passed Erp.Gates.Tests.G2.G2PermissionTests.The_host_refuses_to_start_with_an_endpoint_that_declares_no_permission [25 ms]
  Passed Erp.Gates.Tests.G2.G2PermissionTests.Every_endpoint_declares_exactly_one_permission_or_is_reviewed_anonymous [1 ms]
  Passed Erp.Gates.Tests.G2.G2PermissionTests.Granting_exactly_one_permission_opens_exactly_the_endpoints_that_declare_it [5 s]
  Passed Erp.Gates.Tests.G2.G2PermissionTests.Every_declared_permission_is_in_the_catalogue_and_every_catalogue_permission_is_used [1 ms]
[xUnit.net 00:01:25.00]     Erp.Gates.Tests.G1.G1HttpIsolationTests.Tenant_A_cannot_reach_tenant_B_through_any_endpoint [FAIL]
[xUnit.net 00:01:25.00]       214 leaks:
[xUnit.net 00:01:25.00]       tenant A administrator (cookie) → GET /api/tenancy/tenant [Plain] → 200: response contains tenant B marker 0190a000-0000-7000-8000-00000000000b
[xUnit.net 00:01:25.00]       tenant A administrator (bearer) → GET /api/tenancy/tenant [Plain] → 200: response contains tenant B marker 0190a000-0000-7000-8000-00000000000b
[xUnit.net 00:01:25.00]       tenant A administrator (cookie) → GET /api/tenancy/tenant [TenantHeaders] → 200: response contains tenant B marker 0190a000-0000-7000-8000-00000000000b
[xUnit.net 00:01:25.00]       tenant A administrator (bearer) → GET /api/tenancy/tenant [TenantHeaders] → 200: response contains tenant B marker 0190a000-0000-7000-8000-00000000000b
[xUnit.net 00:01:25.00]       tenant A administrator (cookie) → GET /api/tenancy/tenant [TenantQuery] → 200: response contains tenant B marker 0190a000-0000-7000-8000-00000000000b
[xUnit.net 00:01:25.00]       tenant A administrator (bearer) → GET /api/tenancy/tenant [TenantQuery] → 200: response contains tenant B marker 0190a000-0000-7000-8000-00000000000b
[xUnit.net 00:01:25.00]       tenant A administrator (cookie) → GET /api/tenancy/tenant?tenantId=0190a000-0000-7000-8000-00000000000b [query tenantId] → 200: response contains tenant B marker CNRYE413A8A921
[xUnit.net 00:01:25.00]       tenant A administrator (cookie) → GET /api/tenancy/tenant?tenantId=bravocnrye413a8a921 [query tenantId] → 200: response contains tenant B marker 0190a000-0000-7000-8000-00000000000b
[xUnit.net 00:01:25.00]       tenant A administrator (cookie) → GET /api/tenancy/tenant?tenantId=01a0ff72-dd55-7112-81ec-2ae3a459f00d [query tenantId] → 200: response contains tenant B marker 0190a000-0000-7000-8000-00000000000b
[xUnit.net 00:01:25.00]       tenant A administrator (cookie) → GET /api/tenancy/tenant?tenantId=01a0ff72-e186-7001-b443-7cf2d8a7a9f3 [query tenantId] → 200: response contains tenant B marker 0190a000-0000-7000-8000-00000000000b
[xUnit.net 00:01:25.00]       tenant A administrator (cookie) → GET /api/tenancy/tenant?tenantId=018cc39b-8b00-7d58-865a-e2ef678f4bc0 [query tenantId] → 200: response contains tenant B marker 0190a000-0000-7000-8000-00000000000b
[xUnit.net 00:01:25.00]       tenant A administrator (cookie) → GET /api/tenancy/tenant?tenantId=01a0ff72-ddd8-7b05-a997-9650d51189e2 [query tenantId] → 200: response contains tenant B marker 0190a000-0000-7000-8000-00000000000b
[xUnit.net 00:01:25.00]       tenant A administrator (cookie) → GET /api/tenancy/tenant?tenantId=user [query tenantId] → 200: response contains tenant B marker 0190a000-0000-7000-8000-00000000000b
[xUnit.net 00:01:25.00]       tenant A administrator (cookie) → GET /api/tenancy/tenant?tenantId=delete [query tenantId] → 200: response contains tenant B marker 0190a000-0000-7000-8000-00000000000b
[xUnit.net 00:01:25.00]       tenant A administrator (cookie) → GET /api/tenancy/tenant?tenantId=0HNP0U1LSR9B0 [query tenantId] → 200: response contains tenant B marker 0190a000-0000-7000-8000-00000000000b
[xUnit.net 00:01:25.00]       tenant A administrator (cookie) → GET /api/tenancy/tenant?tenantId=abdullah.almarzooqi.7%40bravo-cnrye413a8a921.example [query tenantId] → 200: response contains tenant B marker 0190a000-0000-7000-8000-00000000000b
[xUnit.net 00:01:25.00]       tenant A administrator (cookie) → GET /api/tenancy/tenant?tenantId=%D9%82%D8%B1%D8%A7%D8%A1%D8%A9%20%D9%81%D9%82%D8%B7%20CNRYE413A8A921 [query tenantId] → 200: response contains tenant B marker 0190a000-0000-7000-8000-00000000000b
[xUnit.net 00:01:25.00]       tenant A administrator (cookie) → GET /api/tenancy/tenant?tenantId=Read-only%20CNRYE413A8A921 [query tenantId] → 200: response contains tenant B marker 0190a000-0000-7000-8000-00000000000b
[xUnit.net 00:01:25.00]       tenant A administrator (cookie) → GET /api/tenancy/tenant?tenantId=Abdullah%20Petrov%20CNRYE413A8A921 [query tenantId] → 200: response contains tenant B marker 0190a000-0000-7000-8000-00000000000b
[xUnit.net 00:01:25.00]       tenant A administrator (cookie) → GET /api/tenancy/tenant?tenantId=pbkdf2-sha512%24210000%24RRcaQ%2BSzyG6qoHptmxUWkw%3D%3D%24wFVo4VVThCfIUovnVIseI8Zf%2BVFmJRaHZkzAJMjDbT4%3D [query tenantId] → 200: response contains tenant B marker 0190a000-0000-7000-8000-00000000000b
[xUnit.net 00:01:25.00]       tenant A administrator (cookie) → GET /api/tenancy/tenant?tenantId=Bravo%20CNRYE413A8A921%20LLC [query tenantId] → 200: response contains tenant B marker 0190a000-0000-7000-8000-00000000000b
[xUnit.net 00:01:25.00]       tenant A administrator (cookie) → GET /api/tenancy/tenant?tenantId=%D8%A8%D8%B1%D8%A7%D9%81%D9%88%20CNRYE413A8A921%20%D8%B0.%D9%85.%D9%85 [query tenantId] → 200: response contains tenant B marker 0190a000-0000-7000-8000-00000000000b
[xUnit.net 00:01:25.00]       tenant A administrator (cookie) → GET /api/tenancy/tenant?tenant=0190a000-0000-7000-8000-00000000000b [query tenant] → 200: response contains tenant B marker CNRYE413A8A921
[xUnit.net 00:01:25.00]       tenant A administrator (cookie) → GET /api/tenancy/tenant?tenant=bravocnrye413a8a921 [query tenant] → 200: response contains tenant B marker 0190a000-0000-7000-8000-00000000000b
[xUnit.net 00:01:25.00]       tenant A administrator (cookie) → GET /api/tenancy/tenant?tenant=01a0ff72-dd55-7112-81ec-2ae3a459f00d [query tenant] → 200: response contains tenant B marker 0190a000-0000-7000-8000-00000000000b
[xUnit.net 00:01:25.00]       tenant A administrator (cookie) → GET /api/tenancy/tenant?tenant=01a0ff72-ddd8-7b05-a997-9650d51189e2 [query tenant] → 200: response contains tenant B marker 0190a000-0000-7000-8000-00000000000b
[xUnit.net 00:01:25.00]       tenant A administrator (cookie) → GET /api/tenancy/tenant?tenant=01a0ff72-e186-7001-b443-7cf2d8a7a9f3 [query tenant] → 200: response contains tenant B marker 0190a000-0000-7000-8000-00000000000b
[xUnit.net 00:01:25.00]       tenant A administrator (cookie) → GET /api/tenancy/tenant?tenant=user [query tenant] → 200: response contains tenant B marker 0190a000-0000-7000-8000-00000000000b
[xUnit.net 00:01:25.00]       tenant A administrator (cookie) → GET /api/tenancy/tenant?tenant=018cc39b-8b00-7d58-865a-e2ef678f4bc0 [query tenant] → 200: response contains tenant B marker 0190a000-0000-7000-8000-00000000000b
[xUnit.net 00:01:25.00]       tenant A administrator (cookie) → GET /api/tenancy/tenant?tenant=delete [query tenant] → 200: response contains tenant B marker 0190a000-0000-7000-8000-00000000000b
[xUnit.net 00:01:25.00]       tenant A administrator (cookie) → GET /api/tenancy/tenant?tenant=0HNP0U1LSR9B0 [query tenant] → 200: response contains tenant B marker 0190a000-0000-7000-8000-00000000000b
[xUnit.net 00:01:25.00]       tenant A administrator (cookie) → GET /api/tenancy/tenant?tenant=Read-only%20CNRYE413A8A921 [query tenant] → 200: response contains tenant B marker 0190a000-0000-7000-8000-00000000000b
[xUnit.net 00:01:25.00]       tenant A administrator (cookie) → GET /api/tenancy/tenant?tenant=abdullah.almarzooqi.7%40bravo-cnrye413a8a921.example [query tenant] → 200: response contains tenant B marker 0190a000-0000-7000-8000-00000000000b
[xUnit.net 00:01:25.00]       tenant A administrator (cookie) → GET /api/tenancy/tenant?tenant=%D9%82%D8%B1%D8%A7%D8%A1%D8%A9%20%D9%81%D9%82%D8%B7%20CNRYE413A8A921 [query tenant] → 200: response contains tenant B marker 0190a000-0000-7000-8000-00000000000b
[xUnit.net 00:01:25.00]       tenant A administrator (cookie) → GET /api/tenancy/tenant?tenant=Abdullah%20Petrov%20CNRYE413A8A921 [query tenant] → 200: response contains tenant B marker 0190a000-0000-7000-8000-00000000000b
[xUnit.net 00:01:25.00]       tenant A administrator (cookie) → GET /api/tenancy/tenant?tenant=pbkdf2-sha512%24210000%24RRcaQ%2BSzyG6qoHptmxUWkw%3D%3D%24wFVo4VVThCfIUovnVIseI8Zf%2BVFmJRaHZkzAJMjDbT4%3D [query tenant] → 200: response contains tenant B marker 0190a000-0000-7000-8000-00000000000b
[xUnit.net 00:01:25.00]       tenant A administrator (cookie) → GET /api/tenancy/tenant?tenant=Bravo%20CNRYE413A8A921%20LLC [query tenant] → 200: response contains tenant B marker 0190a000-0000-7000-8000-00000000000b
[xUnit.net 00:01:25.00]       tenant A administrator (cookie) → GET /api/tenancy/tenant?tenant=%D8%A8%D8%B1%D8%A7%D9%81%D9%88%20CNRYE413A8A921%20%D8%B0.%D9%85.%D9%85 [query tenant] → 200: response contains tenant B marker 0190a000-0000-7000-8000-00000000000b
[xUnit.net 00:01:25.00]       tenant A administrator (cookie) → GET /api/tenancy/tenant?tenant_id=0190a000-0000-7000-8000-00000000000b [query tenant_id] → 200: response contains tenant B marker CNRYE413A8A921
[xUnit.net 00:01:25.00]       tenant A administrator (cookie) → GET /api/tenancy/tenant?tenant_id=bravocnrye413a8a921 [query tenant_id] → 200: response contains tenant B marker 0190a000-0000-7000-8000-00000000000b
[xUnit.net 00:01:25.00]       tenant A administrator (cookie) → GET /api/tenancy/tenant?tenant_id=01a0ff72-e186-7001-b443-7cf2d8a7a9f3 [query tenant_id] → 200: response contains tenant B marker 0190a000-0000-7000-8000-00000000000b
[xUnit.net 00:01:25.00]       tenant A administrator (cookie) → GET /api/tenancy/tenant?tenant_id=01a0ff72-dd55-7112-81ec-2ae3a459f00d [query tenant_id] → 200: response contains tenant B marker 0190a000-0000-7000-8000-00000000000b
[xUnit.net 00:01:25.00]       tenant A administrator (cookie) → GET /api/tenancy/tenant?tenant_id=01a0ff72-ddd8-7b05-a997-9650d51189e2 [query tenant_id] → 200: response contains tenant B marker 0190a000-0000-7000-8000-00000000000b
[xUnit.net 00:01:25.00]       tenant A administrator (cookie) → GET /api/tenancy/tenant?tenant_id=018cc39b-8b00-7d58-865a-e2ef678f4bc0 [query tenant_id] → 200: response contains tenant B marker 0190a000-0000-7000-8000-00000000000b
[xUnit.net 00:01:25.00]       tenant A administrator (cookie) → GET /api/tenancy/tenant?tenant_id=0HNP0U1LSR9B0 [query tenant_id] → 200: response contains tenant B marker 0190a000-0000-7000-8000-00000000000b
[xUnit.net 00:01:25.00]       tenant A administrator (cookie) → GET /api/tenancy/tenant?tenant_id=delete [query tenant_id] → 200: response contains tenant B marker 0190a000-0000-7000-8000-00000000000b
[xUnit.net 00:01:25.00]       tenant A administrator (cookie) → GET /api/tenancy/tenant?tenant_id=user [query tenant_id] → 200: response contains tenant B marker 0190a000-0000-7000-8000-00000000000b
[xUnit.net 00:01:25.00]       tenant A administrator (cookie) → GET /api/tenancy/tenant?tenant_id=Read-only%20CNRYE413A8A921 [query tenant_id] → 200: response contains tenant B marker 0190a000-0000-7000-8000-00000000000b
[xUnit.net 00:01:25.00]       tenant A administrator (cookie) → GET /api/tenancy/tenant?tenant_id=%D9%82%D8%B1%D8%A7%D8%A1%D8%A9%20%D9%81%D9%82%D8%B7%20CNRYE413A8A921 [query tenant_id] → 200: response contains tenant B marker 0190a000-0000-7000-8000-00000000000b
[xUnit.net 00:01:25.00]       tenant A administrator (cookie) → GET /api/tenancy/tenant?tenant_id=abdullah.almarzooqi.7%40bravo-cnrye413a8a921.example [query tenant_id] → 200: response contains tenant B marker 0190a000-0000-7000-8000-00000000000b
[xUnit.net 00:01:25.00]       Stack Trace:
[xUnit.net 00:01:25.01]         /home/user/critic/p01-odoo-rig-r2-plants/tests/Erp.Gates.Tests/G1/G1HttpIsolationTests.cs(57,0): at Erp.Gates.Tests.G1.G1HttpIsolationTests.Tenant_A_cannot_reach_tenant_B_through_any_endpoint()
[xUnit.net 00:01:25.01]         --- End of stack trace from previous location ---
[xUnit.net 00:01:25.01]       Output:
[xUnit.net 00:01:25.01]         routes, tenant headers and guessed queries: 3048 requests so far, 17.7 s
[xUnit.net 00:01:25.01]         tenant B values in route and query parameters: 10332 requests so far, 51.0 s
[xUnit.net 00:01:25.01]         tenant B values in body fields: 10836 requests so far, 67.5 s
[xUnit.net 00:01:25.01]         tenant B activity: 3995 requests (3642 concurrent with the attack), 7 successful own writes, 3990 responses judged for tenant A markers: 10836 requests so far, 68.1 s
[xUnit.net 00:01:25.01]         tenant B: 42 ids (17 sampled), 28 text values, 23 extra markers, 16 probe values
[xUnit.net 00:01:25.01]         25 endpoints, 10836 requests, 70 tenant B values, 4651 parameter attacks, 504 body value attacks, 2633 differential checks, 11802 traced lookups
  Failed Erp.Gates.Tests.G1.G1HttpIsolationTests.Tenant_A_cannot_reach_tenant_B_through_any_endpoint [1 m 10 s]
  Error Message:
   214 leaks:
tenant A administrator (cookie) → GET /api/tenancy/tenant [Plain] → 200: response contains tenant B marker 0190a000-0000-7000-8000-00000000000b
tenant A administrator (bearer) → GET /api/tenancy/tenant [Plain] → 200: response contains tenant B marker 0190a000-0000-7000-8000-00000000000b
tenant A administrator (cookie) → GET /api/tenancy/tenant [TenantHeaders] → 200: response contains tenant B marker 0190a000-0000-7000-8000-00000000000b
tenant A administrator (bearer) → GET /api/tenancy/tenant [TenantHeaders] → 200: response contains tenant B marker 0190a000-0000-7000-8000-00000000000b
tenant A administrator (cookie) → GET /api/tenancy/tenant [TenantQuery] → 200: response contains tenant B marker 0190a000-0000-7000-8000-00000000000b
tenant A administrator (bearer) → GET /api/tenancy/tenant [TenantQuery] → 200: response contains tenant B marker 0190a000-0000-7000-8000-00000000000b
tenant A administrator (cookie) → GET /api/tenancy/tenant?tenantId=0190a000-0000-7000-8000-00000000000b [query tenantId] → 200: response contains tenant B marker CNRYE413A8A921
tenant A administrator (cookie) → GET /api/tenancy/tenant?tenantId=bravocnrye413a8a921 [query tenantId] → 200: response contains tenant B marker 0190a000-0000-7000-8000-00000000000b
tenant A administrator (cookie) → GET /api/tenancy/tenant?tenantId=01a0ff72-dd55-7112-81ec-2ae3a459f00d [query tenantId] → 200: response contains tenant B marker 0190a000-0000-7000-8000-00000000000b
tenant A administrator (cookie) → GET /api/tenancy/tenant?tenantId=01a0ff72-e186-7001-b443-7cf2d8a7a9f3 [query tenantId] → 200: response contains tenant B marker 0190a000-0000-7000-8000-00000000000b
tenant A administrator (cookie) → GET /api/tenancy/tenant?tenantId=018cc39b-8b00-7d58-865a-e2ef678f4bc0 [query tenantId] → 200: response contains tenant B marker 0190a000-0000-7000-8000-00000000000b
tenant A administrator (cookie) → GET /api/tenancy/tenant?tenantId=01a0ff72-ddd8-7b05-a997-9650d51189e2 [query tenantId] → 200: response contains tenant B marker 0190a000-0000-7000-8000-00000000000b
tenant A administrator (cookie) → GET /api/tenancy/tenant?tenantId=user [query tenantId] → 200: response contains tenant B marker 0190a000-0000-7000-8000-00000000000b
tenant A administrator (cookie) → GET /api/tenancy/tenant?tenantId=delete [query tenantId] → 200: response contains tenant B marker 0190a000-0000-7000-8000-00000000000b
tenant A administrator (cookie) → GET /api/tenancy/tenant?tenantId=0HNP0U1LSR9B0 [query tenantId] → 200: response contains tenant B marker 0190a000-0000-7000-8000-00000000000b
tenant A administrator (cookie) → GET /api/tenancy/tenant?tenantId=abdullah.almarzooqi.7%40bravo-cnrye413a8a921.example [query tenantId] → 200: response contains tenant B marker 0190a000-0000-7000-8000-00000000000b
tenant A administrator (cookie) → GET /api/tenancy/tenant?tenantId=%D9%82%D8%B1%D8%A7%D8%A1%D8%A9%20%D9%81%D9%82%D8%B7%20CNRYE413A8A921 [query tenantId] → 200: response contains tenant B marker 0190a000-0000-7000-8000-00000000000b
tenant A administrator (cookie) → GET /api/tenancy/tenant?tenantId=Read-only%20CNRYE413A8A921 [query tenantId] → 200: response contains tenant B marker 0190a000-0000-7000-8000-00000000000b
tenant A administrator (cookie) → GET /api/tenancy/tenant?tenantId=Abdullah%20Petrov%20CNRYE413A8A921 [query tenantId] → 200: response contains tenant B marker 0190a000-0000-7000-8000-00000000000b
tenant A administrator (cookie) → GET /api/tenancy/tenant?tenantId=pbkdf2-sha512%24210000%24RRcaQ%2BSzyG6qoHptmxUWkw%3D%3D%24wFVo4VVThCfIUovnVIseI8Zf%2BVFmJRaHZkzAJMjDbT4%3D [query tenantId] → 200: response contains tenant B marker 0190a000-0000-7000-8000-00000000000b
tenant A administrator (cookie) → GET /api/tenancy/tenant?tenantId=Bravo%20CNRYE413A8A921%20LLC [query tenantId] → 200: response contains tenant B marker 0190a000-0000-7000-8000-00000000000b
tenant A administrator (cookie) → GET /api/tenancy/tenant?tenantId=%D8%A8%D8%B1%D8%A7%D9%81%D9%88%20CNRYE413A8A921%20%D8%B0.%D9%85.%D9%85 [query tenantId] → 200: response contains tenant B marker 0190a000-0000-7000-8000-00000000000b
tenant A administrator (cookie) → GET /api/tenancy/tenant?tenant=0190a000-0000-7000-8000-00000000000b [query tenant] → 200: response contains tenant B marker CNRYE413A8A921
tenant A administrator (cookie) → GET /api/tenancy/tenant?tenant=bravocnrye413a8a921 [query tenant] → 200: response contains tenant B marker 0190a000-0000-7000-8000-00000000000b
tenant A administrator (cookie) → GET /api/tenancy/tenant?tenant=01a0ff72-dd55-7112-81ec-2ae3a459f00d [query tenant] → 200: response contains tenant B marker 0190a000-0000-7000-8000-00000000000b
tenant A administrator (cookie) → GET /api/tenancy/tenant?tenant=01a0ff72-ddd8-7b05-a997-9650d51189e2 [query tenant] → 200: response contains tenant B marker 0190a000-0000-7000-8000-00000000000b
tenant A administrator (cookie) → GET /api/tenancy/tenant?tenant=01a0ff72-e186-7001-b443-7cf2d8a7a9f3 [query tenant] → 200: response contains tenant B marker 0190a000-0000-7000-8000-00000000000b
tenant A administrator (cookie) → GET /api/tenancy/tenant?tenant=user [query tenant] → 200: response contains tenant B marker 0190a000-0000-7000-8000-00000000000b
tenant A administrator (cookie) → GET /api/tenancy/tenant?tenant=018cc39b-8b00-7d58-865a-e2ef678f4bc0 [query tenant] → 200: response contains tenant B marker 0190a000-0000-7000-8000-00000000000b
tenant A administrator (cookie) → GET /api/tenancy/tenant?tenant=delete [query tenant] → 200: response contains tenant B marker 0190a000-0000-7000-8000-00000000000b
tenant A administrator (cookie) → GET /api/tenancy/tenant?tenant=0HNP0U1LSR9B0 [query tenant] → 200: response contains tenant B marker 0190a000-0000-7000-8000-00000000000b
tenant A administrator (cookie) → GET /api/tenancy/tenant?tenant=Read-only%20CNRYE413A8A921 [query tenant] → 200: response contains tenant B marker 0190a000-0000-7000-8000-00000000000b
tenant A administrator (cookie) → GET /api/tenancy/tenant?tenant=abdullah.almarzooqi.7%40bravo-cnrye413a8a921.example [query tenant] → 200: response contains tenant B marker 0190a000-0000-7000-8000-00000000000b
tenant A administrator (cookie) → GET /api/tenancy/tenant?tenant=%D9%82%D8%B1%D8%A7%D8%A1%D8%A9%20%D9%81%D9%82%D8%B7%20CNRYE413A8A921 [query tenant] → 200: response contains tenant B marker 0190a000-0000-7000-8000-00000000000b
tenant A administrator (cookie) → GET /api/tenancy/tenant?tenant=Abdullah%20Petrov%20CNRYE413A8A921 [query tenant] → 200: response contains tenant B marker 0190a000-0000-7000-8000-00000000000b
tenant A administrator (cookie) → GET /api/tenancy/tenant?tenant=pbkdf2-sha512%24210000%24RRcaQ%2BSzyG6qoHptmxUWkw%3D%3D%24wFVo4VVThCfIUovnVIseI8Zf%2BVFmJRaHZkzAJMjDbT4%3D [query tenant] → 200: response contains tenant B marker 0190a000-0000-7000-8000-00000000000b
tenant A administrator (cookie) → GET /api/tenancy/tenant?tenant=Bravo%20CNRYE413A8A921%20LLC [query tenant] → 200: response contains tenant B marker 0190a000-0000-7000-8000-00000000000b
tenant A administrator (cookie) → GET /api/tenancy/tenant?tenant=%D8%A8%D8%B1%D8%A7%D9%81%D9%88%20CNRYE413A8A921%20%D8%B0.%D9%85.%D9%85 [query tenant] → 200: response contains tenant B marker 0190a000-0000-7000-8000-00000000000b
tenant A administrator (cookie) → GET /api/tenancy/tenant?tenant_id=0190a000-0000-7000-8000-00000000000b [query tenant_id] → 200: response contains tenant B marker CNRYE413A8A921
tenant A administrator (cookie) → GET /api/tenancy/tenant?tenant_id=bravocnrye413a8a921 [query tenant_id] → 200: response contains tenant B marker 0190a000-0000-7000-8000-00000000000b
tenant A administrator (cookie) → GET /api/tenancy/tenant?tenant_id=01a0ff72-e186-7001-b443-7cf2d8a7a9f3 [query tenant_id] → 200: response contains tenant B marker 0190a000-0000-7000-8000-00000000000b
tenant A administrator (cookie) → GET /api/tenancy/tenant?tenant_id=01a0ff72-dd55-7112-81ec-2ae3a459f00d [query tenant_id] → 200: response contains tenant B marker 0190a000-0000-7000-8000-00000000000b
tenant A administrator (cookie) → GET /api/tenancy/tenant?tenant_id=01a0ff72-ddd8-7b05-a997-9650d51189e2 [query tenant_id] → 200: response contains tenant B marker 0190a000-0000-7000-8000-00000000000b
tenant A administrator (cookie) → GET /api/tenancy/tenant?tenant_id=018cc39b-8b00-7d58-865a-e2ef678f4bc0 [query tenant_id] → 200: response contains tenant B marker 0190a000-0000-7000-8000-00000000000b
tenant A administrator (cookie) → GET /api/tenancy/tenant?tenant_id=0HNP0U1LSR9B0 [query tenant_id] → 200: response contains tenant B marker 0190a000-0000-7000-8000-00000000000b
tenant A administrator (cookie) → GET /api/tenancy/tenant?tenant_id=delete [query tenant_id] → 200: response contains tenant B marker 0190a000-0000-7000-8000-00000000000b
tenant A administrator (cookie) → GET /api/tenancy/tenant?tenant_id=user [query tenant_id] → 200: response contains tenant B marker 0190a000-0000-7000-8000-00000000000b
tenant A administrator (cookie) → GET /api/tenancy/tenant?tenant_id=Read-only%20CNRYE413A8A921 [query tenant_id] → 200: response contains tenant B marker 0190a000-0000-7000-8000-00000000000b
tenant A administrator (cookie) → GET /api/tenancy/tenant?tenant_id=%D9%82%D8%B1%D8%A7%D8%A1%D8%A9%20%D9%81%D9%82%D8%B7%20CNRYE413A8A921 [query tenant_id] → 200: response contains tenant B marker 0190a000-0000-7000-8000-00000000000b
tenant A administrator (cookie) → GET /api/tenancy/tenant?tenant_id=abdullah.almarzooqi.7%40bravo-cnrye413a8a921.example [query tenant_id] → 200: response contains tenant B marker 0190a000-0000-7000-8000-00000000000b
  Stack Trace:
     at Erp.Gates.Tests.G1.G1HttpIsolationTests.Tenant_A_cannot_reach_tenant_B_through_any_endpoint() in /home/user/critic/p01-odoo-rig-r2-plants/tests/Erp.Gates.Tests/G1/G1HttpIsolationTests.cs:line 57
--- End of stack trace from previous location ---
  Standard Output Messages:
 routes, tenant headers and guessed queries: 3048 requests so far, 17.7 s
 tenant B values in route and query parameters: 10332 requests so far, 51.0 s
 tenant B values in body fields: 10836 requests so far, 67.5 s
 tenant B activity: 3995 requests (3642 concurrent with the attack), 7 successful own writes, 3990 responses judged for tenant A markers: 10836 requests so far, 68.1 s
 tenant B: 42 ids (17 sampled), 28 text values, 23 extra markers, 16 probe values
 25 endpoints, 10836 requests, 70 tenant B values, 4651 parameter attacks, 504 body value attacks, 2633 differential checks, 11802 traced lookups


[xUnit.net 00:01:39.32]     Erp.Gates.Tests.SelfTests.GateSelfTests.The_HTTP_attack_catches_planted_header_route_and_body_leaks [FAIL]
[xUnit.net 00:01:39.32]       Assert.DoesNotContain() Failure: Filter matched in collection
[xUnit.net 00:01:39.32]                                                                                                                                           ↓ (pos 15)
[xUnit.net 00:01:39.32]       Collection: [···, "tenant A administrator (cookie) → GET /api/leaky/t"···, "tenant A administrator (bearer) → GET /api/leaky/t"···, "tenant A administrator (cookie) → GET /api/tenancy"···, "tenant A administrator (bearer) → GET /api/tenancy"···, "tenant A administrator (cookie) → GET /api/tenancy"···, ···]
[xUnit.net 00:01:39.32]       Stack Trace:
[xUnit.net 00:01:39.32]         /home/user/critic/p01-odoo-rig-r2-plants/tests/Erp.Gates.Tests/SelfTests/GateSelfTests.cs(39,0): at Erp.Gates.Tests.SelfTests.GateSelfTests.The_HTTP_attack_catches_planted_header_route_and_body_leaks()
[xUnit.net 00:01:39.32]         --- End of stack trace from previous location ---
  Failed Erp.Gates.Tests.SelfTests.GateSelfTests.The_HTTP_attack_catches_planted_header_route_and_body_leaks [1 m 25 s]
  Error Message:
   Assert.DoesNotContain() Failure: Filter matched in collection
                                                                                                                                    ↓ (pos 15)
Collection: [···, "tenant A administrator (cookie) → GET /api/leaky/t"···, "tenant A administrator (bearer) → GET /api/leaky/t"···, "tenant A administrator (cookie) → GET /api/tenancy"···, "tenant A administrator (bearer) → GET /api/tenancy"···, "tenant A administrator (cookie) → GET /api/tenancy"···, ···]
  Stack Trace:
     at Erp.Gates.Tests.SelfTests.GateSelfTests.The_HTTP_attack_catches_planted_header_route_and_body_leaks() in /home/user/critic/p01-odoo-rig-r2-plants/tests/Erp.Gates.Tests/SelfTests/GateSelfTests.cs:line 39
--- End of stack trace from previous location ---
  Passed Erp.Gates.Tests.SelfTests.GateSelfTests.The_grant_escalation_check_catches_an_endpoint_that_grants_any_role [2 s]
[xUnit.net 00:01:41.99]   Finished:    Erp.Gates.Tests (ID = '7ebc8e0ec4f3ec82dbe8026846d063abf151be3caf12a91fd0f67b3ef1c45cb8')
  Passed Erp.Gates.Tests.SelfTests.GateSelfTests.The_process_state_check_catches_a_static_cache_and_a_stateful_singleton [4 ms]

Test Run Failed.
Total tests: 47
     Passed: 45
     Failed: 2
 Total time: 1.7092 Minutes
rc=1 seconds=116
