Test run for /work/tests/Erp.Gates.Tests/bin/Release/net10.0/Erp.Gates.Tests.dll (.NETCoreApp,Version=v10.0)
A total of 1 test files matched the specified pattern.
[xUnit.net 00:00:00.00] xUnit.net VSTest Adapter v3.1.5+1b188a7b0a (64-bit .NET 10.0.12)
[xUnit.net 00:00:00.41]   Discovering: Erp.Gates.Tests
[xUnit.net 00:00:00.95]   Discovered:  Erp.Gates.Tests
[xUnit.net 00:00:01.29]   Starting:    Erp.Gates.Tests
  Passed Erp.Gates.Tests.G2.G2PermissionTests.Every_declared_permission_is_in_the_catalogue_and_every_catalogue_permission_is_used [26 ms]
  Passed Erp.Gates.Tests.G2.G2PermissionTests.Every_permissioned_endpoint_is_enforced_by_a_policy_requiring_its_permission [6 ms]
  Passed Erp.Gates.Tests.G2.G2PermissionTests.Every_endpoint_declares_exactly_one_permission_or_is_reviewed_anonymous [5 ms]
  Passed Erp.Gates.Tests.G2.G2PermissionTests.A_user_whose_roles_grant_nothing_is_denied_everything_and_sees_no_menu [2 s]
  Passed Erp.Gates.Tests.G2.G2PermissionTests.Every_list_endpoint_needs_the_lists_own_permission_and_shared_view_writes_need_sharing [14 s]
  Passed Erp.Gates.Tests.G2.G2PermissionTests.The_host_refuses_to_start_with_an_endpoint_whose_permission_is_not_in_the_catalogue [56 ms]
  Passed Erp.Gates.Tests.G2.G2PermissionTests.Users_cannot_escalate_their_own_privileges [1 s]
  Passed Erp.Gates.Tests.G2.G2PermissionTests.The_host_refuses_a_permissioned_endpoint_that_also_allows_anonymous_callers [73 ms]
  Passed Erp.Gates.Tests.G2.G2PermissionTests.Creating_a_user_cannot_grant_more_than_the_caller_holds [2 s]
  Passed Erp.Gates.Tests.G2.G2PermissionTests.Anonymous_callers_get_401_from_every_permissioned_endpoint [87 ms]
  Passed Erp.Gates.Tests.G2.G2PermissionTests.The_reviewed_permission_map_catches_a_weaker_permission_an_unreviewed_endpoint_and_a_stale_line [167 ms]
  Passed Erp.Gates.Tests.G2.G2PermissionTests.The_host_refuses_a_permission_declared_as_metadata_that_no_policy_enforces [202 ms]
  Passed Erp.Gates.Tests.G2.G2PermissionTests.Every_registered_list_is_readable_with_its_permission_alone [8 s]
  Passed Erp.Gates.Tests.G2.G2PermissionTests.The_host_refuses_a_list_whose_endpoint_declares_another_permission [99 ms]
  Passed Erp.Gates.Tests.G2.G2PermissionTests.Sharing_a_view_needs_the_share_permission_and_the_lists_own_permission [1 s]
  Passed Erp.Gates.Tests.G2.G2PermissionTests.Undeclared_endpoints_fall_back_to_deny [1 ms]
  Passed Erp.Gates.Tests.G2.G2PermissionTests.The_host_refuses_to_start_with_an_endpoint_that_declares_no_permission [68 ms]
  Passed Erp.Gates.Tests.G2.G2PermissionTests.Requests_that_only_read_cannot_write [8 ms]
  Passed Erp.Gates.Tests.G2.G2AccountTakeoverTests.No_endpoint_grants_another_modules_permissions_the_caller_lacks [31 s]
  Passed Erp.Gates.Tests.G2.G2PermissionTests.No_endpoint_grants_more_than_the_caller_holds [22 s]
  Passed Erp.Gates.Tests.G2.G2PermissionTests.Every_module_route_is_under_a_reviewed_map_or_derives_its_permission_from_its_list [14 ms]
  Passed Erp.Gates.Tests.G2.G2PermissionTests.Granting_exactly_one_permission_opens_exactly_the_endpoints_that_declare_it [1 m 18 s]
  Passed Erp.Gates.Tests.G2.G2PermissionTests.No_endpoint_that_changes_data_is_guarded_by_a_read_permission [11 ms]
  Passed Erp.Gates.Tests.G2.G2PermissionTests.Every_endpoint_under_a_reviewed_prefix_declares_exactly_its_reviewed_permission [3 ms]
  Passed Erp.Gates.Tests.G2.G2PermissionTests.The_declaration_check_catches_AllowAnonymous_stacked_on_a_permission [37 ms]
[xUnit.net 00:02:51.46]     Erp.Gates.Tests.G2.G2AccountTakeoverTests.Acting_on_a_record_that_grants_access_needs_everything_it_grants [FAIL]
[xUnit.net 00:02:51.48]       PUT /api/identity/users/{id:guid}/default-company: aimed at a record granting everything by a user holding only [identity.users.update, identity.roles.read, identity.users.read] answered 200 (expected 403): {"userId":"01a11af1-eaa4-7da0-8a7c-4466a195be14","companyId":null,"companies":[],"version":0}
[xUnit.net 00:02:51.48]       PUT /api/identity/users/{id:guid}/default-company: aimed at a record granting only identity.profile.update by a user holding only [identity.users.update, identity.roles.read, identity.users.read] answered 200 (expected 403): {"userId":"01a11af1-310f-70ba-970b-f3089ab1b37b","companyId":null,"companies":[],"version":0}
[xUnit.net 00:02:51.48]       PUT /api/identity/users/{id:guid}/default-company: aimed at a record granting only identity.roles.create by a user holding only [identity.users.update, identity.roles.read, identity.users.read] answered 200 (expected 403): {"userId":"01a11af1-32b5-7797-875b-c83edc184dd2","companyId":null,"companies":[],"version":0}
[xUnit.net 00:02:51.48]       PUT /api/identity/users/{id:guid}/default-company: aimed at a record granting only identity.roles.delete by a user holding only [identity.users.update, identity.roles.read, identity.users.read] answered 200 (expected 403): {"userId":"01a11af1-3509-70e9-9f97-cac8cb5dcf12","companyId":null,"companies":[],"version":0}
[xUnit.net 00:02:51.48]       PUT /api/identity/users/{id:guid}/default-company: aimed at a record granting only identity.roles.update by a user holding only [identity.users.update, identity.roles.read, identity.users.read] answered 200 (expected 403): {"userId":"01a11af1-3702-72ab-9c0e-34cee352b5b4","companyId":null,"companies":[],"version":0}
[xUnit.net 00:02:51.48]       PUT /api/identity/users/{id:guid}/default-company: aimed at a record granting only identity.signIns.read by a user holding only [identity.users.update, identity.roles.read, identity.users.read] answered 200 (expected 403): {"userId":"01a11af1-3921-7cce-b950-5a40e3cb1795","companyId":null,"companies":[],"version":0}
[xUnit.net 00:02:51.48]       PUT /api/identity/users/{id:guid}/default-company: aimed at a record granting only identity.users.create by a user holding only [identity.users.update, identity.roles.read, identity.users.read] answered 200 (expected 403): {"userId":"01a11af1-3ac4-7d95-9cd8-a2c1e9ed71ee","companyId":null,"companies":[],"version":0}
[xUnit.net 00:02:51.48]       PUT /api/identity/users/{id:guid}/default-company: aimed at a record granting only identity.users.delete by a user holding only [identity.users.update, identity.roles.read, identity.users.read] answered 200 (expected 403): {"userId":"01a11af1-7e5c-7ad9-a4b3-03d2be0a220d","companyId":null,"companies":[],"version":0}
[xUnit.net 00:02:51.48]       PUT /api/identity/users/{id:guid}/default-company: aimed at a record granting only identity.users.resetPassword by a user holding only [identity.users.update, identity.roles.read, identity.users.read] answered 200 (expected 403): {"userId":"01a11af1-3c8c-7695-87b0-e47c17ee2a01","companyId":null,"companies":[],"version":0}
[xUnit.net 00:02:51.48]       PUT /api/identity/users/{id:guid}/default-company: aimed at a record granting only ledger.entries.post by a user holding only [identity.users.update, identity.roles.read, identity.users.read] answered 200 (expected 403): {"userId":"01a11af1-409c-793c-be13-cd2a964e5840","companyId":null,"companies":[],"version":0}
[xUnit.net 00:02:51.48]       PUT /api/identity/users/{id:guid}/default-company: aimed at a record granting only ledger.entries.read by a user holding only [identity.users.update, identity.roles.read, identity.users.read] answered 200 (expected 403): {"userId":"01a11af1-42f7-7ad5-b7ba-34d9ac07a677","companyId":null,"companies":[],"version":0}
[xUnit.net 00:02:51.48]       PUT /api/identity/users/{id:guid}/default-company: aimed at a record granting only ledger.periods.close by a user holding only [identity.users.update, identity.roles.read, identity.users.read] answered 200 (expected 403): {"userId":"01a11af1-4616-7875-a9da-e22848d60402","companyId":null,"companies":[],"version":0}
[xUnit.net 00:02:51.48]       PUT /api/identity/users/{id:guid}/default-company: aimed at a record granting only lists.views.share by a user holding only [identity.users.update, identity.roles.read, identity.users.read] answered 200 (expected 403): {"userId":"01a11af1-4807-7161-9ee5-03664fc2bcaf","companyId":null,"companies":[],"version":0}
[xUnit.net 00:02:51.48]       PUT /api/identity/users/{id:guid}/default-company: aimed at a record granting only reports.catalog.read by a user holding only [identity.users.update, identity.roles.read, identity.users.read] answered 200 (expected 403): {"userId":"01a11af1-49ea-7e6a-99e0-1a1924a5f79b","companyId":null,"companies":[],"version":0}
[xUnit.net 00:02:51.48]       PUT /api/identity/users/{id:guid}/default-company: aimed at a record granting only tenancy.access.read by a user holding only [identity.users.update, identity.roles.read, identity.users.read] answered 200 (expected 403): {"userId":"01a11af1-4b61-772b-a8b5-df04793a113f","companyId":null,"companies":[],"version":0}
[xUnit.net 00:02:51.48]       PUT /api/identity/users/{id:guid}/default-company: aimed at a record granting only tenancy.access.update by a user holding only [identity.users.update, identity.roles.read, identity.users.read] answered 200 (expected 403): {"userId":"01a11af1-4d41-737c-af32-e792bc91c25e","companyId":null,"companies":[],"version":0}
[xUnit.net 00:02:51.48]       PUT /api/identity/users/{id:guid}/default-company: aimed at a record granting only tenancy.branches.create by a user holding only [identity.users.update, identity.roles.read, identity.users.read] answered 200 (expected 403): {"userId":"01a11af1-4f6a-7919-aba1-1a05635e536a","companyId":null,"companies":[],"version":0}
[xUnit.net 00:02:51.48]       PUT /api/identity/users/{id:guid}/default-company: aimed at a record granting only tenancy.branches.read by a user holding only [identity.users.update, identity.roles.read, identity.users.read] answered 200 (expected 403): {"userId":"01a11af1-5177-7fa1-9b3e-cc0ba290f2ea","companyId":null,"companies":[],"version":0}
[xUnit.net 00:02:51.48]       PUT /api/identity/users/{id:guid}/default-company: aimed at a record granting only tenancy.branches.update by a user holding only [identity.users.update, identity.roles.read, identity.users.read] answered 200 (expected 403): {"userId":"01a11af1-5392-7292-abbf-6b6cc768d2f0","companyId":null,"companies":[],"version":0}
[xUnit.net 00:02:51.48]       PUT /api/identity/users/{id:guid}/default-company: aimed at a record granting only tenancy.companies.create by a user holding only [identity.users.update, identity.roles.read, identity.users.read] answered 200 (expected 403): {"userId":"01a11af1-54a2-7ba5-9f1f-443471930697","companyId":null,"companies":[],"version":0}
[xUnit.net 00:02:51.48]       PUT /api/identity/users/{id:guid}/default-company: aimed at a record granting only tenancy.companies.read by a user holding only [identity.users.update, identity.roles.read, identity.users.read] answered 200 (expected 403): {"userId":"01a11af1-565f-750c-9cbe-e86641d50472","companyId":null,"companies":[],"version":0}
[xUnit.net 00:02:51.48]       PUT /api/identity/users/{id:guid}/default-company: aimed at a record granting only tenancy.companies.update by a user holding only [identity.users.update, identity.roles.read, identity.users.read] answered 200 (expected 403): {"userId":"01a11af1-584a-7dc7-aa4f-60b5c781d273","companyId":null,"companies":[],"version":0}
[xUnit.net 00:02:51.48]       PUT /api/identity/users/{id:guid}/default-company: aimed at a record granting only tenancy.tenant.read by a user holding only [identity.users.update, identity.roles.read, identity.users.read] answered 200 (expected 403): {"userId":"01a11af1-5a6f-765f-bf3c-589bc2c7609f","companyId":null,"companies":[],"version":0}
[xUnit.net 00:02:51.48]       PUT /api/identity/users/{id:guid}/default-company: aimed at a record granting only tenancy.tenant.update by a user holding only [identity.users.update, identity.roles.read, identity.users.read] answered 200 (expected 403): {"userId":"01a11af1-5c83-7d93-ae2b-1da809afa721","companyId":null,"companies":[],"version":0}
[xUnit.net 00:02:51.48]       PUT /api/identity/users/{id:guid}/default-company: aimed at a record granting only tenancy.workplace.read by a user holding only [identity.users.update, identity.roles.read, identity.users.read] answered 200 (expected 403): {"userId":"01a11af1-5dcd-7627-b2af-2cb5d437a67f","companyId":null,"companies":[],"version":0}
[xUnit.net 00:02:51.48]       PUT /api/identity/users/{id:guid}/default-company: aimed at a record granting only tenancy.workplace.switch by a user holding only [identity.users.update, identity.roles.read, identity.users.read] answered 200 (expected 403): {"userId":"01a11af1-5f3a-7acc-a5ec-f314d322530e","companyId":null,"companies":[],"version":0}
[xUnit.net 00:02:51.48]       PUT /api/identity/users/{id:guid}/default-company: aimed at a record granting every identity permission the caller lacks (none the caller holds) by a user holding only [identity.users.update, identity.roles.read, identity.users.read] answered 200 (expected 403): {"userId":"01a11af1-8eb7-737c-ab54-471fab98b627","companyId":null,"companies":[],"version":0}
[xUnit.net 00:02:51.48]       PUT /api/identity/users/{id:guid}/default-company: aimed at a record granting the caller's own permissions plus identity.profile.update by a user holding only [identity.users.update, identity.roles.read, identity.users.read] answered 200 (expected 403): {"userId":"01a11af1-908c-70c4-b102-c906ed0c5ac7","companyId":null,"companies":[],"version":0}
[xUnit.net 00:02:51.48]       PUT /api/identity/users/{id:guid}/default-company: aimed at a record granting every ledger permission the caller lacks (none the caller holds) by a user holding only [identity.users.update, identity.roles.read, identity.users.read] answered 200 (expected 403): {"userId":"01a11af1-6413-7870-bd35-f30d679b2c72","companyId":null,"companies":[],"version":0}
[xUnit.net 00:02:51.48]       PUT /api/identity/users/{id:guid}/default-company: aimed at a record granting the caller's own permissions plus ledger.entries.post by a user holding only [identity.users.update, identity.roles.read, identity.users.read] answered 200 (expected 403): {"userId":"01a11af1-92fd-7574-9838-44b9f7cf83f5","companyId":null,"companies":[],"version":0}
[xUnit.net 00:02:51.48]       PUT /api/identity/users/{id:guid}/default-company: aimed at a record granting the caller's own permissions plus lists.views.share by a user holding only [identity.users.update, identity.roles.read, identity.users.read] answered 200 (expected 403): {"userId":"01a11af1-95d9-7b81-810e-c94312beca86","companyId":null,"companies":[],"version":0}
[xUnit.net 00:02:51.48]       PUT /api/identity/users/{id:guid}/default-company: aimed at a record granting the caller's own permissions plus reports.catalog.read by a user holding only [identity.users.update, identity.roles.read, identity.users.read] answered 200 (expected 403): {"userId":"01a11af1-97ba-753c-81d4-7db96a6927e6","companyId":null,"companies":[],"version":0}
[xUnit.net 00:02:51.48]       PUT /api/identity/users/{id:guid}/default-company: aimed at a record granting every tenancy permission the caller lacks (none the caller holds) by a user holding only [identity.users.update, identity.roles.read, identity.users.read] answered 200 (expected 403): {"userId":"01a11af1-6ce8-753f-9def-fd1a6234545a","companyId":null,"companies":[],"version":0}
[xUnit.net 00:02:51.48]       PUT /api/identity/users/{id:guid}/default-company: aimed at a record granting the caller's own permissions plus tenancy.access.read by a user holding only [identity.users.update, identity.roles.read, identity.users.read] answered 200 (expected 403): {"userId":"01a11af1-9a67-7e75-8b50-dc360067e2bc","companyId":null,"companies":[],"version":0}
[xUnit.net 00:02:51.48]       PUT /api/identity/users/{id:guid}/default-company [companyId left out]: aimed at a record granting every identity permission the caller lacks (none the caller holds) by a user holding only [identity.users.update, identity.roles.read, identity.users.read] answered 200 (expected 403): {"userId":"01a11af1-8eb7-737c-ab54-471fab98b627","companyId":null,"companies":[],"version":0}
[xUnit.net 00:02:51.48]       PUT /api/identity/users/{id:guid}/default-company [companyId left out]: aimed at a record granting every ledger permission the caller lacks (none the caller holds) by a user holding only [identity.users.update, identity.roles.read, identity.users.read] answered 200 (expected 403): {"userId":"01a11af1-6413-7870-bd35-f30d679b2c72","companyId":null,"companies":[],"version":0}
[xUnit.net 00:02:51.48]       PUT /api/identity/users/{id:guid}/default-company [companyId left out]: aimed at a record granting only lists.views.share by a user holding only [identity.users.update, identity.roles.read, identity.users.read] answered 200 (expected 403): {"userId":"01a11af1-4807-7161-9ee5-03664fc2bcaf","companyId":null,"companies":[],"version":0}
[xUnit.net 00:02:51.48]       PUT /api/identity/users/{id:guid}/default-company [companyId left out]: aimed at a record granting only reports.catalog.read by a user holding only [identity.users.update, identity.roles.read, identity.users.read] answered 200 (expected 403): {"userId":"01a11af1-49ea-7e6a-99e0-1a1924a5f79b","companyId":null,"companies":[],"version":0}
[xUnit.net 00:02:51.48]       PUT /api/identity/users/{id:guid}/default-company [companyId left out]: aimed at a record granting every tenancy permission the caller lacks (none the caller holds) by a user holding only [identity.users.update, identity.roles.read, identity.users.read] answered 200 (expected 403): {"userId":"01a11af1-6ce8-753f-9def-fd1a6234545a","companyId":null,"companies":[],"version":0}
[xUnit.net 00:02:51.48]       PUT /api/identity/users/{id:guid}/default-company [companyId changed]: aimed at a record granting everything by a user holding only [identity.users.update, identity.roles.read, identity.users.read] answered 400 (expected 403): {"type":"urn:erp:problem:validation","title":"Some fields need attention.","status":400,"code":"validation","traceId":"00-6857572eda56487833aaee571b93ec4e-039352c0ac784646-00","errors":{"companyId":[{"code":"identityNotTheirCompany","message":"This user does not work in that company."}]}}
[xUnit.net 00:02:51.48]       PUT /api/identity/users/{id:guid}/default-company [companyId left out]: aimed at a record granting everything by a user holding only [identity.users.update, identity.roles.read, identity.users.read] answered 200 (expected 403): {"userId":"01a11af1-eaa4-7da0-8a7c-4466a195be14","companyId":null,"companies":[],"version":0}
[xUnit.net 00:02:51.48]       Stack Trace:
[xUnit.net 00:02:51.48]         /work/tests/Erp.Gates.Tests/G2/G2AccountTakeoverTests.cs(320,0): at Erp.Gates.Tests.G2.G2AccountTakeoverTests.Acting_on_a_record_that_grants_access_needs_everything_it_grants()
[xUnit.net 00:02:51.48]         --- End of stack trace from previous location ---
[xUnit.net 00:02:51.48]       Output:
[xUnit.net 00:02:51.48]         9 endpoints acting on grant-bearing records checked: DELETE /api/identity/roles/{id:guid}, PUT /api/identity/roles/{id:guid}, POST /api/identity/roles/{id:guid}/copy, DELETE /api/identity/users/{id:guid}, PUT /api/identity/users/{id:guid}, PUT /api/identity/users/{id:guid}/default-company, POST /api/identity/users/{id:guid}/password, POST /api/identity/users/{id:guid}/sessions/revoke, POST /api/identity/users/{id:guid}/unblock
  Failed Erp.Gates.Tests.G2.G2AccountTakeoverTests.Acting_on_a_record_that_grants_access_needs_everything_it_grants [1 m 47 s]
  Error Message:
   PUT /api/identity/users/{id:guid}/default-company: aimed at a record granting everything by a user holding only [identity.users.update, identity.roles.read, identity.users.read] answered 200 (expected 403): {"userId":"01a11af1-eaa4-7da0-8a7c-4466a195be14","companyId":null,"companies":[],"version":0}
PUT /api/identity/users/{id:guid}/default-company: aimed at a record granting only identity.profile.update by a user holding only [identity.users.update, identity.roles.read, identity.users.read] answered 200 (expected 403): {"userId":"01a11af1-310f-70ba-970b-f3089ab1b37b","companyId":null,"companies":[],"version":0}
PUT /api/identity/users/{id:guid}/default-company: aimed at a record granting only identity.roles.create by a user holding only [identity.users.update, identity.roles.read, identity.users.read] answered 200 (expected 403): {"userId":"01a11af1-32b5-7797-875b-c83edc184dd2","companyId":null,"companies":[],"version":0}
PUT /api/identity/users/{id:guid}/default-company: aimed at a record granting only identity.roles.delete by a user holding only [identity.users.update, identity.roles.read, identity.users.read] answered 200 (expected 403): {"userId":"01a11af1-3509-70e9-9f97-cac8cb5dcf12","companyId":null,"companies":[],"version":0}
PUT /api/identity/users/{id:guid}/default-company: aimed at a record granting only identity.roles.update by a user holding only [identity.users.update, identity.roles.read, identity.users.read] answered 200 (expected 403): {"userId":"01a11af1-3702-72ab-9c0e-34cee352b5b4","companyId":null,"companies":[],"version":0}
PUT /api/identity/users/{id:guid}/default-company: aimed at a record granting only identity.signIns.read by a user holding only [identity.users.update, identity.roles.read, identity.users.read] answered 200 (expected 403): {"userId":"01a11af1-3921-7cce-b950-5a40e3cb1795","companyId":null,"companies":[],"version":0}
PUT /api/identity/users/{id:guid}/default-company: aimed at a record granting only identity.users.create by a user holding only [identity.users.update, identity.roles.read, identity.users.read] answered 200 (expected 403): {"userId":"01a11af1-3ac4-7d95-9cd8-a2c1e9ed71ee","companyId":null,"companies":[],"version":0}
PUT /api/identity/users/{id:guid}/default-company: aimed at a record granting only identity.users.delete by a user holding only [identity.users.update, identity.roles.read, identity.users.read] answered 200 (expected 403): {"userId":"01a11af1-7e5c-7ad9-a4b3-03d2be0a220d","companyId":null,"companies":[],"version":0}
PUT /api/identity/users/{id:guid}/default-company: aimed at a record granting only identity.users.resetPassword by a user holding only [identity.users.update, identity.roles.read, identity.users.read] answered 200 (expected 403): {"userId":"01a11af1-3c8c-7695-87b0-e47c17ee2a01","companyId":null,"companies":[],"version":0}
PUT /api/identity/users/{id:guid}/default-company: aimed at a record granting only ledger.entries.post by a user holding only [identity.users.update, identity.roles.read, identity.users.read] answered 200 (expected 403): {"userId":"01a11af1-409c-793c-be13-cd2a964e5840","companyId":null,"companies":[],"version":0}
PUT /api/identity/users/{id:guid}/default-company: aimed at a record granting only ledger.entries.read by a user holding only [identity.users.update, identity.roles.read, identity.users.read] answered 200 (expected 403): {"userId":"01a11af1-42f7-7ad5-b7ba-34d9ac07a677","companyId":null,"companies":[],"version":0}
PUT /api/identity/users/{id:guid}/default-company: aimed at a record granting only ledger.periods.close by a user holding only [identity.users.update, identity.roles.read, identity.users.read] answered 200 (expected 403): {"userId":"01a11af1-4616-7875-a9da-e22848d60402","companyId":null,"companies":[],"version":0}
PUT /api/identity/users/{id:guid}/default-company: aimed at a record granting only lists.views.share by a user holding only [identity.users.update, identity.roles.read, identity.users.read] answered 200 (expected 403): {"userId":"01a11af1-4807-7161-9ee5-03664fc2bcaf","companyId":null,"companies":[],"version":0}
PUT /api/identity/users/{id:guid}/default-company: aimed at a record granting only reports.catalog.read by a user holding only [identity.users.update, identity.roles.read, identity.users.read] answered 200 (expected 403): {"userId":"01a11af1-49ea-7e6a-99e0-1a1924a5f79b","companyId":null,"companies":[],"version":0}
PUT /api/identity/users/{id:guid}/default-company: aimed at a record granting only tenancy.access.read by a user holding only [identity.users.update, identity.roles.read, identity.users.read] answered 200 (expected 403): {"userId":"01a11af1-4b61-772b-a8b5-df04793a113f","companyId":null,"companies":[],"version":0}
PUT /api/identity/users/{id:guid}/default-company: aimed at a record granting only tenancy.access.update by a user holding only [identity.users.update, identity.roles.read, identity.users.read] answered 200 (expected 403): {"userId":"01a11af1-4d41-737c-af32-e792bc91c25e","companyId":null,"companies":[],"version":0}
PUT /api/identity/users/{id:guid}/default-company: aimed at a record granting only tenancy.branches.create by a user holding only [identity.users.update, identity.roles.read, identity.users.read] answered 200 (expected 403): {"userId":"01a11af1-4f6a-7919-aba1-1a05635e536a","companyId":null,"companies":[],"version":0}
PUT /api/identity/users/{id:guid}/default-company: aimed at a record granting only tenancy.branches.read by a user holding only [identity.users.update, identity.roles.read, identity.users.read] answered 200 (expected 403): {"userId":"01a11af1-5177-7fa1-9b3e-cc0ba290f2ea","companyId":null,"companies":[],"version":0}
PUT /api/identity/users/{id:guid}/default-company: aimed at a record granting only tenancy.branches.update by a user holding only [identity.users.update, identity.roles.read, identity.users.read] answered 200 (expected 403): {"userId":"01a11af1-5392-7292-abbf-6b6cc768d2f0","companyId":null,"companies":[],"version":0}
PUT /api/identity/users/{id:guid}/default-company: aimed at a record granting only tenancy.companies.create by a user holding only [identity.users.update, identity.roles.read, identity.users.read] answered 200 (expected 403): {"userId":"01a11af1-54a2-7ba5-9f1f-443471930697","companyId":null,"companies":[],"version":0}
PUT /api/identity/users/{id:guid}/default-company: aimed at a record granting only tenancy.companies.read by a user holding only [identity.users.update, identity.roles.read, identity.users.read] answered 200 (expected 403): {"userId":"01a11af1-565f-750c-9cbe-e86641d50472","companyId":null,"companies":[],"version":0}
PUT /api/identity/users/{id:guid}/default-company: aimed at a record granting only tenancy.companies.update by a user holding only [identity.users.update, identity.roles.read, identity.users.read] answered 200 (expected 403): {"userId":"01a11af1-584a-7dc7-aa4f-60b5c781d273","companyId":null,"companies":[],"version":0}
PUT /api/identity/users/{id:guid}/default-company: aimed at a record granting only tenancy.tenant.read by a user holding only [identity.users.update, identity.roles.read, identity.users.read] answered 200 (expected 403): {"userId":"01a11af1-5a6f-765f-bf3c-589bc2c7609f","companyId":null,"companies":[],"version":0}
PUT /api/identity/users/{id:guid}/default-company: aimed at a record granting only tenancy.tenant.update by a user holding only [identity.users.update, identity.roles.read, identity.users.read] answered 200 (expected 403): {"userId":"01a11af1-5c83-7d93-ae2b-1da809afa721","companyId":null,"companies":[],"version":0}
PUT /api/identity/users/{id:guid}/default-company: aimed at a record granting only tenancy.workplace.read by a user holding only [identity.users.update, identity.roles.read, identity.users.read] answered 200 (expected 403): {"userId":"01a11af1-5dcd-7627-b2af-2cb5d437a67f","companyId":null,"companies":[],"version":0}
PUT /api/identity/users/{id:guid}/default-company: aimed at a record granting only tenancy.workplace.switch by a user holding only [identity.users.update, identity.roles.read, identity.users.read] answered 200 (expected 403): {"userId":"01a11af1-5f3a-7acc-a5ec-f314d322530e","companyId":null,"companies":[],"version":0}
PUT /api/identity/users/{id:guid}/default-company: aimed at a record granting every identity permission the caller lacks (none the caller holds) by a user holding only [identity.users.update, identity.roles.read, identity.users.read] answered 200 (expected 403): {"userId":"01a11af1-8eb7-737c-ab54-471fab98b627","companyId":null,"companies":[],"version":0}
PUT /api/identity/users/{id:guid}/default-company: aimed at a record granting the caller's own permissions plus identity.profile.update by a user holding only [identity.users.update, identity.roles.read, identity.users.read] answered 200 (expected 403): {"userId":"01a11af1-908c-70c4-b102-c906ed0c5ac7","companyId":null,"companies":[],"version":0}
PUT /api/identity/users/{id:guid}/default-company: aimed at a record granting every ledger permission the caller lacks (none the caller holds) by a user holding only [identity.users.update, identity.roles.read, identity.users.read] answered 200 (expected 403): {"userId":"01a11af1-6413-7870-bd35-f30d679b2c72","companyId":null,"companies":[],"version":0}
PUT /api/identity/users/{id:guid}/default-company: aimed at a record granting the caller's own permissions plus ledger.entries.post by a user holding only [identity.users.update, identity.roles.read, identity.users.read] answered 200 (expected 403): {"userId":"01a11af1-92fd-7574-9838-44b9f7cf83f5","companyId":null,"companies":[],"version":0}
PUT /api/identity/users/{id:guid}/default-company: aimed at a record granting the caller's own permissions plus lists.views.share by a user holding only [identity.users.update, identity.roles.read, identity.users.read] answered 200 (expected 403): {"userId":"01a11af1-95d9-7b81-810e-c94312beca86","companyId":null,"companies":[],"version":0}
PUT /api/identity/users/{id:guid}/default-company: aimed at a record granting the caller's own permissions plus reports.catalog.read by a user holding only [identity.users.update, identity.roles.read, identity.users.read] answered 200 (expected 403): {"userId":"01a11af1-97ba-753c-81d4-7db96a6927e6","companyId":null,"companies":[],"version":0}
PUT /api/identity/users/{id:guid}/default-company: aimed at a record granting every tenancy permission the caller lacks (none the caller holds) by a user holding only [identity.users.update, identity.roles.read, identity.users.read] answered 200 (expected 403): {"userId":"01a11af1-6ce8-753f-9def-fd1a6234545a","companyId":null,"companies":[],"version":0}
PUT /api/identity/users/{id:guid}/default-company: aimed at a record granting the caller's own permissions plus tenancy.access.read by a user holding only [identity.users.update, identity.roles.read, identity.users.read] answered 200 (expected 403): {"userId":"01a11af1-9a67-7e75-8b50-dc360067e2bc","companyId":null,"companies":[],"version":0}
PUT /api/identity/users/{id:guid}/default-company [companyId left out]: aimed at a record granting every identity permission the caller lacks (none the caller holds) by a user holding only [identity.users.update, identity.roles.read, identity.users.read] answered 200 (expected 403): {"userId":"01a11af1-8eb7-737c-ab54-471fab98b627","companyId":null,"companies":[],"version":0}
PUT /api/identity/users/{id:guid}/default-company [companyId left out]: aimed at a record granting every ledger permission the caller lacks (none the caller holds) by a user holding only [identity.users.update, identity.roles.read, identity.users.read] answered 200 (expected 403): {"userId":"01a11af1-6413-7870-bd35-f30d679b2c72","companyId":null,"companies":[],"version":0}
PUT /api/identity/users/{id:guid}/default-company [companyId left out]: aimed at a record granting only lists.views.share by a user holding only [identity.users.update, identity.roles.read, identity.users.read] answered 200 (expected 403): {"userId":"01a11af1-4807-7161-9ee5-03664fc2bcaf","companyId":null,"companies":[],"version":0}
PUT /api/identity/users/{id:guid}/default-company [companyId left out]: aimed at a record granting only reports.catalog.read by a user holding only [identity.users.update, identity.roles.read, identity.users.read] answered 200 (expected 403): {"userId":"01a11af1-49ea-7e6a-99e0-1a1924a5f79b","companyId":null,"companies":[],"version":0}
PUT /api/identity/users/{id:guid}/default-company [companyId left out]: aimed at a record granting every tenancy permission the caller lacks (none the caller holds) by a user holding only [identity.users.update, identity.roles.read, identity.users.read] answered 200 (expected 403): {"userId":"01a11af1-6ce8-753f-9def-fd1a6234545a","companyId":null,"companies":[],"version":0}
PUT /api/identity/users/{id:guid}/default-company [companyId changed]: aimed at a record granting everything by a user holding only [identity.users.update, identity.roles.read, identity.users.read] answered 400 (expected 403): {"type":"urn:erp:problem:validation","title":"Some fields need attention.","status":400,"code":"validation","traceId":"00-6857572eda56487833aaee571b93ec4e-039352c0ac784646-00","errors":{"companyId":[{"code":"identityNotTheirCompany","message":"This user does not work in that company."}]}}
PUT /api/identity/users/{id:guid}/default-company [companyId left out]: aimed at a record granting everything by a user holding only [identity.users.update, identity.roles.read, identity.users.read] answered 200 (expected 403): {"userId":"01a11af1-eaa4-7da0-8a7c-4466a195be14","companyId":null,"companies":[],"version":0}
  Stack Trace:
     at Erp.Gates.Tests.G2.G2AccountTakeoverTests.Acting_on_a_record_that_grants_access_needs_everything_it_grants() in /work/tests/Erp.Gates.Tests/G2/G2AccountTakeoverTests.cs:line 320
--- End of stack trace from previous location ---
  Standard Output Messages:
 9 endpoints acting on grant-bearing records checked: DELETE /api/identity/roles/{id:guid}, PUT /api/identity/roles/{id:guid}, POST /api/identity/roles/{id:guid}/copy, DELETE /api/identity/users/{id:guid}, PUT /api/identity/users/{id:guid}, PUT /api/identity/users/{id:guid}/default-company, POST /api/identity/users/{id:guid}/password, POST /api/identity/users/{id:guid}/sessions/revoke, POST /api/identity/users/{id:guid}/unblock


  Passed Erp.Gates.Tests.G2.G2AccountTakeoverTests.Nobody_resets_their_own_password_or_ends_their_own_access_through_administration [905 ms]
  Passed Erp.Gates.Tests.G1.G1SignInThrottleTests.Failed_sign_ins_from_one_client_never_lock_the_account_out_for_anyone_else [12 s]
  Passed Erp.Gates.Tests.G1.G1SignInThrottleTests.Sign_in_failures_give_one_answer_that_states_no_policy [6 s]
  Passed Erp.Gates.Tests.G1.G1SignInThrottleTests.A_browser_that_signed_in_before_is_not_paused_by_failures_from_its_network_address [8 s]
  Passed Erp.Gates.Tests.G1.G1BranchScopeAttackTests.A_user_limited_to_one_branch_cannot_reach_another_branch_of_the_company_through_any_endpoint [1 m 15 s]
  Passed Erp.Gates.Tests.G1.G1ClientStateTests.Every_use_of_a_carrier_that_outlives_the_document_is_reviewed [85 ms]
  Passed Erp.Gates.Tests.G1.G1ClientStateTests.Every_piece_of_module_level_state_in_the_web_sources_is_reviewed [37 ms]
  Passed Erp.Gates.Tests.G1.G1ClientStateTests.The_carrier_inventory_finds_the_planted_cookie_and_window_name [13 ms]
  Passed Erp.Gates.Tests.G1.G1ClientStateTests.The_inventory_finds_planted_module_state [2 ms]
  Passed Erp.Gates.Tests.G1.G1CompanyScopeTests.Every_company_table_carries_the_standard_company_scope_policy [61 ms]
  Passed Erp.Gates.Tests.G1.G1CompanyScopeTests.The_application_role_sees_and_changes_only_the_bound_companies_in_every_company_table [636 ms]
  Passed Erp.Gates.Tests.G1.G1ProcessStateTests.Process_wide_state_is_immutable_or_reviewed [661 ms]
  Passed Erp.Gates.Tests.G1.G1ReviewedLookupTests.Only_reviewed_source_files_name_a_reviewed_function [102 ms]
  Passed Erp.Gates.Tests.G1.G1ReviewedLookupTests.Every_reviewed_function_has_reviewed_callers_and_sources [16 ms]
  Passed Erp.Gates.Tests.G1.G1ReviewedLookupTests.Reviewed_lookups_answer_nothing_inside_a_tenant_bound_transaction [78 ms]
  Passed Erp.Gates.Tests.G1.G1TenantSettingCodeTests.Only_reviewed_methods_name_the_tenant_setting [65 ms]
  Passed Erp.Gates.Tests.G1.G1TenantSettingCodeTests.The_scan_finds_a_helper_that_names_the_tenant_setting [37 ms]
  Passed Erp.Gates.Tests.G1.G1TenantSourceTests.Only_reviewed_files_choose_a_tenant_or_step_around_the_unit_of_work [204 ms]
  Passed Erp.Gates.Tests.G1.G1TenantSourceTests.The_scanner_catches_every_planted_bypass [3 ms]
  Passed Erp.Gates.Tests.G1.G1TenantValueRuleTests.Every_shape_of_setting_change_is_read_with_its_value [19 ms]
  Passed Erp.Gates.Tests.G1.G1TenantValueRuleTests.A_request_may_run_its_SQL_only_under_the_tenant_it_may_bind [4 ms]
  Passed Erp.Gates.Tests.G1.G1UniqueIndexTests.Unique_indexes_on_tenant_tables_include_the_tenant [193 ms]
  Passed Erp.Gates.Tests.G1.G1WriteOracleTests.Writes_answer_the_same_for_another_tenants_values_as_for_values_that_exist_nowhere [19 s]
  Passed Erp.Gates.Tests.G2.G2CompanyAccessGrantTests.Company_access_is_given_and_taken_only_within_what_the_caller_holds_and_never_from_a_stronger_user [9 s]
  Passed Erp.Gates.Tests.G1.G1CompanyIsolationTests.A_user_of_company_X_cannot_reach_company_Y_through_any_endpoint [4 m 50 s]
[xUnit.net 00:05:18.11]     Erp.Gates.Tests.G2.G2AccountTakeoverTests.Acting_on_a_user_needs_every_permission_that_user_holds [FAIL]
[xUnit.net 00:05:18.11]       PUT /api/identity/users/{id:guid}/default-company: aimed at the Administrator by a user holding only [identity.users.update, identity.users.read, identity.roles.read] answered 200 (expected 403): {"userId":"01a11af0-4838-7d54-8f57-74b65578d637","companyId":"0191260e-f481-72af-a65a-a7002e9e4b62","companies":[{"id":"0191260e-f481-72af-a65a-a7002e9e4b62","code":"A1-CO","legalNameEn":"Alpha Trading","legalNameAr":"التجارة"},{"id":"0191260e-f484-7677-98a3-fb83005b0da2","code":"A2-CO","legalNameEn…
[xUnit.net 00:05:18.11]       PUT /api/identity/users/{id:guid}/default-company: aimed at a user holding a record granting only identity.profile.update by a user holding only [identity.users.update, identity.users.read, identity.roles.read] answered 200 (expected 403): {"userId":"01a11af2-83be-75ce-972b-eea18a1d875c","companyId":null,"companies":[],"version":0}
[xUnit.net 00:05:18.11]       PUT /api/identity/users/{id:guid}/default-company: aimed at a user holding a record granting only identity.roles.create by a user holding only [identity.users.update, identity.users.read, identity.roles.read] answered 200 (expected 403): {"userId":"01a11af2-8671-7e57-bf55-4fc0a40d4dff","companyId":null,"companies":[],"version":0}
[xUnit.net 00:05:18.11]       PUT /api/identity/users/{id:guid}/default-company: aimed at a user holding a record granting only identity.roles.delete by a user holding only [identity.users.update, identity.users.read, identity.roles.read] answered 200 (expected 403): {"userId":"01a11af2-88aa-70ee-9beb-b5c518df585c","companyId":null,"companies":[],"version":0}
[xUnit.net 00:05:18.11]       PUT /api/identity/users/{id:guid}/default-company: aimed at a user holding a record granting only identity.roles.update by a user holding only [identity.users.update, identity.users.read, identity.roles.read] answered 200 (expected 403): {"userId":"01a11af2-8aa8-71c2-b38b-6c918c031db5","companyId":null,"companies":[],"version":0}
[xUnit.net 00:05:18.11]       PUT /api/identity/users/{id:guid}/default-company: aimed at a user holding a record granting only identity.signIns.read by a user holding only [identity.users.update, identity.users.read, identity.roles.read] answered 200 (expected 403): {"userId":"01a11af2-8d65-79a5-8fef-4deb951142b4","companyId":null,"companies":[],"version":0}
[xUnit.net 00:05:18.11]       PUT /api/identity/users/{id:guid}/default-company: aimed at a user holding a record granting only identity.users.create by a user holding only [identity.users.update, identity.users.read, identity.roles.read] answered 200 (expected 403): {"userId":"01a11af2-8f25-75f6-b0ca-34b7f5e4b4bc","companyId":null,"companies":[],"version":0}
[xUnit.net 00:05:18.11]       PUT /api/identity/users/{id:guid}/default-company: aimed at a user holding a record granting only identity.users.delete by a user holding only [identity.users.update, identity.users.read, identity.roles.read] answered 200 (expected 403): {"userId":"01a11af2-df86-7919-a9cb-109e39bb1e75","companyId":null,"companies":[],"version":0}
[xUnit.net 00:05:18.11]       PUT /api/identity/users/{id:guid}/default-company: aimed at a user holding a record granting only identity.users.resetPassword by a user holding only [identity.users.update, identity.users.read, identity.roles.read] answered 200 (expected 403): {"userId":"01a11af2-91f8-7458-8e9f-8b0323638f19","companyId":null,"companies":[],"version":0}
[xUnit.net 00:05:18.11]       PUT /api/identity/users/{id:guid}/default-company: aimed at a user holding a record granting only ledger.entries.post by a user holding only [identity.users.update, identity.users.read, identity.roles.read] answered 200 (expected 403): {"userId":"01a11af2-977f-7910-85d4-04c30c0a7654","companyId":null,"companies":[],"version":0}
[xUnit.net 00:05:18.11]       PUT /api/identity/users/{id:guid}/default-company: aimed at a user holding a record granting only ledger.entries.read by a user holding only [identity.users.update, identity.users.read, identity.roles.read] answered 200 (expected 403): {"userId":"01a11af2-9b68-7f8b-a6ae-547b55e4571d","companyId":null,"companies":[],"version":0}
[xUnit.net 00:05:18.11]       PUT /api/identity/users/{id:guid}/default-company: aimed at a user holding a record granting only ledger.periods.close by a user holding only [identity.users.update, identity.users.read, identity.roles.read] answered 200 (expected 403): {"userId":"01a11af2-9d3b-7c14-8070-d781e251d44e","companyId":null,"companies":[],"version":0}
[xUnit.net 00:05:18.11]       PUT /api/identity/users/{id:guid}/default-company: aimed at a user holding a record granting only lists.views.share by a user holding only [identity.users.update, identity.users.read, identity.roles.read] answered 200 (expected 403): {"userId":"01a11af2-9e63-76aa-823c-74b8b4eb43fc","companyId":null,"companies":[],"version":0}
[xUnit.net 00:05:18.11]       PUT /api/identity/users/{id:guid}/default-company: aimed at a user holding a record granting only reports.catalog.read by a user holding only [identity.users.update, identity.users.read, identity.roles.read] answered 200 (expected 403): {"userId":"01a11af2-a006-78f2-82f6-7ecbfc3f6c40","companyId":null,"companies":[],"version":0}
[xUnit.net 00:05:18.11]       PUT /api/identity/users/{id:guid}/default-company: aimed at a user holding a record granting only tenancy.access.read by a user holding only [identity.users.update, identity.users.read, identity.roles.read] answered 200 (expected 403): {"userId":"01a11af2-a270-708f-baf4-7ba64c67e5ac","companyId":null,"companies":[],"version":0}
[xUnit.net 00:05:18.11]       PUT /api/identity/users/{id:guid}/default-company: aimed at a user holding a record granting only tenancy.access.update by a user holding only [identity.users.update, identity.users.read, identity.roles.read] answered 200 (expected 403): {"userId":"01a11af2-a4ae-7533-85d8-4551e92fd9e6","companyId":null,"companies":[],"version":0}
[xUnit.net 00:05:18.11]       PUT /api/identity/users/{id:guid}/default-company: aimed at a user holding a record granting only tenancy.branches.create by a user holding only [identity.users.update, identity.users.read, identity.roles.read] answered 200 (expected 403): {"userId":"01a11af2-a6f1-79e5-ac12-48a2f6e0cfae","companyId":null,"companies":[],"version":0}
[xUnit.net 00:05:18.11]       PUT /api/identity/users/{id:guid}/default-company: aimed at a user holding a record granting only tenancy.branches.read by a user holding only [identity.users.update, identity.users.read, identity.roles.read] answered 200 (expected 403): {"userId":"01a11af2-a8ee-784c-b5c1-b0a6c25aed73","companyId":null,"companies":[],"version":0}
[xUnit.net 00:05:18.11]       PUT /api/identity/users/{id:guid}/default-company: aimed at a user holding a record granting only tenancy.branches.update by a user holding only [identity.users.update, identity.users.read, identity.roles.read] answered 200 (expected 403): {"userId":"01a11af2-ab1f-7e05-a229-43f64fef50eb","companyId":null,"companies":[],"version":0}
[xUnit.net 00:05:18.11]       PUT /api/identity/users/{id:guid}/default-company: aimed at a user holding a record granting only tenancy.companies.create by a user holding only [identity.users.update, identity.users.read, identity.roles.read] answered 200 (expected 403): {"userId":"01a11af2-acc2-7a73-a692-c6a9a75376a2","companyId":null,"companies":[],"version":0}
[xUnit.net 00:05:18.11]       PUT /api/identity/users/{id:guid}/default-company: aimed at a user holding a record granting only tenancy.companies.read by a user holding only [identity.users.update, identity.users.read, identity.roles.read] answered 200 (expected 403): {"userId":"01a11af2-af5c-79ec-b88e-914c9a175859","companyId":null,"companies":[],"version":0}
[xUnit.net 00:05:18.11]       PUT /api/identity/users/{id:guid}/default-company: aimed at a user holding a record granting only tenancy.companies.update by a user holding only [identity.users.update, identity.users.read, identity.roles.read] answered 200 (expected 403): {"userId":"01a11af2-b1ab-74ed-81dc-f68bb1d9932b","companyId":null,"companies":[],"version":0}
[xUnit.net 00:05:18.11]       PUT /api/identity/users/{id:guid}/default-company: aimed at a user holding a record granting only tenancy.tenant.read by a user holding only [identity.users.update, identity.users.read, identity.roles.read] answered 200 (expected 403): {"userId":"01a11af2-b442-7c97-934b-c2242f545775","companyId":null,"companies":[],"version":0}
[xUnit.net 00:05:18.11]       PUT /api/identity/users/{id:guid}/default-company: aimed at a user holding a record granting only tenancy.tenant.update by a user holding only [identity.users.update, identity.users.read, identity.roles.read] answered 200 (expected 403): {"userId":"01a11af2-b5d9-75bf-a9a2-083f96213d6a","companyId":null,"companies":[],"version":0}
[xUnit.net 00:05:18.11]       PUT /api/identity/users/{id:guid}/default-company: aimed at a user holding a record granting only tenancy.workplace.read by a user holding only [identity.users.update, identity.users.read, identity.roles.read] answered 200 (expected 403): {"userId":"01a11af2-b827-7aed-a766-84a27c1f1253","companyId":null,"companies":[],"version":0}
[xUnit.net 00:05:18.11]       PUT /api/identity/users/{id:guid}/default-company: aimed at a user holding a record granting only tenancy.workplace.switch by a user holding only [identity.users.update, identity.users.read, identity.roles.read] answered 200 (expected 403): {"userId":"01a11af2-ba14-78cc-9c94-d83bf8b24302","companyId":null,"companies":[],"version":0}
[xUnit.net 00:05:18.11]       PUT /api/identity/users/{id:guid}/default-company: aimed at a user holding a record granting every identity permission the caller lacks (none the caller holds) by a user holding only [identity.users.update, identity.users.read, identity.roles.read] answered 200 (expected 403): {"userId":"01a11af2-fd6a-7158-b4df-0ecd4995b1f6","companyId":null,"companies":[],"version":0}
[xUnit.net 00:05:18.11]       PUT /api/identity/users/{id:guid}/default-company: aimed at a user holding a record granting the caller's own permissions plus identity.profile.update by a user holding only [identity.users.update, identity.users.read, identity.roles.read] answered 200 (expected 403): {"userId":"01a11af2-ffd8-761a-b3a1-09c535dd91d0","companyId":null,"companies":[],"version":0}
[xUnit.net 00:05:18.11]       PUT /api/identity/users/{id:guid}/default-company: aimed at a user holding a record granting every ledger permission the caller lacks (none the caller holds) by a user holding only [identity.users.update, identity.users.read, identity.roles.read] answered 200 (expected 403): {"userId":"01a11af2-c459-7c7c-a8e7-0072c4f93c7c","companyId":null,"companies":[],"version":0}
[xUnit.net 00:05:18.11]       PUT /api/identity/users/{id:guid}/default-company: aimed at a user holding a record granting the caller's own permissions plus ledger.entries.post by a user holding only [identity.users.update, identity.users.read, identity.roles.read] answered 200 (expected 403): {"userId":"01a11af3-02f5-71b9-bee3-bb7aafd8e077","companyId":null,"companies":[],"version":0}
[xUnit.net 00:05:18.11]       PUT /api/identity/users/{id:guid}/default-company: aimed at a user holding a record granting the caller's own permissions plus lists.views.share by a user holding only [identity.users.update, identity.users.read, identity.roles.read] answered 200 (expected 403): {"userId":"01a11af3-0545-7165-aa8d-afcfd0755830","companyId":null,"companies":[],"version":0}
[xUnit.net 00:05:18.11]       PUT /api/identity/users/{id:guid}/default-company: aimed at a user holding a record granting the caller's own permissions plus reports.catalog.read by a user holding only [identity.users.update, identity.users.read, identity.roles.read] answered 200 (expected 403): {"userId":"01a11af3-0741-7b7e-9ae1-b0a7e4e6b727","companyId":null,"companies":[],"version":0}
[xUnit.net 00:05:18.11]       PUT /api/identity/users/{id:guid}/default-company: aimed at a user holding a record granting every tenancy permission the caller lacks (none the caller holds) by a user holding only [identity.users.update, identity.users.read, identity.roles.read] answered 200 (expected 403): {"userId":"01a11af2-cfcb-7b90-a8a5-0e28d5657495","companyId":null,"companies":[],"version":0}
[xUnit.net 00:05:18.11]       PUT /api/identity/users/{id:guid}/default-company: aimed at a user holding a record granting the caller's own permissions plus tenancy.access.read by a user holding only [identity.users.update, identity.users.read, identity.roles.read] answered 200 (expected 403): {"userId":"01a11af3-09dc-74c5-ae9d-6885fe979434","companyId":null,"companies":[],"version":0}
[xUnit.net 00:05:18.11]       PUT /api/identity/users/{id:guid}/default-company [companyId changed]: aimed at the Administrator by a user holding only [identity.users.update, identity.users.read, identity.roles.read] answered 200 (expected 403): {"userId":"01a11af0-4838-7d54-8f57-74b65578d637","companyId":"0191260e-f484-7677-98a3-fb83005b0da2","companies":[{"id":"0191260e-f481-72af-a65a-a7002e9e4b62","code":"A1-CO","legalNameEn":"Alpha Trading","legalNameAr":"التجارة"},{"id":"0191260e-f484-7677-98a3-fb83005b0da2","code":"A2-CO","legalNameEn…
[xUnit.net 00:05:18.11]       PUT /api/identity/users/{id:guid}/default-company [companyId changed]: the record of the Administrator changed: before 200 {"id":"01a11af0-4838-7d54-8f57-74b65578d637","email":"admin@alpha.example","displayName":"Mariam Al Mansoori","language":"en","isActive":true,"roleIds":["01a11af0-47a0-7753-8bca-390ab14967fe"],"lastSignInAt":"2026-10-08T09:59:10.955831+00:00","createdAt":"2026-10-08T09:55:17.176937+00:00","versi…; after 200 {"id":"01a11af0-4838-7d54-8f57-74b65578d637","email":"admin@alpha.example","displayName":"Mariam Al Mansoori","language":"en","isActive":true,"roleIds":["01a11af0-47a0-7753-8bca-390ab14967fe"],"lastSignInAt":"2026-10-08T09:59:10.955831+00:00","createdAt":"2026-10-08T09:55:17.176937+00:00","versi…
[xUnit.net 00:05:18.11]       PUT /api/identity/users/{id:guid}/default-company [companyId changed]: aimed at a user holding a record granting every identity permission the caller lacks (none the caller holds) by a user holding only [identity.users.update, identity.users.read, identity.roles.read] answered 400 (expected 403): {"type":"urn:erp:problem:validation","title":"Some fields need attention.","status":400,"code":"validation","traceId":"00-4197237e36abf7d985f14a0cddf19ae5-c79c0066451aec8c-00","errors":{"companyId":[{"code":"identityNotTheirCompany","message":"This user does not work in that company."}]}}
[xUnit.net 00:05:18.11]       PUT /api/identity/users/{id:guid}/default-company [companyId changed]: aimed at a user holding a record granting every ledger permission the caller lacks (none the caller holds) by a user holding only [identity.users.update, identity.users.read, identity.roles.read] answered 400 (expected 403): {"type":"urn:erp:problem:validation","title":"Some fields need attention.","status":400,"code":"validation","traceId":"00-0cf6e83591344ddcb076436f59d5eca2-6b8f97151ca88a97-00","errors":{"companyId":[{"code":"identityNotTheirCompany","message":"This user does not work in that company."}]}}
[xUnit.net 00:05:18.11]       PUT /api/identity/users/{id:guid}/default-company [companyId changed]: aimed at a user holding a record granting only lists.views.share by a user holding only [identity.users.update, identity.users.read, identity.roles.read] answered 400 (expected 403): {"type":"urn:erp:problem:validation","title":"Some fields need attention.","status":400,"code":"validation","traceId":"00-2d1363d3238854c781bff1bc15810c28-99bdd0b2f91a6f67-00","errors":{"companyId":[{"code":"identityNotTheirCompany","message":"This user does not work in that company."}]}}
[xUnit.net 00:05:18.11]       PUT /api/identity/users/{id:guid}/default-company [companyId changed]: aimed at a user holding a record granting only reports.catalog.read by a user holding only [identity.users.update, identity.users.read, identity.roles.read] answered 400 (expected 403): {"type":"urn:erp:problem:validation","title":"Some fields need attention.","status":400,"code":"validation","traceId":"00-85a12a8e387f3d2040e5d10d07c582bd-00570d2224568962-00","errors":{"companyId":[{"code":"identityNotTheirCompany","message":"This user does not work in that company."}]}}
[xUnit.net 00:05:18.11]       PUT /api/identity/users/{id:guid}/default-company [companyId changed]: aimed at a user holding a record granting every tenancy permission the caller lacks (none the caller holds) by a user holding only [identity.users.update, identity.users.read, identity.roles.read] answered 400 (expected 403): {"type":"urn:erp:problem:validation","title":"Some fields need attention.","status":400,"code":"validation","traceId":"00-f547238b08829c0b963893010edb2210-78433d6971de9bfa-00","errors":{"companyId":[{"code":"identityNotTheirCompany","message":"This user does not work in that company."}]}}
[xUnit.net 00:05:18.11]       PUT /api/identity/users/{id:guid}/default-company [companyId left out]: aimed at the Administrator by a user holding only [identity.users.update, identity.users.read, identity.roles.read] answered 200 (expected 403): {"userId":"01a11af0-4838-7d54-8f57-74b65578d637","companyId":null,"companies":[{"id":"0191260e-f481-72af-a65a-a7002e9e4b62","code":"A1-CO","legalNameEn":"Alpha Trading","legalNameAr":"التجارة"},{"id":"0191260e-f484-7677-98a3-fb83005b0da2","code":"A2-CO","legalNameEn":"Alpha Steel Industries","legalN…
[xUnit.net 00:05:18.11]       PUT /api/identity/users/{id:guid}/default-company [companyId left out]: the record of the Administrator changed: before 200 {"id":"01a11af0-4838-7d54-8f57-74b65578d637","email":"admin@alpha.example","displayName":"Mariam Al Mansoori","language":"en","isActive":true,"roleIds":["01a11af0-47a0-7753-8bca-390ab14967fe"],"lastSignInAt":"2026-10-08T09:59:10.955831+00:00","createdAt":"2026-10-08T09:55:17.176937+00:00","versi…; after 200 {"id":"01a11af0-4838-7d54-8f57-74b65578d637","email":"admin@alpha.example","displayName":"Mariam Al Mansoori","language":"en","isActive":true,"roleIds":["01a11af0-47a0-7753-8bca-390ab14967fe"],"lastSignInAt":"2026-10-08T09:59:10.955831+00:00","createdAt":"2026-10-08T09:55:17.176937+00:00","versi…
[xUnit.net 00:05:18.11]       PUT /api/identity/users/{id:guid}/default-company [companyId left out]: aimed at a user holding a record granting every identity permission the caller lacks (none the caller holds) by a user holding only [identity.users.update, identity.users.read, identity.roles.read] answered 200 (expected 403): {"userId":"01a11af2-fd6a-7158-b4df-0ecd4995b1f6","companyId":null,"companies":[],"version":0}
[xUnit.net 00:05:18.11]       PUT /api/identity/users/{id:guid}/default-company [companyId left out]: aimed at a user holding a record granting every ledger permission the caller lacks (none the caller holds) by a user holding only [identity.users.update, identity.users.read, identity.roles.read] answered 200 (expected 403): {"userId":"01a11af2-c459-7c7c-a8e7-0072c4f93c7c","companyId":null,"companies":[],"version":0}
[xUnit.net 00:05:18.11]       PUT /api/identity/users/{id:guid}/default-company [companyId left out]: aimed at a user holding a record granting only lists.views.share by a user holding only [identity.users.update, identity.users.read, identity.roles.read] answered 200 (expected 403): {"userId":"01a11af2-9e63-76aa-823c-74b8b4eb43fc","companyId":null,"companies":[],"version":0}
[xUnit.net 00:05:18.11]       PUT /api/identity/users/{id:guid}/default-company [companyId left out]: aimed at a user holding a record granting only reports.catalog.read by a user holding only [identity.users.update, identity.users.read, identity.roles.read] answered 200 (expected 403): {"userId":"01a11af2-a006-78f2-82f6-7ecbfc3f6c40","companyId":null,"companies":[],"version":0}
[xUnit.net 00:05:18.11]       PUT /api/identity/users/{id:guid}/default-company [companyId left out]: aimed at a user holding a record granting every tenancy permission the caller lacks (none the caller holds) by a user holding only [identity.users.update, identity.users.read, identity.roles.read] answered 200 (expected 403): {"userId":"01a11af2-cfcb-7b90-a8a5-0e28d5657495","companyId":null,"companies":[],"version":0}
[xUnit.net 00:05:18.11]       Stack Trace:
[xUnit.net 00:05:18.11]         /work/tests/Erp.Gates.Tests/G2/G2AccountTakeoverTests.cs(197,0): at Erp.Gates.Tests.G2.G2AccountTakeoverTests.Acting_on_a_user_needs_every_permission_that_user_holds()
[xUnit.net 00:05:18.11]         --- End of stack trace from previous location ---
[xUnit.net 00:05:18.11]       Output:
[xUnit.net 00:05:18.11]         6 endpoints acting on users, 20 single-field requests aimed at the Administrator, 198 requests aimed at users holding grants the caller lacks, 100 single-field requests aimed at them
  Failed Erp.Gates.Tests.G2.G2AccountTakeoverTests.Acting_on_a_user_needs_every_permission_that_user_holds [2 m 25 s]
  Error Message:
   PUT /api/identity/users/{id:guid}/default-company: aimed at the Administrator by a user holding only [identity.users.update, identity.users.read, identity.roles.read] answered 200 (expected 403): {"userId":"01a11af0-4838-7d54-8f57-74b65578d637","companyId":"0191260e-f481-72af-a65a-a7002e9e4b62","companies":[{"id":"0191260e-f481-72af-a65a-a7002e9e4b62","code":"A1-CO","legalNameEn":"Alpha Trading","legalNameAr":"التجارة"},{"id":"0191260e-f484-7677-98a3-fb83005b0da2","code":"A2-CO","legalNameEn…
PUT /api/identity/users/{id:guid}/default-company: aimed at a user holding a record granting only identity.profile.update by a user holding only [identity.users.update, identity.users.read, identity.roles.read] answered 200 (expected 403): {"userId":"01a11af2-83be-75ce-972b-eea18a1d875c","companyId":null,"companies":[],"version":0}
PUT /api/identity/users/{id:guid}/default-company: aimed at a user holding a record granting only identity.roles.create by a user holding only [identity.users.update, identity.users.read, identity.roles.read] answered 200 (expected 403): {"userId":"01a11af2-8671-7e57-bf55-4fc0a40d4dff","companyId":null,"companies":[],"version":0}
PUT /api/identity/users/{id:guid}/default-company: aimed at a user holding a record granting only identity.roles.delete by a user holding only [identity.users.update, identity.users.read, identity.roles.read] answered 200 (expected 403): {"userId":"01a11af2-88aa-70ee-9beb-b5c518df585c","companyId":null,"companies":[],"version":0}
PUT /api/identity/users/{id:guid}/default-company: aimed at a user holding a record granting only identity.roles.update by a user holding only [identity.users.update, identity.users.read, identity.roles.read] answered 200 (expected 403): {"userId":"01a11af2-8aa8-71c2-b38b-6c918c031db5","companyId":null,"companies":[],"version":0}
PUT /api/identity/users/{id:guid}/default-company: aimed at a user holding a record granting only identity.signIns.read by a user holding only [identity.users.update, identity.users.read, identity.roles.read] answered 200 (expected 403): {"userId":"01a11af2-8d65-79a5-8fef-4deb951142b4","companyId":null,"companies":[],"version":0}
PUT /api/identity/users/{id:guid}/default-company: aimed at a user holding a record granting only identity.users.create by a user holding only [identity.users.update, identity.users.read, identity.roles.read] answered 200 (expected 403): {"userId":"01a11af2-8f25-75f6-b0ca-34b7f5e4b4bc","companyId":null,"companies":[],"version":0}
PUT /api/identity/users/{id:guid}/default-company: aimed at a user holding a record granting only identity.users.delete by a user holding only [identity.users.update, identity.users.read, identity.roles.read] answered 200 (expected 403): {"userId":"01a11af2-df86-7919-a9cb-109e39bb1e75","companyId":null,"companies":[],"version":0}
PUT /api/identity/users/{id:guid}/default-company: aimed at a user holding a record granting only identity.users.resetPassword by a user holding only [identity.users.update, identity.users.read, identity.roles.read] answered 200 (expected 403): {"userId":"01a11af2-91f8-7458-8e9f-8b0323638f19","companyId":null,"companies":[],"version":0}
PUT /api/identity/users/{id:guid}/default-company: aimed at a user holding a record granting only ledger.entries.post by a user holding only [identity.users.update, identity.users.read, identity.roles.read] answered 200 (expected 403): {"userId":"01a11af2-977f-7910-85d4-04c30c0a7654","companyId":null,"companies":[],"version":0}
PUT /api/identity/users/{id:guid}/default-company: aimed at a user holding a record granting only ledger.entries.read by a user holding only [identity.users.update, identity.users.read, identity.roles.read] answered 200 (expected 403): {"userId":"01a11af2-9b68-7f8b-a6ae-547b55e4571d","companyId":null,"companies":[],"version":0}
PUT /api/identity/users/{id:guid}/default-company: aimed at a user holding a record granting only ledger.periods.close by a user holding only [identity.users.update, identity.users.read, identity.roles.read] answered 200 (expected 403): {"userId":"01a11af2-9d3b-7c14-8070-d781e251d44e","companyId":null,"companies":[],"version":0}
PUT /api/identity/users/{id:guid}/default-company: aimed at a user holding a record granting only lists.views.share by a user holding only [identity.users.update, identity.users.read, identity.roles.read] answered 200 (expected 403): {"userId":"01a11af2-9e63-76aa-823c-74b8b4eb43fc","companyId":null,"companies":[],"version":0}
PUT /api/identity/users/{id:guid}/default-company: aimed at a user holding a record granting only reports.catalog.read by a user holding only [identity.users.update, identity.users.read, identity.roles.read] answered 200 (expected 403): {"userId":"01a11af2-a006-78f2-82f6-7ecbfc3f6c40","companyId":null,"companies":[],"version":0}
PUT /api/identity/users/{id:guid}/default-company: aimed at a user holding a record granting only tenancy.access.read by a user holding only [identity.users.update, identity.users.read, identity.roles.read] answered 200 (expected 403): {"userId":"01a11af2-a270-708f-baf4-7ba64c67e5ac","companyId":null,"companies":[],"version":0}
PUT /api/identity/users/{id:guid}/default-company: aimed at a user holding a record granting only tenancy.access.update by a user holding only [identity.users.update, identity.users.read, identity.roles.read] answered 200 (expected 403): {"userId":"01a11af2-a4ae-7533-85d8-4551e92fd9e6","companyId":null,"companies":[],"version":0}
PUT /api/identity/users/{id:guid}/default-company: aimed at a user holding a record granting only tenancy.branches.create by a user holding only [identity.users.update, identity.users.read, identity.roles.read] answered 200 (expected 403): {"userId":"01a11af2-a6f1-79e5-ac12-48a2f6e0cfae","companyId":null,"companies":[],"version":0}
PUT /api/identity/users/{id:guid}/default-company: aimed at a user holding a record granting only tenancy.branches.read by a user holding only [identity.users.update, identity.users.read, identity.roles.read] answered 200 (expected 403): {"userId":"01a11af2-a8ee-784c-b5c1-b0a6c25aed73","companyId":null,"companies":[],"version":0}
PUT /api/identity/users/{id:guid}/default-company: aimed at a user holding a record granting only tenancy.branches.update by a user holding only [identity.users.update, identity.users.read, identity.roles.read] answered 200 (expected 403): {"userId":"01a11af2-ab1f-7e05-a229-43f64fef50eb","companyId":null,"companies":[],"version":0}
PUT /api/identity/users/{id:guid}/default-company: aimed at a user holding a record granting only tenancy.companies.create by a user holding only [identity.users.update, identity.users.read, identity.roles.read] answered 200 (expected 403): {"userId":"01a11af2-acc2-7a73-a692-c6a9a75376a2","companyId":null,"companies":[],"version":0}
PUT /api/identity/users/{id:guid}/default-company: aimed at a user holding a record granting only tenancy.companies.read by a user holding only [identity.users.update, identity.users.read, identity.roles.read] answered 200 (expected 403): {"userId":"01a11af2-af5c-79ec-b88e-914c9a175859","companyId":null,"companies":[],"version":0}
PUT /api/identity/users/{id:guid}/default-company: aimed at a user holding a record granting only tenancy.companies.update by a user holding only [identity.users.update, identity.users.read, identity.roles.read] answered 200 (expected 403): {"userId":"01a11af2-b1ab-74ed-81dc-f68bb1d9932b","companyId":null,"companies":[],"version":0}
PUT /api/identity/users/{id:guid}/default-company: aimed at a user holding a record granting only tenancy.tenant.read by a user holding only [identity.users.update, identity.users.read, identity.roles.read] answered 200 (expected 403): {"userId":"01a11af2-b442-7c97-934b-c2242f545775","companyId":null,"companies":[],"version":0}
PUT /api/identity/users/{id:guid}/default-company: aimed at a user holding a record granting only tenancy.tenant.update by a user holding only [identity.users.update, identity.users.read, identity.roles.read] answered 200 (expected 403): {"userId":"01a11af2-b5d9-75bf-a9a2-083f96213d6a","companyId":null,"companies":[],"version":0}
PUT /api/identity/users/{id:guid}/default-company: aimed at a user holding a record granting only tenancy.workplace.read by a user holding only [identity.users.update, identity.users.read, identity.roles.read] answered 200 (expected 403): {"userId":"01a11af2-b827-7aed-a766-84a27c1f1253","companyId":null,"companies":[],"version":0}
PUT /api/identity/users/{id:guid}/default-company: aimed at a user holding a record granting only tenancy.workplace.switch by a user holding only [identity.users.update, identity.users.read, identity.roles.read] answered 200 (expected 403): {"userId":"01a11af2-ba14-78cc-9c94-d83bf8b24302","companyId":null,"companies":[],"version":0}
PUT /api/identity/users/{id:guid}/default-company: aimed at a user holding a record granting every identity permission the caller lacks (none the caller holds) by a user holding only [identity.users.update, identity.users.read, identity.roles.read] answered 200 (expected 403): {"userId":"01a11af2-fd6a-7158-b4df-0ecd4995b1f6","companyId":null,"companies":[],"version":0}
PUT /api/identity/users/{id:guid}/default-company: aimed at a user holding a record granting the caller's own permissions plus identity.profile.update by a user holding only [identity.users.update, identity.users.read, identity.roles.read] answered 200 (expected 403): {"userId":"01a11af2-ffd8-761a-b3a1-09c535dd91d0","companyId":null,"companies":[],"version":0}
PUT /api/identity/users/{id:guid}/default-company: aimed at a user holding a record granting every ledger permission the caller lacks (none the caller holds) by a user holding only [identity.users.update, identity.users.read, identity.roles.read] answered 200 (expected 403): {"userId":"01a11af2-c459-7c7c-a8e7-0072c4f93c7c","companyId":null,"companies":[],"version":0}
PUT /api/identity/users/{id:guid}/default-company: aimed at a user holding a record granting the caller's own permissions plus ledger.entries.post by a user holding only [identity.users.update, identity.users.read, identity.roles.read] answered 200 (expected 403): {"userId":"01a11af3-02f5-71b9-bee3-bb7aafd8e077","companyId":null,"companies":[],"version":0}
PUT /api/identity/users/{id:guid}/default-company: aimed at a user holding a record granting the caller's own permissions plus lists.views.share by a user holding only [identity.users.update, identity.users.read, identity.roles.read] answered 200 (expected 403): {"userId":"01a11af3-0545-7165-aa8d-afcfd0755830","companyId":null,"companies":[],"version":0}
PUT /api/identity/users/{id:guid}/default-company: aimed at a user holding a record granting the caller's own permissions plus reports.catalog.read by a user holding only [identity.users.update, identity.users.read, identity.roles.read] answered 200 (expected 403): {"userId":"01a11af3-0741-7b7e-9ae1-b0a7e4e6b727","companyId":null,"companies":[],"version":0}
PUT /api/identity/users/{id:guid}/default-company: aimed at a user holding a record granting every tenancy permission the caller lacks (none the caller holds) by a user holding only [identity.users.update, identity.users.read, identity.roles.read] answered 200 (expected 403): {"userId":"01a11af2-cfcb-7b90-a8a5-0e28d5657495","companyId":null,"companies":[],"version":0}
PUT /api/identity/users/{id:guid}/default-company: aimed at a user holding a record granting the caller's own permissions plus tenancy.access.read by a user holding only [identity.users.update, identity.users.read, identity.roles.read] answered 200 (expected 403): {"userId":"01a11af3-09dc-74c5-ae9d-6885fe979434","companyId":null,"companies":[],"version":0}
PUT /api/identity/users/{id:guid}/default-company [companyId changed]: aimed at the Administrator by a user holding only [identity.users.update, identity.users.read, identity.roles.read] answered 200 (expected 403): {"userId":"01a11af0-4838-7d54-8f57-74b65578d637","companyId":"0191260e-f484-7677-98a3-fb83005b0da2","companies":[{"id":"0191260e-f481-72af-a65a-a7002e9e4b62","code":"A1-CO","legalNameEn":"Alpha Trading","legalNameAr":"التجارة"},{"id":"0191260e-f484-7677-98a3-fb83005b0da2","code":"A2-CO","legalNameEn…
PUT /api/identity/users/{id:guid}/default-company [companyId changed]: the record of the Administrator changed: before 200 {"id":"01a11af0-4838-7d54-8f57-74b65578d637","email":"admin@alpha.example","displayName":"Mariam Al Mansoori","language":"en","isActive":true,"roleIds":["01a11af0-47a0-7753-8bca-390ab14967fe"],"lastSignInAt":"2026-10-08T09:59:10.955831+00:00","createdAt":"2026-10-08T09:55:17.176937+00:00","versi…; after 200 {"id":"01a11af0-4838-7d54-8f57-74b65578d637","email":"admin@alpha.example","displayName":"Mariam Al Mansoori","language":"en","isActive":true,"roleIds":["01a11af0-47a0-7753-8bca-390ab14967fe"],"lastSignInAt":"2026-10-08T09:59:10.955831+00:00","createdAt":"2026-10-08T09:55:17.176937+00:00","versi…
PUT /api/identity/users/{id:guid}/default-company [companyId changed]: aimed at a user holding a record granting every identity permission the caller lacks (none the caller holds) by a user holding only [identity.users.update, identity.users.read, identity.roles.read] answered 400 (expected 403): {"type":"urn:erp:problem:validation","title":"Some fields need attention.","status":400,"code":"validation","traceId":"00-4197237e36abf7d985f14a0cddf19ae5-c79c0066451aec8c-00","errors":{"companyId":[{"code":"identityNotTheirCompany","message":"This user does not work in that company."}]}}
PUT /api/identity/users/{id:guid}/default-company [companyId changed]: aimed at a user holding a record granting every ledger permission the caller lacks (none the caller holds) by a user holding only [identity.users.update, identity.users.read, identity.roles.read] answered 400 (expected 403): {"type":"urn:erp:problem:validation","title":"Some fields need attention.","status":400,"code":"validation","traceId":"00-0cf6e83591344ddcb076436f59d5eca2-6b8f97151ca88a97-00","errors":{"companyId":[{"code":"identityNotTheirCompany","message":"This user does not work in that company."}]}}
PUT /api/identity/users/{id:guid}/default-company [companyId changed]: aimed at a user holding a record granting only lists.views.share by a user holding only [identity.users.update, identity.users.read, identity.roles.read] answered 400 (expected 403): {"type":"urn:erp:problem:validation","title":"Some fields need attention.","status":400,"code":"validation","traceId":"00-2d1363d3238854c781bff1bc15810c28-99bdd0b2f91a6f67-00","errors":{"companyId":[{"code":"identityNotTheirCompany","message":"This user does not work in that company."}]}}
PUT /api/identity/users/{id:guid}/default-company [companyId changed]: aimed at a user holding a record granting only reports.catalog.read by a user holding only [identity.users.update, identity.users.read, identity.roles.read] answered 400 (expected 403): {"type":"urn:erp:problem:validation","title":"Some fields need attention.","status":400,"code":"validation","traceId":"00-85a12a8e387f3d2040e5d10d07c582bd-00570d2224568962-00","errors":{"companyId":[{"code":"identityNotTheirCompany","message":"This user does not work in that company."}]}}
PUT /api/identity/users/{id:guid}/default-company [companyId changed]: aimed at a user holding a record granting every tenancy permission the caller lacks (none the caller holds) by a user holding only [identity.users.update, identity.users.read, identity.roles.read] answered 400 (expected 403): {"type":"urn:erp:problem:validation","title":"Some fields need attention.","status":400,"code":"validation","traceId":"00-f547238b08829c0b963893010edb2210-78433d6971de9bfa-00","errors":{"companyId":[{"code":"identityNotTheirCompany","message":"This user does not work in that company."}]}}
PUT /api/identity/users/{id:guid}/default-company [companyId left out]: aimed at the Administrator by a user holding only [identity.users.update, identity.users.read, identity.roles.read] answered 200 (expected 403): {"userId":"01a11af0-4838-7d54-8f57-74b65578d637","companyId":null,"companies":[{"id":"0191260e-f481-72af-a65a-a7002e9e4b62","code":"A1-CO","legalNameEn":"Alpha Trading","legalNameAr":"التجارة"},{"id":"0191260e-f484-7677-98a3-fb83005b0da2","code":"A2-CO","legalNameEn":"Alpha Steel Industries","legalN…
PUT /api/identity/users/{id:guid}/default-company [companyId left out]: the record of the Administrator changed: before 200 {"id":"01a11af0-4838-7d54-8f57-74b65578d637","email":"admin@alpha.example","displayName":"Mariam Al Mansoori","language":"en","isActive":true,"roleIds":["01a11af0-47a0-7753-8bca-390ab14967fe"],"lastSignInAt":"2026-10-08T09:59:10.955831+00:00","createdAt":"2026-10-08T09:55:17.176937+00:00","versi…; after 200 {"id":"01a11af0-4838-7d54-8f57-74b65578d637","email":"admin@alpha.example","displayName":"Mariam Al Mansoori","language":"en","isActive":true,"roleIds":["01a11af0-47a0-7753-8bca-390ab14967fe"],"lastSignInAt":"2026-10-08T09:59:10.955831+00:00","createdAt":"2026-10-08T09:55:17.176937+00:00","versi…
PUT /api/identity/users/{id:guid}/default-company [companyId left out]: aimed at a user holding a record granting every identity permission the caller lacks (none the caller holds) by a user holding only [identity.users.update, identity.users.read, identity.roles.read] answered 200 (expected 403): {"userId":"01a11af2-fd6a-7158-b4df-0ecd4995b1f6","companyId":null,"companies":[],"version":0}
PUT /api/identity/users/{id:guid}/default-company [companyId left out]: aimed at a user holding a record granting every ledger permission the caller lacks (none the caller holds) by a user holding only [identity.users.update, identity.users.read, identity.roles.read] answered 200 (expected 403): {"userId":"01a11af2-c459-7c7c-a8e7-0072c4f93c7c","companyId":null,"companies":[],"version":0}
PUT /api/identity/users/{id:guid}/default-company [companyId left out]: aimed at a user holding a record granting only lists.views.share by a user holding only [identity.users.update, identity.users.read, identity.roles.read] answered 200 (expected 403): {"userId":"01a11af2-9e63-76aa-823c-74b8b4eb43fc","companyId":null,"companies":[],"version":0}
PUT /api/identity/users/{id:guid}/default-company [companyId left out]: aimed at a user holding a record granting only reports.catalog.read by a user holding only [identity.users.update, identity.users.read, identity.roles.read] answered 200 (expected 403): {"userId":"01a11af2-a006-78f2-82f6-7ecbfc3f6c40","companyId":null,"companies":[],"version":0}
PUT /api/identity/users/{id:guid}/default-company [companyId left out]: aimed at a user holding a record granting every tenancy permission the caller lacks (none the caller holds) by a user holding only [identity.users.update, identity.users.read, identity.roles.read] answered 200 (expected 403): {"userId":"01a11af2-cfcb-7b90-a8a5-0e28d5657495","companyId":null,"companies":[],"version":0}
  Stack Trace:
     at Erp.Gates.Tests.G2.G2AccountTakeoverTests.Acting_on_a_user_needs_every_permission_that_user_holds() in /work/tests/Erp.Gates.Tests/G2/G2AccountTakeoverTests.cs:line 197
--- End of stack trace from previous location ---
  Standard Output Messages:
 6 endpoints acting on users, 20 single-field requests aimed at the Administrator, 198 requests aimed at users holding grants the caller lacks, 100 single-field requests aimed at them


  Passed Erp.Gates.Tests.G2.G2AccountTakeoverTests.Creating_from_a_role_cannot_grant_more_than_the_caller_holds [3 s]
  Passed Erp.Gates.Tests.G2.G2ReportDataTests.The_report_catalogue_lists_only_what_the_caller_may_run_and_see [6 s]
  Passed Erp.Gates.Tests.G2.G2CompanyRoleTests.A_permission_held_in_one_company_is_denied_while_working_in_another [28 s]
[xUnit.net 00:05:51.55]     Erp.Gates.Tests.G2.G2CompanyRoleTests.An_administrator_of_one_company_grants_and_acts_only_within_it [FAIL]
[xUnit.net 00:05:51.55]       an administrator of X only creating a role (roles hold in every company): answered 201 (expected 403): {"id":"01a11af5-309b-7b1c-b150-cc3f26bdefa1","nameEn":"X admin made","nameAr":"صنعه مدير س","permissions":["identity.users.read"],"isSystem":false,"userCount":0,"version":6448}
[xUnit.net 00:05:51.55]       an administrator of X only giving the Administrator role in Y: answered 200 (expected 403): {"id":"01a11af5-2c41-762b-9be9-f598041a9d7e","email":"g2.xplain@alpha.example","displayName":"g2.xplain","language":"en","isActive":true,"roleIds":[],"lastSignInAt":null,"createdAt":"2026-10-08T10:00:37.846665+00:00","version":6450,"pendingSetup":false,"displayNameAr":null,"companyRoles":[{"roleId":
[xUnit.net 00:05:51.55]       an administrator of X only giving a reader role in Y: answered 200 (expected 403): {"id":"01a11af5-2c41-762b-9be9-f598041a9d7e","email":"g2.xplain@alpha.example","displayName":"g2.xplain","language":"en","isActive":true,"roleIds":[],"lastSignInAt":null,"createdAt":"2026-10-08T10:00:37.846665+00:00","version":6451,"pendingSetup":false,"displayNameAr":null,"companyRoles":[{"roleId":
[xUnit.net 00:05:51.55]       an administrator of X only giving a reader role in every company: answered 200 (expected 403): {"id":"01a11af5-2c41-762b-9be9-f598041a9d7e","email":"g2.xplain@alpha.example","displayName":"g2.xplain","language":"en","isActive":true,"roleIds":["01a11af5-2a25-7eac-91c4-de6fd86918ec"],"lastSignInAt":null,"createdAt":"2026-10-08T10:00:37.846665+00:00","version":6452,"pendingSetup":false,"displayN
[xUnit.net 00:05:51.55]       an administrator of X only giving the Administrator role in every company: answered 200 (expected 403): {"id":"01a11af5-2c41-762b-9be9-f598041a9d7e","email":"g2.xplain@alpha.example","displayName":"g2.xplain","language":"en","isActive":true,"roleIds":["01a11af0-133c-74ff-a799-27fd5797e382"],"lastSignInAt":null,"createdAt":"2026-10-08T10:00:37.846665+00:00","version":6454,"pendingSetup":false,"displayN
[xUnit.net 00:05:51.55]       an administrator of X resetting the password of someone holding a role in Y: answered 200 (expected 403): {"mustChangePassword":false,"sessionsEnded":0}
[xUnit.net 00:05:51.55]       an administrator of X renaming someone holding a role in Y: answered 200 (expected 403): {"id":"01a11af5-2d61-7828-9ba4-b7c7b74625e8","email":"g2.xheldy@alpha.example","displayName":"Taken over","language":"en","isActive":true,"roleIds":[],"lastSignInAt":null,"createdAt":"2026-10-08T10:00:38.140388+00:00","version":6460,"pendingSetup":false,"displayNameAr":null,"companyRoles":[{"roleId"
[xUnit.net 00:05:51.55]       an administrator of X resetting the password of someone holding a role in every company: answered 200 (expected 403): {"mustChangePassword":false,"sessionsEnded":0}
[xUnit.net 00:05:51.55]       an administrator of X renaming someone holding a role in every company: answered 200 (expected 403): {"id":"01a11af5-2e54-7184-948e-e7d6d3261c1e","email":"g2.xheldall@alpha.example","displayName":"Taken over","language":"en","isActive":true,"roleIds":["01a11af5-2a25-7eac-91c4-de6fd86918ec"],"lastSignInAt":null,"createdAt":"2026-10-08T10:00:38.376964+00:00","version":6463,"pendingSetup":false,"displ
[xUnit.net 00:05:51.55]       Stack Trace:
[xUnit.net 00:05:51.55]         /work/tests/Erp.Gates.Tests/G2/G2CompanyRoleTests.cs(232,0): at Erp.Gates.Tests.G2.G2CompanyRoleTests.An_administrator_of_one_company_grants_and_acts_only_within_it()
[xUnit.net 00:05:51.55]         --- End of stack trace from previous location ---
[xUnit.net 00:05:51.55]       Output:
[xUnit.net 00:05:51.55]         16 checks
  Failed Erp.Gates.Tests.G2.G2CompanyRoleTests.An_administrator_of_one_company_grants_and_acts_only_within_it [3 s]
  Error Message:
   an administrator of X only creating a role (roles hold in every company): answered 201 (expected 403): {"id":"01a11af5-309b-7b1c-b150-cc3f26bdefa1","nameEn":"X admin made","nameAr":"صنعه مدير س","permissions":["identity.users.read"],"isSystem":false,"userCount":0,"version":6448}
an administrator of X only giving the Administrator role in Y: answered 200 (expected 403): {"id":"01a11af5-2c41-762b-9be9-f598041a9d7e","email":"g2.xplain@alpha.example","displayName":"g2.xplain","language":"en","isActive":true,"roleIds":[],"lastSignInAt":null,"createdAt":"2026-10-08T10:00:37.846665+00:00","version":6450,"pendingSetup":false,"displayNameAr":null,"companyRoles":[{"roleId":
an administrator of X only giving a reader role in Y: answered 200 (expected 403): {"id":"01a11af5-2c41-762b-9be9-f598041a9d7e","email":"g2.xplain@alpha.example","displayName":"g2.xplain","language":"en","isActive":true,"roleIds":[],"lastSignInAt":null,"createdAt":"2026-10-08T10:00:37.846665+00:00","version":6451,"pendingSetup":false,"displayNameAr":null,"companyRoles":[{"roleId":
an administrator of X only giving a reader role in every company: answered 200 (expected 403): {"id":"01a11af5-2c41-762b-9be9-f598041a9d7e","email":"g2.xplain@alpha.example","displayName":"g2.xplain","language":"en","isActive":true,"roleIds":["01a11af5-2a25-7eac-91c4-de6fd86918ec"],"lastSignInAt":null,"createdAt":"2026-10-08T10:00:37.846665+00:00","version":6452,"pendingSetup":false,"displayN
an administrator of X only giving the Administrator role in every company: answered 200 (expected 403): {"id":"01a11af5-2c41-762b-9be9-f598041a9d7e","email":"g2.xplain@alpha.example","displayName":"g2.xplain","language":"en","isActive":true,"roleIds":["01a11af0-133c-74ff-a799-27fd5797e382"],"lastSignInAt":null,"createdAt":"2026-10-08T10:00:37.846665+00:00","version":6454,"pendingSetup":false,"displayN
an administrator of X resetting the password of someone holding a role in Y: answered 200 (expected 403): {"mustChangePassword":false,"sessionsEnded":0}
an administrator of X renaming someone holding a role in Y: answered 200 (expected 403): {"id":"01a11af5-2d61-7828-9ba4-b7c7b74625e8","email":"g2.xheldy@alpha.example","displayName":"Taken over","language":"en","isActive":true,"roleIds":[],"lastSignInAt":null,"createdAt":"2026-10-08T10:00:38.140388+00:00","version":6460,"pendingSetup":false,"displayNameAr":null,"companyRoles":[{"roleId"
an administrator of X resetting the password of someone holding a role in every company: answered 200 (expected 403): {"mustChangePassword":false,"sessionsEnded":0}
an administrator of X renaming someone holding a role in every company: answered 200 (expected 403): {"id":"01a11af5-2e54-7184-948e-e7d6d3261c1e","email":"g2.xheldall@alpha.example","displayName":"Taken over","language":"en","isActive":true,"roleIds":["01a11af5-2a25-7eac-91c4-de6fd86918ec"],"lastSignInAt":null,"createdAt":"2026-10-08T10:00:38.376964+00:00","version":6463,"pendingSetup":false,"displ
  Stack Trace:
     at Erp.Gates.Tests.G2.G2CompanyRoleTests.An_administrator_of_one_company_grants_and_acts_only_within_it() in /work/tests/Erp.Gates.Tests/G2/G2CompanyRoleTests.cs:line 232
--- End of stack trace from previous location ---
  Standard Output Messages:
 16 checks


  Passed Erp.Gates.Tests.Rules.AuditGateTests.Every_tenant_table_carries_the_audit_trigger_unless_reviewed_exempt [95 ms]
  Passed Erp.Gates.Tests.Rules.AuditGateTests.Changing_ones_own_interface_preferences_is_audited_field_by_field [1 s]
  Passed Erp.Gates.Tests.Rules.AuditGateTests.Writes_through_the_API_leave_field_level_audit_rows_attributed_to_the_user [470 ms]
  Passed Erp.Gates.Tests.Rules.AuditGateTests.Writes_that_bypass_the_ORM_are_audited_too [63 ms]
  Passed Erp.Gates.Tests.Rules.AuditGateTests.Passwords_are_redacted_in_the_audit_trail [455 ms]
  Passed Erp.Gates.Tests.Rules.BulkTimeoutGateTests.Only_the_seed_runner_and_the_platform_build_the_application_pools [51 ms]
  Passed Erp.Gates.Tests.Rules.BulkTimeoutGateTests.Bulk_code_never_sets_a_literal_command_timeout_or_opens_its_own_connection [20 ms]
  Passed Erp.Gates.Tests.Rules.BulkTimeoutGateTests.The_seed_runner_puts_every_tenant_seed_on_the_bulk_pool [< 1 ms]
  Passed Erp.Gates.Tests.Rules.LicenceGateTests.The_font_check_catches_an_unreviewed_font_changed_bytes_and_a_missing_licence [8 ms]
  Passed Erp.Gates.Tests.Rules.LicenceGateTests.Every_NuGet_package_has_an_allowed_licence [57 ms]
  Passed Erp.Gates.Tests.Rules.LicenceGateTests.Every_font_file_in_the_repository_is_reviewed_with_its_licence_beside_it [31 ms]
  Passed Erp.Gates.Tests.Rules.LicenceGateTests.Every_npm_package_has_an_allowed_licence [44 ms]
  Passed Erp.Gates.Tests.Rules.ListContractGateTests.Every_sortable_column_orders_its_list_both_ways_and_keyset_paging_matches_one_page [3 s]
  Passed Erp.Gates.Tests.Rules.ListContractGateTests.Every_filterable_column_filters_its_list_and_other_columns_are_refused [4 s]
  Passed Erp.Gates.Tests.Rules.ListContractGateTests.Every_registered_list_documents_the_list_query_contract_and_its_definition [474 ms]
  Passed Erp.Gates.Tests.Rules.ListContractGateTests.Every_search_field_is_searched_word_by_word_and_grouping_counts_every_row_once [2 s]
  Passed Erp.Gates.Tests.Rules.ListIndexGateTests.Search_fields_and_sortable_columns_of_database_lists_are_indexed [188 ms]
  Passed Erp.Gates.Tests.Rules.ModuleBoundaryGateTests.Modules_use_one_another_only_through_their_contracts [29 ms]
  Passed Erp.Gates.Tests.Rules.ModuleBoundaryGateTests.The_boundary_check_catches_a_module_reaching_into_another_one [25 ms]
  Passed Erp.Gates.Tests.Rules.MoneyGateTests.No_floating_point_or_money_columns_in_the_database [23 ms]
  Passed Erp.Gates.Tests.Rules.MoneyGateTests.No_float_or_double_in_server_code [26 ms]
  Passed Erp.Gates.Tests.Rules.MoneyGateTests.No_parseFloat_in_front_end_code [41 ms]
  Passed Erp.Gates.Tests.Rules.OpenApiGateTests.OpenApi_document_covers_every_endpoint_with_its_permission [17 ms]
  Passed Erp.Gates.Tests.Rules.OpenApiGateTests.Decimals_are_documented_as_strings [74 ms]
  Passed Erp.Gates.Tests.Rules.RegistrationGateTests.Every_registered_list_is_served_as_a_page_whose_rows_carry_its_columns [7 ms]
  Passed Erp.Gates.Tests.Rules.RegistrationGateTests.Navigation_reaches_every_screen_and_every_menu_entry_opens_a_screen_with_its_permission [6 ms]
  Passed Erp.Gates.Tests.G2.G2SubjectTests.An_action_on_the_caller_never_acts_on_another_user_the_request_names [45 s]
  Passed Erp.Gates.Tests.Rules.ShellGateTests.Screens_format_numbers_amounts_and_dates_through_the_kernel_formatter [34 ms]
  Passed Erp.Gates.Tests.Rules.ShellGateTests.Language_and_digit_fields_document_their_allowed_values [7 ms]
  Passed Erp.Gates.Tests.G2.G2ReportDataTests.Every_report_prints_only_data_its_permissions_show_elsewhere [42 s]
  Passed Erp.Gates.Tests.Rules.ShellGateTests.Stylesheets_and_inline_styles_use_logical_directions_only [263 ms]
  Passed Erp.Gates.Tests.Rules.ShellGateTests.Every_navigation_group_has_an_English_and_Arabic_heading [3 ms]
  Passed Erp.Gates.Tests.Rules.StringGateTests.Every_problem_and_validation_code_in_server_code_has_text [17 ms]
  Passed Erp.Gates.Tests.Rules.StringGateTests.Server_string_files_have_matching_English_and_Arabic_keys [26 ms]
  Passed Erp.Gates.Tests.Rules.StringGateTests.Web_string_files_have_matching_English_and_Arabic_keys [6 ms]
  Passed Erp.Gates.Tests.Rules.StringGateTests.Every_permission_module_and_menu_entry_has_labels [11 ms]
  Passed Erp.Gates.Tests.Rules.StringGateTests.Count_messages_use_plural_forms [7 ms]
  Passed Erp.Gates.Tests.Rules.ReportGateTests.Every_report_and_printable_list_renders_in_every_format_and_both_languages [4 s]
  Passed Erp.Gates.Tests.Rules.ReportGateTests.Every_list_is_printable_and_every_report_is_well_formed [5 ms]
  Passed Erp.Gates.Tests.G1.G1CredentialTests.The_function_owner_writes_only_where_reviewed [193 ms]
  Passed Erp.Gates.Tests.G1.G1CredentialTests.The_sign_in_lookup_reveals_no_hash_and_no_account_before_the_password_is_proven [202 ms]
  Passed Erp.Gates.Tests.G1.G1CredentialTests.The_application_role_can_read_no_stored_credential [130 ms]
  Passed Erp.Gates.Tests.G1.G1CredentialTests.No_reviewed_function_returns_a_credential_column_or_a_whole_row [24 ms]
  Passed Erp.Gates.Tests.SelfTests.ResponseTextSelfTests.Only_a_recent_instant_and_a_short_dated_text_are_scrubbed_as_the_print_stamp [1 ms]
  Passed Erp.Gates.Tests.SelfTests.ResponseTextSelfTests.A_compressed_pdf_and_a_zipped_workbook_are_read_for_their_text [77 ms]
  Passed Erp.Gates.Tests.SelfTests.ResponseTextSelfTests.Right_to_left_runs_are_also_given_in_logical_order [< 1 ms]
  Passed Erp.Gates.Tests.G1.G1DatabaseIsolationTests.Every_table_is_tenant_owned_or_a_reviewed_platform_table [15 ms]
  Passed Erp.Gates.Tests.G1.G1DatabaseIsolationTests.A_tenant_set_for_the_whole_connection_or_left_by_an_earlier_transaction_is_ignored [10 ms]
  Passed Erp.Gates.Tests.G1.G1DatabaseIsolationTests.Application_role_sees_and_changes_only_its_own_tenant_in_every_tenant_table [892 ms]
  Passed Erp.Gates.Tests.G1.G1DatabaseIsolationTests.Foreign_keys_between_tenant_tables_include_the_tenant [12 ms]
  Passed Erp.Gates.Tests.G1.G1DatabaseIsolationTests.Tenant_tables_have_an_id_primary_key [32 ms]
  Passed Erp.Gates.Tests.G1.G1DatabaseIsolationTests.Tenant_tables_enforce_row_level_security_with_the_standard_policy [216 ms]
  Passed Erp.Gates.Tests.G1.G1DatabaseIsolationTests.Security_definer_functions_are_exactly_the_reviewed_ones [9 ms]
  Passed Erp.Gates.Tests.G1.G1DatabaseIsolationTests.Leakproof_functions_are_postgres_defaults_or_reviewed [38 ms]
  Passed Erp.Gates.Tests.G1.G1DatabaseIsolationTests.Audit_trail_is_append_only_for_the_application [11 ms]
  Passed Erp.Gates.Tests.G1.G1DatabaseIsolationTests.Application_role_cannot_bypass_row_level_security_or_become_a_role_that_can [63 ms]
  Passed Erp.Gates.Tests.SelfTests.GateSelfTests.The_database_check_catches_a_unique_index_across_tenants [160 ms]
  Passed Erp.Gates.Tests.SelfTests.GateSelfTests.The_subject_check_catches_me_endpoints_that_act_on_the_user_a_request_names [5 s]
  Passed Erp.Gates.Tests.SelfTests.GateSelfTests.The_company_grant_check_catches_access_given_without_checking_the_caller_or_the_user [14 s]
  Passed Erp.Gates.Tests.SelfTests.GateSelfTests.The_database_check_catches_a_table_without_row_level_security [105 ms]
  Passed Erp.Gates.Tests.SelfTests.GateSelfTests.The_reachable_state_walk_says_when_it_stopped_at_its_object_budget [337 ms]
  Passed Erp.Gates.Tests.SelfTests.GateSelfTests.The_report_data_check_catches_a_report_printing_data_its_permission_does_not_grant [51 s]
  Passed Erp.Gates.Tests.SelfTests.GateSelfTests.The_reachable_state_walk_judges_every_field_of_registration_objects [5 ms]
  Passed Erp.Gates.Tests.SelfTests.GateSelfTests.The_grant_escalation_check_catches_grant_checks_that_compare_only_identity_permissions [35 s]
  Passed Erp.Gates.Tests.SelfTests.GateSelfTests.The_process_state_check_catches_a_static_cache_and_a_stateful_singleton [314 ms]
[xUnit.net 00:09:38.61]     Erp.Gates.Tests.SelfTests.GateSelfTests.The_grant_bearing_record_check_catches_access_checks_that_compare_only_identity_permissions [FAIL]
[xUnit.net 00:09:38.61]       Assert.DoesNotContain() Failure: Filter matched in collection
[xUnit.net 00:09:38.61]                    ↓ (pos 0)
[xUnit.net 00:09:38.61]       Collection: ["PUT /api/identity/users/{id:guid}/default-company:"···, "PUT /api/identity/users/{id:guid}/default-company:"···, "PUT /api/identity/users/{id:guid}/default-company:"···, "PUT /api/identity/users/{id:guid}/default-company:"···, "PUT /api/identity/users/{id:guid}/default-company:"···, ···]
[xUnit.net 00:09:38.61]       Stack Trace:
[xUnit.net 00:09:38.61]         /work/tests/Erp.Gates.Tests/SelfTests/GateSelfTests.cs(428,0): at Erp.Gates.Tests.SelfTests.GateSelfTests.The_grant_bearing_record_check_catches_access_checks_that_compare_only_identity_permissions()
[xUnit.net 00:09:38.61]         --- End of stack trace from previous location ---
  Failed Erp.Gates.Tests.SelfTests.GateSelfTests.The_grant_bearing_record_check_catches_access_checks_that_compare_only_identity_permissions [1 m 23 s]
  Error Message:
   Assert.DoesNotContain() Failure: Filter matched in collection
             ↓ (pos 0)
Collection: ["PUT /api/identity/users/{id:guid}/default-company:"···, "PUT /api/identity/users/{id:guid}/default-company:"···, "PUT /api/identity/users/{id:guid}/default-company:"···, "PUT /api/identity/users/{id:guid}/default-company:"···, "PUT /api/identity/users/{id:guid}/default-company:"···, ···]
  Stack Trace:
     at Erp.Gates.Tests.SelfTests.GateSelfTests.The_grant_bearing_record_check_catches_access_checks_that_compare_only_identity_permissions() in /work/tests/Erp.Gates.Tests/SelfTests/GateSelfTests.cs:line 428
--- End of stack trace from previous location ---
[xUnit.net 00:09:38.70]     Erp.Gates.Tests.SelfTests.GateSelfTests.The_grant_bearing_record_check_catches_a_role_delete_without_the_grant_check [FAIL]
[xUnit.net 00:09:38.70]       Assert.DoesNotContain() Failure: Filter matched in collection
[xUnit.net 00:09:38.70]                    ↓ (pos 0)
[xUnit.net 00:09:38.70]       Collection: ["PUT /api/identity/users/{id:guid}/default-company:"···, "PUT /api/identity/users/{id:guid}/default-company:"···, "PUT /api/identity/users/{id:guid}/default-company:"···, "PUT /api/identity/users/{id:guid}/default-company:"···, "PUT /api/identity/users/{id:guid}/default-company:"···, ···]
[xUnit.net 00:09:38.70]       Stack Trace:
[xUnit.net 00:09:38.70]         /work/tests/Erp.Gates.Tests/SelfTests/GateSelfTests.cs(382,0): at Erp.Gates.Tests.SelfTests.GateSelfTests.The_grant_bearing_record_check_catches_a_role_delete_without_the_grant_check()
[xUnit.net 00:09:38.70]         --- End of stack trace from previous location ---
[xUnit.net 00:09:38.70]     Erp.Gates.Tests.SelfTests.GateSelfTests.The_grant_bearing_record_check_catches_an_edit_that_skips_the_access_check_when_only_the_email_changes [FAIL]
[xUnit.net 00:09:38.70]       Assert.DoesNotContain() Failure: Filter matched in collection
[xUnit.net 00:09:38.70]                    ↓ (pos 0)
[xUnit.net 00:09:38.70]       Collection: ["PUT /api/identity/users/{id:guid}/default-company:"···, "PUT /api/identity/users/{id:guid}/default-company:"···, "PUT /api/identity/users/{id:guid}/default-company:"···, "PUT /api/identity/users/{id:guid}/default-company:"···, "PUT /api/identity/users/{id:guid}/default-company:"···, ···]
[xUnit.net 00:09:38.70]       Stack Trace:
[xUnit.net 00:09:38.70]         /work/tests/Erp.Gates.Tests/SelfTests/GateSelfTests.cs(398,0): at Erp.Gates.Tests.SelfTests.GateSelfTests.The_grant_bearing_record_check_catches_an_edit_that_skips_the_access_check_when_only_the_email_changes()
[xUnit.net 00:09:38.70]         --- End of stack trace from previous location ---
  Passed Erp.Gates.Tests.SelfTests.GateSelfTests.The_company_policy_check_catches_a_company_table_without_the_company_scope [86 ms]
  Failed Erp.Gates.Tests.SelfTests.GateSelfTests.The_grant_bearing_record_check_catches_a_role_delete_without_the_grant_check [1 ms]
  Error Message:
   Assert.DoesNotContain() Failure: Filter matched in collection
             ↓ (pos 0)
Collection: ["PUT /api/identity/users/{id:guid}/default-company:"···, "PUT /api/identity/users/{id:guid}/default-company:"···, "PUT /api/identity/users/{id:guid}/default-company:"···, "PUT /api/identity/users/{id:guid}/default-company:"···, "PUT /api/identity/users/{id:guid}/default-company:"···, ···]
  Stack Trace:
     at Erp.Gates.Tests.SelfTests.GateSelfTests.The_grant_bearing_record_check_catches_a_role_delete_without_the_grant_check() in /work/tests/Erp.Gates.Tests/SelfTests/GateSelfTests.cs:line 382
--- End of stack trace from previous location ---
  Failed Erp.Gates.Tests.SelfTests.GateSelfTests.The_grant_bearing_record_check_catches_an_edit_that_skips_the_access_check_when_only_the_email_changes [1 ms]
  Error Message:
   Assert.DoesNotContain() Failure: Filter matched in collection
             ↓ (pos 0)
Collection: ["PUT /api/identity/users/{id:guid}/default-company:"···, "PUT /api/identity/users/{id:guid}/default-company:"···, "PUT /api/identity/users/{id:guid}/default-company:"···, "PUT /api/identity/users/{id:guid}/default-company:"···, "PUT /api/identity/users/{id:guid}/default-company:"···, ···]
  Stack Trace:
     at Erp.Gates.Tests.SelfTests.GateSelfTests.The_grant_bearing_record_check_catches_an_edit_that_skips_the_access_check_when_only_the_email_changes() in /work/tests/Erp.Gates.Tests/SelfTests/GateSelfTests.cs:line 398
--- End of stack trace from previous location ---
  Passed Erp.Gates.Tests.SelfTests.GateSelfTests.The_grant_escalation_check_catches_an_endpoint_that_grants_any_role [< 1 ms]
  Passed Erp.Gates.Tests.SelfTests.GateSelfTests.The_permission_checks_catch_a_write_guarded_by_a_read_permission_and_a_read_that_writes [137 ms]
  Passed Erp.Gates.Tests.SelfTests.WriteOracleSelfTests.The_write_oracle_check_catches_a_create_that_refuses_another_tenants_address [8 s]
  Passed Erp.Gates.Tests.G1.G1NonInterferenceTests.What_tenant_A_is_answered_never_depends_on_what_tenant_B_did [6 m 35 s]
[xUnit.net 00:28:33.88]   Finished:    Erp.Gates.Tests (ID = 'd67f9af34c5c91feae69a31c7ab81956a411c8cd54ea4942d23c1fd06e059e25')
  Passed Erp.Gates.Tests.G1.G1HttpIsolationTests.Tenant_A_cannot_reach_tenant_B_through_any_endpoint [28 m 5 s]

Test Run Failed.
Total tests: 130
     Passed: 124
     Failed: 6
 Total time: 28.5998 Minutes
gates rc=1
