Test run for /work/tests/Erp.Modules.Identity.Tests/bin/Release/net10.0/Erp.Modules.Identity.Tests.dll (.NETCoreApp,Version=v10.0)
A total of 1 test files matched the specified pattern.
[xUnit.net 00:00:00.00] xUnit.net VSTest Adapter v3.1.5+1b188a7b0a (64-bit .NET 10.0.12)
[xUnit.net 00:00:00.21]   Discovering: Erp.Modules.Identity.Tests
[xUnit.net 00:00:00.51]   Discovered:  Erp.Modules.Identity.Tests
[xUnit.net 00:00:00.74]   Starting:    Erp.Modules.Identity.Tests
  Passed Erp.Modules.Identity.Tests.SharedDatasetSeedTests.Demo_seed_loads_the_shared_dataset_users_into_the_main_tenant [11 s]
  Passed Erp.Modules.Identity.Tests.SharedDatasetSeedTests.The_dataset_says_which_users_are_active_and_a_file_without_the_column_loads_all_active [7 ms]
  Passed Erp.Modules.Identity.Tests.RateLimitTests.Sign_in_attempts_beyond_the_limit_get_429_with_a_localized_problem [807 ms]
  Passed Erp.Modules.Identity.Tests.UsersListTests.Bad_queries_are_refused_naming_the_parameter(parameter: "filter", value: "isActive eq 'yes'", code: "list.valueBoolean") [725 ms]
  Passed Erp.Modules.Identity.Tests.UsersListTests.Bad_queries_are_refused_naming_the_parameter(parameter: "filter", value: "language eq 'ar", code: "list.filterSyntax") [176 ms]
  Passed Erp.Modules.Identity.Tests.UsersListTests.Bad_queries_are_refused_naming_the_parameter(parameter: "filter", value: "language eq", code: "list.filterSyntax") [160 ms]
  Passed Erp.Modules.Identity.Tests.UsersListTests.Bad_queries_are_refused_naming_the_parameter(parameter: "filter", value: "(language eq 'ar'", code: "list.filterSyntax") [142 ms]
  Passed Erp.Modules.Identity.Tests.UsersListTests.Bad_queries_are_refused_naming_the_parameter(parameter: "after", value: "not-a-cursor", code: "list.invalidCursor") [155 ms]
  Passed Erp.Modules.Identity.Tests.UsersListTests.Bad_queries_are_refused_naming_the_parameter(parameter: "filter", value: "displayName eq 5", code: "list.valueText") [152 ms]
  Passed Erp.Modules.Identity.Tests.UsersListTests.Bad_queries_are_refused_naming_the_parameter(parameter: "filter", value: "createdAt ge 'yesterday'", code: "list.valueDateTime") [154 ms]
  Passed Erp.Modules.Identity.Tests.UsersListTests.Bad_queries_are_refused_naming_the_parameter(parameter: "filter", value: "isActive gt true", code: "list.operatorNotAllowed") [146 ms]
  Passed Erp.Modules.Identity.Tests.UsersListTests.Bad_queries_are_refused_naming_the_parameter(parameter: "filter", value: "language eq 'ar' and", code: "list.filterSyntax") [148 ms]
  Passed Erp.Modules.Identity.Tests.UsersListTests.Bad_queries_are_refused_naming_the_parameter(parameter: "groupBy", value: "nosuch", code: "list.unknownColumn") [147 ms]
  Passed Erp.Modules.Identity.Tests.UsersListTests.Bad_queries_are_refused_naming_the_parameter(parameter: "filter", value: "language = 'ar'", code: "list.filterSyntax") [154 ms]
  Passed Erp.Modules.Identity.Tests.UsersListTests.Bad_queries_are_refused_naming_the_parameter(parameter: "groupBy", value: "displayName", code: "list.notGroupable") [161 ms]
  Passed Erp.Modules.Identity.Tests.UsersListTests.Bad_queries_are_refused_naming_the_parameter(parameter: "filter", value: "language eq 'fr'", code: "list.valueChoice") [152 ms]
  Passed Erp.Modules.Identity.Tests.UsersListTests.Bad_queries_are_refused_naming_the_parameter(parameter: "sort", value: "display name", code: "list.sortSyntax") [153 ms]
  Passed Erp.Modules.Identity.Tests.ModulePermissionsTests.A_role_that_may_only_view_and_create_contacts_works_end_to_end [1 s]
  Passed Erp.Modules.Identity.Tests.UsersListTests.Bad_queries_are_refused_naming_the_parameter(parameter: "filter", value: "language gt 'ar'", code: "list.operatorNotAllowed") [161 ms]
  Passed Erp.Modules.Identity.Tests.UsersListTests.Bad_queries_are_refused_naming_the_parameter(parameter: "sort", value: "nosuch", code: "list.unknownColumn") [145 ms]
  Passed Erp.Modules.Identity.Tests.UsersListTests.Bad_queries_are_refused_naming_the_parameter(parameter: "sort", value: "language", code: "list.notSortable") [151 ms]
  Passed Erp.Modules.Identity.Tests.UsersListTests.Bad_queries_are_refused_naming_the_parameter(parameter: "filter", value: "nosuch eq 'x'", code: "list.unknownColumn") [145 ms]
  Passed Erp.Modules.Identity.Tests.UsersListTests.Bad_queries_are_refused_naming_the_parameter(parameter: "sort", value: "displayName,displayName", code: "list.sortSyntax") [141 ms]
  Passed Erp.Modules.Identity.Tests.CompanyRolesTests.Roles_in_one_company_are_created_shown_changed_and_explained [1 s]
  Passed Erp.Modules.Identity.Tests.CompanyRolesTests.Invalid_company_roles_are_refused_with_field_errors [288 ms]
  Passed Erp.Modules.Identity.Tests.PlatformHttpTests.Server_errors_reveal_nothing_but_a_trace_id [375 ms]
  Passed Erp.Modules.Identity.Tests.PlatformHttpTests.Unknown_api_paths_answer_404_problems_not_the_app_shell [5 ms]
  Passed Erp.Modules.Identity.Tests.PlatformHttpTests.Health_is_public_and_checks_the_database [32 ms]
  Passed Erp.Modules.Identity.Tests.PlatformHttpTests.Responses_carry_security_headers_and_api_responses_are_not_cached [3 ms]
  Passed Erp.Modules.Identity.Tests.UsersListTests.A_search_in_relevance_order_pages_every_row_once_in_the_order_of_one_page(search: "a") [533 ms]
  Passed Erp.Modules.Identity.Tests.UsersListTests.A_search_in_relevance_order_pages_every_row_once_in_the_order_of_one_page(search: "al m") [379 ms]
  Passed Erp.Modules.Identity.Tests.CompanyRolesTests.Users_by_role_lists_a_role_held_in_one_company_with_that_company [739 ms]
  Passed Erp.Modules.Identity.Tests.UsersListTests.A_search_in_relevance_order_pages_every_row_once_in_the_order_of_one_page(search: "فاطمه") [232 ms]
  Passed Erp.Modules.Identity.Tests.UsersListTests.A_search_in_relevance_order_pages_every_row_once_in_the_order_of_one_page(search: "om") [164 ms]
  Passed Erp.Modules.Identity.Tests.UsersListTests.A_search_in_relevance_order_pages_every_row_once_in_the_order_of_one_page(search: "haddad omar") [168 ms]
  Passed Erp.Modules.Identity.Tests.CompanyRolesTests.Deleting_a_role_or_a_user_removes_their_company_assignments [585 ms]
  Passed Erp.Modules.Identity.Tests.UsersListTests.Search_finds_a_name_written_in_Arabic [289 ms]
  Passed Erp.Modules.Identity.Tests.UsersAndRolesTests.User_search_finds_by_name_or_email_and_escapes_wildcards [696 ms]
  Passed Erp.Modules.Identity.Tests.UsersListTests.Sorting_orders_by_the_column_with_nulls_last_ascending_and_first_descending [219 ms]
  Passed Erp.Modules.Identity.Tests.CompanyRolesTests.The_seeded_accountant_manages_the_first_company_and_reads_the_second [397 ms]
[xUnit.net 00:00:20.00]     Erp.Modules.Identity.Tests.CompanyRolesTests.An_administrator_sets_where_another_user_starts_work [FAIL]
[xUnit.net 00:00:20.00]       Assert.Equal() Failure: Values differ
[xUnit.net 00:00:20.00]       Expected: Forbidden
[xUnit.net 00:00:20.00]       Actual:   OK
[xUnit.net 00:00:20.00]       Stack Trace:
[xUnit.net 00:00:20.01]         /work/tests/Erp.Modules.Identity.Tests/CompanyRolesTests.cs(199,0): at Erp.Modules.Identity.Tests.CompanyRolesTests.An_administrator_sets_where_another_user_starts_work()
[xUnit.net 00:00:20.01]         --- End of stack trace from previous location ---
  Passed Erp.Modules.Identity.Tests.UsersAndRolesTests.The_administrator_role_cannot_be_changed_or_deleted_and_grants_every_permission [177 ms]
  Passed Erp.Modules.Identity.Tests.UsersAndRolesTests.Permission_catalogue_is_labelled_in_the_users_language [172 ms]
  Passed Erp.Modules.Identity.Tests.UsersListTests.Keyset_paging_returns_the_same_rows_in_the_same_order_as_one_page(sort: "-displayName") [329 ms]
  Passed Erp.Modules.Identity.Tests.UsersListTests.Keyset_paging_returns_the_same_rows_in_the_same_order_as_one_page(sort: "displayName") [415 ms]
  Passed Erp.Modules.Identity.Tests.UsersListTests.Keyset_paging_returns_the_same_rows_in_the_same_order_as_one_page(sort: "createdAt") [402 ms]
  Failed Erp.Modules.Identity.Tests.CompanyRolesTests.An_administrator_sets_where_another_user_starts_work [1 s]
  Error Message:
   Assert.Equal() Failure: Values differ
Expected: Forbidden
Actual:   OK
  Stack Trace:
     at Erp.Modules.Identity.Tests.CompanyRolesTests.An_administrator_sets_where_another_user_starts_work() in /work/tests/Erp.Modules.Identity.Tests/CompanyRolesTests.cs:line 199
--- End of stack trace from previous location ---
  Passed Erp.Modules.Identity.Tests.UsersListTests.Keyset_paging_returns_the_same_rows_in_the_same_order_as_one_page(sort: "lastSignInAt,-displayName") [456 ms]
  Passed Erp.Modules.Identity.Tests.UserCorrectionsTests.A_role_granting_more_than_the_caller_holds_is_neither_renamed_copied_nor_deleted_by_them [1 s]
  Passed Erp.Modules.Identity.Tests.UsersListTests.Keyset_paging_returns_the_same_rows_in_the_same_order_as_one_page(sort: "-createdAt") [482 ms]
  Passed Erp.Modules.Identity.Tests.UserCorrectionsTests.A_user_has_a_name_in_Arabic_that_the_list_filters [561 ms]
  Passed Erp.Modules.Identity.Tests.UsersAndRolesTests.Racing_deletes_and_unblocks_of_one_user_answer_without_a_server_error [1 s]
  Passed Erp.Modules.Identity.Tests.UsersListTests.Keyset_paging_returns_the_same_rows_in_the_same_order_as_one_page(sort: "email") [306 ms]
  Passed Erp.Modules.Identity.Tests.UserLifecycleTests.The_permission_catalogue_carries_what_the_matrix_needs [672 ms]
  Passed Erp.Modules.Identity.Tests.UsersListTests.Keyset_paging_returns_the_same_rows_in_the_same_order_as_one_page(sort: "-lastSignInAt") [277 ms]
  Passed Erp.Modules.Identity.Tests.UserCorrectionsTests.The_sign_in_address_of_another_user_is_corrected_and_stays_unique_in_the_workspace [734 ms]
  Passed Erp.Modules.Identity.Tests.UsersAndRolesTests.Changing_the_language_preference_follows_the_user [667 ms]
  Passed Erp.Modules.Identity.Tests.UsersListTests.Keyset_paging_returns_the_same_rows_in_the_same_order_as_one_page(sort: "lastSignInAt") [385 ms]
  Passed Erp.Modules.Identity.Tests.UsersListTests.Filters_select_exactly_the_matching_rows [561 ms]
  Passed Erp.Modules.Identity.Tests.UsersAndRolesTests.The_digits_preference_follows_the_user_and_leaves_the_language_alone [745 ms]
  Passed Erp.Modules.Identity.Tests.UsersListTests.Search_matches_every_word_in_any_search_field_ignoring_case_and_order [233 ms]
  Passed Erp.Modules.Identity.Tests.AuthTests.The_session_cookie_is_secure_over_https_and_not_on_plain_http [815 ms]
  Passed Erp.Modules.Identity.Tests.UserCorrectionsTests.A_user_who_never_signed_in_is_deleted_and_anyone_who_signed_in_stays [985 ms]
  Passed Erp.Modules.Identity.Tests.AuthTests.The_session_probe_always_answers_200_even_with_a_stale_or_malformed_session_cookie [14 ms]
  Passed Erp.Modules.Identity.Tests.UsersAndRolesTests.Saving_over_someone_elses_change_is_refused [233 ms]
  Passed Erp.Modules.Identity.Tests.UsersListTests.A_cursor_belongs_to_its_sort_and_cannot_be_combined_with_skip [183 ms]
[xUnit.net 00:00:24.03]     Erp.Modules.Identity.Tests.CriticR5LeakProof.L3_a_company_role_naming_another_workspaces_company_answers_like_an_unknown_id [FAIL]
[xUnit.net 00:00:24.03]       Assert.Equal() Failure: Strings differ
[xUnit.net 00:00:24.03]                                              ↓ (pos 148)
[xUnit.net 00:00:24.03]       Expected: ···""companyRoles":[{"code":"unknownIds","message":"So"···
[xUnit.net 00:00:24.03]       Actual:   ···""companyRoles":[{"code":"identityNotTheirCompany","···
[xUnit.net 00:00:24.03]                                              ↑ (pos 148)
[xUnit.net 00:00:24.03]       Stack Trace:
[xUnit.net 00:00:24.03]         /work/tests/Erp.Modules.Identity.Tests/CriticR5LeakProof.cs(29,0): at Erp.Modules.Identity.Tests.CriticR5LeakProof.L3_a_company_role_naming_another_workspaces_company_answers_like_an_unknown_id()
[xUnit.net 00:00:24.03]         --- End of stack trace from previous location ---
[xUnit.net 00:00:24.03]       Output:
[xUnit.net 00:00:24.03]         B's company: 400 {"type":"urn:erp:problem:validation","title":"Some fields need attention.","status":400,"code":"validation",,"errors":{"companyRoles":[{"code":"identityNotTheirCompany","message":"This user does not work in that company."}]}}
[xUnit.net 00:00:24.03]         nowhere: 400 {"type":"urn:erp:problem:validation","title":"Some fields need attention.","status":400,"code":"validation",,"errors":{"companyRoles":[{"code":"unknownIds","message":"Some selected items do not exist."}]}}
  Passed Erp.Modules.Identity.Tests.UsersAndRolesTests.Validation_errors_name_each_field_in_the_requested_language [418 ms]
  Passed Erp.Modules.Identity.Tests.UsersListTests.A_search_lists_the_best_match_first_and_reads_Arabic_spelling_variants [355 ms]
  Passed Erp.Modules.Identity.Tests.UserLifecycleTests.An_administrator_resets_a_password_and_the_user_is_signed_out_everywhere [1 s]
  Passed Erp.Modules.Identity.Tests.UsersAndRolesTests.Duplicate_email_in_the_same_workspace_is_a_conflict [181 ms]
  Passed Erp.Modules.Identity.Tests.UserLifecycleTests.Copying_a_role_keeps_its_permissions_under_a_new_name [249 ms]
  Passed Erp.Modules.Identity.Tests.UsersListTests.Grouping_counts_every_matching_row_once [285 ms]
  Passed Erp.Modules.Identity.Tests.UsersListTests.The_roles_list_serves_the_same_contract_in_memory [291 ms]
  Failed Erp.Modules.Identity.Tests.CriticR5LeakProof.L3_a_company_role_naming_another_workspaces_company_answers_like_an_unknown_id [1 s]
  Error Message:
   Assert.Equal() Failure: Strings differ
                                       ↓ (pos 148)
Expected: ···""companyRoles":[{"code":"unknownIds","message":"So"···
Actual:   ···""companyRoles":[{"code":"identityNotTheirCompany","···
                                       ↑ (pos 148)
  Stack Trace:
     at Erp.Modules.Identity.Tests.CriticR5LeakProof.L3_a_company_role_naming_another_workspaces_company_answers_like_an_unknown_id() in /work/tests/Erp.Modules.Identity.Tests/CriticR5LeakProof.cs:line 29
--- End of stack trace from previous location ---
  Standard Output Messages:
 B's company: 400 {"type":"urn:erp:problem:validation","title":"Some fields need attention.","status":400,"code":"validation",,"errors":{"companyRoles":[{"code":"identityNotTheirCompany","message":"This user does not work in that company."}]}}
 nowhere: 400 {"type":"urn:erp:problem:validation","title":"Some fields need attention.","status":400,"code":"validation",,"errors":{"companyRoles":[{"code":"unknownIds","message":"Some selected items do not exist."}]}}


  Passed Erp.Modules.Identity.Tests.AuthTests.The_pause_ends_by_itself_when_the_failures_leave_the_window [1 s]
  Passed Erp.Modules.Identity.Tests.UserLifecycleTests.The_access_view_says_what_a_user_can_do_and_which_role_grants_it [755 ms]
  Passed Erp.Modules.Identity.Tests.UserLifecycleTests.Signed_in_users_change_their_password_by_proving_the_current_one_and_other_sessions_end [1 s]
  Passed Erp.Modules.Identity.Tests.AuthTests.Five_failures_pause_that_client_without_saying_so_until_an_administrator_unblocks [1 s]
  Passed Erp.Modules.Identity.Tests.MatchingUsersActiveTests.Another_workspaces_users_are_never_matched_or_changed [1 s]
[xUnit.net 00:00:26.76]     Erp.Modules.Identity.Tests.CriticR5Proof.P2_all_that_match_leaves_alone_a_user_holding_a_workspace_role_the_caller_lacks [FAIL]
[xUnit.net 00:00:26.76]       the clerk deactivated an administrator: {"matched":1,"changed":1,"unchanged":0,"refusedSelf":0,"refusedBeyondOwn":0}
[xUnit.net 00:00:26.76]       Stack Trace:
[xUnit.net 00:00:26.76]         /work/tests/Erp.Modules.Identity.Tests/CriticR5Proof.cs(76,0): at Erp.Modules.Identity.Tests.CriticR5Proof.P2_all_that_match_leaves_alone_a_user_holding_a_workspace_role_the_caller_lacks()
[xUnit.net 00:00:26.76]         --- End of stack trace from previous location ---
  Passed Erp.Modules.Identity.Tests.AuthTests.A_suspended_workspace_cannot_be_signed_in_to [142 ms]
  Passed Erp.Modules.Identity.Tests.MatchingUsersActiveTests.Without_the_update_permission_the_request_is_forbidden_and_changes_nothing [650 ms]
  Passed Erp.Modules.Identity.Tests.UserLifecycleTests.An_invited_user_signs_in_once_with_the_set_up_code_and_chooses_a_password [1 s]
  Failed Erp.Modules.Identity.Tests.CriticR5Proof.P2_all_that_match_leaves_alone_a_user_holding_a_workspace_role_the_caller_lacks [1 s]
  Error Message:
   the clerk deactivated an administrator: {"matched":1,"changed":1,"unchanged":0,"refusedSelf":0,"refusedBeyondOwn":0}
  Stack Trace:
     at Erp.Modules.Identity.Tests.CriticR5Proof.P2_all_that_match_leaves_alone_a_user_holding_a_workspace_role_the_caller_lacks() in /work/tests/Erp.Modules.Identity.Tests/CriticR5Proof.cs:line 76
--- End of stack trace from previous location ---
  Passed Erp.Modules.Identity.Tests.UserLifecycleTests.An_expired_set_up_code_fails_like_a_wrong_password [441 ms]
  Passed Erp.Modules.Identity.Tests.MatchingUsersActiveTests.The_filter_narrows_the_match_and_a_changed_count_changes_nothing [870 ms]
[xUnit.net 00:00:27.49]     Erp.Modules.Identity.Tests.CriticR5Proof.P3_a_clerk_cannot_change_an_administrators_starting_company [FAIL]
[xUnit.net 00:00:27.49]       Assert.Equal() Failure: Values differ
[xUnit.net 00:00:27.49]       Expected: Forbidden
[xUnit.net 00:00:27.49]       Actual:   OK
[xUnit.net 00:00:27.49]       Stack Trace:
[xUnit.net 00:00:27.49]         /work/tests/Erp.Modules.Identity.Tests/CriticR5Proof.cs(90,0): at Erp.Modules.Identity.Tests.CriticR5Proof.P3_a_clerk_cannot_change_an_administrators_starting_company()
[xUnit.net 00:00:27.49]         --- End of stack trace from previous location ---
[xUnit.net 00:00:28.15]     Erp.Modules.Identity.Tests.CriticR5Proof.R1_all_that_match_leaves_alone_a_user_whose_stronger_role_is_held_in_one_company [FAIL]
[xUnit.net 00:00:28.15]       the clerk deactivated the company manager through 'all that match': {"matched":1,"changed":1,"unchanged":0,"refusedSelf":0,"refusedBeyondOwn":0}
[xUnit.net 00:00:28.15]       Stack Trace:
[xUnit.net 00:00:28.15]         /work/tests/Erp.Modules.Identity.Tests/CriticR5Proof.cs(51,0): at Erp.Modules.Identity.Tests.CriticR5Proof.R1_all_that_match_leaves_alone_a_user_whose_stronger_role_is_held_in_one_company()
[xUnit.net 00:00:28.15]         --- End of stack trace from previous location ---
  Passed Erp.Modules.Identity.Tests.AuthTests.The_same_email_in_two_workspaces_asks_which_one_only_when_both_passwords_match [1 s]
  Failed Erp.Modules.Identity.Tests.CriticR5Proof.P3_a_clerk_cannot_change_an_administrators_starting_company [733 ms]
  Error Message:
   Assert.Equal() Failure: Values differ
Expected: Forbidden
Actual:   OK
  Stack Trace:
     at Erp.Modules.Identity.Tests.CriticR5Proof.P3_a_clerk_cannot_change_an_administrators_starting_company() in /work/tests/Erp.Modules.Identity.Tests/CriticR5Proof.cs:line 90
--- End of stack trace from previous location ---
  Passed Erp.Modules.Identity.Tests.AuthTests.Cookie_requests_that_change_data_need_the_request_header [374 ms]
  Passed Erp.Modules.Identity.Tests.AuthTests.Expired_sessions_and_malformed_tokens_are_refused [143 ms]
  Passed Erp.Modules.Identity.Tests.AuthTests.Signing_in_returns_the_session_and_sets_a_strict_http_only_cookie [133 ms]
  Failed Erp.Modules.Identity.Tests.CriticR5Proof.R1_all_that_match_leaves_alone_a_user_whose_stronger_role_is_held_in_one_company [657 ms]
  Error Message:
   the clerk deactivated the company manager through 'all that match': {"matched":1,"changed":1,"unchanged":0,"refusedSelf":0,"refusedBeyondOwn":0}
  Stack Trace:
     at Erp.Modules.Identity.Tests.CriticR5Proof.R1_all_that_match_leaves_alone_a_user_whose_stronger_role_is_held_in_one_company() in /work/tests/Erp.Modules.Identity.Tests/CriticR5Proof.cs:line 51
--- End of stack trace from previous location ---
  Passed Erp.Modules.Identity.Tests.AuthTests.Deactivating_a_user_ends_their_sessions [618 ms]
[xUnit.net 00:00:28.76]     Erp.Modules.Identity.Tests.CriticR5Proof.P1_a_permission_held_in_one_company_does_not_let_its_holder_grant_it_everywhere [FAIL]
[xUnit.net 00:00:28.76]       Assert.Equal() Failure: Values differ
[xUnit.net 00:00:28.76]       Expected: Forbidden
[xUnit.net 00:00:28.76]       Actual:   Created
[xUnit.net 00:00:28.76]       Stack Trace:
[xUnit.net 00:00:28.76]         /work/tests/Erp.Modules.Identity.Tests/CriticR5Proof.cs(63,0): at Erp.Modules.Identity.Tests.CriticR5Proof.P1_a_permission_held_in_one_company_does_not_let_its_holder_grant_it_everywhere()
[xUnit.net 00:00:28.76]         --- End of stack trace from previous location ---
[xUnit.net 00:00:29.04]     Erp.Modules.Identity.Tests.MatchingUsersActiveTests.Deactivates_every_matching_user_except_the_caller_and_stronger_users_and_audits_each_change [FAIL]
[xUnit.net 00:00:29.04]       Assert.Equal() Failure: Values differ
[xUnit.net 00:00:29.04]       Expected: 6
[xUnit.net 00:00:29.04]       Actual:   7
[xUnit.net 00:00:29.04]       Stack Trace:
[xUnit.net 00:00:29.04]         /work/tests/Erp.Modules.Identity.Tests/MatchingUsersActiveTests.cs(92,0): at Erp.Modules.Identity.Tests.MatchingUsersActiveTests.Deactivates_every_matching_user_except_the_caller_and_stronger_users_and_audits_each_change()
[xUnit.net 00:00:29.04]         --- End of stack trace from previous location ---
  Failed Erp.Modules.Identity.Tests.CriticR5Proof.P1_a_permission_held_in_one_company_does_not_let_its_holder_grant_it_everywhere [612 ms]
  Error Message:
   Assert.Equal() Failure: Values differ
Expected: Forbidden
Actual:   Created
  Stack Trace:
     at Erp.Modules.Identity.Tests.CriticR5Proof.P1_a_permission_held_in_one_company_does_not_let_its_holder_grant_it_everywhere() in /work/tests/Erp.Modules.Identity.Tests/CriticR5Proof.cs:line 63
--- End of stack trace from previous location ---
  Passed Erp.Modules.Identity.Tests.AuthTests.Wrong_password_and_unknown_email_get_the_same_answer [241 ms]
  Failed Erp.Modules.Identity.Tests.MatchingUsersActiveTests.Deactivates_every_matching_user_except_the_caller_and_stronger_users_and_audits_each_change [1 s]
  Error Message:
   Assert.Equal() Failure: Values differ
Expected: 6
Actual:   7
  Stack Trace:
     at Erp.Modules.Identity.Tests.MatchingUsersActiveTests.Deactivates_every_matching_user_except_the_caller_and_stronger_users_and_audits_each_change() in /work/tests/Erp.Modules.Identity.Tests/MatchingUsersActiveTests.cs:line 92
--- End of stack trace from previous location ---
  Passed Erp.Modules.Identity.Tests.AuthTests.Signing_in_to_one_account_from_several_clients_at_once_succeeds_for_each [454 ms]
  Passed Erp.Modules.Identity.Tests.MatchingUsersActiveTests.Bad_requests_are_refused_by_field_and_change_nothing [322 ms]
  Passed Erp.Modules.Identity.Tests.AuthTests.Signing_in_from_a_signed_in_browser_answers_for_the_new_session_only [660 ms]
  Passed Erp.Modules.Identity.Tests.AuthTests.Signing_out_revokes_the_session_for_good [186 ms]
[xUnit.net 00:00:30.21]   Finished:    Erp.Modules.Identity.Tests (ID = 'c22946a00a079b5bd17fa697d59967873c784c899ebaee038a5706484c46b106')

Test Run Failed.
Total tests: 98
     Passed: 91
     Failed: 7
 Total time: 30.7362 Seconds
identity rc=1
