add-rate                 odoo  verified  steps 10  keys 8  machine 1.353s  human 22.08s  human+wait 24.32s  -> ../../evidence-staging/p01-odoo-rig/r2/compare-odoo-all/results/add-rate-20261003T015641-cff0.json
arabic-report            odoo  verified  steps 6  keys 0  machine 4.777s  human 15.9s  human+wait 20.379s  -> ../../evidence-staging/p01-odoo-rig/r2/compare-odoo-all/results/arabic-report-20261003T015654-3bc7.json
attach-file              odoo  verified  steps 3  keys 0  machine 0.128s  human 6.8s  human+wait 6.885s  -> ../../evidence-staging/p01-odoo-rig/r2/compare-odoo-all/results/attach-file-20261003T015704-fda7.json
configure-sequence       odoo  verified  steps 17  keys 32  machine 1.645s  human 40.72s  human+wait 42.818s  -> ../../evidence-staging/p01-odoo-rig/r2/compare-odoo-all/results/configure-sequence-20261003T015707-ca5b.json
create-company-branch    odoo  verified  steps 12  keys 72  machine 2.068s  human 48.53s  human+wait 50.147s  -> ../../evidence-staging/p01-odoo-rig/r2/compare-odoo-all/results/create-company-branch-20261003T015716-46dc.json
create-restricted-user   odoo  verified  steps 10  keys 46  machine 5.825s  human 34.13s  human+wait 39.835s  -> ../../evidence-staging/p01-odoo-rig/r2/compare-odoo-all/results/create-restricted-user-20261003T015727-5b66.json
custom-field-filter      odoo  verified  steps 17  keys 61  machine 2.345s  human 54.83s  human+wait 55.879s  -> ../../evidence-staging/p01-odoo-rig/r2/compare-odoo-all/results/custom-field-filter-20261003T015745-7cf5.json
edit-and-save            odoo  verified  steps 4  keys 19  machine 0.248s  human 10.28s  human+wait 10.485s  -> ../../evidence-staging/p01-odoo-rig/r2/compare-odoo-all/results/edit-and-save-20261003T015749-10d2.json
export-filtered-list     odoo  verified  steps 9  keys 11  machine 3.053s  human 26.43s  human+wait 28.625s  -> ../../evidence-staging/p01-odoo-rig/r2/compare-odoo-all/results/export-filtered-list-20261003T015756-36b2.json
find-record              odoo  verified  steps 5  keys 30  machine 0.973s  human 18.5s  human+wait 19.303s  -> ../../evidence-staging/p01-odoo-rig/r2/compare-odoo-all/results/find-record-20261003T015802-9099.json
follow-approval          odoo  verified  steps 4  keys 0  machine 1.443s  human 10.6s  human+wait 11.841s  -> ../../evidence-staging/p01-odoo-rig/r2/compare-odoo-all/results/follow-approval-20261003T015806-edaf.json
import-5000              odoo  verified  steps 7  keys 0  machine 10.212s  human 17.4s  human+wait 27.076s  -> ../../evidence-staging/p01-odoo-rig/r2/compare-odoo-all/results/import-5000-20261003T015810-3ff0.json
keyboard-navigation      odoo  verified  steps 9  keys 10  machine 0.78s  human 7.25s  human+wait 7.986s  -> ../../evidence-staging/p01-odoo-rig/r2/compare-odoo-all/results/keyboard-navigation-20261003T015850-2bff.json
see-and-rerun-job        odoo  verified  steps 11  keys 31  machine 1.941s  human 34.68s  human+wait 35.934s  -> ../../evidence-staging/p01-odoo-rig/r2/compare-odoo-all/results/see-and-rerun-job-20261003T015853-14a1.json
sign-in                  odoo  verified  steps 4  keys 57  machine 1.318s  human 19.06s  human+wait 20.468s  -> ../../evidence-staging/p01-odoo-rig/r2/compare-odoo-all/results/sign-in-20261003T015857-19ed.json
switch-company           odoo  verified  steps 2  keys 0  machine -0.099s  human 5.3s  human+wait 5.357s  -> ../../evidence-staging/p01-odoo-rig/r2/compare-odoo-all/results/switch-company-20261003T015906-23fd.json
switch-to-arabic         odoo  verified  steps 6  keys 1  machine 1.704s  human 15.28s  human+wait 16.479s  -> ../../evidence-staging/p01-odoo-rig/r2/compare-odoo-all/results/switch-to-arabic-20261003T015909-6b60.json
who-changed-field        odoo  verified  steps 5  keys 30  machine 1.361s  human 18.5s  human+wait 19.361s  -> ../../evidence-staging/p01-odoo-rig/r2/compare-odoo-all/results/who-changed-field-20261003T015923-c844.json
output: ../../../../evidence-staging/p01-odoo-rig/r2/compare-odoo-all
rc=0 seconds=171
