control (test/page-script.test.mjs test/operator.test.mjs test/klm.test.mjs test/baselines.test.mjs test/guard.test.mjs test/blind.test.mjs test/cli.test.mjs test/compare.test.mjs test/rig-volume.test.mjs test/ratchet.test.mjs test/sandbox.test.mjs test/before-clock.test.mjs test/tasks.test.mjs): 332 tests, 5 failing (built drivers for our product never go below their minimum; every task declares where the runner starts it and the moments every driver shoots (instrument 4); every task has a driver for each product; print-list-arabic (routed from p06): the ours driver takes its menu words from the product's own strings, which hold them in both languages; every task that ends in a state saved in the product says so (saves), and names what the person enters), 461 s
X1 wrong timer: clock does not run on while the product still answers a save: MISSED [120 tests, 114 s]
X2 KLM: typing always continues the step before (no M): caught by 4 (custom-field-filter: the Odoo baseline was produced by the current driver and its counts follow from its steps | totals for a short path add up | continuation is derived from the steps: typing after a click on its field, after a key; Enter after typing or an arrow) [53 tests, 13 s]
X3 uppercase letters typed without Shift: caught by 3 (typing counts one key per character plus Shift for capitals and symbols | steps, keystrokes and waits are counted the same way every time | an API request is one step whose keystrokes are the request typed plus Enter) [53 tests, 16 s]
X4 uncounted: a paste of text copied before the clock allowed: caught by 6 (plant C1 (round 4): text copied to the clipboard in set-up and pasted while measured -> invalid | plant C2 (round 5): ControlOrMeta+v: text copied in set-up is pasted while measured -> invalid | plant C3 (round 5): an empty copy, then Control+v: text copied in set-up is pasted while measured -> invalid) [109 tests, 278 s]
X5 uncounted: control characters inside op.type allowed: caught by 2 (plant S1 (round 3): a newline inside op.type (Enter without a step) -> invalid | round 3 fault S1: op.type refuses control characters (a newline would press Enter without a step)) [109 tests, 204 s]
X6 blindness: page title not neutralised: caught by 1 (blind screenshots paint branding over, go grey, and leave title and favicon neutral) [33 tests, 7 s]
X7 blindness: favicon kept: caught by 1 (blind screenshots paint branding over, go grey, and leave title and favicon neutral) [33 tests, 7 s]
X8 blindness: screenshot file times not neutralised: caught by 1 (a side-by-side folder keeps the blind part (shots, review page) apart from the key and results) [32 tests, 3 s]
X9 rig volume bar lowered to 1,000 rows: caught by 4 (rig volume: every main list is asked for its 100,000th row | rig volume: a list one row short is reported by name with the top-up command | rig volume: the date a vacuumed list falls short is worked out, and a warning given two days ahead) [23 tests, 2 s]
X10 a refusal the driver swallowed no longer invalidates the run: caught by 14 (plant: an action whose refusal the driver swallows -> the run is invalid, never verified | plant: an internal channel kept from set-up is refused there too | plant U1 (round 3): page script installed during sign-in to act in the measured part -> invalid) [121 tests, 256 s]
X11 wrong timer: a POST counted as a read, so settle never waits for a save: caught by 1 (plant T2g (round 5): run() returns while a save is still under way and verify() reads the back end -> the save is on the clock) [193 tests, 364 s]
X12 set-up local storage carried into a signed-in start: MISSED [131 tests, 348 s]
X13 KLM: no H when the hand moves between mouse and keyboard: caught by 18 (add-rate: the Odoo baseline was produced by the current driver and its counts follow from its steps | configure-sequence: the Odoo baseline was produced by the current driver and its counts follow from its steps | create-company-branch: the Odoo baseline was produced by the current driver and its counts follow from its steps) [53 tests, 11 s]
X14 set-up fetch calls not waited for before the start: caught by 1 (plant U5h (round 5): a slow back-end call set-up leaves running lands before the clock, never inside it -> invalid) [99 tests, 327 s]
X15 unfair list/home start (typed text in a field) accepted: TEXT NOT FOUND
X16 clipboard not emptied at the start: MISSED [109 tests, 210 s]
X17 a failed reference run compared as usable: caught by 2 (zero rule: a count metric on which both score exactly 0 is left out, neither a tie nor a win; the rest decides | an unbuilt or failed product is never a win) [17 tests, 2 s]
X18 moment shots taken while measured are not checked against the task: caught by 1 (plant T1 (round 3): screenshots while the product works neither hide its time nor go undeclared) [117 tests, 231 s]
done
