create-restricted-user   ours  not_built  (not built yet: waits for p03 (users, roles and permissions))  -> ../../evidence-staging/p01-odoo-rig/r1/compare/results/create-restricted-user-20261003T001043-d8d0.json
create-restricted-user   ours  not_built  (not built yet: waits for p03 (users, roles and permissions))  -> ../../evidence-staging/p01-odoo-rig/r1/compare/results/create-restricted-user-20261003T001043-f033.json
create-restricted-user   ours  not_built  (not built yet: waits for p03 (users, roles and permissions))  -> ../../evidence-staging/p01-odoo-rig/r1/compare/results/create-restricted-user-20261003T001043-a4bb.json
create-restricted-user   odoo  verified  steps 10  keys 46  machine 6.532s  human 37.03s  human+wait 42.656s  -> ../../evidence-staging/p01-odoo-rig/r1/compare/results/create-restricted-user-20261003T001043-a497.json
create-restricted-user   odoo  verified  steps 10  keys 46  machine 6.43s  human 37.03s  human+wait 42.584s  -> ../../evidence-staging/p01-odoo-rig/r1/compare/results/create-restricted-user-20261003T001053-49dc.json
create-restricted-user   odoo  verified  steps 10  keys 46  machine 6.443s  human 37.03s  human+wait 42.6s  -> ../../evidence-staging/p01-odoo-rig/r1/compare/results/create-restricted-user-20261003T001103-dc5f.json
create-restricted-user   verdict not_built
custom-field-filter      ours  not_built  (not built yet: waits for p09 (tenant-defined custom fields) with p16 (contacts))  -> ../../evidence-staging/p01-odoo-rig/r1/compare/results/custom-field-filter-20261003T001112-cb8c.json
custom-field-filter      ours  not_built  (not built yet: waits for p09 (tenant-defined custom fields) with p16 (contacts))  -> ../../evidence-staging/p01-odoo-rig/r1/compare/results/custom-field-filter-20261003T001112-15da.json
custom-field-filter      ours  not_built  (not built yet: waits for p09 (tenant-defined custom fields) with p16 (contacts))  -> ../../evidence-staging/p01-odoo-rig/r1/compare/results/custom-field-filter-20261003T001112-cc41.json
custom-field-filter      odoo  verified  steps 17  keys 61  machine 2.719s  human 54.83s  human+wait 56.23s  -> ../../evidence-staging/p01-odoo-rig/r1/compare/results/custom-field-filter-20261003T001112-093d.json
custom-field-filter      odoo  verified  steps 17  keys 61  machine 2.972s  human 54.83s  human+wait 56.416s  -> ../../evidence-staging/p01-odoo-rig/r1/compare/results/custom-field-filter-20261003T001118-29cd.json
custom-field-filter      odoo  verified  steps 17  keys 61  machine 2.772s  human 54.83s  human+wait 56.312s  -> ../../evidence-staging/p01-odoo-rig/r1/compare/results/custom-field-filter-20261003T001123-74b0.json
custom-field-filter      verdict not_built
find-record              ours  not_built  (not built yet: waits for p05 (list and search) with p16 (contacts))  -> ../../evidence-staging/p01-odoo-rig/r1/compare/results/find-record-20261003T001128-a85a.json
find-record              ours  not_built  (not built yet: waits for p05 (list and search) with p16 (contacts))  -> ../../evidence-staging/p01-odoo-rig/r1/compare/results/find-record-20261003T001129-c110.json
find-record              ours  not_built  (not built yet: waits for p05 (list and search) with p16 (contacts))  -> ../../evidence-staging/p01-odoo-rig/r1/compare/results/find-record-20261003T001129-0c73.json
find-record              odoo  verified  steps 5  keys 30  machine 1.082s  human 18.5s  human+wait 19.369s  -> ../../evidence-staging/p01-odoo-rig/r1/compare/results/find-record-20261003T001129-6aa8.json
find-record              odoo  verified  steps 5  keys 30  machine 1.027s  human 18.5s  human+wait 19.36s  -> ../../evidence-staging/p01-odoo-rig/r1/compare/results/find-record-20261003T001132-0e39.json
find-record              odoo  verified  steps 5  keys 30  machine 1.191s  human 18.5s  human+wait 19.472s  -> ../../evidence-staging/p01-odoo-rig/r1/compare/results/find-record-20261003T001135-d30a.json
find-record              verdict not_built
follow-approval          ours  not_built  (not built yet: waits for p13 (approval flows))  -> ../../evidence-staging/p01-odoo-rig/r1/compare/results/follow-approval-20261003T001139-79b6.json
follow-approval          ours  not_built  (not built yet: waits for p13 (approval flows))  -> ../../evidence-staging/p01-odoo-rig/r1/compare/results/follow-approval-20261003T001139-a130.json
follow-approval          ours  not_built  (not built yet: waits for p13 (approval flows))  -> ../../evidence-staging/p01-odoo-rig/r1/compare/results/follow-approval-20261003T001139-df2a.json
follow-approval          odoo  verified  steps 4  keys 0  machine 1.695s  human 10.6s  human+wait 12.127s  -> ../../evidence-staging/p01-odoo-rig/r1/compare/results/follow-approval-20261003T001139-5393.json
follow-approval          odoo  verified  steps 4  keys 0  machine 1.663s  human 10.6s  human+wait 12.016s  -> ../../evidence-staging/p01-odoo-rig/r1/compare/results/follow-approval-20261003T001144-e1dd.json
follow-approval          odoo  verified  steps 4  keys 0  machine 1.712s  human 10.6s  human+wait 12.032s  -> ../../evidence-staging/p01-odoo-rig/r1/compare/results/follow-approval-20261003T001149-47bb.json
follow-approval          verdict not_built
import-5000              ours  not_built  (not built yet: waits for p14 (import and export) with p16 (contacts))  -> ../../evidence-staging/p01-odoo-rig/r1/compare/results/import-5000-20261003T001153-6d68.json
import-5000              ours  not_built  (not built yet: waits for p14 (import and export) with p16 (contacts))  -> ../../evidence-staging/p01-odoo-rig/r1/compare/results/import-5000-20261003T001154-2e83.json
import-5000              ours  not_built  (not built yet: waits for p14 (import and export) with p16 (contacts))  -> ../../evidence-staging/p01-odoo-rig/r1/compare/results/import-5000-20261003T001154-0ae5.json
import-5000              odoo  verified  steps 7  keys 0  machine 9.581s  human 17.4s  human+wait 26.63s  -> ../../evidence-staging/p01-odoo-rig/r1/compare/results/import-5000-20261003T001154-aa25.json
import-5000              odoo  verified  steps 7  keys 0  machine 9.987s  human 17.4s  human+wait 27.117s  -> ../../evidence-staging/p01-odoo-rig/r1/compare/results/import-5000-20261003T001236-0b54.json
import-5000              odoo  verified  steps 7  keys 0  machine 9.862s  human 17.4s  human+wait 26.785s  -> ../../evidence-staging/p01-odoo-rig/r1/compare/results/import-5000-20261003T001319-2782.json
import-5000              verdict not_built
switch-to-arabic         ours  not_built  (not built yet: waits for p04 (English/Arabic app shell))  -> ../../evidence-staging/p01-odoo-rig/r1/compare/results/switch-to-arabic-20261003T001400-10a1.json
switch-to-arabic         ours  not_built  (not built yet: waits for p04 (English/Arabic app shell))  -> ../../evidence-staging/p01-odoo-rig/r1/compare/results/switch-to-arabic-20261003T001400-0e01.json
switch-to-arabic         ours  not_built  (not built yet: waits for p04 (English/Arabic app shell))  -> ../../evidence-staging/p01-odoo-rig/r1/compare/results/switch-to-arabic-20261003T001401-b24f.json
switch-to-arabic         odoo  verified  steps 6  keys 1  machine 1.146s  human 15.28s  human+wait 16.002s  -> ../../evidence-staging/p01-odoo-rig/r1/compare/results/switch-to-arabic-20261003T001401-8297.json
switch-to-arabic         odoo  verified  steps 6  keys 1  machine 1.191s  human 15.28s  human+wait 16.052s  -> ../../evidence-staging/p01-odoo-rig/r1/compare/results/switch-to-arabic-20261003T001406-b170.json
switch-to-arabic         odoo  verified  steps 6  keys 1  machine 1.181s  human 15.28s  human+wait 16.06s  -> ../../evidence-staging/p01-odoo-rig/r1/compare/results/switch-to-arabic-20261003T001412-9704.json
switch-to-arabic         verdict not_built
blind review page: ../../../../evidence-staging/p01-odoo-rig/r1/compare/review.html
output: ../../../../evidence-staging/p01-odoo-rig/r1/compare
rc=0 seconds=215
