control: 4 test(s) fail unmutated in the scratch copy: not ok 4 - built drivers for our product never go below their minimum | not ok 3 - every task declares where the runner starts it and the moments every driver shoots (instrument 4) | not ok 4 - every task has a driver for each product | not ok 7 - print-list-arabic (routed from p06): the ours driver takes its menu words from the product's own strings, which hold them in both languages
A1 a chord counted as one keystroke: MISSED [quick] in 31 s
A2 fill counts its click uncounted (one step instead of two): CAUGHT [quick] in 30 s by test/operator.test.mjs (not ok 1 - steps, keystrokes and waits are counted the same way every time)
A3 Shift not counted when typing: CAUGHT [quick] in 29 s by test/klm.test.mjs (not ok 2 - typing counts one key per character plus Shift for capitals and symbols); test/operator.test.mjs (not ok 1 - steps, keystrokes and waits are counted the same way every time | not ok 11 - an API request is one step whose keystrokes are the request typed plus Enter)
A4 no H when the hand moves between mouse and keyboard: CAUGHT [quick] in 29 s by test/klm.test.mjs (not ok 4 - a click is M + P + BB, with homing when the hand comes from the keyboard | not ok 8 - totals for a short path add up); test/baselines.test.mjs (not ok 1 - add-rate: the Odoo baseline was produced by the current driver and its counts follow from its steps | not ok 5 - configure-sequence: the Odoo baseline was produced by the current driver and its counts follow from its steps); test/operator.test.mjs (not ok 1 - steps, keystrokes and waits are counted the same way every time)
A5 KLM continuation across a new screen (round 5 rule removed): CAUGHT [quick] in 29 s by test/klm.test.mjs (not ok 13 - round 5: no step continues one that began on another screen (a key that opened a new screen, then typing)); test/baselines.test.mjs (not ok 6 - create-company-branch: the Odoo baseline was produced by the current driver and its counts follow from its steps | not ok 7 - create-restricted-user: the Odoo baseline was produced by the current driver and its counts follow from its steps)
A6 operator M changed: CAUGHT [quick] in 29 s by test/klm.test.mjs (not ok 1 - operator times are the published Card, Moran and Newell averages | not ok 8 - totals for a short path add up); test/baselines.test.mjs (not ok 1 - add-rate: the Odoo baseline was produced by the current driver and its counts follow from its steps | not ok 2 - api-update-user: the Odoo baseline was produced by the current driver and its counts follow from its steps)
A7 clock stops at run() return, product answer not settled: MISSED [quick] in 30 s
A8 machine clock runs at half speed (wrong timer): CAUGHT [quick] in 29 s by test/operator.test.mjs (not ok 1 - steps, keystrokes and waits are counted the same way every time | not ok 5 - a screenshot after the end of a task never shortens the measured time)
A9 waits inside the clock not recorded as system wait: CAUGHT [quick] in 29 s by test/operator.test.mjs (not ok 1 - steps, keystrokes and waits are counted the same way every time | not ok 7 - round 2 fault: the done screenshot after finish() leaves machine seconds unchanged)
A10 paste of set-up clipboard allowed: MISSED [quick] in 29 s
A11 control characters allowed in op.type: CAUGHT [quick] in 29 s by test/operator.test.mjs (not ok 9 - round 3 fault S1: op.type refuses control characters (a newline would press Enter without a step))
A12 task already done before the clock accepted: MISSED [quick] in 29 s
A13 declared moments need not be shot: MISSED [quick] in 30 s
A14 verify() waiting meter off: MISSED [quick] in 29 s
A15 a failed ours run is usable in a comparison: CAUGHT [quick] in 29 s by test/compare.test.mjs (not ok 3 - zero rule: a count metric on which both score exactly 0 is left out, neither a tie nor a win; the rest decides | not ok 11 - an unbuilt or failed product is never a win)
A16 reference measured on its worst path per metric: MISSED [quick] in 29 s
A17 median of repeats replaced by the fastest run: CAUGHT [quick] in 28 s by test/compare.test.mjs (not ok 10 - whole paths: over repeats each path is judged on the medians of its own times | not ok 12 - median of repeated runs uses the median machine seconds)
A18 request body not counted as typed: MISSED [quick] in 27 s
A19 zero rule leaves out a count when only the reference is 0: CAUGHT [quick] in 26 s by test/ratchet.test.mjs (not ok 11 - instrument mutations never go below their minimum, and each still finds what it mutates); test/compare.test.mjs (not ok 4 - zero rule: only both exactly 0; 0 against anything else is compared as usual)
A20 start screen may hold typed text: MISSED [quick] in 27 s
A21 rig volume bar lowered to 1,000: CAUGHT [quick] in 27 s by test/rig-volume.test.mjs (not ok 1 - rig volume: every main list is asked for its 100,000th row | not ok 2 - rig volume: a list one row short is reported by name with the top-up command)
A23 page.click allowed while measured (guard read-only off): MISSED [quick] in 28 s
A24 requests after the clock not aborted: MISSED [quick] in 27 s
A25 identity words not masked at all (blindness leak): CAUGHT [quick] in 27 s by test/blind.test.mjs (not ok 11 - identity codes are masked wherever they stand in a text: a workspace label, an e-mail domain (round 5 blindness finding) | not ok 12 - every product's shots mask every product's demo names and codes (round 7: the same sign-in showed in one product and was masked in the other))
A26 scroll counted as no step: MISSED [quick] in 26 s
A27 file pick dialog click uncounted: CAUGHT [quick] in 26 s by test/operator.test.mjs (not ok 2 - choosing a file counts the dialog click and the pick)
