[1mBuilding the application image[0m
 Image erp-app:c-p05-list-search-r1-plant Building 
#1 [internal] load local bake definitions
#1 reading from stdin 630B done
#1 DONE 0.0s

#2 [internal] load build definition from Dockerfile
#2 transferring dockerfile: 1.73kB done
#2 DONE 0.0s

#3 resolve image config for docker-image://docker.io/docker/dockerfile:1
#3 DONE 1.1s

#4 docker-image://docker.io/docker/dockerfile:1@sha256:4edf897a3ffa55b89f906fc8cc78afdb3f1834cc9c7083565e611a8a7d5fe99e
#4 resolve docker.io/docker/dockerfile:1@sha256:4edf897a3ffa55b89f906fc8cc78afdb3f1834cc9c7083565e611a8a7d5fe99e 0.0s done
#4 CACHED

#5 [internal] load metadata for mcr.microsoft.com/dotnet/sdk:10.0
#5 DONE 0.5s

#6 [internal] load metadata for docker.io/library/node:22-alpine
#6 DONE 0.5s

#7 [internal] load metadata for mcr.microsoft.com/dotnet/aspnet:10.0
#7 DONE 0.5s

#8 [internal] load .dockerignore
#8 transferring context: 187B done
#8 DONE 0.0s

#9 [web 1/6] FROM docker.io/library/node:22-alpine@sha256:0a7108bf6c7bf5de370ffb1a3ed6be93d405b43ff159f681a8d18c0e2bc2e402
#9 resolve docker.io/library/node:22-alpine@sha256:0a7108bf6c7bf5de370ffb1a3ed6be93d405b43ff159f681a8d18c0e2bc2e402 0.0s done
#9 DONE 0.0s

#10 [stage-2 1/4] FROM mcr.microsoft.com/dotnet/aspnet:10.0@sha256:222759b391a1aaf241166672c8f99b2d4ada452e7b5319f3c6e8f265a37b5ad4
#10 resolve mcr.microsoft.com/dotnet/aspnet:10.0@sha256:222759b391a1aaf241166672c8f99b2d4ada452e7b5319f3c6e8f265a37b5ad4 0.1s done
#10 DONE 0.1s

#11 [build 1/6] FROM mcr.microsoft.com/dotnet/sdk:10.0@sha256:e70cdb7f80b0348f5cb85f19a8f670fca061f033d57eed12fa003d58b0e06317
#11 resolve mcr.microsoft.com/dotnet/sdk:10.0@sha256:e70cdb7f80b0348f5cb85f19a8f670fca061f033d57eed12fa003d58b0e06317 0.1s done
#11 DONE 0.1s

#12 [internal] load build context
#12 transferring context: 1.04MB 0.1s done
#12 DONE 0.1s

#13 [build 2/6] WORKDIR /src
#13 CACHED

#14 [build 3/6] COPY global.json Directory.Build.props Directory.Packages.props ./
#14 CACHED

#15 [build 4/6] COPY src/ src/
#15 DONE 0.1s

#16 [build 5/6] RUN --mount=type=secret,id=extra_ca,target=/run/secrets/extra_ca --mount=type=cache,target=/root/.nuget/packages     if [ -s /run/secrets/extra_ca ]; then cat /run/secrets/extra_ca >>/etc/ssl/certs/ca-certificates.crt; fi;     dotnet restore src/Host/Erp.Host/Erp.Host.csproj
#16 1.301   Determining projects to restore...
#16 4.306   Restored /src/src/Modules/Lists/Erp.Modules.Lists.Contracts/Erp.Modules.Lists.Contracts.csproj (in 298 ms).
#16 4.308   Restored /src/src/Modules/Identity/Erp.Modules.Identity.Contracts/Erp.Modules.Identity.Contracts.csproj (in 284 ms).
#16 5.347   Restored /src/src/Host/Erp.Host/Erp.Host.csproj (in 1.46 sec).
#16 5.409   Restored /src/src/Modules/Identity/Erp.Modules.Identity/Erp.Modules.Identity.csproj (in 1.07 sec).
#16 5.410   Restored /src/src/Modules/Lists/Erp.Modules.Lists/Erp.Modules.Lists.csproj (in 1.51 sec).
#16 5.411   Restored /src/src/Kernel/Erp.Kernel/Erp.Kernel.csproj (in 1.07 sec).
#16 5.411   Restored /src/src/Modules/Tenancy/Erp.Modules.Tenancy/Erp.Modules.Tenancy.csproj (in 34 ms).
#16 5.419   Restored /src/src/Modules/Tenancy/Erp.Modules.Tenancy.Contracts/Erp.Modules.Tenancy.Contracts.csproj (in 2 ms).
#16 DONE 5.6s

#17 [build 6/6] RUN --mount=type=cache,target=/root/.nuget/packages dotnet publish src/Host/Erp.Host/Erp.Host.csproj -c Release -o /app --no-restore
#17 13.47   Erp.Kernel -> /src/src/Kernel/Erp.Kernel/bin/Release/net10.0/Erp.Kernel.dll
#17 13.80   Erp.Modules.Identity.Contracts -> /src/src/Modules/Identity/Erp.Modules.Identity.Contracts/bin/Release/net10.0/Erp.Modules.Identity.Contracts.dll
#17 14.32   Erp.Modules.Tenancy.Contracts -> /src/src/Modules/Tenancy/Erp.Modules.Tenancy.Contracts/bin/Release/net10.0/Erp.Modules.Tenancy.Contracts.dll
#17 14.49   Erp.Modules.Lists.Contracts -> /src/src/Modules/Lists/Erp.Modules.Lists.Contracts/bin/Release/net10.0/Erp.Modules.Lists.Contracts.dll
#17 20.34   Erp.Modules.Lists -> /src/src/Modules/Lists/Erp.Modules.Lists/bin/Release/net10.0/Erp.Modules.Lists.dll
#17 20.46   Erp.Modules.Tenancy -> /src/src/Modules/Tenancy/Erp.Modules.Tenancy/bin/Release/net10.0/Erp.Modules.Tenancy.dll
#17 24.40   Erp.Modules.Identity -> /src/src/Modules/Identity/Erp.Modules.Identity/bin/Release/net10.0/Erp.Modules.Identity.dll
#17 28.01   Erp.Host -> /src/src/Host/Erp.Host/bin/Release/net10.0/Erp.Host.dll
#17 28.09   Erp.Host -> /app/
#17 DONE 28.3s

#18 [web 5/6] COPY web/ ./
#18 CACHED

#19 [web 2/6] WORKDIR /web
#19 CACHED

#20 [web 3/6] COPY web/package.json web/package-lock.json ./
#20 CACHED

#21 [web 4/6] RUN --mount=type=secret,id=extra_ca,target=/run/secrets/extra_ca --mount=type=cache,target=/root/.npm     if [ -s /run/secrets/extra_ca ]; then export NODE_EXTRA_CA_CERTS=/run/secrets/extra_ca; fi;     npm ci --no-audit --no-fund
#21 CACHED

#22 [web 6/6] RUN npm run check && npm run build
#22 CACHED

#23 [stage-2 2/4] WORKDIR /app
#23 CACHED

#24 [stage-2 3/4] COPY --from=build /app ./
#24 DONE 0.1s

#25 [stage-2 4/4] COPY --from=web /web/dist ./wwwroot
#25 DONE 0.0s

#26 exporting to image
#26 exporting layers
#26 exporting layers 0.5s done
#26 exporting manifest sha256:2043dda755fe3c08b24a599ced593fb4137c3aec9bd7bcff10d28a220a63bce4
#26 exporting manifest sha256:2043dda755fe3c08b24a599ced593fb4137c3aec9bd7bcff10d28a220a63bce4 done
#26 exporting config sha256:6fdfbc2a98e68bd85aeac0896f96ab049b06809a5778264cbeed8828129d23ea 0.0s done
#26 exporting attestation manifest sha256:e1736277e18bd495bd9cbbcf28fc5c858290cfb1efc18aa05f552d96973895f5 0.0s done
#26 exporting manifest list sha256:37f4d94db3c1c20180f0f83391457f1c9c011e9f07faa423be685c7136edcabd 0.0s done
#26 naming to docker.io/library/erp-app:c-p05-list-search-r1-plant done
#26 unpacking to docker.io/library/erp-app:c-p05-list-search-r1-plant 0.1s done
#26 DONE 0.7s

#27 resolving provenance for metadata file
#27 DONE 0.0s
 Image erp-app:c-p05-list-search-r1-plant Built 
[1mStarting PostgreSQL, setting up the database (roles, migrations, seed: 2000 users) and serving[0m
 Network c-p05-list-search-r1-plant_default Creating 
 Network c-p05-list-search-r1-plant_default Created 
 Volume c-p05-list-search-r1-plant_db-data Creating 
 Volume c-p05-list-search-r1-plant_db-data Created 
 Container c-p05-list-search-r1-plant-db-1 Creating 
 Container c-p05-list-search-r1-plant-db-1 Created 
 Container c-p05-list-search-r1-plant-db-1 Starting 
 Container c-p05-list-search-r1-plant-db-1 Started 
 Container c-p05-list-search-r1-plant-db-1 Waiting 
 Container c-p05-list-search-r1-plant-db-1 Healthy 
 Container c-p05-list-search-r1-plant-db-1 Running 
 Container c-p05-list-search-r1-plant-setup-1 Creating 
 Container c-p05-list-search-r1-plant-setup-1 Created 
Attaching to setup-1
 Container c-p05-list-search-r1-plant-db-1 Waiting 
 Container c-p05-list-search-r1-plant-db-1 Healthy 
 Container c-p05-list-search-r1-plant-setup-1 Starting 
 Container c-p05-list-search-r1-plant-setup-1 Started 
setup-1  | info: Erp.Kernel.Data.DatabaseBootstrap[0]
setup-1  |       Creating database erp
setup-1  | info: Erp.Kernel.Data.DatabaseMigrator[0]
setup-1  |       Migrating KernelDbContext: 3 pending
setup-1  | info: Erp.Kernel.Data.DatabaseMigrator[0]
setup-1  |       Migrating TenancyDbContext: 1 pending
setup-1  | info: Erp.Kernel.Data.DatabaseMigrator[0]
setup-1  |       Migrating IdentityDbContext: 5 pending
setup-1  | info: Erp.Kernel.Data.DatabaseMigrator[0]
setup-1  |       Migrating ListsDbContext: 1 pending
setup-1  | info: Erp.Kernel.Seeding.SeedRunner[0]
setup-1  |       Seeded tenant alnoor (Demo) in 3245 ms
setup-1  | info: Erp.Kernel.Seeding.SeedRunner[0]
setup-1  |       Seeded tenant gulfsteel (Demo) in 792 ms
[Ksetup-1 exited with code 0
 Compose Stopping Aborting on container exit...
 Container c-p05-list-search-r1-plant-setup-1 Stopping 
 Container c-p05-list-search-r1-plant-setup-1 Stopped 
 Container c-p05-list-search-r1-plant-db-1 Running 
 Container c-p05-list-search-r1-plant-app-1 Creating 
 Container c-p05-list-search-r1-plant-app-1 Created 
 Container c-p05-list-search-r1-plant-db-1 Waiting 
 Container c-p05-list-search-r1-plant-db-1 Healthy 
 Container c-p05-list-search-r1-plant-setup-1 Starting 
 Container c-p05-list-search-r1-plant-setup-1 Started 
 Container c-p05-list-search-r1-plant-setup-1 Waiting 
 Container c-p05-list-search-r1-plant-setup-1 Exited 
 Container c-p05-list-search-r1-plant-app-1 Starting 
 Container c-p05-list-search-r1-plant-app-1 Started 

[1mThe demo is running (57 s): http://localhost:20570[0m

  Sign in (password for every demo user: Demo-Pass-2026)
    admin@alnoor.example       Administrator, English
    admin.ar@alnoor.example    Administrator, Arabic
    viewer@alnoor.example      Read-only role
    noaccess@alnoor.example    No roles (sees nothing)
    admin@gulfsteel.example    Administrator of the second workspace

  API description: http://localhost:20570/api/openapi/v1.json
  Database:        localhost:20571 (./erp psql)
  Stop:            ./erp down        (add --volumes to delete the data)
