reference rig: at least 100,000 rows in each of 7 main lists (checked live)
edit-and-save            odoo  verified  steps 4  keys 19  machine 0.323s  human 10.28s  human+wait 10.5s  -> ../../evidence-staging/p06-form-report/r5/compare/results/edit-and-save-20261010T130629-a0dd.json
edit-and-save            odoo  verified  steps 4  keys 19  machine 0.245s  human 10.28s  human+wait 10.408s  -> ../../evidence-staging/p06-form-report/r5/compare/results/edit-and-save-20261010T130642-f818.json
edit-and-save            odoo  verified  steps 4  keys 19  machine 0.255s  human 10.28s  human+wait 10.408s  -> ../../evidence-staging/p06-form-report/r5/compare/results/edit-and-save-20261010T130653-ce00.json
edit-and-save            ours  verified  steps 3  keys 18  machine 0.155s  human 8.09s  human+wait 8.143s  -> ../../evidence-staging/p06-form-report/r5/compare/results/edit-and-save-20261010T130705-df3f.json
edit-and-save            ours  verified  steps 3  keys 18  machine 0.139s  human 8.09s  human+wait 8.143s  -> ../../evidence-staging/p06-form-report/r5/compare/results/edit-and-save-20261010T130715-f3b2.json
edit-and-save            ours  verified  steps 3  keys 18  machine 0.136s  human 8.09s  human+wait 8.142s  -> ../../evidence-staging/p06-form-report/r5/compare/results/edit-and-save-20261010T130725-4777.json
edit-and-save            verdict win (ours judged on its whole path 'enter')
print-list-arabic        ours  verified  steps 3  keys 13  machine 0.509s  human 11.09s  human+wait 11.344s  -> ../../evidence-staging/p06-form-report/r5/compare/results/print-list-arabic-20261010T130735-fdd1.json
print-list-arabic        ours  verified  steps 3  keys 13  machine 0.493s  human 11.09s  human+wait 11.334s  -> ../../evidence-staging/p06-form-report/r5/compare/results/print-list-arabic-20261010T130738-f872.json
print-list-arabic        ours  verified  steps 3  keys 13  machine 0.476s  human 11.09s  human+wait 11.338s  -> ../../evidence-staging/p06-form-report/r5/compare/results/print-list-arabic-20261010T130741-b346.json
print-list-arabic        odoo  verified  steps 5  keys 32  machine 5.655s  human 19.06s  human+wait 24.173s  -> ../../evidence-staging/p06-form-report/r5/compare/results/print-list-arabic-20261010T130743-c107.json
print-list-arabic        odoo  verified  steps 5  keys 32  machine 4.578s  human 19.06s  human+wait 23.251s  -> ../../evidence-staging/p06-form-report/r5/compare/results/print-list-arabic-20261010T130757-0fd6.json
print-list-arabic        odoo  verified  steps 5  keys 32  machine 4.848s  human 19.06s  human+wait 23.475s  -> ../../evidence-staging/p06-form-report/r5/compare/results/print-list-arabic-20261010T130807-bfe1.json
print-list-arabic        verdict win
arabic-report            odoo  verified  steps 6  keys 0  machine 3.589s  human 15.9s  human+wait 19.162s  -> ../../evidence-staging/p06-form-report/r5/compare/results/arabic-report-20261010T130818-2e77.json
arabic-report            odoo  verified  steps 6  keys 0  machine 3.739s  human 15.9s  human+wait 19.309s  -> ../../evidence-staging/p06-form-report/r5/compare/results/arabic-report-20261010T130825-1967.json
arabic-report            odoo  verified  steps 6  keys 0  machine 3.484s  human 15.9s  human+wait 19.042s  -> ../../evidence-staging/p06-form-report/r5/compare/results/arabic-report-20261010T130833-fe8c.json
arabic-report            ours  verified  steps 2  keys 0  machine 0.088s  human 5.3s  human+wait 5.313s  -> ../../evidence-staging/p06-form-report/r5/compare/results/arabic-report-20261010T130841-aabe.json
arabic-report            ours  verified  steps 2  keys 0  machine 0.062s  human 5.3s  human+wait 5.312s  -> ../../evidence-staging/p06-form-report/r5/compare/results/arabic-report-20261010T130843-a289.json
arabic-report            ours  verified  steps 2  keys 0  machine 0.074s  human 5.3s  human+wait 5.312s  -> ../../evidence-staging/p06-form-report/r5/compare/results/arabic-report-20261010T130845-be44.json
arabic-report            verdict win
arabic-report            left out: keystrokes (both products exactly 0 on a count metric; neither a tie nor a win, owner decision 2026-10-08, needs-human #11)
blind review page: ../../../../evidence-staging/p06-form-report/r5/compare/blind/review.html
output: ../../../../evidence-staging/p06-form-report/r5/compare
