Test run for /home/user/critic/p02-tenancy-r3-plants/tests/Erp.Modules.Tenancy.Tests/bin/Release/net10.0/Erp.Modules.Tenancy.Tests.dll (.NETCoreApp,Version=v10.0)
A total of 1 test files matched the specified pattern.
[xUnit.net 00:00:00.00] xUnit.net VSTest Adapter v3.1.5+1b188a7b0a (64-bit .NET 10.0.12)
[xUnit.net 00:00:00.23]   Discovering: Erp.Modules.Tenancy.Tests
[xUnit.net 00:00:00.51]   Discovered:  Erp.Modules.Tenancy.Tests
[xUnit.net 00:00:00.77]   Starting:    Erp.Modules.Tenancy.Tests
  Passed Erp.Modules.Tenancy.Tests.CompanyScopeTests.A_bound_scope_shows_only_its_companies_cannot_be_widened_and_refuses_writes_elsewhere [237 ms]
  Passed Erp.Modules.Tenancy.Tests.CompanyScopeTests.System_work_sees_every_company_and_a_user_sees_none_until_bound [82 ms]
  Passed Erp.Modules.Tenancy.Tests.AccessTests.The_access_list_pages_users_with_their_companies [2 s]
  Passed Erp.Modules.Tenancy.Tests.CompanyTests.Changes_need_the_version_read_and_a_company_can_be_deactivated_and_reactivated [2 s]
[xUnit.net 00:00:17.56]     Erp.Modules.Tenancy.Tests.GrantRulesTests.Only_someone_who_works_in_every_company_creates_a_company_or_changes_a_company_code [FAIL]
[xUnit.net 00:00:17.57]       Assert.Equal() Failure: Values differ
[xUnit.net 00:00:17.57]       Expected: Forbidden
[xUnit.net 00:00:17.57]       Actual:   Conflict
[xUnit.net 00:00:17.57]       Stack Trace:
[xUnit.net 00:00:17.57]         /home/user/critic/p02-tenancy-r3-plants/tests/Erp.Modules.Tenancy.Tests/GrantRulesTests.cs(147,0): at Erp.Modules.Tenancy.Tests.GrantRulesTests.Only_someone_who_works_in_every_company_creates_a_company_or_changes_a_company_code()
[xUnit.net 00:00:17.58]         --- End of stack trace from previous location ---
  Failed Erp.Modules.Tenancy.Tests.GrantRulesTests.Only_someone_who_works_in_every_company_creates_a_company_or_changes_a_company_code [3 s]
  Error Message:
   Assert.Equal() Failure: Values differ
Expected: Forbidden
Actual:   Conflict
  Stack Trace:
     at Erp.Modules.Tenancy.Tests.GrantRulesTests.Only_someone_who_works_in_every_company_creates_a_company_or_changes_a_company_code() in /home/user/critic/p02-tenancy-r3-plants/tests/Erp.Modules.Tenancy.Tests/GrantRulesTests.cs:line 147
--- End of stack trace from previous location ---
  Passed Erp.Modules.Tenancy.Tests.CompanyTests.The_same_logo_in_two_companies_has_a_different_tag_in_each [1 s]
[xUnit.net 00:00:19.35]     Erp.Modules.Tenancy.Tests.GrantRulesTests.A_branch_limited_administrator_sees_reads_changes_and_gives_only_their_own_branch [FAIL]
[xUnit.net 00:00:19.35]       Assert.Equal() Failure: Collections differ
[xUnit.net 00:00:19.35]       Expected: Guid[]                                       [0191260e-f482-7d49-a22a-0b98079ec086]
[xUnit.net 00:00:19.35]       Actual:   IEnumerableSelectIterator<JsonElement, Guid> [0191260e-f482-7d49-a22a-0b98079ec086, 0191260e-f483-78a0-81ca-a2b7677782e4]
[xUnit.net 00:00:19.35]                                                                                                     ↑ (pos 1)
[xUnit.net 00:00:19.35]       Stack Trace:
[xUnit.net 00:00:19.35]         /home/user/critic/p02-tenancy-r3-plants/tests/Erp.Modules.Tenancy.Tests/GrantRulesTests.cs(89,0): at Erp.Modules.Tenancy.Tests.GrantRulesTests.A_branch_limited_administrator_sees_reads_changes_and_gives_only_their_own_branch()
[xUnit.net 00:00:19.35]         --- End of stack trace from previous location ---
  Passed Erp.Modules.Tenancy.Tests.CompanyTests.The_companies_list_never_reads_logo_bytes_and_still_searches_filters_sorts_and_groups [564 ms]
  Passed Erp.Modules.Tenancy.Tests.AccessTests.A_new_user_works_in_no_company_until_given_access_and_then_only_in_the_companies_given [2 s]
  Passed Erp.Modules.Tenancy.Tests.CompanyTests.Validation_names_every_bad_field_in_the_callers_language [422 ms]
  Failed Erp.Modules.Tenancy.Tests.GrantRulesTests.A_branch_limited_administrator_sees_reads_changes_and_gives_only_their_own_branch [1 s]
  Error Message:
   Assert.Equal() Failure: Collections differ
Expected: Guid[]                                       [0191260e-f482-7d49-a22a-0b98079ec086]
Actual:   IEnumerableSelectIterator<JsonElement, Guid> [0191260e-f482-7d49-a22a-0b98079ec086, 0191260e-f483-78a0-81ca-a2b7677782e4]
                                                                                              ↑ (pos 1)
  Stack Trace:
     at Erp.Modules.Tenancy.Tests.GrantRulesTests.A_branch_limited_administrator_sees_reads_changes_and_gives_only_their_own_branch() in /home/user/critic/p02-tenancy-r3-plants/tests/Erp.Modules.Tenancy.Tests/GrantRulesTests.cs:line 89
--- End of stack trace from previous location ---
  Passed Erp.Modules.Tenancy.Tests.CompanyTests.Branches_belong_to_one_company_and_codes_are_unique_within_it [1 s]
  Passed Erp.Modules.Tenancy.Tests.CompanyTests.A_company_or_branch_needs_only_a_name_and_gets_a_code_made_from_it [635 ms]
  Passed Erp.Modules.Tenancy.Tests.GrantRulesTests.A_user_holding_only_the_access_permission_cannot_take_access_from_the_administrator [1 s]
[xUnit.net 00:00:22.40]     Erp.Modules.Tenancy.Tests.CompanyTests.Logos_must_be_real_images_of_the_stated_type_and_are_served_back [FAIL]
[xUnit.net 00:00:22.40]       Assert.Equal() Failure: Values differ
[xUnit.net 00:00:22.40]       Expected: NotFound
[xUnit.net 00:00:22.40]       Actual:   OK
[xUnit.net 00:00:22.40]       Stack Trace:
[xUnit.net 00:00:22.40]         /home/user/critic/p02-tenancy-r3-plants/tests/Erp.Modules.Tenancy.Tests/CompanyTests.cs(244,0): at Erp.Modules.Tenancy.Tests.CompanyTests.Logos_must_be_real_images_of_the_stated_type_and_are_served_back()
[xUnit.net 00:00:22.40]         --- End of stack trace from previous location ---
  Passed Erp.Modules.Tenancy.Tests.CompanyTests.An_administrator_creates_a_company_works_in_it_and_reads_it_back [848 ms]
  Passed Erp.Modules.Tenancy.Tests.AccessTests.Administrators_give_only_their_own_companies_and_never_change_their_own_access [3 s]
  Failed Erp.Modules.Tenancy.Tests.CompanyTests.Logos_must_be_real_images_of_the_stated_type_and_are_served_back [553 ms]
  Error Message:
   Assert.Equal() Failure: Values differ
Expected: NotFound
Actual:   OK
  Stack Trace:
     at Erp.Modules.Tenancy.Tests.CompanyTests.Logos_must_be_real_images_of_the_stated_type_and_are_served_back() in /home/user/critic/p02-tenancy-r3-plants/tests/Erp.Modules.Tenancy.Tests/CompanyTests.cs:line 244
--- End of stack trace from previous location ---
  Passed Erp.Modules.Tenancy.Tests.AccessTests.The_working_company_is_kept_across_sessions_and_falls_back_when_access_is_removed [1 s]
  Passed Erp.Modules.Tenancy.Tests.TenantTests.Each_user_reads_their_own_workspace [964 ms]
  Passed Erp.Modules.Tenancy.Tests.AccessTests.The_access_list_keeps_the_list_contract_and_needs_only_its_own_permission [868 ms]
  Passed Erp.Modules.Tenancy.Tests.TenantTests.Renaming_needs_both_names_and_the_version_and_refuses_a_stale_version [604 ms]
  Passed Erp.Modules.Tenancy.Tests.TenantTests.Reading_and_renaming_need_their_permissions [391 ms]
  Passed Erp.Modules.Tenancy.Tests.ProvisioningTests.Workspace_settings_are_validated_and_kept [748 ms]
[xUnit.net 00:00:34.24]   Finished:    Erp.Modules.Tenancy.Tests (ID = 'b36ca546e39b83a34b6bb660da85202f6e275f259497de467bf1fd5b04a927a5')
  Passed Erp.Modules.Tenancy.Tests.ProvisioningTests.Suspending_a_workspace_ends_its_sessions_and_activating_it_restores_sign_in [902 ms]
  Passed Erp.Modules.Tenancy.Tests.ProvisioningTests.An_operator_provisions_a_workspace_with_its_first_company_branch_and_administrator [648 ms]

Test Run Failed.
Total tests: 24
     Passed: 21
     Failed: 3
 Total time: 34.7059 Seconds
