Test run for /home/user/critic/p02-tenancy-r3-plants/tests/Erp.Gates.Tests/bin/Release/net10.0/Erp.Gates.Tests.dll (.NETCoreApp,Version=v10.0)
A total of 1 test files matched the specified pattern.
[xUnit.net 00:00:00.00] xUnit.net VSTest Adapter v3.1.5+1b188a7b0a (64-bit .NET 10.0.12)
[xUnit.net 00:00:00.25]   Discovering: Erp.Gates.Tests
[xUnit.net 00:00:00.58]   Discovered:  Erp.Gates.Tests
[xUnit.net 00:00:00.80]   Starting:    Erp.Gates.Tests
  Passed Erp.Gates.Tests.G1.G1UniqueIndexTests.Unique_indexes_on_tenant_tables_include_the_tenant [118 ms]
  Passed Erp.Gates.Tests.Rules.OpenApiGateTests.OpenApi_document_covers_every_endpoint_with_its_permission [797 ms]
  Passed Erp.Gates.Tests.Rules.OpenApiGateTests.Decimals_are_documented_as_strings [209 ms]
  Passed Erp.Gates.Tests.G2.G2PermissionTests.Users_cannot_escalate_their_own_privileges [1 s]
  Passed Erp.Gates.Tests.G2.G2PermissionTests.Every_module_route_is_under_a_reviewed_map_or_derives_its_permission_from_its_list [9 ms]
  Passed Erp.Gates.Tests.G2.G2PermissionTests.Every_declared_permission_is_in_the_catalogue_and_every_catalogue_permission_is_used [1 ms]
  Passed Erp.Gates.Tests.G2.G2PermissionTests.The_host_refuses_to_start_with_an_endpoint_that_declares_no_permission [78 ms]
[xUnit.net 00:00:25.09]     Erp.Gates.Tests.G2.G2PermissionTests.Every_endpoint_under_a_reviewed_prefix_declares_exactly_its_reviewed_permission [FAIL]
[xUnit.net 00:00:25.09]       PUT /api/tenancy/companies/{id:guid}/logo declares tenancy.workplace.switch; the reviewed map tenancy.txt says tenancy.companies.update
[xUnit.net 00:00:25.09]       Stack Trace:
[xUnit.net 00:00:25.10]         /home/user/critic/p02-tenancy-r3-plants/tests/Erp.Gates.Tests/G2/G2PermissionTests.cs(95,0): at Erp.Gates.Tests.G2.G2PermissionTests.Every_endpoint_under_a_reviewed_prefix_declares_exactly_its_reviewed_permission()
[xUnit.net 00:00:25.10]            at System.RuntimeMethodHandle.InvokeMethod(ObjectHandleOnStack target, Void** arguments, ObjectHandleOnStack sig, BOOL isConstructor, ObjectHandleOnStack result)
[xUnit.net 00:00:25.10]            at System.RuntimeMethodHandle.InvokeMethod(ObjectHandleOnStack target, Void** arguments, ObjectHandleOnStack sig, BOOL isConstructor, ObjectHandleOnStack result)
[xUnit.net 00:00:25.10]            at System.Reflection.MethodBaseInvoker.InterpretedInvoke_Method(Object obj, IntPtr* args)
[xUnit.net 00:00:25.10]            at System.Reflection.RuntimeMethodInfo.Invoke(Object obj, BindingFlags invokeAttr, Binder binder, Object[] parameters, CultureInfo culture)
[xUnit.net 00:00:25.10]       Output:
[xUnit.net 00:00:25.10]         39 endpoints compared with 2 reviewed map(s)
  Passed Erp.Gates.Tests.G2.G2PermissionTests.Sharing_a_view_needs_the_share_permission_and_the_lists_own_permission [1 s]
  Passed Erp.Gates.Tests.G2.G2PermissionTests.The_host_refuses_a_list_whose_endpoint_declares_another_permission [38 ms]
  Passed Erp.Gates.Tests.G2.G2PermissionTests.Every_endpoint_declares_exactly_one_permission_or_is_reviewed_anonymous [4 ms]
  Passed Erp.Gates.Tests.G2.G2PermissionTests.Undeclared_endpoints_fall_back_to_deny [1 ms]
  Failed Erp.Gates.Tests.G2.G2PermissionTests.Every_endpoint_under_a_reviewed_prefix_declares_exactly_its_reviewed_permission [5 ms]
  Error Message:
   PUT /api/tenancy/companies/{id:guid}/logo declares tenancy.workplace.switch; the reviewed map tenancy.txt says tenancy.companies.update
  Stack Trace:
     at Erp.Gates.Tests.G2.G2PermissionTests.Every_endpoint_under_a_reviewed_prefix_declares_exactly_its_reviewed_permission() in /home/user/critic/p02-tenancy-r3-plants/tests/Erp.Gates.Tests/G2/G2PermissionTests.cs:line 95
   at System.RuntimeMethodHandle.InvokeMethod(ObjectHandleOnStack target, Void** arguments, ObjectHandleOnStack sig, BOOL isConstructor, ObjectHandleOnStack result)
   at System.RuntimeMethodHandle.InvokeMethod(ObjectHandleOnStack target, Void** arguments, ObjectHandleOnStack sig, BOOL isConstructor, ObjectHandleOnStack result)
   at System.Reflection.MethodBaseInvoker.InterpretedInvoke_Method(Object obj, IntPtr* args)
   at System.Reflection.RuntimeMethodInfo.Invoke(Object obj, BindingFlags invokeAttr, Binder binder, Object[] parameters, CultureInfo culture)
  Standard Output Messages:
 39 endpoints compared with 2 reviewed map(s)


  Passed Erp.Gates.Tests.G2.G2PermissionTests.No_endpoint_that_changes_data_is_guarded_by_a_read_permission [1 ms]
  Passed Erp.Gates.Tests.G2.G2PermissionTests.Every_registered_list_is_readable_with_its_permission_alone [4 s]
  Passed Erp.Gates.Tests.G2.G2PermissionTests.The_reviewed_permission_map_catches_a_weaker_permission_an_unreviewed_endpoint_and_a_stale_line [51 ms]
  Passed Erp.Gates.Tests.G1.G1SignInThrottleTests.Failed_sign_ins_from_one_client_never_lock_the_account_out_for_anyone_else [11 s]
  Passed Erp.Gates.Tests.G2.G2AccountTakeoverTests.Acting_on_a_record_that_grants_access_needs_everything_it_grants [14 s]
  Passed Erp.Gates.Tests.G2.G2PermissionTests.No_endpoint_grants_more_than_the_caller_holds [4 s]
  Passed Erp.Gates.Tests.G2.G2AccountTakeoverTests.Creating_from_a_role_cannot_grant_more_than_the_caller_holds [1 s]
  Passed Erp.Gates.Tests.G2.G2PermissionTests.Creating_a_user_cannot_grant_more_than_the_caller_holds [1 s]
  Passed Erp.Gates.Tests.G2.G2PermissionTests.Requests_that_only_read_cannot_write [10 ms]
  Passed Erp.Gates.Tests.G2.G2PermissionTests.A_user_whose_roles_grant_nothing_is_denied_everything_and_sees_no_menu [1 s]
  Passed Erp.Gates.Tests.G2.G2PermissionTests.The_host_refuses_to_start_with_an_endpoint_whose_permission_is_not_in_the_catalogue [29 ms]
  Passed Erp.Gates.Tests.G2.G2PermissionTests.Anonymous_callers_get_401_from_every_permissioned_endpoint [17 ms]
  Passed Erp.Gates.Tests.G2.G2PermissionTests.The_declaration_check_catches_AllowAnonymous_stacked_on_a_permission [27 ms]
  Passed Erp.Gates.Tests.G1.G1SignInThrottleTests.Sign_in_failures_give_one_answer_that_states_no_policy [5 s]
  Passed Erp.Gates.Tests.G2.G2AccountTakeoverTests.Acting_on_a_user_needs_every_permission_that_user_holds [7 s]
  Passed Erp.Gates.Tests.G2.G2AccountTakeoverTests.Nobody_resets_their_own_password_or_ends_their_own_access_through_administration [784 ms]
  Passed Erp.Gates.Tests.Rules.ShellGateTests.Screens_format_numbers_amounts_and_dates_through_the_kernel_formatter [11 ms]
  Passed Erp.Gates.Tests.Rules.ShellGateTests.Every_navigation_group_has_an_English_and_Arabic_heading [1 ms]
  Passed Erp.Gates.Tests.Rules.ShellGateTests.Language_and_digit_fields_document_their_allowed_values [185 ms]
  Passed Erp.Gates.Tests.Rules.ShellGateTests.Stylesheets_and_inline_styles_use_logical_directions_only [166 ms]
  Passed Erp.Gates.Tests.Rules.AuditGateTests.Writes_that_bypass_the_ORM_are_audited_too [44 ms]
  Passed Erp.Gates.Tests.Rules.AuditGateTests.Writes_through_the_API_leave_field_level_audit_rows_attributed_to_the_user [745 ms]
  Passed Erp.Gates.Tests.SelfTests.WriteOracleSelfTests.The_write_oracle_check_catches_a_create_that_refuses_another_tenants_address [4 s]
  Passed Erp.Gates.Tests.Rules.AuditGateTests.Passwords_are_redacted_in_the_audit_trail [381 ms]
  Passed Erp.Gates.Tests.Rules.AuditGateTests.Every_tenant_table_carries_the_audit_trigger_unless_reviewed_exempt [33 ms]
  Passed Erp.Gates.Tests.Rules.AuditGateTests.Changing_ones_own_interface_preferences_is_audited_field_by_field [209 ms]
  Passed Erp.Gates.Tests.G1.G1CompanyScopeTests.The_application_role_sees_and_changes_only_the_bound_companies_in_every_company_table [192 ms]
  Passed Erp.Gates.Tests.G1.G1CompanyScopeTests.Every_company_table_carries_the_standard_company_scope_policy [24 ms]
  Passed Erp.Gates.Tests.Rules.ListIndexGateTests.Search_fields_and_sortable_columns_of_database_lists_are_indexed [94 ms]
  Passed Erp.Gates.Tests.Rules.BulkTimeoutGateTests.Only_the_seed_runner_and_the_platform_build_the_application_pools [31 ms]
  Passed Erp.Gates.Tests.Rules.BulkTimeoutGateTests.Bulk_code_never_sets_a_literal_command_timeout_or_opens_its_own_connection [62 ms]
  Passed Erp.Gates.Tests.Rules.BulkTimeoutGateTests.The_seed_runner_puts_every_tenant_seed_on_the_bulk_pool [< 1 ms]
  Passed Erp.Gates.Tests.Rules.LicenceGateTests.Every_npm_package_has_an_allowed_licence [18 ms]
  Passed Erp.Gates.Tests.Rules.LicenceGateTests.Every_NuGet_package_has_an_allowed_licence [24 ms]
  Passed Erp.Gates.Tests.Rules.ListContractGateTests.Every_search_field_is_searched_word_by_word_and_grouping_counts_every_row_once [1 s]
  Passed Erp.Gates.Tests.Rules.ListContractGateTests.Every_registered_list_documents_the_list_query_contract_and_its_definition [499 ms]
  Passed Erp.Gates.Tests.Rules.ListContractGateTests.Every_sortable_column_orders_its_list_both_ways_and_keyset_paging_matches_one_page [5 s]
  Passed Erp.Gates.Tests.Rules.ListContractGateTests.Every_filterable_column_filters_its_list_and_other_columns_are_refused [4 s]
  Passed Erp.Gates.Tests.G1.G1ReviewedLookupTests.Every_reviewed_function_has_reviewed_callers_and_sources [3 ms]
  Passed Erp.Gates.Tests.G1.G1ReviewedLookupTests.Reviewed_lookups_answer_nothing_inside_a_tenant_bound_transaction [30 ms]
  Passed Erp.Gates.Tests.G1.G1ReviewedLookupTests.Only_reviewed_source_files_name_a_reviewed_function [6 ms]
  Passed Erp.Gates.Tests.G2.G2PermissionTests.Granting_exactly_one_permission_opens_exactly_the_endpoints_that_declare_it [39 s]
  Passed Erp.Gates.Tests.Rules.StringGateTests.Count_messages_use_plural_forms [11 ms]
  Passed Erp.Gates.Tests.Rules.StringGateTests.Server_string_files_have_matching_English_and_Arabic_keys [15 ms]
  Passed Erp.Gates.Tests.Rules.StringGateTests.Web_string_files_have_matching_English_and_Arabic_keys [3 ms]
  Passed Erp.Gates.Tests.Rules.StringGateTests.Every_problem_and_validation_code_in_server_code_has_text [12 ms]
  Passed Erp.Gates.Tests.Rules.StringGateTests.Every_permission_module_and_menu_entry_has_labels [5 ms]
  Passed Erp.Gates.Tests.G1.G1ProcessStateTests.Process_wide_state_is_immutable_or_reviewed [42 ms]
  Passed Erp.Gates.Tests.G1.G1NonInterferenceTests.What_tenant_A_is_answered_never_depends_on_what_tenant_B_did [3 m 12 s]
[xUnit.net 00:03:36.55]     Erp.Gates.Tests.G1.G1DatabaseIsolationTests.Tenant_tables_enforce_row_level_security_with_the_standard_policy [FAIL]
[xUnit.net 00:03:36.55]       tenancy.user_company_totals: unreviewed policy 'tenancy.user_company_totals totals_directory r public' (add to tests/Gates/policy-allowlist.txt with a reason, only for read-only lookups by erp_auth)
[xUnit.net 00:03:36.55]       tenancy.user_company_totals: extra policy totals_directory may only grant SELECT to erp_auth
[xUnit.net 00:03:36.55]       Stack Trace:
[xUnit.net 00:03:36.55]         /home/user/critic/p02-tenancy-r3-plants/tests/Erp.Gates.Tests/G1/G1DatabaseIsolationTests.cs(43,0): at Erp.Gates.Tests.G1.G1DatabaseIsolationTests.Tenant_tables_enforce_row_level_security_with_the_standard_policy()
[xUnit.net 00:03:36.55]         --- End of stack trace from previous location ---
[xUnit.net 00:03:37.09]     Erp.Gates.Tests.G1.G1DatabaseIsolationTests.Application_role_sees_and_changes_only_its_own_tenant_in_every_tenant_table [FAIL]
[xUnit.net 00:03:37.09]       tenancy.user_company_totals: 6 rows visible without a tenant
[xUnit.net 00:03:37.09]       tenancy.user_company_totals: tenant A sees 6 rows, owns 3
[xUnit.net 00:03:37.09]       tenancy.user_company_totals: tenant A sees 3 rows of other tenants
[xUnit.net 00:03:37.09]       Stack Trace:
[xUnit.net 00:03:37.10]         /home/user/critic/p02-tenancy-r3-plants/tests/Erp.Gates.Tests/G1/G1DatabaseIsolationTests.cs(336,0): at Erp.Gates.Tests.G1.G1DatabaseIsolationTests.Application_role_sees_and_changes_only_its_own_tenant_in_every_tenant_table()
[xUnit.net 00:03:37.10]         /home/user/critic/p02-tenancy-r3-plants/tests/Erp.Gates.Tests/G1/G1DatabaseIsolationTests.cs(337,0): at Erp.Gates.Tests.G1.G1DatabaseIsolationTests.Application_role_sees_and_changes_only_its_own_tenant_in_every_tenant_table()
[xUnit.net 00:03:37.10]         --- End of stack trace from previous location ---
  Passed Erp.Gates.Tests.G1.G1DatabaseIsolationTests.Security_definer_functions_are_exactly_the_reviewed_ones [27 ms]
  Passed Erp.Gates.Tests.G1.G1DatabaseIsolationTests.Foreign_keys_between_tenant_tables_include_the_tenant [60 ms]
  Passed Erp.Gates.Tests.G1.G1DatabaseIsolationTests.Every_table_is_tenant_owned_or_a_reviewed_platform_table [23 ms]
  Failed Erp.Gates.Tests.G1.G1DatabaseIsolationTests.Tenant_tables_enforce_row_level_security_with_the_standard_policy [69 ms]
  Error Message:
   tenancy.user_company_totals: unreviewed policy 'tenancy.user_company_totals totals_directory r public' (add to tests/Gates/policy-allowlist.txt with a reason, only for read-only lookups by erp_auth)
tenancy.user_company_totals: extra policy totals_directory may only grant SELECT to erp_auth
  Stack Trace:
     at Erp.Gates.Tests.G1.G1DatabaseIsolationTests.Tenant_tables_enforce_row_level_security_with_the_standard_policy() in /home/user/critic/p02-tenancy-r3-plants/tests/Erp.Gates.Tests/G1/G1DatabaseIsolationTests.cs:line 43
--- End of stack trace from previous location ---
  Passed Erp.Gates.Tests.G1.G1DatabaseIsolationTests.A_tenant_set_for_the_whole_connection_or_left_by_an_earlier_transaction_is_ignored [26 ms]
  Passed Erp.Gates.Tests.G1.G1DatabaseIsolationTests.Application_role_cannot_bypass_row_level_security_or_become_a_role_that_can [43 ms]
  Passed Erp.Gates.Tests.G1.G1DatabaseIsolationTests.Tenant_tables_have_an_id_primary_key [33 ms]
  Failed Erp.Gates.Tests.G1.G1DatabaseIsolationTests.Application_role_sees_and_changes_only_its_own_tenant_in_every_tenant_table [433 ms]
  Error Message:
   tenancy.user_company_totals: 6 rows visible without a tenant
tenancy.user_company_totals: tenant A sees 6 rows, owns 3
tenancy.user_company_totals: tenant A sees 3 rows of other tenants
  Stack Trace:
     at Erp.Gates.Tests.G1.G1DatabaseIsolationTests.Application_role_sees_and_changes_only_its_own_tenant_in_every_tenant_table() in /home/user/critic/p02-tenancy-r3-plants/tests/Erp.Gates.Tests/G1/G1DatabaseIsolationTests.cs:line 336
   at Erp.Gates.Tests.G1.G1DatabaseIsolationTests.Application_role_sees_and_changes_only_its_own_tenant_in_every_tenant_table() in /home/user/critic/p02-tenancy-r3-plants/tests/Erp.Gates.Tests/G1/G1DatabaseIsolationTests.cs:line 337
--- End of stack trace from previous location ---
  Passed Erp.Gates.Tests.G1.G1DatabaseIsolationTests.Leakproof_functions_are_postgres_defaults_or_reviewed [68 ms]
  Passed Erp.Gates.Tests.G1.G1DatabaseIsolationTests.Audit_trail_is_append_only_for_the_application [11 ms]
  Passed Erp.Gates.Tests.G1.G1ClientStateTests.The_inventory_finds_planted_module_state [29 ms]
  Passed Erp.Gates.Tests.G1.G1ClientStateTests.Every_piece_of_module_level_state_in_the_web_sources_is_reviewed [22 ms]
  Passed Erp.Gates.Tests.Rules.RegistrationGateTests.Navigation_reaches_every_screen_and_every_menu_entry_opens_a_screen_with_its_permission [7 ms]
  Passed Erp.Gates.Tests.Rules.RegistrationGateTests.Every_registered_list_is_served_as_a_page_whose_rows_carry_its_columns [60 ms]
  Passed Erp.Gates.Tests.G1.G1WriteOracleTests.Writes_answer_the_same_for_another_tenants_values_as_for_values_that_exist_nowhere [5 s]
  Passed Erp.Gates.Tests.G1.G1CredentialTests.No_reviewed_function_returns_a_credential_column_or_a_whole_row [26 ms]
  Passed Erp.Gates.Tests.G1.G1CredentialTests.The_application_role_can_read_no_stored_credential [95 ms]
  Passed Erp.Gates.Tests.G1.G1CredentialTests.The_function_owner_writes_only_where_reviewed [91 ms]
  Passed Erp.Gates.Tests.G1.G1CredentialTests.The_sign_in_lookup_reveals_no_hash_and_no_account_before_the_password_is_proven [188 ms]
  Passed Erp.Gates.Tests.G1.G1TenantSourceTests.Only_reviewed_files_choose_a_tenant_or_step_around_the_unit_of_work [100 ms]
  Passed Erp.Gates.Tests.G1.G1TenantSourceTests.The_scanner_catches_every_planted_bypass [6 ms]
  Passed Erp.Gates.Tests.Rules.MoneyGateTests.No_floating_point_or_money_columns_in_the_database [9 ms]
  Passed Erp.Gates.Tests.Rules.MoneyGateTests.No_float_or_double_in_server_code [39 ms]
  Passed Erp.Gates.Tests.Rules.MoneyGateTests.No_parseFloat_in_front_end_code [10 ms]
  Passed Erp.Gates.Tests.G2.G2CompanyAccessGrantTests.Company_access_is_given_and_taken_only_within_what_the_caller_holds_and_never_from_a_stronger_user [5 s]
  Passed Erp.Gates.Tests.SelfTests.NonInterferenceSelfTests.The_non_interference_check_catches_shared_state_that_leaks_no_marker [4 m 24 s]
  Passed Erp.Gates.Tests.SelfTests.NonInterferenceSelfTests.The_non_interference_check_ignores_only_times_and_trace_ids [1 ms]
  Passed Erp.Gates.Tests.SelfTests.GateSelfTests.The_grant_bearing_record_check_catches_a_role_delete_without_the_grant_check [11 s]
  Passed Erp.Gates.Tests.SelfTests.GateSelfTests.The_database_check_catches_a_table_without_row_level_security [93 ms]
  Passed Erp.Gates.Tests.SelfTests.GateSelfTests.The_company_grant_check_catches_access_given_without_checking_the_caller_or_the_user [6 s]
  Passed Erp.Gates.Tests.SelfTests.GateSelfTests.The_grant_bearing_record_check_catches_an_edit_that_skips_the_access_check_when_only_the_email_changes [11 s]
  Passed Erp.Gates.Tests.SelfTests.GateSelfTests.The_permission_checks_catch_a_write_guarded_by_a_read_permission_and_a_read_that_writes [220 ms]
  Passed Erp.Gates.Tests.SelfTests.GateSelfTests.The_database_check_catches_a_unique_index_across_tenants [84 ms]
  Passed Erp.Gates.Tests.SelfTests.GateSelfTests.The_company_policy_check_catches_a_company_table_without_the_company_scope [82 ms]
  Passed Erp.Gates.Tests.SelfTests.GateSelfTests.The_process_state_check_catches_a_static_cache_and_a_stateful_singleton [24 ms]
  Passed Erp.Gates.Tests.SelfTests.GateSelfTests.The_grant_escalation_check_catches_an_endpoint_that_grants_any_role [5 s]
[xUnit.net 00:13:36.46]     Erp.Gates.Tests.G1.G1CompanyIsolationTests.A_user_of_company_X_cannot_reach_company_Y_through_any_endpoint [FAIL]
[xUnit.net 00:13:36.46]       113 leaks of company Y:
[xUnit.net 00:13:36.46]       company X administrator → POST /api/tenancy/branches → 201: contains company Y marker 0191260e-f484-7355-a299-a7763e4b9754
[xUnit.net 00:13:36.46]       company X administrator → POST /api/tenancy/branches?companyId=0191260e-f485-761b-96d0-c377ad07b94f → 201: contains company Y marker 0191260e-f484-7355-a299-a7763e4b9754
[xUnit.net 00:13:36.46]       company X administrator → POST /api/tenancy/branches?companyId=01a106f8-d9e3-7802-a380-613464332449 → 201: contains company Y marker 0191260e-f484-7355-a299-a7763e4b9754
[xUnit.net 00:13:36.46]       company X administrator → POST /api/tenancy/branches?companyId=01a106f8-d9e3-7445-a0c5-0bde986633aa → 201: contains company Y marker 0191260e-f484-7355-a299-a7763e4b9754
[xUnit.net 00:13:36.46]       company X administrator → POST /api/tenancy/branches?companyId=A2-BR1 → 201: contains company Y marker 0191260e-f484-7355-a299-a7763e4b9754
[xUnit.net 00:13:36.46]       company X administrator → POST /api/tenancy/branches?companyId=Alpha%20Steel%20Industries%20branch%20one → 201: contains company Y marker 0191260e-f484-7355-a299-a7763e4b9754
[xUnit.net 00:13:36.46]       company X administrator → POST /api/tenancy/branches?companyId=%D8%A7%D9%84%D8%B5%D9%86%D8%A7%D8%B9%D8%A7%D8%AA%20%D8%A7%D9%84%D9%81%D9%88%D9%84%D8%A7%D8%B0%D9%8A%D8%A9%20%D9%81%D8%B1%D8%B9%20%D8%A3%D9%88%D9%84 → 201: contains company Y marker 0191260e-f484-7355-a299-a7763e4b9754
[xUnit.net 00:13:36.46]       company X administrator → POST /api/tenancy/branches?companyId=Road%2021 → 201: contains company Y marker 0191260e-f484-7355-a299-a7763e4b9754
[xUnit.net 00:13:36.46]       company X administrator → POST /api/tenancy/branches?companyId=%2B971%204%20000%200021 → 201: contains company Y marker 0191260e-f484-7355-a299-a7763e4b9754
[xUnit.net 00:13:36.46]       company X administrator → POST /api/tenancy/branches?companyId=A2-CO → 201: contains company Y marker 0191260e-f484-7355-a299-a7763e4b9754
[xUnit.net 00:13:36.46]       company X administrator → POST /api/tenancy/branches?companyId=%D8%A7%D9%84%D8%B5%D9%86%D8%A7%D8%B9%D8%A7%D8%AA%20%D8%A7%D9%84%D9%81%D9%88%D9%84%D8%A7%D8%B0%D9%8A%D8%A9 → 201: contains company Y marker 0191260e-f484-7355-a299-a7763e4b9754
[xUnit.net 00:13:36.46]       company X administrator → POST /api/tenancy/branches?companyId=100000000002003 → 201: contains company Y marker 0191260e-f484-7355-a299-a7763e4b9754
[xUnit.net 00:13:36.46]       company X administrator → POST /api/tenancy/branches?companyId=20002 → 201: contains company Y marker 0191260e-f484-7355-a299-a7763e4b9754
[xUnit.net 00:13:36.46]       company X administrator → POST /api/tenancy/branches?companyId=%2B971%204%20000%200002 → 201: contains company Y marker 0191260e-f484-7355-a299-a7763e4b9754
[xUnit.net 00:13:36.46]       company X administrator → POST /api/tenancy/branches?companyId=1999afe179adb6f1b4182ee485d512a2951f80774f04e82e811fd905800ad213 → 201: contains company Y marker 0191260e-f484-7355-a299-a7763e4b9754
[xUnit.net 00:13:36.46]       company X administrator → POST /api/tenancy/branches?branchId=0191260e-f485-761b-96d0-c377ad07b94f → 201: contains company Y marker 0191260e-f484-7355-a299-a7763e4b9754
[xUnit.net 00:13:36.46]       company X administrator → POST /api/tenancy/branches?branchId=01a106f8-d9e3-7802-a380-613464332449 → 201: contains company Y marker 0191260e-f484-7355-a299-a7763e4b9754
[xUnit.net 00:13:36.46]       company X administrator → POST /api/tenancy/branches?branchId=01a106f8-d9e3-7445-a0c5-0bde986633aa → 201: contains company Y marker 0191260e-f484-7355-a299-a7763e4b9754
[xUnit.net 00:13:36.46]       company X administrator → POST /api/tenancy/branches?branchId=A2-BR1 → 201: contains company Y marker 0191260e-f484-7355-a299-a7763e4b9754
[xUnit.net 00:13:36.46]       company X administrator → POST /api/tenancy/branches?branchId=Alpha%20Steel%20Industries%20branch%20one → 201: contains company Y marker 0191260e-f484-7355-a299-a7763e4b9754
[xUnit.net 00:13:36.46]       company X administrator → POST /api/tenancy/branches?branchId=%D8%A7%D9%84%D8%B5%D9%86%D8%A7%D8%B9%D8%A7%D8%AA%20%D8%A7%D9%84%D9%81%D9%88%D9%84%D8%A7%D8%B0%D9%8A%D8%A9%20%D9%81%D8%B1%D8%B9%20%D8%A3%D9%88%D9%84 → 201: contains company Y marker 0191260e-f484-7355-a299-a7763e4b9754
[xUnit.net 00:13:36.46]       company X administrator → POST /api/tenancy/branches?branchId=Road%2021 → 201: contains company Y marker 0191260e-f484-7355-a299-a7763e4b9754
[xUnit.net 00:13:36.46]       company X administrator → POST /api/tenancy/branches?branchId=%2B971%204%20000%200021 → 201: contains company Y marker 0191260e-f484-7355-a299-a7763e4b9754
[xUnit.net 00:13:36.46]       company X administrator → POST /api/tenancy/branches?branchId=A2-CO → 201: contains company Y marker 0191260e-f484-7355-a299-a7763e4b9754
[xUnit.net 00:13:36.46]       company X administrator → POST /api/tenancy/branches?branchId=%D8%A7%D9%84%D8%B5%D9%86%D8%A7%D8%B9%D8%A7%D8%AA%20%D8%A7%D9%84%D9%81%D9%88%D9%84%D8%A7%D8%B0%D9%8A%D8%A9 → 201: contains company Y marker 0191260e-f484-7355-a299-a7763e4b9754
[xUnit.net 00:13:36.46]       company X administrator → POST /api/tenancy/branches?branchId=100000000002003 → 201: contains company Y marker 0191260e-f484-7355-a299-a7763e4b9754
[xUnit.net 00:13:36.46]       company X administrator → POST /api/tenancy/branches?branchId=20002 → 201: contains company Y marker 0191260e-f484-7355-a299-a7763e4b9754
[xUnit.net 00:13:36.46]       company X administrator → POST /api/tenancy/branches?branchId=%2B971%204%20000%200002 → 201: contains company Y marker 0191260e-f484-7355-a299-a7763e4b9754
[xUnit.net 00:13:36.46]       company X administrator → POST /api/tenancy/branches?branchId=1999afe179adb6f1b4182ee485d512a2951f80774f04e82e811fd905800ad213 → 201: contains company Y marker 0191260e-f484-7355-a299-a7763e4b9754
[xUnit.net 00:13:36.46]       company X administrator → POST /api/tenancy/branches?company=0191260e-f485-761b-96d0-c377ad07b94f → 201: contains company Y marker 0191260e-f484-7355-a299-a7763e4b9754
[xUnit.net 00:13:36.46]       company X administrator → POST /api/tenancy/branches?company=01a106f8-d9e3-7802-a380-613464332449 → 201: contains company Y marker 0191260e-f484-7355-a299-a7763e4b9754
[xUnit.net 00:13:36.46]       company X administrator → POST /api/tenancy/branches?company=01a106f8-d9e3-7445-a0c5-0bde986633aa → 201: contains company Y marker 0191260e-f484-7355-a299-a7763e4b9754
[xUnit.net 00:13:36.46]       company X administrator → POST /api/tenancy/branches?company=A2-BR1 → 201: contains company Y marker 0191260e-f484-7355-a299-a7763e4b9754
[xUnit.net 00:13:36.46]       company X administrator → POST /api/tenancy/branches?company=Alpha%20Steel%20Industries%20branch%20one → 201: contains company Y marker 0191260e-f484-7355-a299-a7763e4b9754
[xUnit.net 00:13:36.46]       company X administrator → POST /api/tenancy/branches?company=%D8%A7%D9%84%D8%B5%D9%86%D8%A7%D8%B9%D8%A7%D8%AA%20%D8%A7%D9%84%D9%81%D9%88%D9%84%D8%A7%D8%B0%D9%8A%D8%A9%20%D9%81%D8%B1%D8%B9%20%D8%A3%D9%88%D9%84 → 201: contains company Y marker 0191260e-f484-7355-a299-a7763e4b9754
[xUnit.net 00:13:36.46]       company X administrator → POST /api/tenancy/branches?company=Road%2021 → 201: contains company Y marker 0191260e-f484-7355-a299-a7763e4b9754
[xUnit.net 00:13:36.46]       company X administrator → POST /api/tenancy/branches?company=%2B971%204%20000%200021 → 201: contains company Y marker 0191260e-f484-7355-a299-a7763e4b9754
[xUnit.net 00:13:36.46]       company X administrator → POST /api/tenancy/branches?company=A2-CO → 201: contains company Y marker 0191260e-f484-7355-a299-a7763e4b9754
[xUnit.net 00:13:36.46]       company X administrator → POST /api/tenancy/branches?company=%D8%A7%D9%84%D8%B5%D9%86%D8%A7%D8%B9%D8%A7%D8%AA%20%D8%A7%D9%84%D9%81%D9%88%D9%84%D8%A7%D8%B0%D9%8A%D8%A9 → 201: contains company Y marker 0191260e-f484-7355-a299-a7763e4b9754
[xUnit.net 00:13:36.46]       company X administrator → POST /api/tenancy/branches?company=100000000002003 → 201: contains company Y marker 0191260e-f484-7355-a299-a7763e4b9754
[xUnit.net 00:13:36.46]       Stack Trace:
[xUnit.net 00:13:36.46]         /home/user/critic/p02-tenancy-r3-plants/tests/Erp.Gates.Tests/G1/G1CompanyIsolationTests.cs(45,0): at Erp.Gates.Tests.G1.G1CompanyIsolationTests.A_user_of_company_X_cannot_reach_company_Y_through_any_endpoint()
[xUnit.net 00:13:36.46]         --- End of stack trace from previous location ---
[xUnit.net 00:13:36.46]       Output:
[xUnit.net 00:13:36.46]         89 endpoints, 34866 requests, 20 company Y markers, 3316 differential checks, 5 write oracle checks
  Failed Erp.Gates.Tests.G1.G1CompanyIsolationTests.A_user_of_company_X_cannot_reach_company_Y_through_any_endpoint [12 m 24 s]
  Error Message:
   113 leaks of company Y:
company X administrator → POST /api/tenancy/branches → 201: contains company Y marker 0191260e-f484-7355-a299-a7763e4b9754
company X administrator → POST /api/tenancy/branches?companyId=0191260e-f485-761b-96d0-c377ad07b94f → 201: contains company Y marker 0191260e-f484-7355-a299-a7763e4b9754
company X administrator → POST /api/tenancy/branches?companyId=01a106f8-d9e3-7802-a380-613464332449 → 201: contains company Y marker 0191260e-f484-7355-a299-a7763e4b9754
company X administrator → POST /api/tenancy/branches?companyId=01a106f8-d9e3-7445-a0c5-0bde986633aa → 201: contains company Y marker 0191260e-f484-7355-a299-a7763e4b9754
company X administrator → POST /api/tenancy/branches?companyId=A2-BR1 → 201: contains company Y marker 0191260e-f484-7355-a299-a7763e4b9754
company X administrator → POST /api/tenancy/branches?companyId=Alpha%20Steel%20Industries%20branch%20one → 201: contains company Y marker 0191260e-f484-7355-a299-a7763e4b9754
company X administrator → POST /api/tenancy/branches?companyId=%D8%A7%D9%84%D8%B5%D9%86%D8%A7%D8%B9%D8%A7%D8%AA%20%D8%A7%D9%84%D9%81%D9%88%D9%84%D8%A7%D8%B0%D9%8A%D8%A9%20%D9%81%D8%B1%D8%B9%20%D8%A3%D9%88%D9%84 → 201: contains company Y marker 0191260e-f484-7355-a299-a7763e4b9754
company X administrator → POST /api/tenancy/branches?companyId=Road%2021 → 201: contains company Y marker 0191260e-f484-7355-a299-a7763e4b9754
company X administrator → POST /api/tenancy/branches?companyId=%2B971%204%20000%200021 → 201: contains company Y marker 0191260e-f484-7355-a299-a7763e4b9754
company X administrator → POST /api/tenancy/branches?companyId=A2-CO → 201: contains company Y marker 0191260e-f484-7355-a299-a7763e4b9754
company X administrator → POST /api/tenancy/branches?companyId=%D8%A7%D9%84%D8%B5%D9%86%D8%A7%D8%B9%D8%A7%D8%AA%20%D8%A7%D9%84%D9%81%D9%88%D9%84%D8%A7%D8%B0%D9%8A%D8%A9 → 201: contains company Y marker 0191260e-f484-7355-a299-a7763e4b9754
company X administrator → POST /api/tenancy/branches?companyId=100000000002003 → 201: contains company Y marker 0191260e-f484-7355-a299-a7763e4b9754
company X administrator → POST /api/tenancy/branches?companyId=20002 → 201: contains company Y marker 0191260e-f484-7355-a299-a7763e4b9754
company X administrator → POST /api/tenancy/branches?companyId=%2B971%204%20000%200002 → 201: contains company Y marker 0191260e-f484-7355-a299-a7763e4b9754
company X administrator → POST /api/tenancy/branches?companyId=1999afe179adb6f1b4182ee485d512a2951f80774f04e82e811fd905800ad213 → 201: contains company Y marker 0191260e-f484-7355-a299-a7763e4b9754
company X administrator → POST /api/tenancy/branches?branchId=0191260e-f485-761b-96d0-c377ad07b94f → 201: contains company Y marker 0191260e-f484-7355-a299-a7763e4b9754
company X administrator → POST /api/tenancy/branches?branchId=01a106f8-d9e3-7802-a380-613464332449 → 201: contains company Y marker 0191260e-f484-7355-a299-a7763e4b9754
company X administrator → POST /api/tenancy/branches?branchId=01a106f8-d9e3-7445-a0c5-0bde986633aa → 201: contains company Y marker 0191260e-f484-7355-a299-a7763e4b9754
company X administrator → POST /api/tenancy/branches?branchId=A2-BR1 → 201: contains company Y marker 0191260e-f484-7355-a299-a7763e4b9754
company X administrator → POST /api/tenancy/branches?branchId=Alpha%20Steel%20Industries%20branch%20one → 201: contains company Y marker 0191260e-f484-7355-a299-a7763e4b9754
company X administrator → POST /api/tenancy/branches?branchId=%D8%A7%D9%84%D8%B5%D9%86%D8%A7%D8%B9%D8%A7%D8%AA%20%D8%A7%D9%84%D9%81%D9%88%D9%84%D8%A7%D8%B0%D9%8A%D8%A9%20%D9%81%D8%B1%D8%B9%20%D8%A3%D9%88%D9%84 → 201: contains company Y marker 0191260e-f484-7355-a299-a7763e4b9754
company X administrator → POST /api/tenancy/branches?branchId=Road%2021 → 201: contains company Y marker 0191260e-f484-7355-a299-a7763e4b9754
company X administrator → POST /api/tenancy/branches?branchId=%2B971%204%20000%200021 → 201: contains company Y marker 0191260e-f484-7355-a299-a7763e4b9754
company X administrator → POST /api/tenancy/branches?branchId=A2-CO → 201: contains company Y marker 0191260e-f484-7355-a299-a7763e4b9754
company X administrator → POST /api/tenancy/branches?branchId=%D8%A7%D9%84%D8%B5%D9%86%D8%A7%D8%B9%D8%A7%D8%AA%20%D8%A7%D9%84%D9%81%D9%88%D9%84%D8%A7%D8%B0%D9%8A%D8%A9 → 201: contains company Y marker 0191260e-f484-7355-a299-a7763e4b9754
company X administrator → POST /api/tenancy/branches?branchId=100000000002003 → 201: contains company Y marker 0191260e-f484-7355-a299-a7763e4b9754
company X administrator → POST /api/tenancy/branches?branchId=20002 → 201: contains company Y marker 0191260e-f484-7355-a299-a7763e4b9754
company X administrator → POST /api/tenancy/branches?branchId=%2B971%204%20000%200002 → 201: contains company Y marker 0191260e-f484-7355-a299-a7763e4b9754
company X administrator → POST /api/tenancy/branches?branchId=1999afe179adb6f1b4182ee485d512a2951f80774f04e82e811fd905800ad213 → 201: contains company Y marker 0191260e-f484-7355-a299-a7763e4b9754
company X administrator → POST /api/tenancy/branches?company=0191260e-f485-761b-96d0-c377ad07b94f → 201: contains company Y marker 0191260e-f484-7355-a299-a7763e4b9754
company X administrator → POST /api/tenancy/branches?company=01a106f8-d9e3-7802-a380-613464332449 → 201: contains company Y marker 0191260e-f484-7355-a299-a7763e4b9754
company X administrator → POST /api/tenancy/branches?company=01a106f8-d9e3-7445-a0c5-0bde986633aa → 201: contains company Y marker 0191260e-f484-7355-a299-a7763e4b9754
company X administrator → POST /api/tenancy/branches?company=A2-BR1 → 201: contains company Y marker 0191260e-f484-7355-a299-a7763e4b9754
company X administrator → POST /api/tenancy/branches?company=Alpha%20Steel%20Industries%20branch%20one → 201: contains company Y marker 0191260e-f484-7355-a299-a7763e4b9754
company X administrator → POST /api/tenancy/branches?company=%D8%A7%D9%84%D8%B5%D9%86%D8%A7%D8%B9%D8%A7%D8%AA%20%D8%A7%D9%84%D9%81%D9%88%D9%84%D8%A7%D8%B0%D9%8A%D8%A9%20%D9%81%D8%B1%D8%B9%20%D8%A3%D9%88%D9%84 → 201: contains company Y marker 0191260e-f484-7355-a299-a7763e4b9754
company X administrator → POST /api/tenancy/branches?company=Road%2021 → 201: contains company Y marker 0191260e-f484-7355-a299-a7763e4b9754
company X administrator → POST /api/tenancy/branches?company=%2B971%204%20000%200021 → 201: contains company Y marker 0191260e-f484-7355-a299-a7763e4b9754
company X administrator → POST /api/tenancy/branches?company=A2-CO → 201: contains company Y marker 0191260e-f484-7355-a299-a7763e4b9754
company X administrator → POST /api/tenancy/branches?company=%D8%A7%D9%84%D8%B5%D9%86%D8%A7%D8%B9%D8%A7%D8%AA%20%D8%A7%D9%84%D9%81%D9%88%D9%84%D8%A7%D8%B0%D9%8A%D8%A9 → 201: contains company Y marker 0191260e-f484-7355-a299-a7763e4b9754
company X administrator → POST /api/tenancy/branches?company=100000000002003 → 201: contains company Y marker 0191260e-f484-7355-a299-a7763e4b9754
  Stack Trace:
     at Erp.Gates.Tests.G1.G1CompanyIsolationTests.A_user_of_company_X_cannot_reach_company_Y_through_any_endpoint() in /home/user/critic/p02-tenancy-r3-plants/tests/Erp.Gates.Tests/G1/G1CompanyIsolationTests.cs:line 45
--- End of stack trace from previous location ---
  Standard Output Messages:
 89 endpoints, 34866 requests, 20 company Y markers, 3316 differential checks, 5 write oracle checks


  Passed Erp.Gates.Tests.SelfTests.GateSelfTests.The_company_attack_catches_an_endpoint_that_widens_the_company_scope [39 m 4 s]
  Passed Erp.Gates.Tests.G1.G1HttpIsolationTests.Tenant_A_cannot_reach_tenant_B_through_any_endpoint [45 m 20 s]
