
[1m== Copying sources (without build output)[0m

[1m== End-to-end: Playwright against http://localhost:20470[0m

added 3 packages in 546ms

Running 62 tests using 1 worker

client isolation: 16 steps per tenant judged on 7 markers in 12 carriers; canary.zakvo7dg@alnoor.example (A) and canary.zbeod0sg@gulfsteel.example (B)
  ✓   1 [chromium] › specs/client-isolation.spec.ts:208:7 › G1 in the browser: one tab, tenant B then tenant A › after B signs out, the tab holds nothing of B, and A sees nothing of B on any screen, in storage or in memory (16.5s)
  ✓   2 [chromium] › specs/client-isolation.spec.ts:267:7 › G1 in the browser: one tab, tenant B then tenant A › after signing out, Back does not bring the signed-out person's screens back (2.6s)
history: B left 3 addresses with its search and record; A went Back 4 times: / / / /
  ✓   3 [chromium] › specs/client-isolation.spec.ts:286:7 › G1 in the browser: one tab, tenant B then tenant A › after B signs out and A signs in, Back through every entry B left in the tab shows A nothing of B (7.1s)
  ✓   4 [chromium] › specs/client-isolation.spec.ts:353:7 › G1 in the browser: one tab, tenant B then tenant A › signing out in one tab ends the session in every other tab of the browser at once (2.8s)
  ✓   5 [chromium] › specs/client-isolation.spec.ts:371:7 › G1 in the browser: one tab, tenant B then tenant A › the judges' self-test: a marker planted in each carrier of the tab is found (3.7s)
  ✓   6 [chromium] › specs/forms-reports.spec.ts:15:7 › record forms and printed documents › a form tracks changes, asks before leaving, saves with Ctrl+S and moves to the next record with Alt+PageDown (3.0s)
  ✓   7 [chromium] › specs/forms-reports.spec.ts:52:7 › record forms and printed documents › a record prints as an Arabic PDF from Alt+R, and its document reads right to left (1.8s)
  ✓   8 [chromium] › specs/forms-reports.spec.ts:81:7 › record forms and printed documents › the reports screen shows a grouped report as an Arabic document and exports it (2.0s)
  ✓   9 [chromium] › specs/forms-reports.spec.ts:101:7 › record forms and printed documents › a list prints what it shows: the filtered users list as PDF and CSV (3.2s)
  ✓  10 [chromium] › specs/identity.spec.ts:7:7 › users, roles and permissions › an administrator creates a user with a restricted role from the keyboard, and that user sees and can do only what it grants (6.1s)
  ✓  11 [chromium] › specs/identity.spec.ts:85:7 › users, roles and permissions › a role is built in the permission matrix with search and a bulk toggle, then copied and deleted (3.0s)
  ✓  12 [chromium] › specs/identity.spec.ts:115:7 › users, roles and permissions › a user who may change roles but not delete them sees no Delete role, and a role granting more than they hold is read-only (2.9s)
  ✓  13 [chromium] › specs/identity.spec.ts:160:7 › users, roles and permissions › an invitation sent to a mistyped address is corrected, and a user who never signed in is deleted (2.6s)
  ✓  14 [chromium] › specs/identity.spec.ts:192:9 › users, roles and permissions › at 1440 px the sign-in history fits the record panel and matrix headers keep whole words (en) (2.0s)
  ✓  15 [chromium] › specs/identity.spec.ts:192:9 › users, roles and permissions › at 1440 px the sign-in history fits the record panel and matrix headers keep whole words (ar) (2.1s)
  ✓  16 [chromium] › specs/identity.spec.ts:242:7 › users, roles and permissions › the Administrator role and the matrix read right to left in Arabic (1.7s)
  ✓  17 [chromium] › specs/lists.spec.ts:17:7 › list framework › finds one user by keyboard: the search box has focus, words in any order, Enter opens the only match (2.5s)
  ✓  18 [chromium] › specs/lists.spec.ts:37:7 › list framework › moves through rows with the arrow keys, selects with Space and opens with Enter (1.9s)
  ✓  19 [chromium] › specs/lists.spec.ts:63:7 › list framework › sorts from a header and filters from the column menu; the address keeps the state (2.4s)
  ✓  20 [chromium] › specs/lists.spec.ts:93:7 › list framework › groups by a column with counts and opens a group's rows (1.5s)
  ✓  21 [chromium] › specs/lists.spec.ts:108:7 › list framework › chooses columns and saves a personal default view that opens next time (2.6s)
  ✓  22 [chromium] › specs/lists.spec.ts:138:7 › list framework › a read-only user keeps personal views but is not offered sharing (1.8s)
  ✓  23 [chromium] › specs/lists.spec.ts:152:7 › list framework › the list works right to left in Arabic with Arabic counts and headers (2.0s)
  ✓  24 [chromium] › specs/navigation.spec.ts:24:7 › navigation reaches every screen › an administrator opens every menu entry in English and each screen loads (3.1s)
  ✓  25 [chromium] › specs/navigation.spec.ts:30:7 › navigation reaches every screen › an administrator opens every menu entry in Arabic, right to left, and each screen loads (2.8s)
  ✓  26 [chromium] › specs/permissions.spec.ts:5:7 › screens hide what the user cannot do › a user whose roles grant nothing sees no menu and cannot open a screen by address (1.2s)
  ✓  27 [chromium] › specs/permissions.spec.ts:15:7 › screens hide what the user cannot do › a read-only user can browse users, and the list is server-paged and searchable (3.8s)
  ✓  28 [chromium] › specs/permissions.spec.ts:27:7 › screens hide what the user cannot do › counts take the right plural form in Arabic (2.9s)
  ✓  29 [chromium] › specs/permissions.spec.ts:40:7 › screens hide what the user cannot do › signing out returns to the sign-in screen and the session is gone (3.0s)
  ✓  30 [chromium] › specs/shell.spec.ts:13:7 › app shell › a fresh visit, with or without a stale session cookie, logs no error and no failed request (545ms)
  ✓  31 [chromium] › specs/shell.spec.ts:26:7 › app shell › the printed-at and printed-by stamp of a screen shows on paper only, never on screen (2.6s)
  ✓  32 [chromium] › specs/shell.spec.ts:41:7 › app shell › nothing marked for paper shows on screen, in English or Arabic: not the letterhead, not the footer (2.3s)
  ✓  33 [chromium] › specs/shell.spec.ts:65:7 › app shell › the tab's title names the screen, and follows the language at once (1.8s)
switch to Arabic on the users list: 166 ms
  ✓  34 [chromium] › specs/shell.spec.ts:82:7 › app shell › switch to Arabic in one click on a working screen: everything mirrors at once, records stay, and it survives an immediate reload (3.3s)
palette to the Roles screen: 221 ms, 3 steps, 6 keystrokes
  ✓  35 [chromium] › specs/shell.spec.ts:114:7 › app shell › keyboard only: the palette reaches any screen, Alt+M walks the navigation, ? lists every shortcut (6.2s)
  ✓  36 [chromium] › specs/shell.spec.ts:156:7 › app shell › shortcuts work with an Arabic keyboard layout (matched by key position) (2.4s)
  ✓  37 [chromium] › specs/shell.spec.ts:169:7 › app shell › the palette finds a record and opens it (1.7s)
  ✓  38 [chromium] › specs/shell.spec.ts:185:7 › app shell › the palette leads from a few record matches to the list of every match (1.8s)
  ✓  39 [chromium] › specs/shell.spec.ts:203:9 › app shell › at phone width nothing is wider than the window (en) (2.1s)
  ✓  40 [chromium] › specs/shell.spec.ts:203:9 › app shell › at phone width nothing is wider than the window (ar) (1.9s)
  ✓  41 [chromium] › specs/shell.spec.ts:224:7 › app shell › the palette offers a user with no roles nothing they cannot open (2.1s)
  ✓  42 [chromium] › specs/shell.spec.ts:238:7 › app shell › Arabic-Indic digits are a per-user choice that follows the user (4.3s)
  ✓  43 [chromium] › specs/shell.spec.ts:268:7 › app shell › printing shows the screen's content with a letterhead and none of the app's chrome (2.1s)
  ✓  44 [chromium] › specs/shell.spec.ts:288:7 › app shell › a printed list screen is a document: no buttons, menus, selection boxes, sort marks or key hints (2.2s)
  ✓  45 [chromium] › specs/shell.spec.ts:329:9 › app shell › the status line stays in view on every screen and the page never scrolls (1366x768) (2.8s)
  ✓  46 [chromium] › specs/shell.spec.ts:329:9 › app shell › the status line stays in view on every screen and the page never scrolls (1280x720) (2.8s)
  ✓  47 [chromium] › specs/shell.spec.ts:329:9 › app shell › the status line stays in view on every screen and the page never scrolls (1920x1080) (3.0s)
  ✓  48 [chromium] › specs/shell.spec.ts:353:7 › app shell › Arabic text renders in the bundled Arabic font on screen and in print, whatever the device has (1.7s)
  ✓  49 [chromium] › specs/shell.spec.ts:382:9 › app shell › every shell screen and dialog meets the accessibility basics (en) (2.6s)
  ✓  50 [chromium] › specs/shell.spec.ts:382:9 › app shell › every shell screen and dialog meets the accessibility basics (ar) (2.6s)
sign-in to workspace: 559 ms
  ✓  51 [chromium] › specs/sign-in.spec.ts:5:7 › sign in to an empty workspace › keyboard only, in English, lands in the workspace with its menu (1.1s)
  ✓  52 [chromium] › specs/sign-in.spec.ts:17:7 › sign in to an empty workspace › in Arabic, right to left, from the first screen (3.1s)
  ✓  53 [chromium] › specs/sign-in.spec.ts:33:7 › sign in to an empty workspace › a wrong password shows one message in the screen's language and clears the password (3.6s)
  ✓  54 [chromium] › specs/sign-in.spec.ts:41:7 › sign in to an empty workspace › a failed sign-in message follows a switch to Arabic, right to left, with nothing left in English (3.0s)
  ✓  55 [chromium] › specs/sign-in.spec.ts:50:7 › sign in to an empty workspace › empty fields are explained without a round trip (511ms)
  ✓  56 [chromium] › specs/sign-in.spec.ts:56:7 › sign in to an empty workspace › the device remembers the e-mail, so the next sign-in is password then Enter; signing out forgets it (1.9s)
  ✓  57 [chromium] › specs/tenancy.spec.ts:19:7 › companies, branches and the working company › an administrator creates a company and its first branch from the keyboard, then works in it (3.4s)
  ✓  58 [chromium] › specs/tenancy.spec.ts:67:7 › companies, branches and the working company › in Arabic the companies read right to left and the switcher works the same way (1.8s)
  ✓  59 [chromium] › specs/tenancy.spec.ts:84:7 › companies, branches and the working company › a read-only user works in one company: sees only it, cannot switch or edit (5.9s)
  ✓  60 [chromium] › specs/tenancy.spec.ts:98:7 › companies, branches and the working company › branches: search word by word, group by company and narrow to one company from the column menu (3.9s)
  ✓  61 [chromium] › specs/tenancy.spec.ts:141:7 › companies, branches and the working company › access: find a user by e-mail, see their companies and limit them to branches (1.7s)
  ✓  62 [chromium] › specs/tenancy.spec.ts:159:7 › companies, branches and the working company › at phone width the working company stays readable and the switcher opens inside the window (1.2s)

  62 passed (3.0m)

[1m== Comparison harness: built ours drivers against http://localhost:20470 (health check)[0m

added 1 package in 543ms
built for ours: api-update-user, arabic-report, create-company-branch, create-restricted-user, edit-and-save, find-user, reach-screen-keyboard, sign-in, switch-company, switch-to-arabic
api-update-user          ours  verified  steps 2  keys 242  machine 0.033s  human 70.86s  human+wait 70.893s  -> ../out/ours-health/results/api-update-user-20261006T234046-1890.json
arabic-report            ours  verified  steps 2  keys 0  machine 0.19s  human 5.3s  human+wait 5.342s  -> ../out/ours-health/results/arabic-report-20261006T234048-44ed.json
create-company-branch    ours  verified  steps 6  keys 72  machine 1.265s  human 27.31s  human+wait 27.82s  -> ../out/ours-health/results/create-company-branch-20261006T234051-18b7.json
create-restricted-user   ours  verified  steps 5  keys 37  machine 0.972s  human 19.56s  human+wait 19.901s  -> ../out/ours-health/results/create-restricted-user-20261006T234100-931f.json
edit-and-save            ours  verified  steps 3  keys 17  machine 0.321s  human 9.72s  human+wait 9.788s  -> ../out/ours-health/results/edit-and-save-20261006T234107-ce9a.json
find-user                ours  verified  steps 4  keys 20  machine 0.864s  human 14.35s  human+wait 14.448s  -> ../out/ours-health/results/find-user-20261006T234114-9401.json
reach-screen-keyboard    ours  verified  steps 2  keys 3  machine 0.206s  human 3.15s  human+wait 3.3s  -> ../out/ours-health/results/reach-screen-keyboard-20261006T234118-36dd.json
sign-in                  ours  verified  steps 2  keys 21  machine 0.33s  human 7.63s  human+wait 7.851s  -> ../out/ours-health/results/sign-in-20261006T234124-c956.json
switch-company           ours  verified  steps 1  keys 0  machine 0.125s  human 2.65s  human+wait 2.707s  -> ../out/ours-health/results/switch-company-20261006T234130-a730.json
switch-to-arabic         ours  verified  steps 1  keys 0  machine 0.13s  human 2.65s  human+wait 2.656s  -> ../out/ours-health/results/switch-to-arabic-20261006T234136-681c.json
output: ../../../out/ours-health
exit 0 after 241 s
