[1mBuilding the application image[0m
 Image erp-app:c-p04-shell-r4 Building 
#1 [internal] load local bake definitions
#1 reading from stdin 640B done
#1 DONE 0.0s

#2 [internal] load build definition from Dockerfile
#2 transferring dockerfile: 2.14kB done
#2 DONE 0.0s

#3 resolve image config for docker-image://docker.io/docker/dockerfile:1
#3 DONE 0.4s

#4 docker-image://docker.io/docker/dockerfile:1@sha256:4edf897a3ffa55b89f906fc8cc78afdb3f1834cc9c7083565e611a8a7d5fe99e
#4 resolve docker.io/docker/dockerfile:1@sha256:4edf897a3ffa55b89f906fc8cc78afdb3f1834cc9c7083565e611a8a7d5fe99e 0.1s done
#4 CACHED

#5 [internal] load metadata for docker.io/library/node:22-alpine
#5 ...

#6 [internal] load metadata for mcr.microsoft.com/dotnet/sdk:10.0
#6 DONE 0.3s

#7 [internal] load metadata for mcr.microsoft.com/dotnet/aspnet:10.0
#7 DONE 0.3s

#5 [internal] load metadata for docker.io/library/node:22-alpine
#5 DONE 0.3s

#8 [internal] load .dockerignore
#8 transferring context: 187B done
#8 DONE 0.0s

#9 [internal] load build context
#9 DONE 0.0s

#10 [stage-3 1/4] FROM mcr.microsoft.com/dotnet/aspnet:10.0@sha256:222759b391a1aaf241166672c8f99b2d4ada452e7b5319f3c6e8f265a37b5ad4
#10 resolve mcr.microsoft.com/dotnet/aspnet:10.0@sha256:222759b391a1aaf241166672c8f99b2d4ada452e7b5319f3c6e8f265a37b5ad4 0.1s done
#10 DONE 0.1s

#11 [web 1/6] FROM docker.io/library/node:22-alpine@sha256:0a7108bf6c7bf5de370ffb1a3ed6be93d405b43ff159f681a8d18c0e2bc2e402
#11 resolve docker.io/library/node:22-alpine@sha256:0a7108bf6c7bf5de370ffb1a3ed6be93d405b43ff159f681a8d18c0e2bc2e402
#11 resolve docker.io/library/node:22-alpine@sha256:0a7108bf6c7bf5de370ffb1a3ed6be93d405b43ff159f681a8d18c0e2bc2e402 0.1s done
#11 DONE 0.1s

#12 [build 1/7] FROM mcr.microsoft.com/dotnet/sdk:10.0@sha256:e70cdb7f80b0348f5cb85f19a8f670fca061f033d57eed12fa003d58b0e06317
#12 resolve mcr.microsoft.com/dotnet/sdk:10.0@sha256:e70cdb7f80b0348f5cb85f19a8f670fca061f033d57eed12fa003d58b0e06317 0.1s done
#12 DONE 0.1s

#9 [internal] load build context
#9 transferring context: 22.50kB 0.0s done
#9 DONE 0.1s

#13 [build 5/7] RUN --mount=type=secret,id=extra_ca,target=/run/secrets/extra_ca --mount=type=cache,target=/root/.nuget/packages     if [ -s /run/secrets/extra_ca ]; then cat /run/secrets/extra_ca >>/etc/ssl/certs/ca-certificates.crt; fi;     dotnet restore src/Host/Erp.Host/Erp.Host.csproj
#13 CACHED

#14 [stage-3 3/4] COPY --from=build /app ./
#14 CACHED

#15 [strings 3/3] RUN cd /modules && mkdir /strings && for d in */i18n; do mkdir -p "/strings/$d" && cp "$d"/*.json "/strings/$d/"; done
#15 CACHED

#16 [build 3/7] COPY global.json Directory.Build.props Directory.Packages.props ./
#16 CACHED

#17 [web 3/6] COPY web/package.json web/package-lock.json ./
#17 CACHED

#18 [build 6/7] COPY --from=strings /strings/ web/src/modules/
#18 CACHED

#19 [stage-3 2/4] WORKDIR /app
#19 CACHED

#20 [web 2/6] WORKDIR /web
#20 CACHED

#21 [build 2/7] WORKDIR /src
#21 CACHED

#22 [web 6/6] RUN npm run check && npm run build
#22 CACHED

#23 [strings 2/3] COPY web/src/modules/ /modules/
#23 CACHED

#24 [web 4/6] RUN --mount=type=secret,id=extra_ca,target=/run/secrets/extra_ca --mount=type=cache,target=/root/.npm     if [ -s /run/secrets/extra_ca ]; then export NODE_EXTRA_CA_CERTS=/run/secrets/extra_ca; fi;     npm ci --no-audit --no-fund
#24 CACHED

#25 [web 5/6] COPY web/ ./
#25 CACHED

#26 [build 7/7] RUN --mount=type=cache,target=/root/.nuget/packages dotnet publish src/Host/Erp.Host/Erp.Host.csproj -c Release -o /app --no-restore
#26 CACHED

#27 [build 4/7] COPY src/ src/
#27 CACHED

#28 [stage-3 4/4] COPY --from=web /web/dist ./wwwroot
#28 CACHED

#29 exporting to image
#29 exporting layers 0.0s done
#29 exporting manifest sha256:fef3408fec9d06fb79e7607016e92a09710cc07a1d05ed24ea6a3055386b58c7 done
#29 exporting config sha256:d0c10d65f51f8fac4c2821d11d102f37d8683e309cfa1e3a993b96680500620f 0.0s done
#29 exporting attestation manifest sha256:f47e4accbc7b9bc67320de7c7738f983ed6f986a0162fe14fddbfc2decca84e1 0.1s done
#29 exporting manifest list sha256:141eac8ea34893fe4d500dc383651de2ac008266e1d0f5fa9f1197ac60e47197
#29 exporting manifest list sha256:141eac8ea34893fe4d500dc383651de2ac008266e1d0f5fa9f1197ac60e47197 0.0s done
#29 naming to docker.io/library/erp-app:c-p04-shell-r4 0.1s done
#29 unpacking to docker.io/library/erp-app:c-p04-shell-r4
#29 unpacking to docker.io/library/erp-app:c-p04-shell-r4 0.0s done
#29 DONE 0.3s

#30 resolving provenance for metadata file
#30 DONE 0.0s
 Image erp-app:c-p04-shell-r4 Built 
[1mStarting PostgreSQL, setting up the database (roles, migrations, seed: 100000 users) and serving[0m
 Network c-p04-shell-r4_default Creating 
 Network c-p04-shell-r4_default Created 
 Volume c-p04-shell-r4_db-data Creating 
 Volume c-p04-shell-r4_db-data Created 
 Container c-p04-shell-r4-db-1 Creating 
 Container c-p04-shell-r4-db-1 Created 
 Container c-p04-shell-r4-db-1 Starting 
 Container c-p04-shell-r4-db-1 Started 
 Container c-p04-shell-r4-db-1 Waiting 
 Container c-p04-shell-r4-db-1 Healthy 
 Container c-p04-shell-r4-db-1 Running 
 Container c-p04-shell-r4-setup-1 Creating 
 Container c-p04-shell-r4-setup-1 Created 
Attaching to setup-1
 Container c-p04-shell-r4-db-1 Waiting 
 Container c-p04-shell-r4-db-1 Healthy 
 Container c-p04-shell-r4-setup-1 Starting 
 Container c-p04-shell-r4-setup-1 Started 
setup-1  | info: Erp.Kernel.Data.DatabaseBootstrap[0]
setup-1  |       Creating database erp
setup-1  | info: Erp.Kernel.Data.DatabaseMigrator[0]
setup-1  |       Migrating KernelDbContext: 4 pending
setup-1  | info: Erp.Kernel.Data.DatabaseMigrator[0]
setup-1  |       Migrating TenancyDbContext: 4 pending
setup-1  | info: Erp.Kernel.Data.DatabaseMigrator[0]
setup-1  |       Migrating IdentityDbContext: 6 pending
setup-1  | info: Erp.Kernel.Data.DatabaseMigrator[0]
setup-1  |       Migrating ListsDbContext: 1 pending
setup-1  | info: Erp.Kernel.Seeding.SeedRunner[0]
setup-1  |       Seeded tenant alnoor (Demo) in 71603 ms
setup-1  | info: Erp.Kernel.Seeding.SeedRunner[0]
setup-1  |       Seeded tenant gulfsteel (Demo) in 2159 ms
[Ksetup-1 exited with code 0
 Compose Stopping Aborting on container exit...
 Container c-p04-shell-r4-setup-1 Stopping 
 Container c-p04-shell-r4-setup-1 Stopped 
 Container c-p04-shell-r4-db-1 Running 
 Container c-p04-shell-r4-app-1 Creating 
 Container c-p04-shell-r4-app-1 Created 
 Container c-p04-shell-r4-db-1 Waiting 
 Container c-p04-shell-r4-db-1 Healthy 
 Container c-p04-shell-r4-setup-1 Starting 
 Container c-p04-shell-r4-setup-1 Started 
 Container c-p04-shell-r4-setup-1 Waiting 
 Container c-p04-shell-r4-setup-1 Exited 
 Container c-p04-shell-r4-app-1 Starting 
 Container c-p04-shell-r4-app-1 Started 

[1mThe demo is running (113 s): http://localhost:20450[0m

  Sign in (password for every demo user: Demo-Pass-2026)
    admin@alnoor.example       Administrator, English
    admin.ar@alnoor.example    Administrator, Arabic
    viewer@alnoor.example      Read-only role
    noaccess@alnoor.example    No roles (sees nothing)
    admin@gulfsteel.example    Administrator of the second workspace

  API description: http://localhost:20450/api/openapi/v1.json
  Database:        localhost:20451 (./erp psql)
  Stop:            ./erp down        (add --volumes to delete the data)
exit 0 after 114 s
