  Determining projects to restore...
  Restored /home/user/critic/p01-odoo-rig-r3/src/Modules/Lists/Erp.Modules.Lists.Contracts/Erp.Modules.Lists.Contracts.csproj (in 98 ms).
  Restored /home/user/critic/p01-odoo-rig-r3/src/Host/Erp.Host/Erp.Host.csproj (in 343 ms).
  Restored /home/user/critic/p01-odoo-rig-r3/tests/Erp.Testing/Erp.Testing.csproj (in 209 ms).
  Restored /home/user/critic/p01-odoo-rig-r3/src/Kernel/Erp.Kernel/Erp.Kernel.csproj (in 369 ms).
  Restored /home/user/critic/p01-odoo-rig-r3/src/Modules/Lists/Erp.Modules.Lists/Erp.Modules.Lists.csproj (in 368 ms).
  Restored /home/user/critic/p01-odoo-rig-r3/src/Modules/Tenancy/Erp.Modules.Tenancy/Erp.Modules.Tenancy.csproj (in 13 ms).
  Restored /home/user/critic/p01-odoo-rig-r3/src/Modules/Tenancy/Erp.Modules.Tenancy.Contracts/Erp.Modules.Tenancy.Contracts.csproj (in 0.8 ms).
  Restored /home/user/critic/p01-odoo-rig-r3/src/Modules/Identity/Erp.Modules.Identity.Contracts/Erp.Modules.Identity.Contracts.csproj (in 0.9 ms).
  Restored /home/user/critic/p01-odoo-rig-r3/src/Modules/Identity/Erp.Modules.Identity/Erp.Modules.Identity.csproj (in 4 ms).
  Restored /home/user/critic/p01-odoo-rig-r3/tests/Erp.Gates.Tests/Erp.Gates.Tests.csproj (in 28 ms).
  Erp.Modules.Tenancy.Contracts -> /home/user/critic/p01-odoo-rig-r3/src/Modules/Tenancy/Erp.Modules.Tenancy.Contracts/bin/Release/net10.0/Erp.Modules.Tenancy.Contracts.dll
  Erp.Modules.Identity.Contracts -> /home/user/critic/p01-odoo-rig-r3/src/Modules/Identity/Erp.Modules.Identity.Contracts/bin/Release/net10.0/Erp.Modules.Identity.Contracts.dll
  Erp.Modules.Lists.Contracts -> /home/user/critic/p01-odoo-rig-r3/src/Modules/Lists/Erp.Modules.Lists.Contracts/bin/Release/net10.0/Erp.Modules.Lists.Contracts.dll
  Erp.Kernel -> /home/user/critic/p01-odoo-rig-r3/src/Kernel/Erp.Kernel/bin/Release/net10.0/Erp.Kernel.dll
  Erp.Modules.Lists -> /home/user/critic/p01-odoo-rig-r3/src/Modules/Lists/Erp.Modules.Lists/bin/Release/net10.0/Erp.Modules.Lists.dll
  Erp.Modules.Tenancy -> /home/user/critic/p01-odoo-rig-r3/src/Modules/Tenancy/Erp.Modules.Tenancy/bin/Release/net10.0/Erp.Modules.Tenancy.dll
  Erp.Modules.Identity -> /home/user/critic/p01-odoo-rig-r3/src/Modules/Identity/Erp.Modules.Identity/bin/Release/net10.0/Erp.Modules.Identity.dll
  Erp.Host -> /home/user/critic/p01-odoo-rig-r3/src/Host/Erp.Host/bin/Release/net10.0/Erp.Host.dll
  Erp.Testing -> /home/user/critic/p01-odoo-rig-r3/tests/Erp.Testing/bin/Release/net10.0/Erp.Testing.dll
  Erp.Gates.Tests -> /home/user/critic/p01-odoo-rig-r3/tests/Erp.Gates.Tests/bin/Release/net10.0/Erp.Gates.Tests.dll
Test run for /home/user/critic/p01-odoo-rig-r3/tests/Erp.Gates.Tests/bin/Release/net10.0/Erp.Gates.Tests.dll (.NETCoreApp,Version=v10.0)
A total of 1 test files matched the specified pattern.

Passed!  - Failed:     0, Passed:    69, Skipped:     0, Total:    69, Duration: 10 m 46 s - Erp.Gates.Tests.dll (net10.0)
rc=0 seconds=666
