[1mBuilding the application image[0m
 Image erp-app:c-p05-list-search-r5-plant Building 
#1 [internal] load local bake definitions
#1 reading from stdin 703B done
#1 DONE 0.0s

#2 [internal] load build definition from Dockerfile
#2 transferring dockerfile: 2.14kB done
#2 DONE 0.0s

#3 resolve image config for docker-image://docker.io/docker/dockerfile:1
#3 DONE 0.8s

#4 docker-image://docker.io/docker/dockerfile:1@sha256:4edf897a3ffa55b89f906fc8cc78afdb3f1834cc9c7083565e611a8a7d5fe99e
#4 resolve docker.io/docker/dockerfile:1@sha256:4edf897a3ffa55b89f906fc8cc78afdb3f1834cc9c7083565e611a8a7d5fe99e 0.0s done
#4 CACHED

#5 [internal] load metadata for mcr.microsoft.com/dotnet/aspnet:10.0
#5 DONE 0.3s

#6 [internal] load metadata for docker.io/library/node:22-alpine
#6 ...

#7 [internal] load metadata for mcr.microsoft.com/dotnet/sdk:10.0
#7 DONE 0.3s

#6 [internal] load metadata for docker.io/library/node:22-alpine
#6 DONE 0.7s

#8 [internal] load .dockerignore
#8 transferring context: 187B done
#8 DONE 0.0s

#9 [internal] load build context
#9 DONE 0.0s

#10 [build 1/7] FROM mcr.microsoft.com/dotnet/sdk:10.0@sha256:e70cdb7f80b0348f5cb85f19a8f670fca061f033d57eed12fa003d58b0e06317
#10 resolve mcr.microsoft.com/dotnet/sdk:10.0@sha256:e70cdb7f80b0348f5cb85f19a8f670fca061f033d57eed12fa003d58b0e06317
#10 ...

#11 [web 1/6] FROM docker.io/library/node:22-alpine@sha256:0a7108bf6c7bf5de370ffb1a3ed6be93d405b43ff159f681a8d18c0e2bc2e402
#11 resolve docker.io/library/node:22-alpine@sha256:0a7108bf6c7bf5de370ffb1a3ed6be93d405b43ff159f681a8d18c0e2bc2e402 0.1s done
#11 DONE 0.1s

#9 [internal] load build context
#9 transferring context: 84.31kB 0.0s done
#9 DONE 0.1s

#10 [build 1/7] FROM mcr.microsoft.com/dotnet/sdk:10.0@sha256:e70cdb7f80b0348f5cb85f19a8f670fca061f033d57eed12fa003d58b0e06317
#10 resolve mcr.microsoft.com/dotnet/sdk:10.0@sha256:e70cdb7f80b0348f5cb85f19a8f670fca061f033d57eed12fa003d58b0e06317 0.2s done
#10 DONE 0.2s

#12 [stage-3 1/4] FROM mcr.microsoft.com/dotnet/aspnet:10.0@sha256:222759b391a1aaf241166672c8f99b2d4ada452e7b5319f3c6e8f265a37b5ad4
#12 resolve mcr.microsoft.com/dotnet/aspnet:10.0@sha256:222759b391a1aaf241166672c8f99b2d4ada452e7b5319f3c6e8f265a37b5ad4
#12 resolve mcr.microsoft.com/dotnet/aspnet:10.0@sha256:222759b391a1aaf241166672c8f99b2d4ada452e7b5319f3c6e8f265a37b5ad4 0.3s done
#12 DONE 0.3s

#13 [strings 2/3] COPY web/src/modules/ /modules/
#13 CACHED

#14 [strings 3/3] RUN cd /modules && mkdir /strings && for d in */i18n; do mkdir -p "/strings/$d" && cp "$d"/*.json "/strings/$d/"; done
#14 CACHED

#15 [build 2/7] WORKDIR /src
#15 CACHED

#16 [build 3/7] COPY global.json Directory.Build.props Directory.Packages.props ./
#16 CACHED

#17 [build 4/7] COPY src/ src/
#17 DONE 0.2s

#18 [build 5/7] RUN --mount=type=secret,id=extra_ca,target=/run/secrets/extra_ca --mount=type=cache,target=/root/.nuget/packages     if [ -s /run/secrets/extra_ca ]; then cat /run/secrets/extra_ca >>/etc/ssl/certs/ca-certificates.crt; fi;     dotnet restore src/Host/Erp.Host/Erp.Host.csproj
#18 1.827   Determining projects to restore...
#18 3.888   Restored /src/src/Modules/Reports/Erp.Modules.Reports.Contracts/Erp.Modules.Reports.Contracts.csproj (in 188 ms).
#18 3.889   Restored /src/src/Modules/Tenancy/Erp.Modules.Tenancy.Contracts/Erp.Modules.Tenancy.Contracts.csproj (in 177 ms).
#18 3.889   Restored /src/src/Modules/Lists/Erp.Modules.Lists.Contracts/Erp.Modules.Lists.Contracts.csproj (in 185 ms).
#18 5.232   Restored /src/src/Modules/Identity/Erp.Modules.Identity.Contracts/Erp.Modules.Identity.Contracts.csproj (in 1.55 sec).
#18 5.242   Restored /src/src/Host/Erp.Host/Erp.Host.csproj (in 1.56 sec).
#18 5.243   Restored /src/src/Modules/Reports/Erp.Modules.Reports/Erp.Modules.Reports.csproj (in 1.55 sec).
#18 5.384   Restored /src/src/Modules/Tenancy/Erp.Modules.Tenancy/Erp.Modules.Tenancy.csproj (in 1.67 sec).
#18 5.384   Restored /src/src/Modules/Lists/Erp.Modules.Lists/Erp.Modules.Lists.csproj (in 1.68 sec).
#18 5.399   Restored /src/src/Modules/Identity/Erp.Modules.Identity/Erp.Modules.Identity.csproj (in 1.67 sec).
#18 5.399   Restored /src/src/Kernel/Erp.Kernel/Erp.Kernel.csproj (in 1.68 sec).
#18 DONE 5.6s

#19 [build 6/7] COPY --from=strings /strings/ web/src/modules/
#19 DONE 0.1s

#20 [build 7/7] RUN --mount=type=cache,target=/root/.nuget/packages dotnet publish src/Host/Erp.Host/Erp.Host.csproj -c Release -o /app --no-restore
#20 7.032   Erp.Modules.Lists.Contracts -> /src/src/Modules/Lists/Erp.Modules.Lists.Contracts/bin/Release/net10.0/Erp.Modules.Lists.Contracts.dll
#20 7.070   Erp.Modules.Tenancy.Contracts -> /src/src/Modules/Tenancy/Erp.Modules.Tenancy.Contracts/bin/Release/net10.0/Erp.Modules.Tenancy.Contracts.dll
#20 7.091   Erp.Modules.Reports.Contracts -> /src/src/Modules/Reports/Erp.Modules.Reports.Contracts/bin/Release/net10.0/Erp.Modules.Reports.Contracts.dll
#20 11.31   Erp.Kernel -> /src/src/Kernel/Erp.Kernel/bin/Release/net10.0/Erp.Kernel.dll
#20 13.04   Erp.Modules.Identity.Contracts -> /src/src/Modules/Identity/Erp.Modules.Identity.Contracts/bin/Release/net10.0/Erp.Modules.Identity.Contracts.dll
#20 13.85   Erp.Modules.Lists -> /src/src/Modules/Lists/Erp.Modules.Lists/bin/Release/net10.0/Erp.Modules.Lists.dll
#20 19.96   Erp.Modules.Reports -> /src/src/Modules/Reports/Erp.Modules.Reports/bin/Release/net10.0/Erp.Modules.Reports.dll
#20 20.58   Erp.Modules.Tenancy -> /src/src/Modules/Tenancy/Erp.Modules.Tenancy/bin/Release/net10.0/Erp.Modules.Tenancy.dll
#20 20.80   Erp.Modules.Identity -> /src/src/Modules/Identity/Erp.Modules.Identity/bin/Release/net10.0/Erp.Modules.Identity.dll
#20 23.02   Erp.Host -> /src/src/Host/Erp.Host/bin/Release/net10.0/Erp.Host.dll
#20 23.54   Erp.Host -> /app/
#20 DONE 24.0s

#21 [stage-3 2/4] WORKDIR /app
#21 CACHED

#22 [web 3/6] COPY web/package.json web/package-lock.json ./
#22 CACHED

#23 [web 4/6] RUN --mount=type=secret,id=extra_ca,target=/run/secrets/extra_ca --mount=type=cache,target=/root/.npm     if [ -s /run/secrets/extra_ca ]; then export NODE_EXTRA_CA_CERTS=/run/secrets/extra_ca; fi;     npm ci --no-audit --no-fund
#23 CACHED

#24 [web 5/6] COPY web/ ./
#24 CACHED

#25 [web 2/6] WORKDIR /web
#25 CACHED

#26 [web 6/6] RUN npm run check && npm run build
#26 CACHED

#27 [stage-3 3/4] COPY --from=build /app ./
#27 DONE 0.2s

#28 [stage-3 4/4] COPY --from=web /web/dist ./wwwroot
#28 DONE 0.1s

#29 exporting to image
#29 exporting layers
#29 exporting layers 4.1s done
#29 exporting manifest sha256:064d902abd2d20ea95f3d9c97b2c069f8722c1e8701fabda448586e477c668fb 0.0s done
#29 exporting config sha256:9127d4d0de01d9539f8ccd9fbfdab8536bde35fe791e5b9615d19992929cff86 0.0s done
#29 exporting attestation manifest sha256:e909e84ec68f3acd2dc80fa2c6d6ee89c737c6241501faa7d43d1854e871326e 0.1s done
#29 exporting manifest list sha256:6750c814198ae53795af9e141132bc931d9abac2e36008a9dd0314c896703b80
#29 exporting manifest list sha256:6750c814198ae53795af9e141132bc931d9abac2e36008a9dd0314c896703b80 0.0s done
#29 naming to docker.io/library/erp-app:c-p05-list-search-r5-plant done
#29 unpacking to docker.io/library/erp-app:c-p05-list-search-r5-plant
#29 unpacking to docker.io/library/erp-app:c-p05-list-search-r5-plant 0.7s done
#29 DONE 5.0s

#30 resolving provenance for metadata file
#30 DONE 0.1s
 Image erp-app:c-p05-list-search-r5-plant Built 
[1mStarting PostgreSQL, setting up the database (roles, migrations, seed: 3000 users) and serving[0m
 Network c-p05-list-search-r5-plant_default Creating 
 Network c-p05-list-search-r5-plant_default Created 
 Volume c-p05-list-search-r5-plant_db-data Creating 
 Volume c-p05-list-search-r5-plant_db-data Created 
 Container c-p05-list-search-r5-plant-db-1 Creating 
 Container c-p05-list-search-r5-plant-db-1 Created 
 Container c-p05-list-search-r5-plant-db-1 Starting 
 Container c-p05-list-search-r5-plant-db-1 Started 
 Container c-p05-list-search-r5-plant-db-1 Waiting 
 Container c-p05-list-search-r5-plant-db-1 Healthy 
 Container c-p05-list-search-r5-plant-db-1 Running 
 Container c-p05-list-search-r5-plant-setup-1 Creating 
 Container c-p05-list-search-r5-plant-setup-1 Created 
Attaching to setup-1
 Container c-p05-list-search-r5-plant-db-1 Waiting 
 Container c-p05-list-search-r5-plant-db-1 Healthy 
 Container c-p05-list-search-r5-plant-setup-1 Starting 
 Container c-p05-list-search-r5-plant-setup-1 Started 
setup-1  | info: Erp.Kernel.Data.DatabaseBootstrap[0]
setup-1  |       Creating database erp
setup-1  | info: Erp.Kernel.Data.DatabaseMigrator[0]
setup-1  |       Migrating KernelDbContext: 4 pending
setup-1  | info: Erp.Kernel.Data.DatabaseMigrator[0]
setup-1  |       Migrating TenancyDbContext: 4 pending
setup-1  | info: Erp.Kernel.Data.DatabaseMigrator[0]
setup-1  |       Migrating IdentityDbContext: 6 pending
setup-1  | info: Erp.Kernel.Data.DatabaseMigrator[0]
setup-1  |       Migrating ListsDbContext: 1 pending
setup-1  | info: Erp.Kernel.Seeding.SeedRunner[0]
setup-1  |       Seeded tenant alnoor (Demo) in 4119 ms
setup-1  | info: Erp.Kernel.Seeding.SeedRunner[0]
setup-1  |       Seeded tenant gulfsteel (Demo) in 623 ms
setup-1  | info: Erp.Kernel.Data.DatabaseMigrator[0]
setup-1  |       Refreshed statistics and index lists in 384 ms
[Ksetup-1 exited with code 0
 Compose Stopping Aborting on container exit...
 Container c-p05-list-search-r5-plant-setup-1 Stopping 
 Container c-p05-list-search-r5-plant-setup-1 Stopped 
 Container c-p05-list-search-r5-plant-db-1 Running 
 Container c-p05-list-search-r5-plant-app-1 Creating 
 Container c-p05-list-search-r5-plant-app-1 Created 
 Container c-p05-list-search-r5-plant-db-1 Waiting 
 Container c-p05-list-search-r5-plant-db-1 Healthy 
 Container c-p05-list-search-r5-plant-setup-1 Starting 
 Container c-p05-list-search-r5-plant-setup-1 Started 
 Container c-p05-list-search-r5-plant-setup-1 Waiting 
 Container c-p05-list-search-r5-plant-setup-1 Exited 
 Container c-p05-list-search-r5-plant-app-1 Starting 
 Container c-p05-list-search-r5-plant-app-1 Started 

[1mThe demo is running (70 s): http://localhost:20570[0m

  Sign in (password for every demo user: Demo-Pass-2026)
    admin@alnoor.example       Administrator, English
    admin.ar@alnoor.example    Administrator, Arabic
    viewer@alnoor.example      Read-only role
    noaccess@alnoor.example    No roles (sees nothing)
    admin@gulfsteel.example    Administrator of the second workspace

  API description: http://localhost:20570/api/openapi/v1.json
  Database:        localhost:20571 (./erp psql)
  Stop:            ./erp down        (add --volumes to delete the data)
