Test run for /home/shan/critic/p05-list-search-r5-plants2/tests/Erp.Gates.Tests/bin/Release/net10.0/Erp.Gates.Tests.dll (.NETCoreApp,Version=v10.0)
VSTest version 18.0.2 (x64)

Starting test execution, please wait...
A total of 1 test files matched the specified pattern.
[xUnit.net 00:00:00.00] xUnit.net VSTest Adapter v3.1.5+1b188a7b0a (64-bit .NET 10.0.12)
[xUnit.net 00:00:00.26]   Discovering: Erp.Gates.Tests
[xUnit.net 00:00:00.61]   Discovered:  Erp.Gates.Tests
[xUnit.net 00:00:00.85]   Starting:    Erp.Gates.Tests
[xUnit.net 00:00:14.56]     Erp.Gates.Tests.G1.G1ProcessStateTests.Process_wide_state_is_immutable_or_reviewed [FAIL]
[xUnit.net 00:00:14.56]       reachable closure Erp.Kernel.Lists.ListMemo.ForAMinute.memo: a captured mutable ConcurrentDictionary<String, ValueTuple`2> shared by every tenant, reached from static Erp.Kernel.Lists.ListBinding`1[Erp.Modules.Tenancy.Company].PageOneTotals, reached from singleton Erp.Kernel.Modules.ModuleCatalog._modules[0].ListBindings[0] (delegate target). Make it immutable, scope it to the request, key it by tenant, or review it in tests/Gates/process-state-allowlist.txt.
[xUnit.net 00:00:14.56]       static Erp.Kernel.Lists.ListBinding`1.PageOneTotals: a static delegate field (Func<String, Nullable`1, Nullable`1>): whatever its closure captures lives as long as the process, shared by every tenant. Make it immutable, scope it to the request, key it by tenant, or review it in tests/Gates/process-state-allowlist.txt.
[xUnit.net 00:00:14.56]       Stack Trace:
[xUnit.net 00:00:14.56]         /home/shan/critic/p05-list-search-r5-plants2/tests/Erp.Gates.Tests/G1/G1ProcessStateTests.cs(40,0): at Erp.Gates.Tests.G1.G1ProcessStateTests.Process_wide_state_is_immutable_or_reviewed()
[xUnit.net 00:00:14.56]            at System.RuntimeMethodHandle.InvokeMethod(ObjectHandleOnStack target, Void** arguments, ObjectHandleOnStack sig, BOOL isConstructor, ObjectHandleOnStack result)
[xUnit.net 00:00:14.56]            at System.RuntimeMethodHandle.InvokeMethod(ObjectHandleOnStack target, Void** arguments, ObjectHandleOnStack sig, BOOL isConstructor, ObjectHandleOnStack result)
[xUnit.net 00:00:14.56]            at System.Reflection.MethodBaseInvoker.InterpretedInvoke_Method(Object obj, IntPtr* args)
[xUnit.net 00:00:14.56]            at System.Reflection.MethodBaseInvoker.InvokeWithNoArgs(Object obj, BindingFlags invokeAttr)
[xUnit.net 00:00:14.56]       Output:
[xUnit.net 00:00:14.56]         358 types, 74 fields, 11 singleton services inspected, 104 endpoint delegates walked (3022 objects) to 29 closures; 82 roots walked to 882 objects, 48 product types judged field by field; 24 reviewed findings
[xUnit.net 00:00:14.71]   Finished:    Erp.Gates.Tests (ID = '2965fab5573ce592299fc01327e82250858173bbc45cf295d9bb173920845eab')
  Failed Erp.Gates.Tests.G1.G1ProcessStateTests.Process_wide_state_is_immutable_or_reviewed [538 ms]
  Error Message:
   reachable closure Erp.Kernel.Lists.ListMemo.ForAMinute.memo: a captured mutable ConcurrentDictionary<String, ValueTuple`2> shared by every tenant, reached from static Erp.Kernel.Lists.ListBinding`1[Erp.Modules.Tenancy.Company].PageOneTotals, reached from singleton Erp.Kernel.Modules.ModuleCatalog._modules[0].ListBindings[0] (delegate target). Make it immutable, scope it to the request, key it by tenant, or review it in tests/Gates/process-state-allowlist.txt.
static Erp.Kernel.Lists.ListBinding`1.PageOneTotals: a static delegate field (Func<String, Nullable`1, Nullable`1>): whatever its closure captures lives as long as the process, shared by every tenant. Make it immutable, scope it to the request, key it by tenant, or review it in tests/Gates/process-state-allowlist.txt.
  Stack Trace:
     at Erp.Gates.Tests.G1.G1ProcessStateTests.Process_wide_state_is_immutable_or_reviewed() in /home/shan/critic/p05-list-search-r5-plants2/tests/Erp.Gates.Tests/G1/G1ProcessStateTests.cs:line 40
   at System.RuntimeMethodHandle.InvokeMethod(ObjectHandleOnStack target, Void** arguments, ObjectHandleOnStack sig, BOOL isConstructor, ObjectHandleOnStack result)
   at System.RuntimeMethodHandle.InvokeMethod(ObjectHandleOnStack target, Void** arguments, ObjectHandleOnStack sig, BOOL isConstructor, ObjectHandleOnStack result)
   at System.Reflection.MethodBaseInvoker.InterpretedInvoke_Method(Object obj, IntPtr* args)
   at System.Reflection.MethodBaseInvoker.InvokeWithNoArgs(Object obj, BindingFlags invokeAttr)
  Standard Output Messages:
 358 types, 74 fields, 11 singleton services inspected, 104 endpoint delegates walked (3022 objects) to 29 closures; 82 roots walked to 882 objects, 48 product types judged field by field; 24 reviewed findings



Test Run Failed.
Total tests: 1
     Failed: 1
 Total time: 15.2397 Seconds
exit=1 secs=16
