Test run for /home/shan/critic/p05-list-search-r5-plants/tests/Erp.Gates.Tests/bin/Release/net10.0/Erp.Gates.Tests.dll (.NETCoreApp,Version=v10.0)
VSTest version 18.0.2 (x64)

Starting test execution, please wait...
A total of 1 test files matched the specified pattern.
[xUnit.net 00:00:00.00] xUnit.net VSTest Adapter v3.1.5+1b188a7b0a (64-bit .NET 10.0.12)
[xUnit.net 00:00:00.35]   Discovering: Erp.Gates.Tests
[xUnit.net 00:00:00.79]   Discovered:  Erp.Gates.Tests
[xUnit.net 00:00:01.04]   Starting:    Erp.Gates.Tests
  Passed Erp.Gates.Tests.G1.G1ReviewedLookupTests.Only_reviewed_source_files_name_a_reviewed_function [39 ms]
  Passed Erp.Gates.Tests.G1.G1ReviewedLookupTests.Every_reviewed_function_has_reviewed_callers_and_sources [3 ms]
  Passed Erp.Gates.Tests.G1.G1TenantSettingCodeTests.Only_reviewed_methods_name_the_tenant_setting [123 ms]
  Passed Erp.Gates.Tests.G1.G1TenantSettingCodeTests.The_scan_finds_a_helper_that_names_the_tenant_setting [112 ms]
  Passed Erp.Gates.Tests.G1.G1ReviewedLookupTests.Reviewed_lookups_answer_nothing_inside_a_tenant_bound_transaction [165 ms]
  Passed Erp.Gates.Tests.G1.G1TenantSourceTests.The_scanner_catches_every_planted_bypass [52 ms]
  Passed Erp.Gates.Tests.G1.G1TenantSourceTests.Only_reviewed_files_choose_a_tenant_or_step_around_the_unit_of_work [59 ms]
  Passed Erp.Gates.Tests.G1.G1ProcessStateTests.Process_wide_state_is_immutable_or_reviewed [640 ms]
  Passed Erp.Gates.Tests.G1.G1NonInterferenceTests.What_tenant_A_is_answered_never_depends_on_what_tenant_B_did [1 m 34 s]
[xUnit.net 00:01:53.32]   Finished:    Erp.Gates.Tests (ID = '9691e6a555e6cefb058b81e75ccbf42acc9deee072b752e8f36e2f97282902f1')

Test Run Successful.
Total tests: 9
     Passed: 9
 Total time: 1.9065 Minutes
exit=0 secs=116
