Test run for /home/user/critic/p04-shell-r2-plants/tests/Erp.Gates.Tests/bin/Release/net10.0/Erp.Gates.Tests.dll (.NETCoreApp,Version=v10.0)
A total of 1 test files matched the specified pattern.
[xUnit.net 00:00:00.00] xUnit.net VSTest Adapter v3.1.5+1b188a7b0a (64-bit .NET 10.0.12)
[xUnit.net 00:00:00.35]   Discovering: Erp.Gates.Tests
[xUnit.net 00:00:01.06]   Discovered:  Erp.Gates.Tests
[xUnit.net 00:00:01.50]   Starting:    Erp.Gates.Tests
  Passed Erp.Gates.Tests.Rules.LicenceGateTests.Every_NuGet_package_has_an_allowed_licence [130 ms]
  Passed Erp.Gates.Tests.Rules.LicenceGateTests.Every_npm_package_has_an_allowed_licence [20 ms]
  Passed Erp.Gates.Tests.Rules.ListIndexGateTests.Search_fields_and_sortable_columns_of_database_lists_are_indexed [321 ms]
  Passed Erp.Gates.Tests.G1.G1DatabaseIsolationTests.Leakproof_functions_are_postgres_defaults_or_reviewed [371 ms]
  Passed Erp.Gates.Tests.G1.G1DatabaseIsolationTests.Every_table_is_tenant_owned_or_a_reviewed_platform_table [28 ms]
  Passed Erp.Gates.Tests.G1.G1TenantSourceTests.Only_reviewed_files_choose_a_tenant_or_step_around_the_unit_of_work [131 ms]
  Passed Erp.Gates.Tests.G1.G1TenantSourceTests.The_scanner_catches_every_planted_bypass [12 ms]
  Passed Erp.Gates.Tests.Rules.RegistrationGateTests.Every_registered_list_is_served_as_a_page_whose_rows_carry_its_columns [337 ms]
  Passed Erp.Gates.Tests.Rules.RegistrationGateTests.Navigation_reaches_every_screen_and_every_menu_entry_opens_a_screen_with_its_permission [22 ms]
  Passed Erp.Gates.Tests.G1.G1DatabaseIsolationTests.Application_role_cannot_bypass_row_level_security_or_become_a_role_that_can [291 ms]
  Passed Erp.Gates.Tests.G1.G1DatabaseIsolationTests.Tenant_tables_enforce_row_level_security_with_the_standard_policy [73 ms]
  Passed Erp.Gates.Tests.G1.G1DatabaseIsolationTests.Foreign_keys_between_tenant_tables_include_the_tenant [13 ms]
  Passed Erp.Gates.Tests.G1.G1DatabaseIsolationTests.Application_role_sees_and_changes_only_its_own_tenant_in_every_tenant_table [581 ms]
  Passed Erp.Gates.Tests.G1.G1DatabaseIsolationTests.A_tenant_set_for_the_whole_connection_or_left_by_an_earlier_transaction_is_ignored [11 ms]
  Passed Erp.Gates.Tests.G1.G1DatabaseIsolationTests.Security_definer_functions_are_exactly_the_reviewed_ones [11 ms]
  Passed Erp.Gates.Tests.G1.G1DatabaseIsolationTests.Tenant_tables_have_an_id_primary_key [27 ms]
  Passed Erp.Gates.Tests.G1.G1DatabaseIsolationTests.Audit_trail_is_append_only_for_the_application [10 ms]
  Passed Erp.Gates.Tests.Rules.StringGateTests.Every_problem_and_validation_code_in_server_code_has_text [10 ms]
  Passed Erp.Gates.Tests.Rules.StringGateTests.Server_string_files_have_matching_English_and_Arabic_keys [10 ms]
  Passed Erp.Gates.Tests.Rules.StringGateTests.Count_messages_use_plural_forms [3 ms]
  Passed Erp.Gates.Tests.Rules.StringGateTests.Web_string_files_have_matching_English_and_Arabic_keys [2 ms]
  Passed Erp.Gates.Tests.Rules.StringGateTests.Every_permission_module_and_menu_entry_has_labels [3 ms]
  Passed Erp.Gates.Tests.G2.G2PermissionTests.A_user_whose_roles_grant_nothing_is_denied_everything_and_sees_no_menu [5 s]
  Passed Erp.Gates.Tests.SelfTests.GateSelfTests.The_database_check_catches_a_table_without_row_level_security [468 ms]
  Passed Erp.Gates.Tests.SelfTests.GateSelfTests.The_process_state_check_catches_a_static_cache_and_a_stateful_singleton [137 ms]
  Passed Erp.Gates.Tests.SelfTests.GateSelfTests.The_permission_checks_catch_a_write_guarded_by_a_read_permission_and_a_read_that_writes [1 s]
  Passed Erp.Gates.Tests.G1.G1SignInThrottleTests.Failed_sign_ins_from_one_client_never_lock_the_account_out_for_anyone_else [35 s]
  Passed Erp.Gates.Tests.G1.G1SignInThrottleTests.Sign_in_failures_give_one_answer_that_states_no_policy [21 s]
  Passed Erp.Gates.Tests.G1.G1ProcessStateTests.Process_wide_state_is_immutable_or_reviewed [14 ms]
  Passed Erp.Gates.Tests.Rules.OpenApiGateTests.OpenApi_document_covers_every_endpoint_with_its_permission [75 ms]
  Passed Erp.Gates.Tests.Rules.OpenApiGateTests.Decimals_are_documented_as_strings [121 ms]
  Passed Erp.Gates.Tests.Rules.AuditGateTests.Passwords_are_redacted_in_the_audit_trail [6 s]
  Passed Erp.Gates.Tests.Rules.AuditGateTests.Changing_ones_own_interface_preferences_is_audited_field_by_field [2 s]
  Passed Erp.Gates.Tests.Rules.AuditGateTests.Every_tenant_table_carries_the_audit_trigger_unless_reviewed_exempt [218 ms]
  Passed Erp.Gates.Tests.Rules.AuditGateTests.Writes_through_the_API_leave_field_level_audit_rows_attributed_to_the_user [2 s]
  Passed Erp.Gates.Tests.Rules.AuditGateTests.Writes_that_bypass_the_ORM_are_audited_too [540 ms]
  Passed Erp.Gates.Tests.Rules.ShellGateTests.Every_navigation_group_has_an_English_and_Arabic_heading [240 ms]
  Passed Erp.Gates.Tests.Rules.ShellGateTests.Screens_format_numbers_amounts_and_dates_through_the_kernel_formatter [15 ms]
  Passed Erp.Gates.Tests.Rules.ShellGateTests.Language_and_digit_fields_document_their_allowed_values [413 ms]
  Passed Erp.Gates.Tests.Rules.ShellGateTests.Stylesheets_and_inline_styles_use_logical_directions_only [186 ms]
  Passed Erp.Gates.Tests.Rules.ListContractGateTests.Every_registered_list_documents_the_list_query_contract_and_its_definition [3 s]
  Passed Erp.Gates.Tests.G2.G2PermissionTests.Granting_exactly_one_permission_opens_exactly_the_endpoints_that_declare_it [1 m 32 s]
  Passed Erp.Gates.Tests.G2.G2PermissionTests.The_host_refuses_to_start_with_an_endpoint_whose_permission_is_not_in_the_catalogue [356 ms]
  Passed Erp.Gates.Tests.G2.G2PermissionTests.Users_cannot_escalate_their_own_privileges [5 s]
  Passed Erp.Gates.Tests.G2.G2PermissionTests.Undeclared_endpoints_fall_back_to_deny [< 1 ms]
  Passed Erp.Gates.Tests.Rules.ListContractGateTests.Every_filterable_column_filters_its_list_and_other_columns_are_refused [6 s]
  Passed Erp.Gates.Tests.Rules.ListContractGateTests.Every_search_field_is_searched_word_by_word_and_grouping_counts_every_row_once [2 s]
  Passed Erp.Gates.Tests.G2.G2PermissionTests.Every_registered_list_is_readable_with_its_permission_alone [8 s]
  Passed Erp.Gates.Tests.G2.G2PermissionTests.Every_endpoint_declares_exactly_one_permission_or_is_reviewed_anonymous [1 ms]
  Passed Erp.Gates.Tests.Rules.ListContractGateTests.Every_sortable_column_orders_its_list_both_ways_and_keyset_paging_matches_one_page [7 s]
  Passed Erp.Gates.Tests.Rules.MoneyGateTests.No_float_or_double_in_server_code [38 ms]
  Passed Erp.Gates.Tests.Rules.MoneyGateTests.No_parseFloat_in_front_end_code [9 ms]
  Passed Erp.Gates.Tests.Rules.MoneyGateTests.No_floating_point_or_money_columns_in_the_database [146 ms]
  Passed Erp.Gates.Tests.G2.G2PermissionTests.No_endpoint_grants_more_than_the_caller_holds [5 s]
  Passed Erp.Gates.Tests.G2.G2PermissionTests.The_host_refuses_to_start_with_an_endpoint_that_declares_no_permission [21 ms]
  Passed Erp.Gates.Tests.G2.G2PermissionTests.The_host_refuses_a_list_whose_endpoint_declares_another_permission [48 ms]
  Passed Erp.Gates.Tests.G2.G2PermissionTests.No_endpoint_that_changes_data_is_guarded_by_a_read_permission [< 1 ms]
  Passed Erp.Gates.Tests.G2.G2PermissionTests.Every_declared_permission_is_in_the_catalogue_and_every_catalogue_permission_is_used [< 1 ms]
  Passed Erp.Gates.Tests.G2.G2PermissionTests.Anonymous_callers_get_401_from_every_permissioned_endpoint [3 ms]
  Passed Erp.Gates.Tests.G2.G2PermissionTests.Requests_that_only_read_cannot_write [34 ms]
  Passed Erp.Gates.Tests.G2.G2PermissionTests.Sharing_a_view_needs_the_share_permission_and_the_lists_own_permission [1 s]
  Passed Erp.Gates.Tests.G2.G2PermissionTests.Creating_a_user_cannot_grant_more_than_the_caller_holds [4 s]
  Passed Erp.Gates.Tests.G2.G2AccountTakeoverTests.Creating_from_a_role_cannot_grant_more_than_the_caller_holds [1 s]
  Passed Erp.Gates.Tests.G2.G2AccountTakeoverTests.Acting_on_a_user_needs_every_permission_that_user_holds [6 s]
  Passed Erp.Gates.Tests.G2.G2AccountTakeoverTests.Nobody_resets_their_own_password_or_ends_their_own_access_through_administration [1 s]
  Passed Erp.Gates.Tests.G1.G1ReviewedLookupTests.Only_reviewed_source_files_name_a_reviewed_function [5 ms]
  Passed Erp.Gates.Tests.G1.G1ReviewedLookupTests.Reviewed_lookups_answer_nothing_inside_a_tenant_bound_transaction [54 ms]
  Passed Erp.Gates.Tests.G1.G1ReviewedLookupTests.Every_reviewed_function_has_reviewed_callers_and_sources [2 ms]
  Passed Erp.Gates.Tests.G1.G1CredentialTests.The_sign_in_lookup_reveals_no_hash_and_no_account_before_the_password_is_proven [304 ms]
  Passed Erp.Gates.Tests.G1.G1CredentialTests.No_reviewed_function_returns_a_credential_column_or_a_whole_row [11 ms]
  Passed Erp.Gates.Tests.G1.G1CredentialTests.The_function_owner_writes_only_where_reviewed [110 ms]
  Passed Erp.Gates.Tests.G1.G1CredentialTests.The_application_role_can_read_no_stored_credential [42 ms]
[xUnit.net 00:20:03.93]     Erp.Gates.Tests.G1.G1HttpIsolationTests.Tenant_A_cannot_reach_tenant_B_through_any_endpoint [FAIL]
[xUnit.net 00:20:03.94]       8 leaks:
[xUnit.net 00:20:03.94]       tenant A administrator (cookie) → PUT /api/identity/me/preferences [header Accept-Language: 0190a000-0000-7000-8000-00000000000b] → 200: response contains tenant B marker CNRY69460DB03F
[xUnit.net 00:20:03.94]       tenant bravocnry69460db03f administrator (cookie) → PUT /api/identity/me/preferences [tenant B reads right before A attacks this endpoint] → 200: response to tenant bravocnry69460db03f contains the attacking tenant's marker admin@alpha.example
[xUnit.net 00:20:03.94]       tenant bravocnry69460db03f administrator (cookie) → PUT /api/identity/me/preferences [tenant B reads right after A's tenant switch inputs] → 200: response to tenant bravocnry69460db03f contains the attacking tenant's marker admin@alpha.example
[xUnit.net 00:20:03.94]       tenant bravocnry69460db03f administrator (cookie) → PUT /api/identity/me/preferences [tenant B writes right before A's write] → 200: response to tenant bravocnry69460db03f contains the attacking tenant's marker admin@alpha.example
[xUnit.net 00:20:03.94]       tenant bravocnry69460db03f administrator (cookie) → PUT /api/identity/me/preferences [tenant B writes right after A's write] → 200: response to tenant bravocnry69460db03f contains the attacking tenant's marker admin@alpha.example
[xUnit.net 00:20:03.94]       tenant alpha administrator (cookie) → PUT /api/identity/me/preferences [tenant A writes right after B's write (cookie)] → 200: response to tenant alpha contains the attacking tenant's marker CNRY69460DB03F
[xUnit.net 00:20:03.94]       tenant alpha administrator (bearer) → PUT /api/identity/me/preferences [tenant A writes right after B's write (bearer)] → 200: response to tenant alpha contains the attacking tenant's marker CNRY69460DB03F
[xUnit.net 00:20:03.94]       tenant alpha administrator (cookie) → PUT /api/identity/me/preferences [tenant A writes before B reads] → 200: response to tenant alpha contains the attacking tenant's marker CNRY69460DB03F
[xUnit.net 00:20:03.94]       Stack Trace:
[xUnit.net 00:20:03.94]         /home/user/critic/p04-shell-r2-plants/tests/Erp.Gates.Tests/G1/G1HttpIsolationTests.cs(60,0): at Erp.Gates.Tests.G1.G1HttpIsolationTests.Tenant_A_cannot_reach_tenant_B_through_any_endpoint()
[xUnit.net 00:20:03.94]         --- End of stack trace from previous location ---
[xUnit.net 00:20:03.94]       Output:
[xUnit.net 00:20:03.94]         routes, tenant headers and guessed queries: 12144 requests so far, 247.8 s
[xUnit.net 00:20:03.94]         tenant switch inputs: 13 headers, 19 query names, 2 cookies, 21 body names: 15132 requests so far, 383.7 s
[xUnit.net 00:20:03.94]         write after write: 46 pairs over 23 endpoints, 2113 tenant A requests: 15132 requests so far, 512.6 s
[xUnit.net 00:20:03.94]         tenant B values in route and query parameters: 33873 requests so far, 890.3 s
[xUnit.net 00:20:03.94]         registered lists through their query contract: 1723 attacks, 2731 requests: 36604 requests so far, 970.1 s
[xUnit.net 00:20:03.94]         tenant B values in body fields: 39586 requests so far, 1110.0 s
[xUnit.net 00:20:03.94]         tenant B activity: 12320 requests (9285 concurrent with the attack), 224 successful own writes, 12310 responses judged for tenant A markers: 39586 requests so far, 1117.8 s
[xUnit.net 00:20:03.94]         tenant B: 55 ids (29 sampled), 42 text values, 32 extra markers, 18 probe values
[xUnit.net 00:20:03.94]         48374 tenant bindings and 79657 setting statements judged among 654762 statements; 2988 tenant switch inputs over 13 header names; 32440 responses judged on every header
[xUnit.net 00:20:03.94]         51 endpoints, 41699 requests, 97 tenant B values, 13611 parameter attacks, 2982 body value attacks, 7146 differential checks, 49120 traced lookups
  Failed Erp.Gates.Tests.G1.G1HttpIsolationTests.Tenant_A_cannot_reach_tenant_B_through_any_endpoint [19 m 26 s]
  Error Message:
   8 leaks:
tenant A administrator (cookie) → PUT /api/identity/me/preferences [header Accept-Language: 0190a000-0000-7000-8000-00000000000b] → 200: response contains tenant B marker CNRY69460DB03F
tenant bravocnry69460db03f administrator (cookie) → PUT /api/identity/me/preferences [tenant B reads right before A attacks this endpoint] → 200: response to tenant bravocnry69460db03f contains the attacking tenant's marker admin@alpha.example
tenant bravocnry69460db03f administrator (cookie) → PUT /api/identity/me/preferences [tenant B reads right after A's tenant switch inputs] → 200: response to tenant bravocnry69460db03f contains the attacking tenant's marker admin@alpha.example
tenant bravocnry69460db03f administrator (cookie) → PUT /api/identity/me/preferences [tenant B writes right before A's write] → 200: response to tenant bravocnry69460db03f contains the attacking tenant's marker admin@alpha.example
tenant bravocnry69460db03f administrator (cookie) → PUT /api/identity/me/preferences [tenant B writes right after A's write] → 200: response to tenant bravocnry69460db03f contains the attacking tenant's marker admin@alpha.example
tenant alpha administrator (cookie) → PUT /api/identity/me/preferences [tenant A writes right after B's write (cookie)] → 200: response to tenant alpha contains the attacking tenant's marker CNRY69460DB03F
tenant alpha administrator (bearer) → PUT /api/identity/me/preferences [tenant A writes right after B's write (bearer)] → 200: response to tenant alpha contains the attacking tenant's marker CNRY69460DB03F
tenant alpha administrator (cookie) → PUT /api/identity/me/preferences [tenant A writes before B reads] → 200: response to tenant alpha contains the attacking tenant's marker CNRY69460DB03F
  Stack Trace:
     at Erp.Gates.Tests.G1.G1HttpIsolationTests.Tenant_A_cannot_reach_tenant_B_through_any_endpoint() in /home/user/critic/p04-shell-r2-plants/tests/Erp.Gates.Tests/G1/G1HttpIsolationTests.cs:line 60
--- End of stack trace from previous location ---
  Standard Output Messages:
 routes, tenant headers and guessed queries: 12144 requests so far, 247.8 s
 tenant switch inputs: 13 headers, 19 query names, 2 cookies, 21 body names: 15132 requests so far, 383.7 s
 write after write: 46 pairs over 23 endpoints, 2113 tenant A requests: 15132 requests so far, 512.6 s
 tenant B values in route and query parameters: 33873 requests so far, 890.3 s
 registered lists through their query contract: 1723 attacks, 2731 requests: 36604 requests so far, 970.1 s
 tenant B values in body fields: 39586 requests so far, 1110.0 s
 tenant B activity: 12320 requests (9285 concurrent with the attack), 224 successful own writes, 12310 responses judged for tenant A markers: 39586 requests so far, 1117.8 s
 tenant B: 55 ids (29 sampled), 42 text values, 32 extra markers, 18 probe values
 48374 tenant bindings and 79657 setting statements judged among 654762 statements; 2988 tenant switch inputs over 13 header names; 32440 responses judged on every header
 51 endpoints, 41699 requests, 97 tenant B values, 13611 parameter attacks, 2982 body value attacks, 7146 differential checks, 49120 traced lookups


[xUnit.net 00:24:23.86]     Erp.Gates.Tests.SelfTests.GateSelfTests.The_HTTP_attack_catches_planted_header_route_and_body_leaks [FAIL]
[xUnit.net 00:24:23.86]       Assert.DoesNotContain() Failure: Filter matched in collection
[xUnit.net 00:24:23.86]                                                                                                                                           ↓ (pos 16)
[xUnit.net 00:24:23.86]       Collection: [···, "tenant A administrator (cookie) → GET /api/leaky/t"···, "tenant A administrator (bearer) → GET /api/leaky/t"···, "tenant A administrator (cookie) → PUT /api/identit"···, "tenant A administrator (cookie) → GET /api/leaky/a"···, "tenant A administrator (cookie) → GET /api/leaky/b"···, ···]
[xUnit.net 00:24:23.86]       Stack Trace:
[xUnit.net 00:24:23.86]         /home/user/critic/p04-shell-r2-plants/tests/Erp.Gates.Tests/SelfTests/GateSelfTests.cs(39,0): at Erp.Gates.Tests.SelfTests.GateSelfTests.The_HTTP_attack_catches_planted_header_route_and_body_leaks()
[xUnit.net 00:24:23.86]         --- End of stack trace from previous location ---
  Failed Erp.Gates.Tests.SelfTests.GateSelfTests.The_HTTP_attack_catches_planted_header_route_and_body_leaks [23 m 45 s]
  Error Message:
   Assert.DoesNotContain() Failure: Filter matched in collection
                                                                                                                                    ↓ (pos 16)
Collection: [···, "tenant A administrator (cookie) → GET /api/leaky/t"···, "tenant A administrator (bearer) → GET /api/leaky/t"···, "tenant A administrator (cookie) → PUT /api/identit"···, "tenant A administrator (cookie) → GET /api/leaky/a"···, "tenant A administrator (cookie) → GET /api/leaky/b"···, ···]
  Stack Trace:
     at Erp.Gates.Tests.SelfTests.GateSelfTests.The_HTTP_attack_catches_planted_header_route_and_body_leaks() in /home/user/critic/p04-shell-r2-plants/tests/Erp.Gates.Tests/SelfTests/GateSelfTests.cs:line 39
--- End of stack trace from previous location ---
  Passed Erp.Gates.Tests.SelfTests.GateSelfTests.The_grant_escalation_check_catches_an_endpoint_that_grants_any_role [6 s]
[xUnit.net 00:24:35.12]   Finished:    Erp.Gates.Tests (ID = 'da9beaf132be9aecd97878f3c9ce0b8aa542b6ca2e0e9f541c1fcfc9a2df3d49')

Test Run Failed.
Total tests: 75
     Passed: 73
     Failed: 2
 Total time: 24.6028 Minutes
rc=1 s=1479
