Test run for /home/shan/critic/p02-tenancy-r4-plants/tests/Erp.Gates.Tests/bin/Release/net10.0/Erp.Gates.Tests.dll (.NETCoreApp,Version=v10.0)
VSTest version 18.0.2 (x64)

Starting test execution, please wait...
A total of 1 test files matched the specified pattern.
[xUnit.net 00:00:00.00] xUnit.net VSTest Adapter v3.1.5+1b188a7b0a (64-bit .NET 10.0.12)
[xUnit.net 00:00:00.28]   Discovering: Erp.Gates.Tests
[xUnit.net 00:00:00.62]   Discovered:  Erp.Gates.Tests
[xUnit.net 00:00:00.85]   Starting:    Erp.Gates.Tests
  Passed Erp.Gates.Tests.G2.G2PermissionTests.No_endpoint_that_changes_data_is_guarded_by_a_read_permission [26 ms]
  Passed Erp.Gates.Tests.G2.G2PermissionTests.Every_module_route_is_under_a_reviewed_map_or_derives_its_permission_from_its_list [12 ms]
  Passed Erp.Gates.Tests.G2.G2PermissionTests.No_endpoint_grants_more_than_the_caller_holds [3 s]
  Passed Erp.Gates.Tests.G2.G2PermissionTests.The_reviewed_permission_map_catches_a_weaker_permission_an_unreviewed_endpoint_and_a_stale_line [46 ms]
[xUnit.net 00:00:26.93]     Erp.Gates.Tests.G2.G2CompanyAccessGrantTests.Company_access_is_given_and_taken_only_within_what_the_caller_holds_and_never_from_a_stronger_user [FAIL]
[xUnit.net 00:00:26.93]       PUT /api/tenancy/access/{userId:guid} by a user holding only the access permission who works in every company, removing the Administrator from company X: answered 200, expected 403: {"userId":"01a113c7-8d97-7dbe-bdd3-05bdec6ea627","displayName":"Mariam Al Mansoori","email":"admin@alpha.example","isCaller":false,"companies":[{"companyId":"0191260e-f484-7bcc-a6b1-bf63b9aa294f","allBranches":true,"branchIds":[]}],"options":[{"id":"0191260e-f481-735a-a62d-0d948055b3bd","code":"A1-C…
[xUnit.net 00:00:26.93]       PUT /api/tenancy/access/{userId:guid} by a user holding only the access permission who works in every company, removing the Administrator from company X: the target's access rows changed: 0191260e-f481-735a-a62d-0d948055b3bd:all,0191260e-f484-7bcc-a6b1-bf63b9aa294f:all |  → 0191260e-f484-7bcc-a6b1-bf63b9aa294f:all | 
[xUnit.net 00:00:26.93]       PUT /api/tenancy/access/{userId:guid} by a user holding only the access permission who works in every company, limiting the Administrator to one branch of X: answered 200, expected 403: {"userId":"01a113c7-8d97-7dbe-bdd3-05bdec6ea627","displayName":"Mariam Al Mansoori","email":"admin@alpha.example","isCaller":false,"companies":[{"companyId":"0191260e-f481-735a-a62d-0d948055b3bd","allBranches":false,"branchIds":["0191260e-f482-7d45-b2a4-a829610bb878"]},{"companyId":"0191260e-f484-7b…
[xUnit.net 00:00:26.93]       PUT /api/tenancy/access/{userId:guid} by a user holding only the access permission who works in every company, limiting the Administrator to one branch of X: the target's access rows changed: 0191260e-f484-7bcc-a6b1-bf63b9aa294f:all |  → 0191260e-f481-735a-a62d-0d948055b3bd:some,0191260e-f484-7bcc-a6b1-bf63b9aa294f:all | 0191260e-f482-7d45-b2a4-a829610bb878
[xUnit.net 00:00:26.93]       PUT /api/tenancy/access/{userId:guid} by a user holding only the access permission who works in every company, taking every company from the Administrator: answered 200, expected 403: {"userId":"01a113c7-8d97-7dbe-bdd3-05bdec6ea627","displayName":"Mariam Al Mansoori","email":"admin@alpha.example","isCaller":false,"companies":[],"options":[{"id":"0191260e-f481-735a-a62d-0d948055b3bd","code":"A1-CO","legalNameEn":"Alpha Trading","legalNameAr":"التجارة","isActive":true,"branches":[{…
[xUnit.net 00:00:26.93]       PUT /api/tenancy/access/{userId:guid} by a user holding only the access permission who works in every company, taking every company from the Administrator: the target's access rows changed: 0191260e-f481-735a-a62d-0d948055b3bd:some,0191260e-f484-7bcc-a6b1-bf63b9aa294f:all | 0191260e-f482-7d45-b2a4-a829610bb878 →  | 
[xUnit.net 00:00:26.93]       PUT /api/tenancy/access/{userId:guid}: the administrator could not change a user's access with the version just read: 400 {"type":"urn:erp:problem:validation","title":"Some fields need attention.","status":400,"code":"validation","traceId":"00-993016a105a17320f33739b52a85a6ce-d8d86536b95efad1-00","errors":{"companies":[{"code":"unknownIds","message":"Some selected items do not exist."}]}}
[xUnit.net 00:00:26.93]       PUT /api/tenancy/access/{userId:guid}: a request carrying the version read before another change answered 400, expected 409: {"type":"urn:erp:problem:validation","title":"Some fields need attention.","status":400,"code":"validation","traceId":"00-d9ba15e7a9c28bad32f466379e6b0ebe-46833da0694e6121-00","errors":{"companies":[{"code":"unknownIds","message":"Some selected items do not exist."}]}}
[xUnit.net 00:00:26.93]       PUT /api/tenancy/access/{userId:guid} by an administrator of company X alone, removing the tenant Administrator (who works in more companies) from X: answered 200, expected 403: {"userId":"01a113c7-8d97-7dbe-bdd3-05bdec6ea627","displayName":"Mariam Al Mansoori","email":"admin@alpha.example","isCaller":false,"companies":[],"options":[{"id":"0191260e-f481-735a-a62d-0d948055b3bd","code":"A1-CO","legalNameEn":"Alpha Trading","legalNameAr":"التجارة","isActive":true,"branches":[{…
[xUnit.net 00:00:26.93]       PUT /api/tenancy/access/{userId:guid} by an administrator of company X alone, limiting the tenant Administrator to one branch of X: answered 200, expected 403: {"userId":"01a113c7-8d97-7dbe-bdd3-05bdec6ea627","displayName":"Mariam Al Mansoori","email":"admin@alpha.example","isCaller":false,"companies":[{"companyId":"0191260e-f481-735a-a62d-0d948055b3bd","allBranches":false,"branchIds":["0191260e-f483-7c97-9e3c-8b269c7c4d35"]}],"options":[{"id":"0191260e-f4…
[xUnit.net 00:00:26.93]       PUT /api/tenancy/access/{userId:guid} by an administrator of company X alone, limiting the tenant Administrator to one branch of X: the target's access rows changed:  |  → 0191260e-f481-735a-a62d-0d948055b3bd:some | 0191260e-f483-7c97-9e3c-8b269c7c4d35
[xUnit.net 00:00:26.93]       the tenant Administrator lost access: 0191260e-f481-735a-a62d-0d948055b3bd:some | 0191260e-f483-7c97-9e3c-8b269c7c4d35
[xUnit.net 00:00:26.94]       Stack Trace:
[xUnit.net 00:00:26.94]         /home/shan/critic/p02-tenancy-r4-plants/tests/Erp.Gates.Tests/G2/G2CompanyAccessGrantTests.cs(57,0): at Erp.Gates.Tests.G2.G2CompanyAccessGrantTests.Company_access_is_given_and_taken_only_within_what_the_caller_holds_and_never_from_a_stronger_user()
[xUnit.net 00:00:26.94]         --- End of stack trace from previous location ---
[xUnit.net 00:00:26.94]       Output:
[xUnit.net 00:00:26.94]         1 company grant endpoint(s) (PUT /api/tenancy/access/{userId:guid}), 23 checks
  Failed Erp.Gates.Tests.G2.G2CompanyAccessGrantTests.Company_access_is_given_and_taken_only_within_what_the_caller_holds_and_never_from_a_stronger_user [7 s]
  Error Message:
   PUT /api/tenancy/access/{userId:guid} by a user holding only the access permission who works in every company, removing the Administrator from company X: answered 200, expected 403: {"userId":"01a113c7-8d97-7dbe-bdd3-05bdec6ea627","displayName":"Mariam Al Mansoori","email":"admin@alpha.example","isCaller":false,"companies":[{"companyId":"0191260e-f484-7bcc-a6b1-bf63b9aa294f","allBranches":true,"branchIds":[]}],"options":[{"id":"0191260e-f481-735a-a62d-0d948055b3bd","code":"A1-C…
PUT /api/tenancy/access/{userId:guid} by a user holding only the access permission who works in every company, removing the Administrator from company X: the target's access rows changed: 0191260e-f481-735a-a62d-0d948055b3bd:all,0191260e-f484-7bcc-a6b1-bf63b9aa294f:all |  → 0191260e-f484-7bcc-a6b1-bf63b9aa294f:all | 
PUT /api/tenancy/access/{userId:guid} by a user holding only the access permission who works in every company, limiting the Administrator to one branch of X: answered 200, expected 403: {"userId":"01a113c7-8d97-7dbe-bdd3-05bdec6ea627","displayName":"Mariam Al Mansoori","email":"admin@alpha.example","isCaller":false,"companies":[{"companyId":"0191260e-f481-735a-a62d-0d948055b3bd","allBranches":false,"branchIds":["0191260e-f482-7d45-b2a4-a829610bb878"]},{"companyId":"0191260e-f484-7b…
PUT /api/tenancy/access/{userId:guid} by a user holding only the access permission who works in every company, limiting the Administrator to one branch of X: the target's access rows changed: 0191260e-f484-7bcc-a6b1-bf63b9aa294f:all |  → 0191260e-f481-735a-a62d-0d948055b3bd:some,0191260e-f484-7bcc-a6b1-bf63b9aa294f:all | 0191260e-f482-7d45-b2a4-a829610bb878
PUT /api/tenancy/access/{userId:guid} by a user holding only the access permission who works in every company, taking every company from the Administrator: answered 200, expected 403: {"userId":"01a113c7-8d97-7dbe-bdd3-05bdec6ea627","displayName":"Mariam Al Mansoori","email":"admin@alpha.example","isCaller":false,"companies":[],"options":[{"id":"0191260e-f481-735a-a62d-0d948055b3bd","code":"A1-CO","legalNameEn":"Alpha Trading","legalNameAr":"التجارة","isActive":true,"branches":[{…
PUT /api/tenancy/access/{userId:guid} by a user holding only the access permission who works in every company, taking every company from the Administrator: the target's access rows changed: 0191260e-f481-735a-a62d-0d948055b3bd:some,0191260e-f484-7bcc-a6b1-bf63b9aa294f:all | 0191260e-f482-7d45-b2a4-a829610bb878 →  | 
PUT /api/tenancy/access/{userId:guid}: the administrator could not change a user's access with the version just read: 400 {"type":"urn:erp:problem:validation","title":"Some fields need attention.","status":400,"code":"validation","traceId":"00-993016a105a17320f33739b52a85a6ce-d8d86536b95efad1-00","errors":{"companies":[{"code":"unknownIds","message":"Some selected items do not exist."}]}}
PUT /api/tenancy/access/{userId:guid}: a request carrying the version read before another change answered 400, expected 409: {"type":"urn:erp:problem:validation","title":"Some fields need attention.","status":400,"code":"validation","traceId":"00-d9ba15e7a9c28bad32f466379e6b0ebe-46833da0694e6121-00","errors":{"companies":[{"code":"unknownIds","message":"Some selected items do not exist."}]}}
PUT /api/tenancy/access/{userId:guid} by an administrator of company X alone, removing the tenant Administrator (who works in more companies) from X: answered 200, expected 403: {"userId":"01a113c7-8d97-7dbe-bdd3-05bdec6ea627","displayName":"Mariam Al Mansoori","email":"admin@alpha.example","isCaller":false,"companies":[],"options":[{"id":"0191260e-f481-735a-a62d-0d948055b3bd","code":"A1-CO","legalNameEn":"Alpha Trading","legalNameAr":"التجارة","isActive":true,"branches":[{…
PUT /api/tenancy/access/{userId:guid} by an administrator of company X alone, limiting the tenant Administrator to one branch of X: answered 200, expected 403: {"userId":"01a113c7-8d97-7dbe-bdd3-05bdec6ea627","displayName":"Mariam Al Mansoori","email":"admin@alpha.example","isCaller":false,"companies":[{"companyId":"0191260e-f481-735a-a62d-0d948055b3bd","allBranches":false,"branchIds":["0191260e-f483-7c97-9e3c-8b269c7c4d35"]}],"options":[{"id":"0191260e-f4…
PUT /api/tenancy/access/{userId:guid} by an administrator of company X alone, limiting the tenant Administrator to one branch of X: the target's access rows changed:  |  → 0191260e-f481-735a-a62d-0d948055b3bd:some | 0191260e-f483-7c97-9e3c-8b269c7c4d35
the tenant Administrator lost access: 0191260e-f481-735a-a62d-0d948055b3bd:some | 0191260e-f483-7c97-9e3c-8b269c7c4d35
  Stack Trace:
     at Erp.Gates.Tests.G2.G2CompanyAccessGrantTests.Company_access_is_given_and_taken_only_within_what_the_caller_holds_and_never_from_a_stronger_user() in /home/shan/critic/p02-tenancy-r4-plants/tests/Erp.Gates.Tests/G2/G2CompanyAccessGrantTests.cs:line 57
--- End of stack trace from previous location ---
  Standard Output Messages:
 1 company grant endpoint(s) (PUT /api/tenancy/access/{userId:guid}), 23 checks


[xUnit.net 00:01:06.74]     Erp.Gates.Tests.G1.G1BranchScopeAttackTests.A_user_limited_to_one_branch_cannot_reach_another_branch_of_the_company_through_any_endpoint [FAIL]
[xUnit.net 00:01:06.74]       Answers that tell branch Z's values apart from values that exist nowhere:
[xUnit.net 00:01:06.74]       branch-limited administrator → POST /api/tenancy/branches [code]: branch Z's value answered 409, a value that exists nowhere answered 201 ({"type":"urn:erp:problem:duplicate","title":"A record with the same value already exists.","status":409,"code":"duplicate","traceId":"0HNP41AE1N1SQ"} / {"id":"01a113c7-b195-7142-984f-b017045bde08","companyId":"0191260e-f481-735a-a62d-0d948055b3bd","companyCode":"A1-CO","code":"I2-AW4","nameEn":"G2 wo0fcd244660f 3","nameAr":"G2 wo0fcd244660f 4","addre…)
[xUnit.net 00:01:06.74]       Stack Trace:
[xUnit.net 00:01:06.74]         /home/shan/critic/p02-tenancy-r4-plants/tests/Erp.Gates.Tests/G1/G1BranchScopeAttackTests.cs(41,0): at Erp.Gates.Tests.G1.G1BranchScopeAttackTests.A_user_limited_to_one_branch_cannot_reach_another_branch_of_the_company_through_any_endpoint()
[xUnit.net 00:01:06.74]         --- End of stack trace from previous location ---
[xUnit.net 00:01:06.74]       Output:
[xUnit.net 00:01:06.74]         98 endpoints, 11008 requests, 4 branch Z markers, 840 differential checks, 5 write oracle checks
  Failed Erp.Gates.Tests.G1.G1BranchScopeAttackTests.A_user_limited_to_one_branch_cannot_reach_another_branch_of_the_company_through_any_endpoint [48 s]
  Error Message:
   Answers that tell branch Z's values apart from values that exist nowhere:
branch-limited administrator → POST /api/tenancy/branches [code]: branch Z's value answered 409, a value that exists nowhere answered 201 ({"type":"urn:erp:problem:duplicate","title":"A record with the same value already exists.","status":409,"code":"duplicate","traceId":"0HNP41AE1N1SQ"} / {"id":"01a113c7-b195-7142-984f-b017045bde08","companyId":"0191260e-f481-735a-a62d-0d948055b3bd","companyCode":"A1-CO","code":"I2-AW4","nameEn":"G2 wo0fcd244660f 3","nameAr":"G2 wo0fcd244660f 4","addre…)
  Stack Trace:
     at Erp.Gates.Tests.G1.G1BranchScopeAttackTests.A_user_limited_to_one_branch_cannot_reach_another_branch_of_the_company_through_any_endpoint() in /home/shan/critic/p02-tenancy-r4-plants/tests/Erp.Gates.Tests/G1/G1BranchScopeAttackTests.cs:line 41
--- End of stack trace from previous location ---
  Standard Output Messages:
 98 endpoints, 11008 requests, 4 branch Z markers, 840 differential checks, 5 write oracle checks


  Passed Erp.Gates.Tests.G2.G2PermissionTests.Granting_exactly_one_permission_opens_exactly_the_endpoints_that_declare_it [49 s]
  Passed Erp.Gates.Tests.G2.G2PermissionTests.Creating_a_user_cannot_grant_more_than_the_caller_holds [867 ms]
  Passed Erp.Gates.Tests.G2.G2PermissionTests.The_host_refuses_a_list_whose_endpoint_declares_another_permission [39 ms]
  Passed Erp.Gates.Tests.G2.G2PermissionTests.The_host_refuses_to_start_with_an_endpoint_that_declares_no_permission [18 ms]
  Passed Erp.Gates.Tests.G2.G2PermissionTests.Every_registered_list_is_readable_with_its_permission_alone [2 s]
  Passed Erp.Gates.Tests.G2.G2PermissionTests.Every_endpoint_declares_exactly_one_permission_or_is_reviewed_anonymous [5 ms]
  Passed Erp.Gates.Tests.G2.G2PermissionTests.Anonymous_callers_get_401_from_every_permissioned_endpoint [10 ms]
  Passed Erp.Gates.Tests.G2.G2PermissionTests.The_host_refuses_to_start_with_an_endpoint_whose_permission_is_not_in_the_catalogue [22 ms]
  Passed Erp.Gates.Tests.G2.G2PermissionTests.A_user_whose_roles_grant_nothing_is_denied_everything_and_sees_no_menu [910 ms]
[xUnit.net 00:01:13.89]     Erp.Gates.Tests.G2.G2PermissionTests.Every_declared_permission_is_in_the_catalogue_and_every_catalogue_permission_is_used [FAIL]
[xUnit.net 00:01:13.89]       Catalogue permissions no endpoint uses (dead permissions confuse role editors): tenancy.branches.update
[xUnit.net 00:01:13.89]       Stack Trace:
[xUnit.net 00:01:13.89]         /home/shan/critic/p02-tenancy-r4-plants/tests/Erp.Gates.Tests/G2/G2PermissionTests.cs(303,0): at Erp.Gates.Tests.G2.G2PermissionTests.Every_declared_permission_is_in_the_catalogue_and_every_catalogue_permission_is_used()
[xUnit.net 00:01:13.89]            at System.RuntimeMethodHandle.InvokeMethod(ObjectHandleOnStack target, Void** arguments, ObjectHandleOnStack sig, BOOL isConstructor, ObjectHandleOnStack result)
[xUnit.net 00:01:13.89]            at System.RuntimeMethodHandle.InvokeMethod(ObjectHandleOnStack target, Void** arguments, ObjectHandleOnStack sig, BOOL isConstructor, ObjectHandleOnStack result)
[xUnit.net 00:01:13.89]            at System.Reflection.MethodBaseInvoker.InterpretedInvoke_Method(Object obj, IntPtr* args)
[xUnit.net 00:01:13.89]            at System.Reflection.MethodBaseInvoker.InvokeWithNoArgs(Object obj, BindingFlags invokeAttr)
[xUnit.net 00:01:14.41]     Erp.Gates.Tests.G2.G2PermissionTests.Every_endpoint_under_a_reviewed_prefix_declares_exactly_its_reviewed_permission [FAIL]
[xUnit.net 00:01:14.41]       PUT /api/tenancy/branches/{id:guid} declares tenancy.branches.create; the reviewed map tenancy.txt says tenancy.branches.update
[xUnit.net 00:01:14.41]       Stack Trace:
[xUnit.net 00:01:14.41]         /home/shan/critic/p02-tenancy-r4-plants/tests/Erp.Gates.Tests/G2/G2PermissionTests.cs(95,0): at Erp.Gates.Tests.G2.G2PermissionTests.Every_endpoint_under_a_reviewed_prefix_declares_exactly_its_reviewed_permission()
[xUnit.net 00:01:14.41]            at System.RuntimeMethodHandle.InvokeMethod(ObjectHandleOnStack target, Void** arguments, ObjectHandleOnStack sig, BOOL isConstructor, ObjectHandleOnStack result)
[xUnit.net 00:01:14.41]            at System.RuntimeMethodHandle.InvokeMethod(ObjectHandleOnStack target, Void** arguments, ObjectHandleOnStack sig, BOOL isConstructor, ObjectHandleOnStack result)
[xUnit.net 00:01:14.41]            at System.Reflection.MethodBaseInvoker.InterpretedInvoke_Method(Object obj, IntPtr* args)
[xUnit.net 00:01:14.41]            at System.Reflection.MethodBaseInvoker.InvokeWithNoArgs(Object obj, BindingFlags invokeAttr)
[xUnit.net 00:01:14.41]       Output:
[xUnit.net 00:01:14.41]         40 endpoints compared with 3 reviewed map(s)
  Passed Erp.Gates.Tests.G2.G2PermissionTests.Sharing_a_view_needs_the_share_permission_and_the_lists_own_permission [654 ms]
  Failed Erp.Gates.Tests.G2.G2PermissionTests.Every_declared_permission_is_in_the_catalogue_and_every_catalogue_permission_is_used [1 ms]
  Error Message:
   Catalogue permissions no endpoint uses (dead permissions confuse role editors): tenancy.branches.update
  Stack Trace:
     at Erp.Gates.Tests.G2.G2PermissionTests.Every_declared_permission_is_in_the_catalogue_and_every_catalogue_permission_is_used() in /home/shan/critic/p02-tenancy-r4-plants/tests/Erp.Gates.Tests/G2/G2PermissionTests.cs:line 303
   at System.RuntimeMethodHandle.InvokeMethod(ObjectHandleOnStack target, Void** arguments, ObjectHandleOnStack sig, BOOL isConstructor, ObjectHandleOnStack result)
   at System.RuntimeMethodHandle.InvokeMethod(ObjectHandleOnStack target, Void** arguments, ObjectHandleOnStack sig, BOOL isConstructor, ObjectHandleOnStack result)
   at System.Reflection.MethodBaseInvoker.InterpretedInvoke_Method(Object obj, IntPtr* args)
   at System.Reflection.MethodBaseInvoker.InvokeWithNoArgs(Object obj, BindingFlags invokeAttr)
  Passed Erp.Gates.Tests.G2.G2PermissionTests.Users_cannot_escalate_their_own_privileges [476 ms]
  Passed Erp.Gates.Tests.G2.G2PermissionTests.Requests_that_only_read_cannot_write [13 ms]
  Passed Erp.Gates.Tests.G2.G2PermissionTests.Undeclared_endpoints_fall_back_to_deny [1 ms]
  Passed Erp.Gates.Tests.G2.G2PermissionTests.The_declaration_check_catches_AllowAnonymous_stacked_on_a_permission [20 ms]
  Failed Erp.Gates.Tests.G2.G2PermissionTests.Every_endpoint_under_a_reviewed_prefix_declares_exactly_its_reviewed_permission [2 ms]
  Error Message:
   PUT /api/tenancy/branches/{id:guid} declares tenancy.branches.create; the reviewed map tenancy.txt says tenancy.branches.update
  Stack Trace:
     at Erp.Gates.Tests.G2.G2PermissionTests.Every_endpoint_under_a_reviewed_prefix_declares_exactly_its_reviewed_permission() in /home/shan/critic/p02-tenancy-r4-plants/tests/Erp.Gates.Tests/G2/G2PermissionTests.cs:line 95
   at System.RuntimeMethodHandle.InvokeMethod(ObjectHandleOnStack target, Void** arguments, ObjectHandleOnStack sig, BOOL isConstructor, ObjectHandleOnStack result)
   at System.RuntimeMethodHandle.InvokeMethod(ObjectHandleOnStack target, Void** arguments, ObjectHandleOnStack sig, BOOL isConstructor, ObjectHandleOnStack result)
   at System.Reflection.MethodBaseInvoker.InterpretedInvoke_Method(Object obj, IntPtr* args)
   at System.Reflection.MethodBaseInvoker.InvokeWithNoArgs(Object obj, BindingFlags invokeAttr)
  Standard Output Messages:
 40 endpoints compared with 3 reviewed map(s)


[xUnit.net 00:02:18.92]     Erp.Gates.Tests.G1.G1CompanyIsolationTests.A_user_of_company_X_cannot_reach_company_Y_through_any_endpoint [FAIL]
[xUnit.net 00:02:18.92]       Answers that tell company Y's values apart from values that exist nowhere:
[xUnit.net 00:02:18.92]       company X administrator → PUT /api/tenancy/companies/0191260e-f481-735a-a62d-0d948055b3bd [code]: company Y's code answered 409, a code that exists nowhere answered 200
[xUnit.net 00:02:18.92]       Stack Trace:
[xUnit.net 00:02:18.92]         /home/shan/critic/p02-tenancy-r4-plants/tests/Erp.Gates.Tests/G1/G1CompanyIsolationTests.cs(46,0): at Erp.Gates.Tests.G1.G1CompanyIsolationTests.A_user_of_company_X_cannot_reach_company_Y_through_any_endpoint()
[xUnit.net 00:02:18.92]         --- End of stack trace from previous location ---
[xUnit.net 00:02:18.92]       Output:
[xUnit.net 00:02:18.92]         98 endpoints, 50788 requests, 20 company Y markers, 5336 differential checks, 8 write oracle checks
[xUnit.net 00:02:19.18]   Finished:    Erp.Gates.Tests (ID = '60c42f28d755e2f9035befd67f37f53035d61dba6b48dd59645b0baecd41d570')
  Failed Erp.Gates.Tests.G1.G1CompanyIsolationTests.A_user_of_company_X_cannot_reach_company_Y_through_any_endpoint [1 m 56 s]
  Error Message:
   Answers that tell company Y's values apart from values that exist nowhere:
company X administrator → PUT /api/tenancy/companies/0191260e-f481-735a-a62d-0d948055b3bd [code]: company Y's code answered 409, a code that exists nowhere answered 200
  Stack Trace:
     at Erp.Gates.Tests.G1.G1CompanyIsolationTests.A_user_of_company_X_cannot_reach_company_Y_through_any_endpoint() in /home/shan/critic/p02-tenancy-r4-plants/tests/Erp.Gates.Tests/G1/G1CompanyIsolationTests.cs:line 46
--- End of stack trace from previous location ---
  Standard Output Messages:
 98 endpoints, 50788 requests, 20 company Y markers, 5336 differential checks, 8 write oracle checks



Test Run Failed.
Total tests: 23
     Passed: 18
     Failed: 5
 Total time: 2.3302 Minutes
EXIT 1
