Test run for /home/shan/critic/p02-tenancy-r4-plants/tests/Erp.Gates.Tests/bin/Release/net10.0/Erp.Gates.Tests.dll (.NETCoreApp,Version=v10.0)
VSTest version 18.0.2 (x64)

Starting test execution, please wait...
A total of 1 test files matched the specified pattern.
[xUnit.net 00:00:00.00] xUnit.net VSTest Adapter v3.1.5+1b188a7b0a (64-bit .NET 10.0.12)
[xUnit.net 00:00:00.28]   Discovering: Erp.Gates.Tests
[xUnit.net 00:00:00.67]   Discovered:  Erp.Gates.Tests
[xUnit.net 00:00:00.93]   Starting:    Erp.Gates.Tests
[xUnit.net 00:00:15.29]     Erp.Gates.Tests.G1.G1ProcessStateTests.Process_wide_state_is_immutable_or_reviewed [FAIL]
[xUnit.net 00:00:15.29]       singleton Erp.Modules.Tenancy.Companies.CompanyCardCache.Items: a read-only field that holds a mutable ConcurrentDictionary<Guid, CompanyDto>. Make it immutable, scope it to the request, key it by tenant, or review it in tests/Gates/process-state-allowlist.txt.
[xUnit.net 00:00:15.29]       Stack Trace:
[xUnit.net 00:00:15.30]         /home/shan/critic/p02-tenancy-r4-plants/tests/Erp.Gates.Tests/G1/G1ProcessStateTests.cs(39,0): at Erp.Gates.Tests.G1.G1ProcessStateTests.Process_wide_state_is_immutable_or_reviewed()
[xUnit.net 00:00:15.30]            at System.RuntimeMethodHandle.InvokeMethod(ObjectHandleOnStack target, Void** arguments, ObjectHandleOnStack sig, BOOL isConstructor, ObjectHandleOnStack result)
[xUnit.net 00:00:15.30]            at System.RuntimeMethodHandle.InvokeMethod(ObjectHandleOnStack target, Void** arguments, ObjectHandleOnStack sig, BOOL isConstructor, ObjectHandleOnStack result)
[xUnit.net 00:00:15.30]            at System.Reflection.MethodBaseInvoker.InterpretedInvoke_Method(Object obj, IntPtr* args)
[xUnit.net 00:00:15.30]            at System.Reflection.MethodBaseInvoker.InvokeWithNoArgs(Object obj, BindingFlags invokeAttr)
[xUnit.net 00:00:15.30]       Output:
[xUnit.net 00:00:15.30]         349 types, 68 fields, 12 singleton services inspected, 102 endpoint delegates walked (2876 objects) to 13 closures; 7 reviewed findings
  Failed Erp.Gates.Tests.G1.G1ProcessStateTests.Process_wide_state_is_immutable_or_reviewed [56 ms]
  Error Message:
   singleton Erp.Modules.Tenancy.Companies.CompanyCardCache.Items: a read-only field that holds a mutable ConcurrentDictionary<Guid, CompanyDto>. Make it immutable, scope it to the request, key it by tenant, or review it in tests/Gates/process-state-allowlist.txt.
  Stack Trace:
     at Erp.Gates.Tests.G1.G1ProcessStateTests.Process_wide_state_is_immutable_or_reviewed() in /home/shan/critic/p02-tenancy-r4-plants/tests/Erp.Gates.Tests/G1/G1ProcessStateTests.cs:line 39
   at System.RuntimeMethodHandle.InvokeMethod(ObjectHandleOnStack target, Void** arguments, ObjectHandleOnStack sig, BOOL isConstructor, ObjectHandleOnStack result)
   at System.RuntimeMethodHandle.InvokeMethod(ObjectHandleOnStack target, Void** arguments, ObjectHandleOnStack sig, BOOL isConstructor, ObjectHandleOnStack result)
   at System.Reflection.MethodBaseInvoker.InterpretedInvoke_Method(Object obj, IntPtr* args)
   at System.Reflection.MethodBaseInvoker.InvokeWithNoArgs(Object obj, BindingFlags invokeAttr)
  Standard Output Messages:
 349 types, 68 fields, 12 singleton services inspected, 102 endpoint delegates walked (2876 objects) to 13 closures; 7 reviewed findings


[xUnit.net 00:01:16.65]     Erp.Gates.Tests.G1.G1BranchScopeAttackTests.A_user_limited_to_one_branch_cannot_reach_another_branch_of_the_company_through_any_endpoint [FAIL]
[xUnit.net 00:01:16.65]       162 leaks of branch Z:
[xUnit.net 00:01:16.65]       branch-limited administrator → GET /api/tenancy/branches?search=%D8%A7%D9%84%D8%AA%D8%AC%D8%A7%D8%B1%D8%A9%20%D9%81%D8%B1%D8%B9%20%D8%AB%D8%A7%D9%86 → 200: contains branch Z marker 0191260e-f483-7ae0-9a97-cec63df5e65b
[xUnit.net 00:01:16.65]       branch-limited administrator → GET /api/tenancy/branches?search=A1-BR2 → 200: contains branch Z marker 0191260e-f483-7ae0-9a97-cec63df5e65b
[xUnit.net 00:01:16.65]       branch-limited administrator → GET /api/tenancy/branches?search=Alpha%20Trading%20branch%20two → 200: contains branch Z marker 0191260e-f483-7ae0-9a97-cec63df5e65b
[xUnit.net 00:01:16.65]       branch-limited administrator → GET /api/tenancy/branches → 200: contains branch Z marker 0191260e-f483-7ae0-9a97-cec63df5e65b
[xUnit.net 00:01:16.65]       branch-limited administrator → GET /api/tenancy/branches?companyId=A1-BR2 → 200: contains branch Z marker 0191260e-f483-7ae0-9a97-cec63df5e65b
[xUnit.net 00:01:16.65]       branch-limited administrator → GET /api/tenancy/branches?companyId=%D8%A7%D9%84%D8%AA%D8%AC%D8%A7%D8%B1%D8%A9%20%D9%81%D8%B1%D8%B9%20%D8%AB%D8%A7%D9%86 → 200: contains branch Z marker 0191260e-f483-7ae0-9a97-cec63df5e65b
[xUnit.net 00:01:16.65]       branch-limited administrator → GET /api/tenancy/branches?companyId=Alpha%20Trading%20branch%20two → 200: contains branch Z marker 0191260e-f483-7ae0-9a97-cec63df5e65b
[xUnit.net 00:01:16.65]       branch-limited administrator → GET /api/tenancy/branches?companyId=Road%2012 → 200: contains branch Z marker 0191260e-f483-7ae0-9a97-cec63df5e65b
[xUnit.net 00:01:16.65]       branch-limited administrator → GET /api/tenancy/branches?companyId=e5-bx7 → 200: contains branch Z marker 0191260e-f483-7ae0-9a97-cec63df5e65b
[xUnit.net 00:01:16.65]       branch-limited administrator → GET /api/tenancy/branches?companyId=dadd9b98-c1f5-4493-b9cf-9b4f8263f0f4 → 200: contains branch Z marker 0191260e-f483-7ae0-9a97-cec63df5e65b
[xUnit.net 00:01:16.65]       branch-limited administrator → GET /api/tenancy/branches?companyId=kgwie%20mwejgjp%20nwdnoz%20emm → 200: contains branch Z marker 0191260e-f483-7ae0-9a97-cec63df5e65b
[xUnit.net 00:01:16.65]       branch-limited administrator → GET /api/tenancy/branches?companyId=ippfsfy%20pip%20cvg → 200: contains branch Z marker 0191260e-f483-7ae0-9a97-cec63df5e65b
[xUnit.net 00:01:16.65]       branch-limited administrator → GET /api/tenancy/branches?companyId=%2B971%206%20000%200012 → 200: contains branch Z marker 0191260e-f483-7ae0-9a97-cec63df5e65b
[xUnit.net 00:01:16.65]       branch-limited administrator → GET /api/tenancy/branches?companyId=hxto%2053 → 200: contains branch Z marker 0191260e-f483-7ae0-9a97-cec63df5e65b
[xUnit.net 00:01:16.65]       branch-limited administrator → GET /api/tenancy/branches?branchId=A1-BR2 → 200: contains branch Z marker 0191260e-f483-7ae0-9a97-cec63df5e65b
[xUnit.net 00:01:16.65]       branch-limited administrator → GET /api/tenancy/branches?branchId=Alpha%20Trading%20branch%20two → 200: contains branch Z marker 0191260e-f483-7ae0-9a97-cec63df5e65b
[xUnit.net 00:01:16.65]       branch-limited administrator → GET /api/tenancy/branches?branchId=%D8%A7%D9%84%D8%AA%D8%AC%D8%A7%D8%B1%D8%A9%20%D9%81%D8%B1%D8%B9%20%D8%AB%D8%A7%D9%86 → 200: contains branch Z marker 0191260e-f483-7ae0-9a97-cec63df5e65b
[xUnit.net 00:01:16.65]       branch-limited administrator → GET /api/tenancy/branches?branchId=Road%2012 → 200: contains branch Z marker 0191260e-f483-7ae0-9a97-cec63df5e65b
[xUnit.net 00:01:16.65]       branch-limited administrator → GET /api/tenancy/branches?branchId=d81680d7-7a99-46f4-98d6-e162e4b0336d → 200: contains branch Z marker 0191260e-f483-7ae0-9a97-cec63df5e65b
[xUnit.net 00:01:16.65]       branch-limited administrator → GET /api/tenancy/branches?branchId=%2B971%206%20000%200012 → 200: contains branch Z marker 0191260e-f483-7ae0-9a97-cec63df5e65b
[xUnit.net 00:01:16.65]       branch-limited administrator → GET /api/tenancy/branches?branchId=z4-rj0 → 200: contains branch Z marker 0191260e-f483-7ae0-9a97-cec63df5e65b
[xUnit.net 00:01:16.65]       branch-limited administrator → GET /api/tenancy/branches?branchId=srtna%20nvjuaxy%20ezjsqm%20maq → 200: contains branch Z marker 0191260e-f483-7ae0-9a97-cec63df5e65b
[xUnit.net 00:01:16.65]       branch-limited administrator → GET /api/tenancy/branches?companyId=%2B446%202%20048%200835 → 200: contains branch Z marker 0191260e-f483-7ae0-9a97-cec63df5e65b
[xUnit.net 00:01:16.65]       branch-limited administrator → GET /api/tenancy/branches?branchId=hhws%2035 → 200: contains branch Z marker 0191260e-f483-7ae0-9a97-cec63df5e65b
[xUnit.net 00:01:16.65]       branch-limited administrator → GET /api/tenancy/branches?branchId=tdubsox%20dpu%20hwj → 200: contains branch Z marker 0191260e-f483-7ae0-9a97-cec63df5e65b
[xUnit.net 00:01:16.65]       branch-limited administrator → GET /api/tenancy/branches?company=A1-BR2 → 200: contains branch Z marker 0191260e-f483-7ae0-9a97-cec63df5e65b
[xUnit.net 00:01:16.65]       branch-limited administrator → GET /api/tenancy/branches?branchId=%2B021%203%20854%202343 → 200: contains branch Z marker 0191260e-f483-7ae0-9a97-cec63df5e65b
[xUnit.net 00:01:16.65]       branch-limited administrator → GET /api/tenancy/branches?company=Alpha%20Trading%20branch%20two → 200: contains branch Z marker 0191260e-f483-7ae0-9a97-cec63df5e65b
[xUnit.net 00:01:16.65]       branch-limited administrator → GET /api/tenancy/branches?company=Road%2012 → 200: contains branch Z marker 0191260e-f483-7ae0-9a97-cec63df5e65b
[xUnit.net 00:01:16.65]       branch-limited administrator → GET /api/tenancy/branches?company=bc588d04-c35d-41b8-9772-a2b85869fd42 → 200: contains branch Z marker 0191260e-f483-7ae0-9a97-cec63df5e65b
[xUnit.net 00:01:16.65]       branch-limited administrator → GET /api/tenancy/branches?company=%D8%A7%D9%84%D8%AA%D8%AC%D8%A7%D8%B1%D8%A9%20%D9%81%D8%B1%D8%B9%20%D8%AB%D8%A7%D9%86 → 200: contains branch Z marker 0191260e-f483-7ae0-9a97-cec63df5e65b
[xUnit.net 00:01:16.65]       branch-limited administrator → GET /api/tenancy/branches?company=%2B971%206%20000%200012 → 200: contains branch Z marker 0191260e-f483-7ae0-9a97-cec63df5e65b
[xUnit.net 00:01:16.65]       branch-limited administrator → GET /api/tenancy/branches?company=acngq%20qcrangh%20btbnnb%20tet → 200: contains branch Z marker 0191260e-f483-7ae0-9a97-cec63df5e65b
[xUnit.net 00:01:16.65]       branch-limited administrator → GET /api/tenancy/branches?branch=A1-BR2 → 200: contains branch Z marker 0191260e-f483-7ae0-9a97-cec63df5e65b
[xUnit.net 00:01:16.65]       branch-limited administrator → GET /api/tenancy/branches?company=j9-gd2 → 200: contains branch Z marker 0191260e-f483-7ae0-9a97-cec63df5e65b
[xUnit.net 00:01:16.65]       branch-limited administrator → GET /api/tenancy/branches?branch=Alpha%20Trading%20branch%20two → 200: contains branch Z marker 0191260e-f483-7ae0-9a97-cec63df5e65b
[xUnit.net 00:01:16.65]       branch-limited administrator → GET /api/tenancy/branches?company=wvxckvu%20cqg%20jbi → 200: contains branch Z marker 0191260e-f483-7ae0-9a97-cec63df5e65b
[xUnit.net 00:01:16.65]       branch-limited administrator → GET /api/tenancy/branches?company=ydmr%2044 → 200: contains branch Z marker 0191260e-f483-7ae0-9a97-cec63df5e65b
[xUnit.net 00:01:16.65]       branch-limited administrator → GET /api/tenancy/branches?branch=%D8%A7%D9%84%D8%AA%D8%AC%D8%A7%D8%B1%D8%A9%20%D9%81%D8%B1%D8%B9%20%D8%AB%D8%A7%D9%86 → 200: contains branch Z marker 0191260e-f483-7ae0-9a97-cec63df5e65b
[xUnit.net 00:01:16.65]       branch-limited administrator → GET /api/tenancy/branches?company=%2B457%204%20177%206440 → 200: contains branch Z marker 0191260e-f483-7ae0-9a97-cec63df5e65b
[xUnit.net 00:01:16.65]       Stack Trace:
[xUnit.net 00:01:16.65]         /home/shan/critic/p02-tenancy-r4-plants/tests/Erp.Gates.Tests/G1/G1BranchScopeAttackTests.cs(40,0): at Erp.Gates.Tests.G1.G1BranchScopeAttackTests.A_user_limited_to_one_branch_cannot_reach_another_branch_of_the_company_through_any_endpoint()
[xUnit.net 00:01:16.65]         --- End of stack trace from previous location ---
[xUnit.net 00:01:16.65]       Output:
[xUnit.net 00:01:16.65]         98 endpoints, 11008 requests, 4 branch Z markers, 808 differential checks, 4 write oracle checks
  Failed Erp.Gates.Tests.G1.G1BranchScopeAttackTests.A_user_limited_to_one_branch_cannot_reach_another_branch_of_the_company_through_any_endpoint [57 s]
  Error Message:
   162 leaks of branch Z:
branch-limited administrator → GET /api/tenancy/branches?search=%D8%A7%D9%84%D8%AA%D8%AC%D8%A7%D8%B1%D8%A9%20%D9%81%D8%B1%D8%B9%20%D8%AB%D8%A7%D9%86 → 200: contains branch Z marker 0191260e-f483-7ae0-9a97-cec63df5e65b
branch-limited administrator → GET /api/tenancy/branches?search=A1-BR2 → 200: contains branch Z marker 0191260e-f483-7ae0-9a97-cec63df5e65b
branch-limited administrator → GET /api/tenancy/branches?search=Alpha%20Trading%20branch%20two → 200: contains branch Z marker 0191260e-f483-7ae0-9a97-cec63df5e65b
branch-limited administrator → GET /api/tenancy/branches → 200: contains branch Z marker 0191260e-f483-7ae0-9a97-cec63df5e65b
branch-limited administrator → GET /api/tenancy/branches?companyId=A1-BR2 → 200: contains branch Z marker 0191260e-f483-7ae0-9a97-cec63df5e65b
branch-limited administrator → GET /api/tenancy/branches?companyId=%D8%A7%D9%84%D8%AA%D8%AC%D8%A7%D8%B1%D8%A9%20%D9%81%D8%B1%D8%B9%20%D8%AB%D8%A7%D9%86 → 200: contains branch Z marker 0191260e-f483-7ae0-9a97-cec63df5e65b
branch-limited administrator → GET /api/tenancy/branches?companyId=Alpha%20Trading%20branch%20two → 200: contains branch Z marker 0191260e-f483-7ae0-9a97-cec63df5e65b
branch-limited administrator → GET /api/tenancy/branches?companyId=Road%2012 → 200: contains branch Z marker 0191260e-f483-7ae0-9a97-cec63df5e65b
branch-limited administrator → GET /api/tenancy/branches?companyId=e5-bx7 → 200: contains branch Z marker 0191260e-f483-7ae0-9a97-cec63df5e65b
branch-limited administrator → GET /api/tenancy/branches?companyId=dadd9b98-c1f5-4493-b9cf-9b4f8263f0f4 → 200: contains branch Z marker 0191260e-f483-7ae0-9a97-cec63df5e65b
branch-limited administrator → GET /api/tenancy/branches?companyId=kgwie%20mwejgjp%20nwdnoz%20emm → 200: contains branch Z marker 0191260e-f483-7ae0-9a97-cec63df5e65b
branch-limited administrator → GET /api/tenancy/branches?companyId=ippfsfy%20pip%20cvg → 200: contains branch Z marker 0191260e-f483-7ae0-9a97-cec63df5e65b
branch-limited administrator → GET /api/tenancy/branches?companyId=%2B971%206%20000%200012 → 200: contains branch Z marker 0191260e-f483-7ae0-9a97-cec63df5e65b
branch-limited administrator → GET /api/tenancy/branches?companyId=hxto%2053 → 200: contains branch Z marker 0191260e-f483-7ae0-9a97-cec63df5e65b
branch-limited administrator → GET /api/tenancy/branches?branchId=A1-BR2 → 200: contains branch Z marker 0191260e-f483-7ae0-9a97-cec63df5e65b
branch-limited administrator → GET /api/tenancy/branches?branchId=Alpha%20Trading%20branch%20two → 200: contains branch Z marker 0191260e-f483-7ae0-9a97-cec63df5e65b
branch-limited administrator → GET /api/tenancy/branches?branchId=%D8%A7%D9%84%D8%AA%D8%AC%D8%A7%D8%B1%D8%A9%20%D9%81%D8%B1%D8%B9%20%D8%AB%D8%A7%D9%86 → 200: contains branch Z marker 0191260e-f483-7ae0-9a97-cec63df5e65b
branch-limited administrator → GET /api/tenancy/branches?branchId=Road%2012 → 200: contains branch Z marker 0191260e-f483-7ae0-9a97-cec63df5e65b
branch-limited administrator → GET /api/tenancy/branches?branchId=d81680d7-7a99-46f4-98d6-e162e4b0336d → 200: contains branch Z marker 0191260e-f483-7ae0-9a97-cec63df5e65b
branch-limited administrator → GET /api/tenancy/branches?branchId=%2B971%206%20000%200012 → 200: contains branch Z marker 0191260e-f483-7ae0-9a97-cec63df5e65b
branch-limited administrator → GET /api/tenancy/branches?branchId=z4-rj0 → 200: contains branch Z marker 0191260e-f483-7ae0-9a97-cec63df5e65b
branch-limited administrator → GET /api/tenancy/branches?branchId=srtna%20nvjuaxy%20ezjsqm%20maq → 200: contains branch Z marker 0191260e-f483-7ae0-9a97-cec63df5e65b
branch-limited administrator → GET /api/tenancy/branches?companyId=%2B446%202%20048%200835 → 200: contains branch Z marker 0191260e-f483-7ae0-9a97-cec63df5e65b
branch-limited administrator → GET /api/tenancy/branches?branchId=hhws%2035 → 200: contains branch Z marker 0191260e-f483-7ae0-9a97-cec63df5e65b
branch-limited administrator → GET /api/tenancy/branches?branchId=tdubsox%20dpu%20hwj → 200: contains branch Z marker 0191260e-f483-7ae0-9a97-cec63df5e65b
branch-limited administrator → GET /api/tenancy/branches?company=A1-BR2 → 200: contains branch Z marker 0191260e-f483-7ae0-9a97-cec63df5e65b
branch-limited administrator → GET /api/tenancy/branches?branchId=%2B021%203%20854%202343 → 200: contains branch Z marker 0191260e-f483-7ae0-9a97-cec63df5e65b
branch-limited administrator → GET /api/tenancy/branches?company=Alpha%20Trading%20branch%20two → 200: contains branch Z marker 0191260e-f483-7ae0-9a97-cec63df5e65b
branch-limited administrator → GET /api/tenancy/branches?company=Road%2012 → 200: contains branch Z marker 0191260e-f483-7ae0-9a97-cec63df5e65b
branch-limited administrator → GET /api/tenancy/branches?company=bc588d04-c35d-41b8-9772-a2b85869fd42 → 200: contains branch Z marker 0191260e-f483-7ae0-9a97-cec63df5e65b
branch-limited administrator → GET /api/tenancy/branches?company=%D8%A7%D9%84%D8%AA%D8%AC%D8%A7%D8%B1%D8%A9%20%D9%81%D8%B1%D8%B9%20%D8%AB%D8%A7%D9%86 → 200: contains branch Z marker 0191260e-f483-7ae0-9a97-cec63df5e65b
branch-limited administrator → GET /api/tenancy/branches?company=%2B971%206%20000%200012 → 200: contains branch Z marker 0191260e-f483-7ae0-9a97-cec63df5e65b
branch-limited administrator → GET /api/tenancy/branches?company=acngq%20qcrangh%20btbnnb%20tet → 200: contains branch Z marker 0191260e-f483-7ae0-9a97-cec63df5e65b
branch-limited administrator → GET /api/tenancy/branches?branch=A1-BR2 → 200: contains branch Z marker 0191260e-f483-7ae0-9a97-cec63df5e65b
branch-limited administrator → GET /api/tenancy/branches?company=j9-gd2 → 200: contains branch Z marker 0191260e-f483-7ae0-9a97-cec63df5e65b
branch-limited administrator → GET /api/tenancy/branches?branch=Alpha%20Trading%20branch%20two → 200: contains branch Z marker 0191260e-f483-7ae0-9a97-cec63df5e65b
branch-limited administrator → GET /api/tenancy/branches?company=wvxckvu%20cqg%20jbi → 200: contains branch Z marker 0191260e-f483-7ae0-9a97-cec63df5e65b
branch-limited administrator → GET /api/tenancy/branches?company=ydmr%2044 → 200: contains branch Z marker 0191260e-f483-7ae0-9a97-cec63df5e65b
branch-limited administrator → GET /api/tenancy/branches?branch=%D8%A7%D9%84%D8%AA%D8%AC%D8%A7%D8%B1%D8%A9%20%D9%81%D8%B1%D8%B9%20%D8%AB%D8%A7%D9%86 → 200: contains branch Z marker 0191260e-f483-7ae0-9a97-cec63df5e65b
branch-limited administrator → GET /api/tenancy/branches?company=%2B457%204%20177%206440 → 200: contains branch Z marker 0191260e-f483-7ae0-9a97-cec63df5e65b
  Stack Trace:
     at Erp.Gates.Tests.G1.G1BranchScopeAttackTests.A_user_limited_to_one_branch_cannot_reach_another_branch_of_the_company_through_any_endpoint() in /home/shan/critic/p02-tenancy-r4-plants/tests/Erp.Gates.Tests/G1/G1BranchScopeAttackTests.cs:line 40
--- End of stack trace from previous location ---
  Standard Output Messages:
 98 endpoints, 11008 requests, 4 branch Z markers, 808 differential checks, 4 write oracle checks


[xUnit.net 00:03:56.68]     Erp.Gates.Tests.G1.G1CompanyIsolationTests.A_user_of_company_X_cannot_reach_company_Y_through_any_endpoint [FAIL]
[xUnit.net 00:03:56.68]       Answers that tell company Y's values apart from values that exist nowhere:
[xUnit.net 00:03:56.68]       company X administrator → POST /api/tenancy/companies [code]: company Y's value answered 409, a value that exists nowhere answered 201 ({"type":"urn:erp:problem:duplicate","title":"A record with the same value already exists.","status":409,"code":"duplicate","traceId":"0HNP41DC9H473"} / {"id":"01a113cc-80f0-7c5b-92d5-976d9756f21b","code":"C3-NA","legalNameEn":"G2 wo2f2e760a29f 2","legalNameAr":"G2 wo2f2e760a29f 3","tradeLicenceNumber":"G2 wo2f2e760a29f 4","tradeLicenceAuthority":"G2 …)
[xUnit.net 00:03:56.68]       Stack Trace:
[xUnit.net 00:03:56.69]         /home/shan/critic/p02-tenancy-r4-plants/tests/Erp.Gates.Tests/G1/G1CompanyIsolationTests.cs(46,0): at Erp.Gates.Tests.G1.G1CompanyIsolationTests.A_user_of_company_X_cannot_reach_company_Y_through_any_endpoint()
[xUnit.net 00:03:56.69]         --- End of stack trace from previous location ---
[xUnit.net 00:03:56.69]       Output:
[xUnit.net 00:03:56.69]         98 endpoints, 50788 requests, 20 company Y markers, 5336 differential checks, 5 write oracle checks
[xUnit.net 00:03:56.95]   Finished:    Erp.Gates.Tests (ID = '60c42f28d755e2f9035befd67f37f53035d61dba6b48dd59645b0baecd41d570')
  Failed Erp.Gates.Tests.G1.G1CompanyIsolationTests.A_user_of_company_X_cannot_reach_company_Y_through_any_endpoint [3 m 39 s]
  Error Message:
   Answers that tell company Y's values apart from values that exist nowhere:
company X administrator → POST /api/tenancy/companies [code]: company Y's value answered 409, a value that exists nowhere answered 201 ({"type":"urn:erp:problem:duplicate","title":"A record with the same value already exists.","status":409,"code":"duplicate","traceId":"0HNP41DC9H473"} / {"id":"01a113cc-80f0-7c5b-92d5-976d9756f21b","code":"C3-NA","legalNameEn":"G2 wo2f2e760a29f 2","legalNameAr":"G2 wo2f2e760a29f 3","tradeLicenceNumber":"G2 wo2f2e760a29f 4","tradeLicenceAuthority":"G2 …)
  Stack Trace:
     at Erp.Gates.Tests.G1.G1CompanyIsolationTests.A_user_of_company_X_cannot_reach_company_Y_through_any_endpoint() in /home/shan/critic/p02-tenancy-r4-plants/tests/Erp.Gates.Tests/G1/G1CompanyIsolationTests.cs:line 46
--- End of stack trace from previous location ---
  Standard Output Messages:
 98 endpoints, 50788 requests, 20 company Y markers, 5336 differential checks, 5 write oracle checks



Test Run Failed.
Total tests: 3
     Failed: 3
 Total time: 3.9593 Minutes
EXIT 1
