built for ours and odoo: api-update-user, create-restricted-user, find-user, reach-screen-keyboard, sign-in, switch-to-arabic
api-update-user          odoo  verified  steps 2  keys 184  machine 0.675s  human 54.62s  human+wait 55.294s  -> ../../evidence-staging/p01-odoo-rig/r5/compare/results/api-update-user-20261003T235347-9216.json
api-update-user          odoo  verified  steps 2  keys 184  machine 0.733s  human 54.62s  human+wait 55.353s  -> ../../evidence-staging/p01-odoo-rig/r5/compare/results/api-update-user-20261003T235350-a544.json
api-update-user          odoo  verified  steps 2  keys 184  machine 0.927s  human 54.62s  human+wait 55.546s  -> ../../evidence-staging/p01-odoo-rig/r5/compare/results/api-update-user-20261003T235353-9e49.json
api-update-user          ours  verified  steps 2  keys 243  machine 0.321s  human 71.14s  human+wait 71.46s  -> ../../evidence-staging/p01-odoo-rig/r5/compare/results/api-update-user-20261003T235355-d891.json
api-update-user          ours  verified  steps 2  keys 243  machine 0.813s  human 71.14s  human+wait 71.953s  -> ../../evidence-staging/p01-odoo-rig/r5/compare/results/api-update-user-20261003T235401-6ee4.json
api-update-user          ours  verified  steps 2  keys 243  machine 0.389s  human 71.14s  human+wait 71.528s  -> ../../evidence-staging/p01-odoo-rig/r5/compare/results/api-update-user-20261003T235404-8285.json
api-update-user          verdict loss
create-restricted-user   odoo  verified  steps 10  keys 46  machine 11.479s  human 28.7s  human+wait 39.375s  -> ../../evidence-staging/p01-odoo-rig/r5/compare/results/create-restricted-user-20261003T235407-eb63.json
create-restricted-user   odoo  verified  steps 10  keys 46  machine 11.578s  human 28.7s  human+wait 39.712s  -> ../../evidence-staging/p01-odoo-rig/r5/compare/results/create-restricted-user-20261003T235509-8ea3.json
create-restricted-user   odoo  verified  steps 10  keys 46  machine 10.079s  human 28.7s  human+wait 38.895s  -> ../../evidence-staging/p01-odoo-rig/r5/compare/results/create-restricted-user-20261003T235603-74c9.json
create-restricted-user   ours  verified  steps 5  keys 35  machine 0.911s  human 21.65s  human+wait 22.496s  -> ../../evidence-staging/p01-odoo-rig/r5/compare/results/create-restricted-user-20261003T235654-3427.json
create-restricted-user   ours  verified  steps 5  keys 35  machine 1.373s  human 21.65s  human+wait 22.56s  -> ../../evidence-staging/p01-odoo-rig/r5/compare/results/create-restricted-user-20261003T235702-a94d.json
create-restricted-user   ours  verified  steps 5  keys 35  machine 1.406s  human 21.65s  human+wait 22.648s  -> ../../evidence-staging/p01-odoo-rig/r5/compare/results/create-restricted-user-20261003T235710-0ce9.json
create-restricted-user   verdict win
find-user                ours  verified  steps 4  keys 20  machine 0.624s  human 14.35s  human+wait 14.637s  -> ../../evidence-staging/p01-odoo-rig/r5/compare/results/find-user-20261003T235717-c4f3.json
find-user                ours  verified  steps 4  keys 20  machine 0.619s  human 14.35s  human+wait 14.609s  -> ../../evidence-staging/p01-odoo-rig/r5/compare/results/find-user-20261003T235720-c609.json
find-user                ours  verified  steps 4  keys 20  machine 0.594s  human 14.35s  human+wait 14.621s  -> ../../evidence-staging/p01-odoo-rig/r5/compare/results/find-user-20261003T235723-efc5.json
find-user                odoo  verified  steps 6  keys 21  machine 2.826s  human 13.2s  human+wait 15.603s  -> ../../evidence-staging/p01-odoo-rig/r5/compare/results/find-user-20261003T235726-53f0.json
find-user                odoo  verified  steps 6  keys 21  machine 3.145s  human 13.2s  human+wait 15.922s  -> ../../evidence-staging/p01-odoo-rig/r5/compare/results/find-user-20261003T235742-b2ce.json
find-user                odoo  verified  steps 6  keys 21  machine 2.828s  human 13.2s  human+wait 15.57s  -> ../../evidence-staging/p01-odoo-rig/r5/compare/results/find-user-20261003T235758-6cbf.json
find-user                verdict loss
reach-screen-keyboard    ours  verified  steps 2  keys 3  machine 0.144s  human 3.15s  human+wait 3.272s  -> ../../evidence-staging/p01-odoo-rig/r5/compare/results/reach-screen-keyboard-20261003T235814-43ba.json
reach-screen-keyboard    ours  verified  steps 2  keys 3  machine 0.188s  human 3.15s  human+wait 3.266s  -> ../../evidence-staging/p01-odoo-rig/r5/compare/results/reach-screen-keyboard-20261003T235820-8a10.json
reach-screen-keyboard    ours  verified  steps 2  keys 3  machine 0.202s  human 3.15s  human+wait 3.269s  -> ../../evidence-staging/p01-odoo-rig/r5/compare/results/reach-screen-keyboard-20261003T235826-0629.json
reach-screen-keyboard    odoo  verified  steps 3  keys 8  machine 1.126s  human 3.99s  human+wait 5.013s  -> ../../evidence-staging/p01-odoo-rig/r5/compare/results/reach-screen-keyboard-20261003T235832-158d.json
reach-screen-keyboard    odoo  verified  steps 3  keys 8  machine 1.017s  human 3.99s  human+wait 4.866s  -> ../../evidence-staging/p01-odoo-rig/r5/compare/results/reach-screen-keyboard-20261003T235837-1e43.json
reach-screen-keyboard    odoo  verified  steps 3  keys 8  machine 1.074s  human 3.99s  human+wait 5.008s  -> ../../evidence-staging/p01-odoo-rig/r5/compare/results/reach-screen-keyboard-20261003T235843-9b9c.json
reach-screen-keyboard    verdict win
sign-in                  odoo  verified  steps 4  keys 57  machine 2.001s  human 19.06s  human+wait 20.929s  -> ../../evidence-staging/p01-odoo-rig/r5/compare/results/sign-in-20261003T235848-75f1.json
sign-in                  odoo  verified  steps 4  keys 57  machine 2.11s  human 19.06s  human+wait 21.013s  -> ../../evidence-staging/p01-odoo-rig/r5/compare/results/sign-in-20261003T235915-fd1d.json
sign-in                  odoo  verified  steps 4  keys 57  machine 1.895s  human 19.06s  human+wait 20.834s  -> ../../evidence-staging/p01-odoo-rig/r5/compare/results/sign-in-20261003T235946-4955.json
sign-in                  ours  verified  steps 2  keys 21  machine 0.254s  human 7.63s  human+wait 7.831s  -> ../../evidence-staging/p01-odoo-rig/r5/compare/results/sign-in-20261004T000017-5ce3.json
sign-in                  ours  verified  steps 2  keys 21  machine 0.359s  human 7.63s  human+wait 7.931s  -> ../../evidence-staging/p01-odoo-rig/r5/compare/results/sign-in-20261004T000022-5df6.json
sign-in                  ours  verified  steps 2  keys 21  machine 0.421s  human 7.63s  human+wait 8.428s  -> ../../evidence-staging/p01-odoo-rig/r5/compare/results/sign-in-20261004T000027-dece.json
sign-in                  verdict win
switch-to-arabic         odoo  verified  steps 6  keys 1  machine 2.958s  human 15.28s  human+wait 17.297s  -> ../../evidence-staging/p01-odoo-rig/r5/compare/results/switch-to-arabic-20261004T000032-e782.json
switch-to-arabic         odoo  verified  steps 6  keys 1  machine 3.238s  human 15.28s  human+wait 17.73s  -> ../../evidence-staging/p01-odoo-rig/r5/compare/results/switch-to-arabic-20261004T000051-2617.json
switch-to-arabic         odoo  verified  steps 6  keys 1  machine 3.061s  human 15.28s  human+wait 17.255s  -> ../../evidence-staging/p01-odoo-rig/r5/compare/results/switch-to-arabic-20261004T000109-b086.json
switch-to-arabic         ours  verified  steps 1  keys 0  machine 0.082s  human 2.65s  human+wait 2.654s  -> ../../evidence-staging/p01-odoo-rig/r5/compare/results/switch-to-arabic-20261004T000129-c5e0.json
switch-to-arabic         ours  verified  steps 1  keys 0  machine 0.085s  human 2.65s  human+wait 2.655s  -> ../../evidence-staging/p01-odoo-rig/r5/compare/results/switch-to-arabic-20261004T000136-81e8.json
switch-to-arabic         ours  verified  steps 1  keys 0  machine 0.094s  human 2.65s  human+wait 2.661s  -> ../../evidence-staging/p01-odoo-rig/r5/compare/results/switch-to-arabic-20261004T000141-449e.json
switch-to-arabic         verdict win
blind review page: ../../../../evidence-staging/p01-odoo-rig/r5/compare/blind/review.html
output: ../../../../evidence-staging/p01-odoo-rig/r5/compare
rc=0 seconds=479
