Test run for /home/user/critic/p00-foundation-r2-plant/tests/Erp.Gates.Tests/bin/Release/net10.0/Erp.Gates.Tests.dll (.NETCoreApp,Version=v10.0)
A total of 1 test files matched the specified pattern.
[xUnit.net 00:00:00.00] xUnit.net VSTest Adapter v3.1.5+1b188a7b0a (64-bit .NET 10.0.12)
[xUnit.net 00:00:00.18]   Discovering: Erp.Gates.Tests
[xUnit.net 00:00:00.41]   Discovered:  Erp.Gates.Tests
[xUnit.net 00:00:00.60]   Starting:    Erp.Gates.Tests
  Passed Erp.Gates.Tests.Rules.MoneyGateTests.No_parseFloat_in_front_end_code [73 ms]
  Passed Erp.Gates.Tests.Rules.MoneyGateTests.No_floating_point_or_money_columns_in_the_database [12 ms]
  Passed Erp.Gates.Tests.G1.G1DatabaseIsolationTests.A_tenant_set_for_the_whole_connection_or_left_by_an_earlier_transaction_is_ignored [108 ms]
  Passed Erp.Gates.Tests.Rules.MoneyGateTests.No_float_or_double_in_server_code [22 ms]
  Passed Erp.Gates.Tests.G1.G1DatabaseIsolationTests.Audit_trail_is_append_only_for_the_application [27 ms]
  Passed Erp.Gates.Tests.G1.G1DatabaseIsolationTests.Foreign_keys_between_tenant_tables_include_the_tenant [5 ms]
  Passed Erp.Gates.Tests.Rules.LicenceGateTests.Every_npm_package_has_an_allowed_licence [8 ms]
  Passed Erp.Gates.Tests.Rules.LicenceGateTests.Every_NuGet_package_has_an_allowed_licence [28 ms]
  Passed Erp.Gates.Tests.G1.G1DatabaseIsolationTests.Tenant_tables_enforce_row_level_security_with_the_standard_policy [81 ms]
  Passed Erp.Gates.Tests.G1.G1DatabaseIsolationTests.Every_table_is_tenant_owned_or_a_reviewed_platform_table [8 ms]
  Passed Erp.Gates.Tests.G1.G1DatabaseIsolationTests.Application_role_cannot_bypass_row_level_security_or_become_a_role_that_can [28 ms]
  Passed Erp.Gates.Tests.G1.G1DatabaseIsolationTests.Tenant_tables_have_an_id_primary_key [20 ms]
  Passed Erp.Gates.Tests.G1.G1DatabaseIsolationTests.Security_definer_functions_are_exactly_the_reviewed_ones [23 ms]
  Passed Erp.Gates.Tests.Rules.OpenApiGateTests.OpenApi_document_covers_every_endpoint_with_its_permission [217 ms]
  Passed Erp.Gates.Tests.Rules.OpenApiGateTests.Decimals_are_documented_as_strings [194 ms]
  Passed Erp.Gates.Tests.G1.G1ReviewedLookupTests.Every_reviewed_function_has_reviewed_callers_and_sources [2 ms]
  Passed Erp.Gates.Tests.G1.G1DatabaseIsolationTests.Application_role_sees_and_changes_only_its_own_tenant_in_every_tenant_table [363 ms]
  Passed Erp.Gates.Tests.G1.G1ReviewedLookupTests.Reviewed_lookups_answer_nothing_inside_a_tenant_bound_transaction [64 ms]
  Passed Erp.Gates.Tests.G1.G1ReviewedLookupTests.Only_reviewed_source_files_name_a_reviewed_function [7 ms]
  Passed Erp.Gates.Tests.Rules.StringGateTests.Every_permission_module_and_menu_entry_has_labels [40 ms]
  Passed Erp.Gates.Tests.Rules.StringGateTests.Count_messages_use_plural_forms [3 ms]
  Passed Erp.Gates.Tests.Rules.StringGateTests.Web_string_files_have_matching_English_and_Arabic_keys [28 ms]
  Passed Erp.Gates.Tests.Rules.StringGateTests.Server_string_files_have_matching_English_and_Arabic_keys [1 ms]
  Passed Erp.Gates.Tests.Rules.StringGateTests.Every_problem_and_validation_code_in_server_code_has_text [6 ms]
  Passed Erp.Gates.Tests.G2.G2PermissionTests.The_host_refuses_to_start_with_an_endpoint_whose_permission_is_not_in_the_catalogue [64 ms]
  Passed Erp.Gates.Tests.G2.G2PermissionTests.The_host_refuses_to_start_with_an_endpoint_that_declares_no_permission [37 ms]
  Passed Erp.Gates.Tests.Rules.AuditGateTests.Every_tenant_table_carries_the_audit_trigger_unless_reviewed_exempt [39 ms]
  Passed Erp.Gates.Tests.Rules.AuditGateTests.Writes_through_the_API_leave_field_level_audit_rows_attributed_to_the_user [461 ms]
  Passed Erp.Gates.Tests.G2.G2PermissionTests.A_user_whose_roles_grant_nothing_is_denied_everything_and_sees_no_menu [662 ms]
  Passed Erp.Gates.Tests.G2.G2PermissionTests.The_host_refuses_a_list_whose_endpoint_declares_another_permission [38 ms]
  Passed Erp.Gates.Tests.Rules.AuditGateTests.Passwords_are_redacted_in_the_audit_trail [504 ms]
  Passed Erp.Gates.Tests.Rules.AuditGateTests.Writes_that_bypass_the_ORM_are_audited_too [57 ms]
  Passed Erp.Gates.Tests.G2.G2PermissionTests.No_endpoint_grants_more_than_the_caller_holds [2 s]
  Passed Erp.Gates.Tests.G2.G2PermissionTests.Every_registered_list_is_readable_with_its_permission_alone [1 s]
  Passed Erp.Gates.Tests.G2.G2PermissionTests.Granting_exactly_one_permission_opens_exactly_the_endpoints_that_declare_it [5 s]
  Passed Erp.Gates.Tests.G2.G2PermissionTests.Every_endpoint_declares_exactly_one_permission_or_is_reviewed_anonymous [2 ms]
  Passed Erp.Gates.Tests.G2.G2PermissionTests.Creating_a_user_cannot_grant_more_than_the_caller_holds [1 s]
  Passed Erp.Gates.Tests.G2.G2PermissionTests.Users_cannot_escalate_their_own_privileges [659 ms]
  Passed Erp.Gates.Tests.G2.G2PermissionTests.Anonymous_callers_get_401_from_every_permissioned_endpoint [4 ms]
  Passed Erp.Gates.Tests.G2.G2PermissionTests.Every_declared_permission_is_in_the_catalogue_and_every_catalogue_permission_is_used [< 1 ms]
  Passed Erp.Gates.Tests.G2.G2PermissionTests.Undeclared_endpoints_fall_back_to_deny [1 ms]
[xUnit.net 00:01:12.63]     Erp.Gates.Tests.G1.G1HttpIsolationTests.Tenant_A_cannot_reach_tenant_B_through_any_endpoint [FAIL]
[xUnit.net 00:01:12.63]       5 leaks:
[xUnit.net 00:01:12.63]       tenant A administrator (cookie) → POST /api/identity/users/query?tenantId=01a0ff05-8df4-720b-9494-0f95434c7ec8 [query tenantId] → 200: response contains tenant B marker 018cc39b-8b00-7851-8bc7-3605413efcfd
[xUnit.net 00:01:12.63]       tenant A administrator (cookie) → POST /api/identity/users/query?companyId=01a0ff05-8d50-714b-b0fa-6118532e3e07 [query companyId] → 200: response contains tenant B marker 018cc39b-8b00-7851-8bc7-3605413efcfd
[xUnit.net 00:01:12.63]       tenant A administrator (cookie) → POST /api/identity/users/query?search=0190a000-0000-7000-8000-00000000000b [query search] → 200: response contains tenant B marker 018cc39b-8b00-7851-8bc7-3605413efcfd
[xUnit.net 00:01:12.63]       tenant A administrator (cookie) → POST /api/identity/users/query?email=Bravo%20CNRY3456342A02%20LLC [query email] → 200: response contains tenant B marker 018cc39b-8b00-7851-8bc7-3605413efcfd
[xUnit.net 00:01:12.63]       tenant A administrator (cookie) → POST /api/identity/users/query?q=Amal%20Darwish%20CNRY3456342A02 [query q] → 200: response contains tenant B marker 018cc39b-8b00-7851-8bc7-3605413efcfd
[xUnit.net 00:01:12.63]       Stack Trace:
[xUnit.net 00:01:12.63]         /home/user/critic/p00-foundation-r2-plant/tests/Erp.Gates.Tests/G1/G1HttpIsolationTests.cs(54,0): at Erp.Gates.Tests.G1.G1HttpIsolationTests.Tenant_A_cannot_reach_tenant_B_through_any_endpoint()
[xUnit.net 00:01:12.63]         --- End of stack trace from previous location ---
[xUnit.net 00:01:12.63]       Output:
[xUnit.net 00:01:12.63]         routes, tenant headers and guessed queries: 2484 requests so far, 16.3 s
[xUnit.net 00:01:12.63]         tenant B values in route and query parameters: 8569 requests so far, 48.0 s
[xUnit.net 00:01:12.63]         tenant B values in body fields: 8987 requests so far, 58.7 s
[xUnit.net 00:01:12.63]         tenant B: 37 ids (13 sampled), 22 text values, 22 extra markers, 13 probe values
[xUnit.net 00:01:12.63]         26 endpoints, 8987 requests, 59 tenant B values, 3947 parameter attacks, 418 body value attacks, 2138 differential checks, 6836 traced lookups
  Failed Erp.Gates.Tests.G1.G1HttpIsolationTests.Tenant_A_cannot_reach_tenant_B_through_any_endpoint [59 s]
  Error Message:
   5 leaks:
tenant A administrator (cookie) → POST /api/identity/users/query?tenantId=01a0ff05-8df4-720b-9494-0f95434c7ec8 [query tenantId] → 200: response contains tenant B marker 018cc39b-8b00-7851-8bc7-3605413efcfd
tenant A administrator (cookie) → POST /api/identity/users/query?companyId=01a0ff05-8d50-714b-b0fa-6118532e3e07 [query companyId] → 200: response contains tenant B marker 018cc39b-8b00-7851-8bc7-3605413efcfd
tenant A administrator (cookie) → POST /api/identity/users/query?search=0190a000-0000-7000-8000-00000000000b [query search] → 200: response contains tenant B marker 018cc39b-8b00-7851-8bc7-3605413efcfd
tenant A administrator (cookie) → POST /api/identity/users/query?email=Bravo%20CNRY3456342A02%20LLC [query email] → 200: response contains tenant B marker 018cc39b-8b00-7851-8bc7-3605413efcfd
tenant A administrator (cookie) → POST /api/identity/users/query?q=Amal%20Darwish%20CNRY3456342A02 [query q] → 200: response contains tenant B marker 018cc39b-8b00-7851-8bc7-3605413efcfd
  Stack Trace:
     at Erp.Gates.Tests.G1.G1HttpIsolationTests.Tenant_A_cannot_reach_tenant_B_through_any_endpoint() in /home/user/critic/p00-foundation-r2-plant/tests/Erp.Gates.Tests/G1/G1HttpIsolationTests.cs:line 54
--- End of stack trace from previous location ---
  Standard Output Messages:
 routes, tenant headers and guessed queries: 2484 requests so far, 16.3 s
 tenant B values in route and query parameters: 8569 requests so far, 48.0 s
 tenant B values in body fields: 8987 requests so far, 58.7 s
 tenant B: 37 ids (13 sampled), 22 text values, 22 extra markers, 13 probe values
 26 endpoints, 8987 requests, 59 tenant B values, 3947 parameter attacks, 418 body value attacks, 2138 differential checks, 6836 traced lookups


[xUnit.net 00:01:19.66]     Erp.Gates.Tests.SelfTests.GateSelfTests.The_HTTP_attack_catches_planted_header_route_and_body_leaks [FAIL]
[xUnit.net 00:01:19.66]       Assert.DoesNotContain() Failure: Filter matched in collection
[xUnit.net 00:01:19.66]                                                                                                                                           ↓ (pos 18)
[xUnit.net 00:01:19.66]       Collection: [···, "tenant A administrator (cookie) → GET /api/leaky/r"···, "tenant A administrator (cookie) → GET /api/leaky/t"···, "tenant A administrator (cookie) → POST /api/identi"···, "tenant A administrator (cookie) → POST /api/identi"···, "tenant A administrator (cookie) → POST /api/identi"···, ···]
[xUnit.net 00:01:19.66]       Stack Trace:
[xUnit.net 00:01:19.66]         /home/user/critic/p00-foundation-r2-plant/tests/Erp.Gates.Tests/SelfTests/GateSelfTests.cs(39,0): at Erp.Gates.Tests.SelfTests.GateSelfTests.The_HTTP_attack_catches_planted_header_route_and_body_leaks()
[xUnit.net 00:01:19.66]         --- End of stack trace from previous location ---
  Failed Erp.Gates.Tests.SelfTests.GateSelfTests.The_HTTP_attack_catches_planted_header_route_and_body_leaks [1 m 6 s]
  Error Message:
   Assert.DoesNotContain() Failure: Filter matched in collection
                                                                                                                                    ↓ (pos 18)
Collection: [···, "tenant A administrator (cookie) → GET /api/leaky/r"···, "tenant A administrator (cookie) → GET /api/leaky/t"···, "tenant A administrator (cookie) → POST /api/identi"···, "tenant A administrator (cookie) → POST /api/identi"···, "tenant A administrator (cookie) → POST /api/identi"···, ···]
  Stack Trace:
     at Erp.Gates.Tests.SelfTests.GateSelfTests.The_HTTP_attack_catches_planted_header_route_and_body_leaks() in /home/user/critic/p00-foundation-r2-plant/tests/Erp.Gates.Tests/SelfTests/GateSelfTests.cs:line 39
--- End of stack trace from previous location ---
  Passed Erp.Gates.Tests.SelfTests.GateSelfTests.The_database_check_catches_a_table_without_row_level_security [18 ms]
[xUnit.net 00:01:22.47]   Finished:    Erp.Gates.Tests (ID = '0b447baf1ddb9745db43584bf400d57b41690941260afb849fdee638ae41ffd3')
  Passed Erp.Gates.Tests.SelfTests.GateSelfTests.The_grant_escalation_check_catches_an_endpoint_that_grants_any_role [2 s]

Test Run Failed.
Total tests: 45
     Passed: 43
     Failed: 2
 Total time: 1.3812 Minutes
rc=1 seconds=83
