Test run for /home/user/critic/p00-foundation-r2-plant/tests/Erp.Gates.Tests/bin/Release/net10.0/Erp.Gates.Tests.dll (.NETCoreApp,Version=v10.0)
A total of 1 test files matched the specified pattern.
[xUnit.net 00:00:00.00] xUnit.net VSTest Adapter v3.1.5+1b188a7b0a (64-bit .NET 10.0.12)
[xUnit.net 00:00:00.20]   Discovering: Erp.Gates.Tests
[xUnit.net 00:00:00.41]   Discovered:  Erp.Gates.Tests
[xUnit.net 00:00:00.61]   Starting:    Erp.Gates.Tests
  Passed Erp.Gates.Tests.G2.G2PermissionTests.The_host_refuses_to_start_with_an_endpoint_whose_permission_is_not_in_the_catalogue [37 ms]
  Passed Erp.Gates.Tests.G2.G2PermissionTests.The_host_refuses_to_start_with_an_endpoint_that_declares_no_permission [20 ms]
  Passed Erp.Gates.Tests.G2.G2PermissionTests.A_user_whose_roles_grant_nothing_is_denied_everything_and_sees_no_menu [442 ms]
  Passed Erp.Gates.Tests.G2.G2PermissionTests.The_host_refuses_a_list_whose_endpoint_declares_another_permission [38 ms]
[xUnit.net 00:00:15.91]     Erp.Gates.Tests.G2.G2PermissionTests.No_endpoint_grants_more_than_the_caller_holds [FAIL]
[xUnit.net 00:00:15.91]       POST /api/identity/users: granting the Administrator role / every permission as a user holding only [identity.users.create, identity.roles.read, identity.users.read] answered 201 (expected 403): {"id":"01a0ff07-f268-79f9-90bb-143693fb1354","email":"g2.3f732e3e.1@alpha.example","displayName":"G2 3f732e3e 2","language":"en","isActive":true,"roleIds":["01a0ff07-e809-7b31-93be-b9768e5d2761"],"lastSignInAt":null,"createdAt":"2026-10-02T23:51:46.1550125+00:00","version":764}
[xUnit.net 00:00:15.91]       POST /api/identity/users: the number of Administrator users changed
[xUnit.net 00:00:15.91]       Stack Trace:
[xUnit.net 00:00:15.91]         /home/user/critic/p00-foundation-r2-plant/tests/Erp.Gates.Tests/G2/G2PermissionTests.cs(266,0): at Erp.Gates.Tests.G2.G2PermissionTests.No_endpoint_grants_more_than_the_caller_holds()
[xUnit.net 00:00:15.91]         --- End of stack trace from previous location ---
  Failed Erp.Gates.Tests.G2.G2PermissionTests.No_endpoint_grants_more_than_the_caller_holds [2 s]
  Error Message:
   POST /api/identity/users: granting the Administrator role / every permission as a user holding only [identity.users.create, identity.roles.read, identity.users.read] answered 201 (expected 403): {"id":"01a0ff07-f268-79f9-90bb-143693fb1354","email":"g2.3f732e3e.1@alpha.example","displayName":"G2 3f732e3e 2","language":"en","isActive":true,"roleIds":["01a0ff07-e809-7b31-93be-b9768e5d2761"],"lastSignInAt":null,"createdAt":"2026-10-02T23:51:46.1550125+00:00","version":764}
POST /api/identity/users: the number of Administrator users changed
  Stack Trace:
     at Erp.Gates.Tests.G2.G2PermissionTests.No_endpoint_grants_more_than_the_caller_holds() in /home/user/critic/p00-foundation-r2-plant/tests/Erp.Gates.Tests/G2/G2PermissionTests.cs:line 266
--- End of stack trace from previous location ---
  Passed Erp.Gates.Tests.G2.G2PermissionTests.Every_registered_list_is_readable_with_its_permission_alone [1 s]
  Passed Erp.Gates.Tests.G2.G2PermissionTests.Granting_exactly_one_permission_opens_exactly_the_endpoints_that_declare_it [3 s]
[xUnit.net 00:00:21.67]     Erp.Gates.Tests.G2.G2PermissionTests.Creating_a_user_cannot_grant_more_than_the_caller_holds [FAIL]
[xUnit.net 00:00:21.67]       Creating a user with the Administrator role answered 201
[xUnit.net 00:00:21.67]       Stack Trace:
[xUnit.net 00:00:21.67]         /home/user/critic/p00-foundation-r2-plant/tests/Erp.Gates.Tests/G2/G2PermissionTests.cs(250,0): at Erp.Gates.Tests.G2.G2PermissionTests.Creating_a_user_cannot_grant_more_than_the_caller_holds()
[xUnit.net 00:00:21.67]         --- End of stack trace from previous location ---
  Passed Erp.Gates.Tests.G2.G2PermissionTests.Every_endpoint_declares_exactly_one_permission_or_is_reviewed_anonymous [4 ms]
  Failed Erp.Gates.Tests.G2.G2PermissionTests.Creating_a_user_cannot_grant_more_than_the_caller_holds [671 ms]
  Error Message:
   Creating a user with the Administrator role answered 201
  Stack Trace:
     at Erp.Gates.Tests.G2.G2PermissionTests.Creating_a_user_cannot_grant_more_than_the_caller_holds() in /home/user/critic/p00-foundation-r2-plant/tests/Erp.Gates.Tests/G2/G2PermissionTests.cs:line 250
--- End of stack trace from previous location ---
  Passed Erp.Gates.Tests.G2.G2PermissionTests.Users_cannot_escalate_their_own_privileges [577 ms]
  Passed Erp.Gates.Tests.G2.G2PermissionTests.Anonymous_callers_get_401_from_every_permissioned_endpoint [4 ms]
  Passed Erp.Gates.Tests.G2.G2PermissionTests.Every_declared_permission_is_in_the_catalogue_and_every_catalogue_permission_is_used [< 1 ms]
  Passed Erp.Gates.Tests.G2.G2PermissionTests.Undeclared_endpoints_fall_back_to_deny [1 ms]
[xUnit.net 00:00:23.01]   Finished:    Erp.Gates.Tests (ID = '0b447baf1ddb9745db43584bf400d57b41690941260afb849fdee638ae41ffd3')

Test Run Failed.
Total tests: 13
     Passed: 11
     Failed: 2
 Total time: 23.5108 Seconds
rc=1
