[1mBuilding the application image[0m
 Image erp-app:c-p00-foundation-r2 Building 
#1 [internal] load local bake definitions
#1 reading from stdin 632B done
#1 DONE 0.0s

#2 [internal] load build definition from Dockerfile
#2 transferring dockerfile: 1.73kB done
#2 DONE 0.0s

#3 resolve image config for docker-image://docker.io/docker/dockerfile:1
#3 DONE 0.3s

#4 docker-image://docker.io/docker/dockerfile:1@sha256:4edf897a3ffa55b89f906fc8cc78afdb3f1834cc9c7083565e611a8a7d5fe99e
#4 resolve docker.io/docker/dockerfile:1@sha256:4edf897a3ffa55b89f906fc8cc78afdb3f1834cc9c7083565e611a8a7d5fe99e 0.1s done
#4 CACHED

#5 [internal] load metadata for mcr.microsoft.com/dotnet/sdk:10.0
#5 DONE 0.5s

#6 [internal] load metadata for docker.io/library/node:22-alpine
#6 ...

#7 [internal] load metadata for mcr.microsoft.com/dotnet/aspnet:10.0
#7 DONE 0.5s

#6 [internal] load metadata for docker.io/library/node:22-alpine
#6 DONE 1.4s

#8 [internal] load .dockerignore
#8 transferring context: 187B done
#8 DONE 0.0s

#9 [internal] load build context
#9 DONE 0.0s

#10 [stage-2 1/4] FROM mcr.microsoft.com/dotnet/aspnet:10.0@sha256:222759b391a1aaf241166672c8f99b2d4ada452e7b5319f3c6e8f265a37b5ad4
#10 resolve mcr.microsoft.com/dotnet/aspnet:10.0@sha256:222759b391a1aaf241166672c8f99b2d4ada452e7b5319f3c6e8f265a37b5ad4 0.1s done
#10 DONE 0.1s

#11 [web 1/6] FROM docker.io/library/node:22-alpine@sha256:0a7108bf6c7bf5de370ffb1a3ed6be93d405b43ff159f681a8d18c0e2bc2e402
#11 resolve docker.io/library/node:22-alpine@sha256:0a7108bf6c7bf5de370ffb1a3ed6be93d405b43ff159f681a8d18c0e2bc2e402
#11 resolve docker.io/library/node:22-alpine@sha256:0a7108bf6c7bf5de370ffb1a3ed6be93d405b43ff159f681a8d18c0e2bc2e402 0.1s done
#11 DONE 0.1s

#12 [build 1/6] FROM mcr.microsoft.com/dotnet/sdk:10.0@sha256:e70cdb7f80b0348f5cb85f19a8f670fca061f033d57eed12fa003d58b0e06317
#12 resolve mcr.microsoft.com/dotnet/sdk:10.0@sha256:e70cdb7f80b0348f5cb85f19a8f670fca061f033d57eed12fa003d58b0e06317 0.1s done
#12 DONE 0.1s

#9 [internal] load build context
#9 transferring context: 9.30kB done
#9 DONE 0.0s

#13 [web 3/6] COPY web/package.json web/package-lock.json ./
#13 CACHED

#14 [build 5/6] RUN --mount=type=secret,id=extra_ca,target=/run/secrets/extra_ca --mount=type=cache,target=/root/.nuget/packages     if [ -s /run/secrets/extra_ca ]; then cat /run/secrets/extra_ca >>/etc/ssl/certs/ca-certificates.crt; fi;     dotnet restore src/Host/Erp.Host/Erp.Host.csproj
#14 CACHED

#15 [build 3/6] COPY global.json Directory.Build.props Directory.Packages.props ./
#15 CACHED

#16 [web 2/6] WORKDIR /web
#16 CACHED

#17 [web 5/6] COPY web/ ./
#17 CACHED

#18 [web 6/6] RUN npm run check && npm run build
#18 CACHED

#19 [build 4/6] COPY src/ src/
#19 CACHED

#20 [stage-2 3/4] COPY --from=build /app ./
#20 CACHED

#21 [build 2/6] WORKDIR /src
#21 CACHED

#22 [build 6/6] RUN --mount=type=cache,target=/root/.nuget/packages dotnet publish src/Host/Erp.Host/Erp.Host.csproj -c Release -o /app --no-restore
#22 CACHED

#23 [web 4/6] RUN --mount=type=secret,id=extra_ca,target=/run/secrets/extra_ca --mount=type=cache,target=/root/.npm     if [ -s /run/secrets/extra_ca ]; then export NODE_EXTRA_CA_CERTS=/run/secrets/extra_ca; fi;     npm ci --no-audit --no-fund
#23 CACHED

#24 [stage-2 2/4] WORKDIR /app
#24 CACHED

#25 [stage-2 4/4] COPY --from=web /web/dist ./wwwroot
#25 CACHED

#26 exporting to image
#26 exporting layers done
#26 exporting manifest sha256:a09fc1cab323862d020473d92ebe613781df92b3436d261c76faf0662ac4570b done
#26 exporting config sha256:29fbd8eae21966e393bf727ab9d83442523482c643f9087f31651e0b9f2a9ef2 0.0s done
#26 exporting attestation manifest sha256:d4786a50f8bd51532b6209a4acfcf63eea6c86d137c6b485530f2b978cfa5ef5 0.0s done
#26 exporting manifest list sha256:07ff5703e5171406e5e1e72c52e53c569f9818f9c02b53cf4954a78d2b8b932b done
#26 naming to docker.io/library/erp-app:c-p00-foundation-r2 done
#26 unpacking to docker.io/library/erp-app:c-p00-foundation-r2 0.1s done
#26 DONE 0.3s

#27 resolving provenance for metadata file
#27 DONE 0.0s
 Image erp-app:c-p00-foundation-r2 Built 
[1mStarting PostgreSQL, setting up the database (roles, migrations, seed: 100000 users) and serving[0m
 Network c-p00-foundation-r2_default Creating 
 Network c-p00-foundation-r2_default Created 
 Volume c-p00-foundation-r2_db-data Creating 
 Volume c-p00-foundation-r2_db-data Created 
 Container c-p00-foundation-r2-db-1 Creating 
 Container c-p00-foundation-r2-db-1 Created 
 Container c-p00-foundation-r2-db-1 Starting 
 Container c-p00-foundation-r2-db-1 Started 
 Container c-p00-foundation-r2-db-1 Waiting 
 Container c-p00-foundation-r2-db-1 Healthy 
 Container c-p00-foundation-r2-db-1 Running 
 Container c-p00-foundation-r2-setup-1 Creating 
 Container c-p00-foundation-r2-setup-1 Created 
Attaching to setup-1
 Container c-p00-foundation-r2-db-1 Waiting 
 Container c-p00-foundation-r2-db-1 Healthy 
 Container c-p00-foundation-r2-setup-1 Starting 
 Container c-p00-foundation-r2-setup-1 Started 
setup-1  | info: Erp.Kernel.Data.DatabaseBootstrap[0]
setup-1  |       Creating database erp
setup-1  | info: Erp.Kernel.Data.DatabaseMigrator[0]
setup-1  |       Migrating KernelDbContext: 2 pending
setup-1  | info: Erp.Kernel.Data.DatabaseMigrator[0]
setup-1  |       Migrating TenancyDbContext: 1 pending
setup-1  | info: Erp.Kernel.Data.DatabaseMigrator[0]
setup-1  |       Migrating IdentityDbContext: 2 pending
setup-1  | info: Erp.Kernel.Seeding.SeedRunner[0]
setup-1  |       Seeded tenant alnoor (Demo) in 15604 ms
setup-1  | info: Erp.Kernel.Seeding.SeedRunner[0]
setup-1  |       Seeded tenant gulfsteel (Demo) in 423 ms
[Ksetup-1 exited with code 0
 Compose Stopping Aborting on container exit...
 Container c-p00-foundation-r2-setup-1 Stopping 
 Container c-p00-foundation-r2-setup-1 Stopped 
 Container c-p00-foundation-r2-db-1 Running 
 Container c-p00-foundation-r2-app-1 Creating 
 Container c-p00-foundation-r2-app-1 Created 
 Container c-p00-foundation-r2-db-1 Waiting 
 Container c-p00-foundation-r2-db-1 Healthy 
 Container c-p00-foundation-r2-setup-1 Starting 
 Container c-p00-foundation-r2-setup-1 Started 
 Container c-p00-foundation-r2-setup-1 Waiting 
 Container c-p00-foundation-r2-setup-1 Exited 
 Container c-p00-foundation-r2-app-1 Starting 
 Container c-p00-foundation-r2-app-1 Started 

[1mThe demo is running (31 s): http://localhost:20050[0m

  Sign in (password for every demo user: Demo-Pass-2026)
    admin@alnoor.example       Administrator, English
    admin.ar@alnoor.example    Administrator, Arabic
    viewer@alnoor.example      Read-only role
    noaccess@alnoor.example    No roles (sees nothing)
    admin@gulfsteel.example    Administrator of the second workspace

  API description: http://localhost:20050/api/openapi/v1.json
  Database:        localhost:20051 (./erp psql)
  Stop:            ./erp down        (add --volumes to delete the data)
rc=0 seconds=31
