[1m[1/3] Builds, unit, integration and gate tests[0m

[1m== Copying sources (without build output)[0m

[1m== Web: install, type-check, string gate, unit tests, build[0m

added 58 packages in 2s
String check passed: 18 source files, 64 keys in English and Arabic, 2 plural messages.

[1m[46m RUN [49m[22m [36mv4.0.18 [39m[90m/work/web[39m

 [32m✓[39m src/kernel/messageFormat.test.ts [2m([22m[2m5 tests[22m[2m)[22m[32m 21[2mms[22m[39m
 [32m✓[39m src/kernel/i18n.test.ts [2m([22m[2m5 tests[22m[2m)[22m[32m 21[2mms[22m[39m
 [32m✓[39m src/modules/shell/SignInPage.test.tsx [2m([22m[2m6 tests[22m[2m)[22m[32m 127[2mms[22m[39m
 [32m✓[39m src/kernel/router.test.ts [2m([22m[2m1 test[22m[2m)[22m[32m 2[2mms[22m[39m
 [32m✓[39m src/kernel/api.test.ts [2m([22m[2m2 tests[22m[2m)[22m[32m 6[2mms[22m[39m

[2m Test Files [22m [1m[32m5 passed[39m[22m[90m (5)[39m
[2m      Tests [22m [1m[32m19 passed[39m[22m[90m (19)[39m
[2m   Start at [22m 23:41:45
[2m   Duration [22m 1.11s[2m (transform 543ms, setup 0ms, import 787ms, tests 177ms, environment 1.40s)[22m

JSON report written to /out/vitest.json
vite v7.3.6 building client environment for production...
transforming...
✓ 50 modules transformed.
rendering chunks...
computing gzip size...
dist/index.html                   0.49 kB │ gzip:  0.30 kB
dist/assets/index-ahaT7Fhx.css    4.15 kB │ gzip:  1.39 kB
dist/assets/index-D_cHhVSC.js   246.20 kB │ gzip: 76.51 kB
✓ built in 1.66s

[1m== .NET: restore and build (warnings are errors)[0m

Build succeeded.
    0 Warning(s)
    0 Error(s)

Time Elapsed 00:00:11.25

[1m== .NET: unit, integration (Testcontainers PostgreSQL) and gate tests[0m
Test run for /work/tests/Erp.Gates.Tests/bin/Release/net10.0/Erp.Gates.Tests.dll (.NETCoreApp,Version=v10.0)
Test run for /work/tests/Erp.Kernel.Tests/bin/Release/net10.0/Erp.Kernel.Tests.dll (.NETCoreApp,Version=v10.0)
A total of 1 test files matched the specified pattern.
Test run for /work/tests/Erp.Modules.Identity.Tests/bin/Release/net10.0/Erp.Modules.Identity.Tests.dll (.NETCoreApp,Version=v10.0)
A total of 1 test files matched the specified pattern.
A total of 1 test files matched the specified pattern.
[xUnit.net 00:00:00.00] xUnit.net VSTest Adapter v3.1.5+1b188a7b0a (64-bit .NET 10.0.12)
[xUnit.net 00:00:00.00] xUnit.net VSTest Adapter v3.1.5+1b188a7b0a (64-bit .NET 10.0.12)
[xUnit.net 00:00:00.23]   Discovering: Erp.Gates.Tests
[xUnit.net 00:00:00.00] xUnit.net VSTest Adapter v3.1.5+1b188a7b0a (64-bit .NET 10.0.12)
[xUnit.net 00:00:00.19]   Discovering: Erp.Kernel.Tests
[xUnit.net 00:00:00.48]   Discovered:  Erp.Gates.Tests
[xUnit.net 00:00:00.19]   Discovering: Erp.Modules.Identity.Tests
[xUnit.net 00:00:00.51]   Discovered:  Erp.Kernel.Tests
[xUnit.net 00:00:00.70]   Starting:    Erp.Gates.Tests
[xUnit.net 00:00:00.43]   Discovered:  Erp.Modules.Identity.Tests
[xUnit.net 00:00:00.71]   Starting:    Erp.Kernel.Tests
[xUnit.net 00:00:00.68]   Starting:    Erp.Modules.Identity.Tests
  Passed Erp.Kernel.Tests.ModuleListTests.A_valid_list_has_no_problems [40 ms]
  Passed Erp.Kernel.Tests.MoneyTests.Currency_codes_are_three_upper_case_letters(code: "A1D") [44 ms]
  Passed Erp.Kernel.Tests.UnitOfWorkTests.Problems_inside_typed_unions_count_as_failures [49 ms]
  Passed Erp.Kernel.Tests.UnitOfWorkTests.Plain_results_report_their_own_status [< 1 ms]
  Passed Erp.Kernel.Tests.ModuleListTests.A_list_must_belong_to_its_module_and_name_real_columns [1 ms]
  Passed Erp.Kernel.Tests.MoneyTests.Currency_codes_are_three_upper_case_letters(code: "AEDX") [< 1 ms]
  Passed Erp.Kernel.Tests.MoneyTests.Currency_codes_are_three_upper_case_letters(code: "aed") [< 1 ms]
  Passed Erp.Kernel.Tests.MoneyTests.Currency_codes_are_three_upper_case_letters(code: "AE") [< 1 ms]
  Passed Erp.Kernel.Tests.LocalizationTests.Plural_categories_follow_the_CLDR_rules(language: "en", number: 1, expected: "one") [< 1 ms]
  Passed Erp.Kernel.Tests.LocalizationTests.Plural_categories_follow_the_CLDR_rules(language: "ar", number: 99, expected: "many") [< 1 ms]
  Passed Erp.Kernel.Tests.LocalizationTests.Plural_categories_follow_the_CLDR_rules(language: "ar", number: 10, expected: "few") [< 1 ms]
  Passed Erp.Kernel.Tests.LocalizationTests.Plural_categories_follow_the_CLDR_rules(language: "en", number: 0, expected: "other") [< 1 ms]
  Passed Erp.Kernel.Tests.LocalizationTests.Plural_categories_follow_the_CLDR_rules(language: "en", number: 2, expected: "other") [< 1 ms]
  Passed Erp.Kernel.Tests.LocalizationTests.Plural_categories_follow_the_CLDR_rules(language: "ar", number: 3, expected: "few") [< 1 ms]
  Passed Erp.Kernel.Tests.LocalizationTests.Plural_categories_follow_the_CLDR_rules(language: "ar", number: 100, expected: "other") [< 1 ms]
  Passed Erp.Kernel.Tests.LocalizationTests.Plural_categories_follow_the_CLDR_rules(language: "ar", number: 103, expected: "few") [< 1 ms]
  Passed Erp.Kernel.Tests.LocalizationTests.Plural_categories_follow_the_CLDR_rules(language: "ar", number: 11, expected: "many") [< 1 ms]
  Passed Erp.Kernel.Tests.LocalizationTests.Plural_categories_follow_the_CLDR_rules(language: "ar", number: 0, expected: "zero") [< 1 ms]
  Passed Erp.Kernel.Tests.LocalizationTests.Plural_categories_follow_the_CLDR_rules(language: "ar", number: 1, expected: "one") [< 1 ms]
  Passed Erp.Kernel.Tests.LocalizationTests.Plural_categories_follow_the_CLDR_rules(language: "ar", number: 2, expected: "two") [< 1 ms]
  Passed Erp.Kernel.Tests.LocalizationTests.Plural_categories_follow_the_CLDR_rules(language: "ar", number: 102, expected: "other") [< 1 ms]
  Passed Erp.Kernel.Tests.LocalizationTests.Plural_categories_follow_the_CLDR_rules(language: "ar", number: 1.5, expected: "other") [< 1 ms]
  Passed Erp.Kernel.Tests.SecurityTests.Email_validation(value: "a@.example", valid: False) [18 ms]
  Passed Erp.Kernel.Tests.SecurityTests.Email_validation(value: "a b@c.example", valid: False) [< 1 ms]
  Passed Erp.Kernel.Tests.SecurityTests.Email_validation(value: "a@@b.example", valid: False) [< 1 ms]
  Passed Erp.Kernel.Tests.SecurityTests.Email_validation(value: "a@b.example", valid: True) [< 1 ms]
  Passed Erp.Kernel.Tests.SecurityTests.Email_validation(value: "first.last+tag@sub.domain.ae", valid: True) [< 1 ms]
  Passed Erp.Kernel.Tests.SecurityTests.Email_validation(value: "no-at.example", valid: False) [< 1 ms]
  Passed Erp.Kernel.Tests.SecurityTests.Email_validation(value: "a@b", valid: False) [< 1 ms]
  Passed Erp.Kernel.Tests.SecurityTests.Permission_keys_are_module_resource_action(key: "identity.users", valid: False) [1 ms]
  Passed Erp.Kernel.Tests.SecurityTests.Permission_keys_are_module_resource_action(key: "identity.users.read", valid: True) [< 1 ms]
  Passed Erp.Kernel.Tests.SecurityTests.Permission_keys_are_module_resource_action(key: "identity..read", valid: False) [< 1 ms]
  Passed Erp.Kernel.Tests.SecurityTests.Permission_keys_are_module_resource_action(key: "identity.userRoles.assignAll", valid: True) [< 1 ms]
  Passed Erp.Kernel.Tests.SecurityTests.Permission_keys_are_module_resource_action(key: "Identity.users.read", valid: False) [< 1 ms]
  Passed Erp.Kernel.Tests.SecurityTests.Permission_keys_are_module_resource_action(key: "identity.users.read.extra", valid: False) [< 1 ms]
  Passed Erp.Kernel.Tests.LocalizationTests.Request_language_comes_from_accept_language_when_not_signed_in(header: "de", expected: "en") [21 ms]
  Passed Erp.Kernel.Tests.LocalizationTests.Request_language_comes_from_accept_language_when_not_signed_in(header: "", expected: "en") [< 1 ms]
  Passed Erp.Kernel.Tests.LocalizationTests.Request_language_comes_from_accept_language_when_not_signed_in(header: "ar-AE,ar;q=0.9,en;q=0.8", expected: "ar") [< 1 ms]
  Passed Erp.Kernel.Tests.LocalizationTests.Request_language_comes_from_accept_language_when_not_signed_in(header: "fr-FR,ar;q=0.5", expected: "ar") [< 1 ms]
  Passed Erp.Kernel.Tests.LocalizationTests.Request_language_comes_from_accept_language_when_not_signed_in(header: "en-GB,en;q=0.9", expected: "en") [< 1 ms]
  Passed Erp.Kernel.Tests.LocalizationTests.Messages_fill_named_placeholders_and_exact_plural_branches [32 ms]
  Passed Erp.Kernel.Tests.SecurityTests.Forwarded_headers_are_trusted_only_from_configured_proxies [55 ms]
  Passed Erp.Kernel.Tests.MoneyTests.Money_travels_as_decimal_strings_in_json [94 ms]
  Passed Erp.Kernel.Tests.MoneyTests.Only_same_currency_and_rate_can_be_added [< 1 ms]
  Passed Erp.Kernel.Tests.MoneyTests.Amount_must_fit_the_currency_minor_units [< 1 ms]
  Passed Erp.Kernel.Tests.MoneyTests.Base_currency_amounts_use_rate_one_and_rates_are_positive [< 1 ms]
  Passed Erp.Kernel.Tests.MoneyTests.Base_amount_is_rounded_half_away_from_zero_to_the_base_currency [< 1 ms]
  Passed Erp.Kernel.Tests.LocalizationTests.A_key_without_a_translation_stops_the_catalog_from_loading [25 ms]
  Passed Erp.Kernel.Tests.LocalizationTests.Kernel_strings_exist_in_both_languages_and_format_arguments [10 ms]
  Passed Erp.Kernel.Tests.SecurityTests.Weaker_hashes_still_verify_and_ask_to_be_upgraded [149 ms]
  Passed Erp.Kernel.Tests.SecurityTests.Session_tokens_are_256_bit_base64url_and_stored_as_sha256 [1 ms]
  Passed Erp.Kernel.Tests.SecurityTests.Password_hashes_verify_only_the_right_password_and_use_unique_salts [1 s]
  Passed Erp.Kernel.Tests.KernelDataTests.Bulk_insert_requires_a_bound_tenant [3 ms]
  Passed Erp.Gates.Tests.Rules.MoneyGateTests.No_floating_point_or_money_columns_in_the_database [59 ms]
  Passed Erp.Gates.Tests.G1.G1DatabaseIsolationTests.Every_table_is_tenant_owned_or_a_reviewed_platform_table [71 ms]
  Passed Erp.Gates.Tests.Rules.MoneyGateTests.No_float_or_double_in_server_code [101 ms]
  Passed Erp.Gates.Tests.Rules.MoneyGateTests.No_parseFloat_in_front_end_code [7 ms]
  Passed Erp.Gates.Tests.G1.G1DatabaseIsolationTests.A_tenant_set_for_the_whole_connection_or_left_by_an_earlier_transaction_is_ignored [120 ms]
  Passed Erp.Gates.Tests.G1.G1DatabaseIsolationTests.Application_role_sees_and_changes_only_its_own_tenant_in_every_tenant_table [496 ms]
  Passed Erp.Gates.Tests.G1.G1DatabaseIsolationTests.Foreign_keys_between_tenant_tables_include_the_tenant [5 ms]
  Passed Erp.Gates.Tests.G1.G1DatabaseIsolationTests.Tenant_tables_have_an_id_primary_key [69 ms]
  Passed Erp.Gates.Tests.G1.G1DatabaseIsolationTests.Tenant_tables_enforce_row_level_security_with_the_standard_policy [34 ms]
  Passed Erp.Modules.Identity.Tests.PlatformHttpTests.Server_errors_reveal_nothing_but_a_trace_id [1 s]
  Passed Erp.Modules.Identity.Tests.PlatformHttpTests.Unknown_api_paths_answer_404_problems_not_the_app_shell [75 ms]
  Passed Erp.Gates.Tests.G1.G1DatabaseIsolationTests.Security_definer_functions_are_exactly_the_reviewed_ones [40 ms]
  Passed Erp.Gates.Tests.G1.G1DatabaseIsolationTests.Audit_trail_is_append_only_for_the_application [38 ms]
  Passed Erp.Gates.Tests.G1.G1DatabaseIsolationTests.Application_role_cannot_bypass_row_level_security_or_become_a_role_that_can [101 ms]
  Passed Erp.Gates.Tests.G1.G1ReviewedLookupTests.Only_reviewed_source_files_name_a_reviewed_function [171 ms]
  Passed Erp.Gates.Tests.G1.G1ReviewedLookupTests.Every_reviewed_function_has_reviewed_callers_and_sources [88 ms]
  Passed Erp.Gates.Tests.G1.G1ReviewedLookupTests.Reviewed_lookups_answer_nothing_inside_a_tenant_bound_transaction [169 ms]
  Passed Erp.Gates.Tests.Rules.LicenceGateTests.Every_NuGet_package_has_an_allowed_licence [689 ms]
  Passed Erp.Gates.Tests.Rules.LicenceGateTests.Every_npm_package_has_an_allowed_licence [3 ms]
  Passed Erp.Kernel.Tests.KernelDataTests.Bulk_insert_loads_100000_rows_through_row_level_security_quickly [2 s]
  Passed Erp.Modules.Identity.Tests.PlatformHttpTests.Health_is_public_and_checks_the_database [78 ms]
  Passed Erp.Modules.Identity.Tests.PlatformHttpTests.Responses_carry_security_headers_and_api_responses_are_not_cached [111 ms]
  Passed Erp.Modules.Identity.Tests.AuthTests.A_suspended_workspace_cannot_be_signed_in_to [1 s]
  Passed Erp.Kernel.Tests.KernelDataTests.Migrations_and_seeding_are_idempotent [522 ms]
  Passed Erp.Kernel.Tests.KernelDataTests.A_unit_of_work_cannot_switch_tenants [10 ms]
  Passed Erp.Kernel.Tests.KernelDataTests.Bulk_insert_cannot_smuggle_rows_into_another_tenant [52 ms]
  Passed Erp.Kernel.Tests.KernelDataTests.Using_a_module_context_before_binding_a_tenant_fails_loudly [113 ms]
  Passed Erp.Kernel.Tests.KernelDataTests.EF_refuses_to_write_a_row_for_another_tenant [149 ms]
  Passed Erp.Kernel.Tests.KernelDataTests.The_query_filter_is_a_second_layer_on_every_tenant_entity [170 ms]
  Passed Erp.Modules.Identity.Tests.RateLimitTests.Sign_in_attempts_beyond_the_limit_get_429_with_a_localized_problem [3 s]
  Passed Erp.Modules.Identity.Tests.UsersAndRolesTests.User_search_finds_by_name_or_email_and_escapes_wildcards [3 s]
[xUnit.net 00:00:15.46]   Finished:    Erp.Kernel.Tests (ID = '1ac195ec15f33ab4788e3de64df3053333a57179a8cf50eb11a1918a6450c228')
Results File: /out/trx/_vm_2026-10-02_23_42_07_net10.0.trx

Test Run Successful.
Total tests: 60
     Passed: 60
 Total time: 16.1763 Seconds
  Passed Erp.Modules.Identity.Tests.UsersAndRolesTests.The_administrator_role_cannot_be_changed_or_deleted_and_grants_every_permission [1 s]
  Passed Erp.Modules.Identity.Tests.UsersAndRolesTests.Permission_catalogue_is_labelled_in_the_users_language [392 ms]
  Passed Erp.Gates.Tests.G2.G2PermissionTests.Every_declared_permission_is_in_the_catalogue_and_every_catalogue_permission_is_used [20 ms]
  Passed Erp.Gates.Tests.G2.G2PermissionTests.Every_endpoint_declares_exactly_one_permission_or_is_reviewed_anonymous [2 ms]
  Passed Erp.Gates.Tests.Rules.AuditGateTests.Every_tenant_table_carries_the_audit_trigger_unless_reviewed_exempt [54 ms]
  Passed Erp.Gates.Tests.G2.G2PermissionTests.A_user_whose_roles_grant_nothing_is_denied_everything_and_sees_no_menu [1 s]
  Passed Erp.Gates.Tests.G2.G2PermissionTests.The_host_refuses_to_start_with_an_endpoint_whose_permission_is_not_in_the_catalogue [88 ms]
  Passed Erp.Gates.Tests.Rules.AuditGateTests.Writes_through_the_API_leave_field_level_audit_rows_attributed_to_the_user [826 ms]
  Passed Erp.Gates.Tests.Rules.AuditGateTests.Writes_that_bypass_the_ORM_are_audited_too [44 ms]
  Passed Erp.Modules.Identity.Tests.UsersAndRolesTests.Changing_the_language_preference_follows_the_user [919 ms]
  Passed Erp.Modules.Identity.Tests.AuthTests.The_same_email_in_two_workspaces_asks_which_one_only_when_both_passwords_match [4 s]
  Passed Erp.Modules.Identity.Tests.UsersAndRolesTests.Saving_over_someone_elses_change_is_refused [268 ms]
  Passed Erp.Modules.Identity.Tests.UsersAndRolesTests.Validation_errors_name_each_field_in_the_requested_language [699 ms]
  Passed Erp.Modules.Identity.Tests.AuthTests.Cookie_requests_that_change_data_need_the_request_header [893 ms]
  Passed Erp.Modules.Identity.Tests.AuthTests.Expired_sessions_and_malformed_tokens_are_refused [191 ms]
  Passed Erp.Modules.Identity.Tests.UsersAndRolesTests.Duplicate_email_in_the_same_workspace_is_a_conflict [285 ms]
  Passed Erp.Modules.Identity.Tests.AuthTests.Signing_in_returns_the_session_and_sets_a_strict_http_only_cookie [188 ms]
  Passed Erp.Gates.Tests.Rules.AuditGateTests.Passwords_are_redacted_in_the_audit_trail [670 ms]
  Passed Erp.Gates.Tests.Rules.OpenApiGateTests.OpenApi_document_covers_every_endpoint_with_its_permission [85 ms]
  Passed Erp.Gates.Tests.G2.G2PermissionTests.Users_cannot_escalate_their_own_privileges [1 s]
  Passed Erp.Gates.Tests.Rules.OpenApiGateTests.Decimals_are_documented_as_strings [79 ms]
  Passed Erp.Modules.Identity.Tests.AuthTests.Deactivating_a_user_ends_their_sessions [985 ms]
  Passed Erp.Modules.Identity.Tests.AuthTests.Wrong_password_and_unknown_email_get_the_same_answer [392 ms]
  Passed Erp.Gates.Tests.Rules.StringGateTests.Every_problem_and_validation_code_in_server_code_has_text [39 ms]
  Passed Erp.Gates.Tests.Rules.StringGateTests.Server_string_files_have_matching_English_and_Arabic_keys [24 ms]
  Passed Erp.Gates.Tests.Rules.StringGateTests.Web_string_files_have_matching_English_and_Arabic_keys [< 1 ms]
  Passed Erp.Gates.Tests.Rules.StringGateTests.Every_permission_module_and_menu_entry_has_labels [15 ms]
  Passed Erp.Gates.Tests.Rules.StringGateTests.Count_messages_use_plural_forms [14 ms]
  Passed Erp.Modules.Identity.Tests.AuthTests.Signing_out_revokes_the_session_for_good [359 ms]
  Passed Erp.Gates.Tests.G2.G2PermissionTests.Creating_a_user_cannot_grant_more_than_the_caller_holds [1 s]
  Passed Erp.Gates.Tests.G2.G2PermissionTests.Anonymous_callers_get_401_from_every_permissioned_endpoint [10 ms]
  Passed Erp.Modules.Identity.Tests.AuthTests.Five_failures_pause_sign_in_without_saying_so_and_the_pause_ends [2 s]
  Passed Erp.Gates.Tests.G2.G2PermissionTests.Every_registered_list_is_readable_with_its_permission_alone [1 s]
  Passed Erp.Gates.Tests.G2.G2PermissionTests.The_host_refuses_a_list_whose_endpoint_declares_another_permission [80 ms]
  Passed Erp.Gates.Tests.G2.G2PermissionTests.Undeclared_endpoints_fall_back_to_deny [1 ms]
  Passed Erp.Gates.Tests.G2.G2PermissionTests.The_host_refuses_to_start_with_an_endpoint_that_declares_no_permission [51 ms]
[xUnit.net 00:00:23.80]   Finished:    Erp.Modules.Identity.Tests (ID = 'c22946a00a079b5bd17fa697d59967873c784c899ebaee038a5706484c46b106')
Results File: /out/trx/_vm_2026-10-02_23_42_18_net10.0.trx

Test Run Successful.
Total tests: 21
     Passed: 21
 Total time: 24.3463 Seconds
  Passed Erp.Gates.Tests.G2.G2PermissionTests.No_endpoint_grants_more_than_the_caller_holds [3 s]
  Passed Erp.Gates.Tests.G2.G2PermissionTests.Granting_exactly_one_permission_opens_exactly_the_endpoints_that_declare_it [5 s]
  Passed Erp.Gates.Tests.G1.G1HttpIsolationTests.Tenant_A_cannot_reach_tenant_B_through_any_endpoint [1 m 5 s]
  Passed Erp.Gates.Tests.SelfTests.GateSelfTests.The_HTTP_attack_catches_planted_header_route_and_body_leaks [1 m 11 s]
  Passed Erp.Gates.Tests.SelfTests.GateSelfTests.The_database_check_catches_a_table_without_row_level_security [31 ms]
[xUnit.net 00:01:32.74]   Finished:    Erp.Gates.Tests (ID = 'd67f9af34c5c91feae69a31c7ab81956a411c8cd54ea4942d23c1fd06e059e25')
  Passed Erp.Gates.Tests.SelfTests.GateSelfTests.The_grant_escalation_check_catches_an_endpoint_that_grants_any_role [2 s]
Results File: /out/trx/_vm_2026-10-02_23_42_16_net10.0.trx

Test Run Successful.
Total tests: 45
     Passed: 45
 Total time: 1.5550 Minutes
[1m[2/3] Clean stack: build, migrate, seed, serve (project c-p00-foundation-r2-verify, port 20060)[0m
[1mBuilding the application image[0m
 Image erp-app:c-p00-foundation-r2-verify Building 
#1 [internal] load local bake definitions
#1 reading from stdin 646B done
#1 DONE 0.0s

#2 [internal] load build definition from Dockerfile
#2 transferring dockerfile: 1.73kB done
#2 DONE 0.0s

#3 resolve image config for docker-image://docker.io/docker/dockerfile:1
#3 DONE 0.5s

#4 docker-image://docker.io/docker/dockerfile:1@sha256:4edf897a3ffa55b89f906fc8cc78afdb3f1834cc9c7083565e611a8a7d5fe99e
#4 resolve docker.io/docker/dockerfile:1@sha256:4edf897a3ffa55b89f906fc8cc78afdb3f1834cc9c7083565e611a8a7d5fe99e 0.0s done
#4 CACHED

#5 [internal] load metadata for docker.io/library/node:22-alpine
#5 DONE 0.5s

#6 [internal] load metadata for mcr.microsoft.com/dotnet/sdk:10.0
#6 DONE 0.5s

#7 [internal] load metadata for mcr.microsoft.com/dotnet/aspnet:10.0
#7 DONE 0.5s

#8 [internal] load .dockerignore
#8 transferring context: 187B done
#8 DONE 0.0s

#9 [web 1/6] FROM docker.io/library/node:22-alpine@sha256:0a7108bf6c7bf5de370ffb1a3ed6be93d405b43ff159f681a8d18c0e2bc2e402
#9 resolve docker.io/library/node:22-alpine@sha256:0a7108bf6c7bf5de370ffb1a3ed6be93d405b43ff159f681a8d18c0e2bc2e402 0.0s done
#9 DONE 0.0s

#10 [stage-2 1/4] FROM mcr.microsoft.com/dotnet/aspnet:10.0@sha256:222759b391a1aaf241166672c8f99b2d4ada452e7b5319f3c6e8f265a37b5ad4
#10 resolve mcr.microsoft.com/dotnet/aspnet:10.0@sha256:222759b391a1aaf241166672c8f99b2d4ada452e7b5319f3c6e8f265a37b5ad4 0.0s done
#10 DONE 0.0s

#11 [build 1/6] FROM mcr.microsoft.com/dotnet/sdk:10.0@sha256:e70cdb7f80b0348f5cb85f19a8f670fca061f033d57eed12fa003d58b0e06317
#11 resolve mcr.microsoft.com/dotnet/sdk:10.0@sha256:e70cdb7f80b0348f5cb85f19a8f670fca061f033d57eed12fa003d58b0e06317 0.0s done
#11 DONE 0.0s

#12 [internal] load build context
#12 transferring context: 443.20kB 0.0s done
#12 DONE 0.1s

#13 [web 6/6] RUN npm run check && npm run build
#13 CACHED

#14 [stage-2 2/4] WORKDIR /app
#14 CACHED

#15 [build 2/6] WORKDIR /src
#15 CACHED

#16 [build 5/6] RUN --mount=type=secret,id=extra_ca,target=/run/secrets/extra_ca --mount=type=cache,target=/root/.nuget/packages     if [ -s /run/secrets/extra_ca ]; then cat /run/secrets/extra_ca >>/etc/ssl/certs/ca-certificates.crt; fi;     dotnet restore src/Host/Erp.Host/Erp.Host.csproj
#16 CACHED

#17 [web 2/6] WORKDIR /web
#17 CACHED

#18 [web 3/6] COPY web/package.json web/package-lock.json ./
#18 CACHED

#19 [web 4/6] RUN --mount=type=secret,id=extra_ca,target=/run/secrets/extra_ca --mount=type=cache,target=/root/.npm     if [ -s /run/secrets/extra_ca ]; then export NODE_EXTRA_CA_CERTS=/run/secrets/extra_ca; fi;     npm ci --no-audit --no-fund
#19 CACHED

#20 [build 4/6] COPY src/ src/
#20 CACHED

#21 [build 6/6] RUN --mount=type=cache,target=/root/.nuget/packages dotnet publish src/Host/Erp.Host/Erp.Host.csproj -c Release -o /app --no-restore
#21 CACHED

#22 [web 5/6] COPY web/ ./
#22 CACHED

#23 [build 3/6] COPY global.json Directory.Build.props Directory.Packages.props ./
#23 CACHED

#24 [stage-2 3/4] COPY --from=build /app ./
#24 CACHED

#25 [stage-2 4/4] COPY --from=web /web/dist ./wwwroot
#25 CACHED

#26 exporting to image
#26 exporting layers done
#26 exporting manifest sha256:82c5d21c5f1f4b754ce9da382f22e70c769030b483f66086390062bc111310ed done
#26 exporting config sha256:f968d75760d4b596c2cb8050ebf53f35e7d27e084271a06139bc347dad3d5a73 done
#26 exporting attestation manifest sha256:7d4b67d47bae3d3d9795150edb339054960fa5a10d442dd594b45b801050998a done
#26 exporting manifest list sha256:0a6c54b76c60228274054efd0bb08a0c1388670d53a03e1e27d2c7f79ba7aa98 done
#26 naming to docker.io/library/erp-app:c-p00-foundation-r2-verify done
#26 unpacking to docker.io/library/erp-app:c-p00-foundation-r2-verify 0.1s done
#26 DONE 0.1s

#27 resolving provenance for metadata file
#27 DONE 0.0s
 Image erp-app:c-p00-foundation-r2-verify Built 
[1mStarting PostgreSQL, setting up the database (roles, migrations, seed: 2000 users) and serving[0m
 Network c-p00-foundation-r2-verify_default Creating 
 Network c-p00-foundation-r2-verify_default Created 
 Volume c-p00-foundation-r2-verify_db-data Creating 
 Volume c-p00-foundation-r2-verify_db-data Created 
 Container c-p00-foundation-r2-verify-db-1 Creating 
 Container c-p00-foundation-r2-verify-db-1 Created 
 Container c-p00-foundation-r2-verify-db-1 Starting 
 Container c-p00-foundation-r2-verify-db-1 Started 
 Container c-p00-foundation-r2-verify-db-1 Waiting 
 Container c-p00-foundation-r2-verify-db-1 Healthy 
 Container c-p00-foundation-r2-verify-db-1 Running 
 Container c-p00-foundation-r2-verify-setup-1 Creating 
 Container c-p00-foundation-r2-verify-setup-1 Created 
Attaching to setup-1
 Container c-p00-foundation-r2-verify-db-1 Waiting 
 Container c-p00-foundation-r2-verify-db-1 Healthy 
 Container c-p00-foundation-r2-verify-setup-1 Starting 
 Container c-p00-foundation-r2-verify-setup-1 Started 
setup-1  | info: Erp.Kernel.Data.DatabaseBootstrap[0]
setup-1  |       Creating database erp
setup-1  | info: Erp.Kernel.Data.DatabaseMigrator[0]
setup-1  |       Migrating KernelDbContext: 2 pending
setup-1  | info: Erp.Kernel.Data.DatabaseMigrator[0]
setup-1  |       Migrating TenancyDbContext: 1 pending
setup-1  | info: Erp.Kernel.Data.DatabaseMigrator[0]
setup-1  |       Migrating IdentityDbContext: 2 pending
setup-1  | info: Erp.Kernel.Seeding.SeedRunner[0]
setup-1  |       Seeded tenant alnoor (Demo) in 1014 ms
setup-1  | info: Erp.Kernel.Seeding.SeedRunner[0]
setup-1  |       Seeded tenant gulfsteel (Demo) in 298 ms
[Ksetup-1 exited with code 0
 Compose Stopping Aborting on container exit...
 Container c-p00-foundation-r2-verify-setup-1 Stopping 
 Container c-p00-foundation-r2-verify-setup-1 Stopped 
 Container c-p00-foundation-r2-verify-db-1 Running 
 Container c-p00-foundation-r2-verify-app-1 Creating 
 Container c-p00-foundation-r2-verify-app-1 Created 
 Container c-p00-foundation-r2-verify-db-1 Waiting 
 Container c-p00-foundation-r2-verify-db-1 Healthy 
 Container c-p00-foundation-r2-verify-setup-1 Starting 
 Container c-p00-foundation-r2-verify-setup-1 Started 
 Container c-p00-foundation-r2-verify-setup-1 Waiting 
 Container c-p00-foundation-r2-verify-setup-1 Exited 
 Container c-p00-foundation-r2-verify-app-1 Starting 
 Container c-p00-foundation-r2-verify-app-1 Started 
[1m[3/3] End-to-end tests in Chromium[0m

[1m== Copying sources (without build output)[0m

[1m== End-to-end: Playwright against http://localhost:20060[0m

added 3 packages in 445ms

Running 9 tests using 1 worker

  ✓  1 [chromium] › specs/permissions.spec.ts:5:7 › screens hide what the user cannot do › a user whose roles grant nothing sees no menu and cannot open a screen by address (1.9s)
  ✓  2 [chromium] › specs/permissions.spec.ts:15:7 › screens hide what the user cannot do › a read-only user can browse users, and the list is server-paged and searchable (1.4s)
  ✓  3 [chromium] › specs/permissions.spec.ts:27:7 › screens hide what the user cannot do › counts take the right plural form in Arabic (1.9s)
  ✓  4 [chromium] › specs/permissions.spec.ts:40:7 › screens hide what the user cannot do › signing out returns to the sign-in screen and the session is gone (1.1s)
sign-in to workspace: 475 ms
  ✓  5 [chromium] › specs/sign-in.spec.ts:5:7 › sign in to an empty workspace › keyboard only, in English, lands in the workspace with its menu (977ms)
  ✓  6 [chromium] › specs/sign-in.spec.ts:17:7 › sign in to an empty workspace › in Arabic, right to left, from the first screen (1.0s)
  ✓  7 [chromium] › specs/sign-in.spec.ts:33:7 › sign in to an empty workspace › a wrong password shows one message in the screen's language and clears the password (854ms)
  ✓  8 [chromium] › specs/sign-in.spec.ts:41:7 › sign in to an empty workspace › empty fields are explained without a round trip (385ms)
  ✓  9 [chromium] › specs/sign-in.spec.ts:47:7 › sign in to an empty workspace › the device remembers the e-mail, so the next sign-in is password then Enter (1.1s)

  9 passed (11.7s)

Test counts this run:
  suite.dotnetTests      passed   126  failed 0  skipped 0  (minimum 126)
  suite.webUnitTests     passed    19  failed 0  skipped 0  (minimum 19)
  suite.e2eTests         passed     9  failed 0  skipped 0  (minimum 9)
Ratchet check passed.
[1mverify passed in 148 s[0m
rc=0 seconds=150
