A companies / B companies                                                            INFO {"a":["ALN-AUH","ALN-DXB","ALN-FZE","ALN-SHJ"],"b":["GSF-RAK","GSF-SHJ"],"aBranches":12,"bBranches":3}

== 1. Tenant A administrator against tenant B ==
GET B company                                                                        404 {"type":"urn:erp:problem:notFound","title":"The record was not found.","status":404,"code":"notFound","traceId":"00-26ddfb511a4c5e04aeea9860a7e986bc-8095862c80e540f6-00"}
GET B company logo                                                                   404 {"type":"urn:erp:problem:notFound","title":"The record was not found.","status":404,"code":"notFound","traceId":"00-b14a4dd378202128a912d6b6f0fa3e4f-722e708738f70f98-00"}
PUT B company                                                                        404 {"type":"urn:erp:problem:notFound","title":"The record was not found.","status":404,"code":"notFound","traceId":"00-979f43c1c69eeb3548c0615453d5030a-7bc69148b8274989-00"}
PUT B company logo                                                                   400 {"type":"urn:erp:problem:validation","title":"Some fields need attention.","status":400,"code":"validation","traceId":"00-aefcd31ce1569c6ebacb3cfb0b7976b7-d48d7f5a3d05b12
DELETE B company logo                                                                404 {"type":"urn:erp:problem:notFound","title":"The record was not found.","status":404,"code":"notFound","traceId":"00-b0f063abc87cf826e88e225886b9be44-09a26e373e5b620d-00"}
GET B branch                                                                         404 {"type":"urn:erp:problem:notFound","title":"The record was not found.","status":404,"code":"notFound","traceId":"00-396584e12b72110b76b23da9e621e90e-3398d8a3eb034ce2-00"}
PUT B branch                                                                         404 {"type":"urn:erp:problem:notFound","title":"The record was not found.","status":404,"code":"notFound","traceId":"00-07578cd7b1daeebd9b78817dbb1e9cbb-5e2de2a2e57d6f29-00"}
POST branch into B company                                                           400 {"type":"urn:erp:problem:validation","title":"Some fields need attention.","status":400,"code":"validation","traceId":"00-81a932912cc5efdcbae41bf8edf94b2c-26ad0d49cf131ba
switch workplace to B company                                                        400 {"type":"urn:erp:problem:validation","title":"Some fields need attention.","status":400,"code":"validation","traceId":"00-89ff32c8c8c8b5ff3dcc1a7a025aed26-94d693870152bc1
switch workplace to own company + B branch                                           400 {"type":"urn:erp:problem:validation","title":"Some fields need attention.","status":400,"code":"validation","traceId":"00-747700c9f7429f821a32af680936b6c4-ae93a49a0fadc68
grant A viewer access to B company                                                   400 {"type":"urn:erp:problem:validation","title":"Some fields need attention.","status":400,"code":"validation","traceId":"00-1812d6a8a5c29b4385cf5f06ab8ef621-3a666aff5da977e
grant A viewer access to A company with B branch                                     400 {"type":"urn:erp:problem:validation","title":"Some fields need attention.","status":400,"code":"validation","traceId":"00-2e84f41ccdb35e89626302073842cab9-e0ed98f1c3321fc
GET access of B admin                                                                404 {"type":"urn:erp:problem:notFound","title":"The record was not found.","status":404,"code":"notFound","traceId":"00-cb9c720160abed51ba596475ba7a2363-513f11dcb429562b-00"}
PUT access of B admin (remove all)                                                   404 {"type":"urn:erp:problem:notFound","title":"The record was not found.","status":404,"code":"notFound","traceId":"00-c1d4d3992ac069709a68f9dbbfe78d8b-c4355a1a0b1e1d1f-00"}
branches filter companyId = B                                                        200 {"items":[],"total":0,"next":null,"groups":null}
companies search B code                                                              200 {"items":[],"total":0,"next":null,"groups":null}
companies filter id = B                                                              400 {"type":"urn:erp:problem:validation","title":"Some fields need attention.","status":400,"code":"validation","traceId":"00-aaea829bbacdd95d103727fae393b2ed-373c98d3acb7329
companies list with X-Tenant header of B                                             200 {"items":[{"id":"018dca08-f08c-7c15-a23e-c3ad6b0b4997","code":"ALN-AUH","legalNameEn":"Al Noor Technical Services LLC","legalNameAr":"النور للخدمات الفنية ذ.م.م","baseCur
tenant settings (should be A)                                                        200 {"id":"0190a000-0000-7000-8000-000000000001","code":"alnoor","nameEn":"Al Noor Trading LLC","nameAr":"شركة النور للتجارة ذ.م.م","status":"active","defaultLanguage":"en","
create company with B code (codes are per-tenant: expect 201, not an oracle)         201 {"id":"01a10752-53fb-70cd-bcdb-7141ea0b56c2","code":"GSF-RAK","legalNameEn":"Probe 194827","legalNameAr":"تجربة 194827","tradeLicenceNumber":null,"tradeLicenceAuthority":
B company unchanged after attacks                                                    INFO {"legalNameEn":"Gulf Steel Fabrication FZ-LLC","version":773,"was":773}
B branches after attacks                                                             INFO 3

== 2. Company scope: viewer (first company only) and no-access user ==
viewer companies                                                                     INFO ["ALN-DXB"]
viewer GET SHJ company                                                               404 {"type":"urn:erp:problem:notFound","title":"The record was not found.","status":404,"code":"notFound","traceId":"00-2b5588534d3529b12aeb50d578706f67-21cbfc7455710294-00"}
viewer GET SHJ logo                                                                  404 {"type":"urn:erp:problem:notFound","title":"The record was not found.","status":404,"code":"notFound","traceId":"00-2e7651c39c865c9b20418567c8fafac7-dcce9cbb17632b2c-00"}
viewer switch to SHJ                                                                 403 {"type":"urn:erp:problem:auth.forbidden","title":"You do not have permission to do this.","status":403,"code":"auth.forbidden","traceId":"0HNP24FPEPFTA:00000014"}
viewer PUT DXB company (read-only role)                                              403 {"type":"urn:erp:problem:auth.forbidden","title":"You do not have permission to do this.","status":403,"code":"auth.forbidden","traceId":"0HNP24FPEPFTA:00000015"}
viewer PUT DXB logo                                                                  403 {"type":"urn:erp:problem:auth.forbidden","title":"You do not have permission to do this.","status":403,"code":"auth.forbidden","traceId":"0HNP24FPEPFTB:00000015"}
viewer PUT own access                                                                403 {"type":"urn:erp:problem:auth.forbidden","title":"You do not have permission to do this.","status":403,"code":"auth.forbidden","traceId":"0HNP24FPEPFTB:00000016"}
noaccess GET companies                                                               403 {"type":"urn:erp:problem:auth.forbidden","title":"You do not have permission to do this.","status":403,"code":"auth.forbidden","traceId":"0HNP24FPEPFTA:00000017"}
noaccess GET workplace                                                               403 {"type":"urn:erp:problem:auth.forbidden","title":"You do not have permission to do this.","status":403,"code":"auth.forbidden","traceId":"0HNP24FPEPFTB:00000017"}
noaccess PUT workplace                                                               403 {"type":"urn:erp:problem:auth.forbidden","title":"You do not have permission to do this.","status":403,"code":"auth.forbidden","traceId":"0HNP24FPEPFTA:00000018"}

== 3. An administrator of ALN-DXB only ==
x admin sees companies                                                               INFO ["ALN-DXB"]
x GET SHJ                                                                            404 {"type":"urn:erp:problem:notFound","title":"The record was not found.","status":404,"code":"notFound","traceId":"00-2785ac4802f6916a30ec59c508aef761-d82bd95766eaf272-00"}
x GET SHJ branch                                                                     404 {"type":"urn:erp:problem:notFound","title":"The record was not found.","status":404,"code":"notFound","traceId":"00-f293a2f2369c84152289df3cc2f77d5c-092fc5c718e9cda2-00"}
x PUT SHJ branch                                                                     404 {"type":"urn:erp:problem:notFound","title":"The record was not found.","status":404,"code":"notFound","traceId":"00-1dfa3bb4885efdcae8c6e146e6c76021-1fc51f41775088e9-00"}
x POST branch into SHJ                                                               400 {"type":"urn:erp:problem:validation","title":"Some fields need attention.","status":400,"code":"validation","traceId":"00-79decfd8e0b9a0c5e6e3b9bc1b3bfdc7-a57421674d5feda
x moves a DXB branch to SHJ                                                          400 {"type":"urn:erp:problem:validation","title":"Some fields need attention.","status":400,"code":"validation","traceId":"00-c267e218373bfcb60180d3fd29712056-e594dc9af68462f
x creates company with code ALN-SHJ (hidden; expect 403, not 409)                    403 {"type":"urn:erp:problem:tenancy.companyNeedsEveryCompany","title":"Only someone who works in every company of the workspace may create a company or change a company code
x creates company with code NOPE-194827 (expect same 403)                            403 {"type":"urn:erp:problem:tenancy.companyNeedsEveryCompany","title":"Only someone who works in every company of the workspace may create a company or change a company code
x changes DXB code to ALN-SHJ (expect 403, not 409)                                  403 {"type":"urn:erp:problem:tenancy.companyNeedsEveryCompany","title":"Only someone who works in every company of the workspace may create a company or change a company code
x changes DXB code to unused code (expect same 403)                                  403 {"type":"urn:erp:problem:tenancy.companyNeedsEveryCompany","title":"Only someone who works in every company of the workspace may create a company or change a company code
x removes tenant admin from DXB                                                      403 {"type":"urn:erp:problem:tenancy.userBeyondOwnCompanies","title":"This user also works in companies you do not work in. Only someone who works in all of them may change t
x reads tenant admin access                                                          200 {"userId":"01a10751-a5b0-75d0-9ad6-a010952334e1","displayName":"Mariam Al Mansoori","email":"admin@alnoor.example","isCaller":false,"companies":[{"companyId":"018dca08-f0
x grants viewer SHJ                                                                  400 {"type":"urn:erp:problem:validation","title":"Some fields need attention.","status":400,"code":"validation","traceId":"00-9134895b350d3dad1d4d67e45354a8d2-672bded1d92a4f7
x access list rows mention SHJ?                                                      INFO false
x switch to SHJ                                                                      400 {"type":"urn:erp:problem:validation","title":"Some fields need attention.","status":400,"code":"validation","traceId":"00-41690b5c3611f4ab40efcbb1579558e9-3ec4362c503dff1
x switch to DXB with SHJ branch                                                      400 {"type":"urn:erp:problem:validation","title":"Some fields need attention.","status":400,"code":"validation","traceId":"00-0999509318277e31d702207badf2aad7-be104c776948ccd

== 4. Access clerk (only tenancy.access.read+update) against stronger users (r2 biggest gap) ==
clerk removes tenant admin from DXB                                                  403 {"type":"urn:erp:problem:tenancy.userBeyondOwn","title":"This user holds permissions you do not hold. Only someone who holds every one of them may change their company ac
clerk limits tenant admin to one DXB branch                                          403 {"type":"urn:erp:problem:tenancy.userBeyondOwn","title":"This user holds permissions you do not hold. Only someone who holds every one of them may change their company ac
clerk removes viewer from DXB (viewer holds read perms clerk lacks?)                 403 {"type":"urn:erp:problem:tenancy.userBeyondOwn","title":"This user holds permissions you do not hold. Only someone who holds every one of them may change their company ac
clerk removes a no-role user from DXB (control, expect 200)                          200 {"userId":"01a10752-5b15-70fb-b130-d429adbba5f6","displayName":"plain 194827","email":"plain.194827@alnoor.example","isCaller":false,"companies":[],"options":[{"id":"018d
clerk changes own access                                                             400 {"type":"urn:erp:problem:validation","title":"Some fields need attention.","status":400,"code":"validation","traceId":"00-c7caa9ba85e23dd1cc232d8d86c4bd9e-523ac8396749ac9
tenant admin still sees companies                                                    INFO ["ALN-AUH","ALN-DXB","ALN-FZE","ALN-SHJ","GSF-RAK"]

== 5. Branch-limited administrator (DXB branch 1 only) ==
branch admin sees branches                                                           INFO ["AQZ-WH"]
branch admin GET branch 2                                                            404 {"type":"urn:erp:problem:notFound","title":"The record was not found.","status":404,"code":"notFound","traceId":"00-5b6b3774b3029e1ce919046d1b2b48b0-a5cebeabc9802127-00"}
branch admin PUT branch 2                                                            404 {"type":"urn:erp:problem:notFound","title":"The record was not found.","status":404,"code":"notFound","traceId":"00-e341ad57c9a5a0fd698de01343f79c69-5d9d0deedd2ba59e-00"}
branch admin creates branch with code of branch 2 (expect 403, not 409)              403 {"type":"urn:erp:problem:tenancy.branchNeedsEveryBranch","title":"Only someone who works in every branch of the company may create a branch or change a branch code.","sta
branch admin creates branch with unused code (expect same 403)                       403 {"type":"urn:erp:problem:tenancy.branchNeedsEveryBranch","title":"Only someone who works in every branch of the company may create a branch or change a branch code.","sta
branch admin renames code of branch 1 to branch 2 code (expect 403)                  403 {"type":"urn:erp:problem:tenancy.branchNeedsEveryBranch","title":"Only someone who works in every branch of the company may create a branch or change a branch code.","sta
branch admin gives empty user every DXB branch                                       403 {"type":"urn:erp:problem:tenancy.grantBeyondOwn","title":"You can give and take only the branches you work in yourself, and only from users whose access in that company i
branch admin gives empty user branch 2                                               400 {"type":"urn:erp:problem:validation","title":"Some fields need attention.","status":400,"code":"validation","traceId":"00-024cd583d59a69f0986f4511a5c6e69b-2a8efa21e4fc687
branch admin gives empty user branch 1 (control, expect 200)                         200 {"userId":"01a10752-5f5f-77c3-a25f-3fcb6d731a69","displayName":"empty 194827","email":"empty.194827@alnoor.example","isCaller":false,"companies":[{"companyId":"018dca08-f
branch admin switch to branch 2                                                      400 {"type":"urn:erp:problem:validation","title":"Some fields need attention.","status":400,"code":"validation","traceId":"00-ecdcb62b7195b192d86173a5f7f3435f-fcbb2c80d907c21
branch admin workplace options                                                       INFO ["ALN-DXB:AQZ-WH"]
branch admin GET DXB company (company-level detail)                                  200 {"id":"018dca08-f081-79de-bef2-84e15b348754","code":"ALN-DXB","legalNameEn":"Al Noor Trading LLC","legalNameAr":"شركة النور للتجارة ذ.م.م","tradeLicenceNumber":"DED-60411
branch admin PUT DXB company (company-level change by a one-branch admin)            200 {"id":"018dca08-f081-79de-bef2-84e15b348754","code":"ALN-DXB","legalNameEn":"Al Noor Trading LLC","legalNameAr":"شركة النور للتجارة ذ.م.م","tradeLicenceNumber":"DED-60411

== 6. Revocation takes effect ==
revoke user switches to SHJ                                                          200 {"companyId":"018dca08-f088-7a16-afc2-6f5a30de2eb3","branchId":"018dca08-f089-777f-8136-d134f95c9584","companies":[{"id":"018dca08-f081-79de-bef2-84e15b348754","code":"AL
admin removes SHJ from revoke user                                                   200 {"userId":"01a10752-611e-7d75-9df6-664e0d865941","displayName":"revoke 194827","email":"revoke.194827@alnoor.example","isCaller":false,"companies":[{"companyId":"018dca08
revoke user GET SHJ next request                                                     404 {"type":"urn:erp:problem:notFound","title":"The record was not found.","status":404,"code":"notFound","traceId":"00-28ff48e27b8db586236b85a50e9132e3-536b081a80acc7ca-00"}
revoke user workplace                                                                INFO moved to DXB
