OK   workplace chip text "ALN-DXB · DEIRA-HQ"
OK   html dir/lang ["ltr","en"]
OK   companies rows 4
OK   company form fields ["legalNameEn","legalNameAr","code","isActive","tradeLicenceNumber","tradeLicenceAuthority","taxRegistrationNumber","baseCurrency","fiscalYearStartMonth","fiscalYearStartDay","addressLine1","addressLine2","city","emirate","poBox","country","addressAr","phone","email","website"]
OK   company header "ALN-AUH · Al Noor Technical Services LLC"
OK   branches rows / total text [12,"12 branches"]
OK   access screen heading "Company access"
OK   tenant settings fields ["nameEn","nameAr","defaultLanguage","timeZone","weekStart"]
OK   switcher focused element "<input placeholder=\"Type to filter companies and branches\" aria-label=\"Type to filter companies and branches\" aria-contr"
OK   after Alt+C shj Enter "ALN-SHJ · SHJ-FAC"
OK   after chip click "ALN-DXB · DEIRA-HQ"
OK   AR html dir/lang ["rtl","ar"]
OK   AR workplace chip "ALN-DXB · DEIRA-HQ"
OK   AR companies first row "ALN-AUH\nAl Noor Technical Services LLC\nالنور للخدمات الفنية ذ.م.م\nAED\nAbu Dhabi\nأبوظبي\n4\nنشط"
OK   AR company header "ALN-AUH · النور للخدمات الفنية ذ.م.م"
OK   AR labels ["الاسم القانوني (بالإنجليزية)","الاسم القانوني (بالعربية)","الرمز","نشط","رقم الرخصة التجارية","جهة الترخيص","رقم التسجيل الضريبي","العملة الأساسية","بداية السنة المالية (الشهر)","بداية السنة المالية (اليوم)","سطر العنوان 1","سطر العنوان 2"]
OK   AR English-only text left on form []
OK   AR branches first row "AIN-OF\nAl Ain office\nمكتب العين\nALN-AUH · النور للخدمات الفنية ذ.م.م\nAl Ain\nأبوظبي\nنشط"
OK   viewer chip tag/text ["SPAN","ALN-DXB · DEIRA-HQ"]
OK   viewer New buttons 0
OK   viewer Save buttons / logo buttons / quick-add [0,0,0]
OK   viewer branches New 0
OK   viewer access screen "Home\nSettings\nCompany access\nAl Noor Trading LLC\nCompany access\nCompany access\nE"
