[1m[1/3] Builds, unit, integration and gate tests[0m

[1m== Copying sources (without build output)[0m

[1m== Web: install, type-check, string gate, unit tests, build[0m

added 59 packages in 2s
String check passed: 57 source files, 503 keys in English and Arabic, 44 plural messages.
Accessibility check passed: 855 JSX elements checked.

[1m[46m RUN [49m[22m [36mv4.0.18 [39m[90m/work/web[39m

[90mstderr[2m | src/modules/identity/screens.test.tsx[2m > [22m[2mscreens hide exactly what a missing permission refuses[2m > [22m[2mroles: without identity.roles.delete there is no "Delete role", and the other role actions remain
[22m[39mEncountered two children with the same key, `r-clerk`. Keys should be unique so that components maintain their identity across updates. Non-unique keys may cause children to be duplicated and/or omitted — the behavior is unsupported and could change in a future version.

[90mstderr[2m | src/modules/identity/screens.test.tsx[2m > [22m[2mscreens hide exactly what a missing permission refuses[2m > [22m[2mroles: without identity.roles.delete there is no "Delete role", and the other role actions remain
[22m[39mEncountered two children with the same key, `r-clerk`. Keys should be unique so that components maintain their identity across updates. Non-unique keys may cause children to be duplicated and/or omitted — the behavior is unsupported and could change in a future version.

[90mstderr[2m | src/modules/identity/screens.test.tsx[2m > [22m[2mscreens hide exactly what a missing permission refuses[2m > [22m[2mroles: without identity.roles.delete there is no "Delete role", and the other role actions remain
[22m[39mEncountered two children with the same key, `r-clerk`. Keys should be unique so that components maintain their identity across updates. Non-unique keys may cause children to be duplicated and/or omitted — the behavior is unsupported and could change in a future version.

[90mstderr[2m | src/modules/identity/screens.test.tsx[2m > [22m[2mscreens hide exactly what a missing permission refuses[2m > [22m[2mroles: without identity.roles.delete there is no "Delete role", and the other role actions remain
[22m[39mEncountered two children with the same key, `r-clerk`. Keys should be unique so that components maintain their identity across updates. Non-unique keys may cause children to be duplicated and/or omitted — the behavior is unsupported and could change in a future version.

[90mstderr[2m | src/modules/identity/screens.test.tsx[2m > [22m[2mscreens hide exactly what a missing permission refuses[2m > [22m[2mroles: without identity.roles.update there is no "Save", and the other role actions remain
[22m[39mEncountered two children with the same key, `r-clerk`. Keys should be unique so that components maintain their identity across updates. Non-unique keys may cause children to be duplicated and/or omitted — the behavior is unsupported and could change in a future version.

[90mstderr[2m | src/modules/identity/screens.test.tsx[2m > [22m[2mscreens hide exactly what a missing permission refuses[2m > [22m[2mroles: without identity.roles.update there is no "Save", and the other role actions remain
[22m[39mEncountered two children with the same key, `r-clerk`. Keys should be unique so that components maintain their identity across updates. Non-unique keys may cause children to be duplicated and/or omitted — the behavior is unsupported and could change in a future version.

[90mstderr[2m | src/modules/identity/screens.test.tsx[2m > [22m[2mscreens hide exactly what a missing permission refuses[2m > [22m[2mroles: without identity.roles.update there is no "Save", and the other role actions remain
[22m[39mEncountered two children with the same key, `r-clerk`. Keys should be unique so that components maintain their identity across updates. Non-unique keys may cause children to be duplicated and/or omitted — the behavior is unsupported and could change in a future version.

[90mstderr[2m | src/modules/identity/screens.test.tsx[2m > [22m[2mscreens hide exactly what a missing permission refuses[2m > [22m[2mroles: without identity.roles.update there is no "Save", and the other role actions remain
[22m[39mEncountered two children with the same key, `r-clerk`. Keys should be unique so that components maintain their identity across updates. Non-unique keys may cause children to be duplicated and/or omitted — the behavior is unsupported and could change in a future version.

[90mstderr[2m | src/modules/identity/screens.test.tsx[2m > [22m[2mscreens hide exactly what a missing permission refuses[2m > [22m[2mroles: without identity.roles.create there is no "Copy role", and the other role actions remain
[22m[39mEncountered two children with the same key, `r-clerk`. Keys should be unique so that components maintain their identity across updates. Non-unique keys may cause children to be duplicated and/or omitted — the behavior is unsupported and could change in a future version.

[90mstderr[2m | src/modules/identity/screens.test.tsx[2m > [22m[2mscreens hide exactly what a missing permission refuses[2m > [22m[2mroles: without identity.roles.create there is no "Copy role", and the other role actions remain
[22m[39mEncountered two children with the same key, `r-clerk`. Keys should be unique so that components maintain their identity across updates. Non-unique keys may cause children to be duplicated and/or omitted — the behavior is unsupported and could change in a future version.

[90mstderr[2m | src/modules/identity/screens.test.tsx[2m > [22m[2mscreens hide exactly what a missing permission refuses[2m > [22m[2mroles: without identity.roles.create there is no "Copy role", and the other role actions remain
[22m[39mEncountered two children with the same key, `r-clerk`. Keys should be unique so that components maintain their identity across updates. Non-unique keys may cause children to be duplicated and/or omitted — the behavior is unsupported and could change in a future version.

[90mstderr[2m | src/modules/identity/screens.test.tsx[2m > [22m[2mscreens hide exactly what a missing permission refuses[2m > [22m[2mroles: without identity.roles.create there is no "Copy role", and the other role actions remain
[22m[39mEncountered two children with the same key, `r-clerk`. Keys should be unique so that components maintain their identity across updates. Non-unique keys may cause children to be duplicated and/or omitted — the behavior is unsupported and could change in a future version.

 [32m✓[39m src/modules/shell/AppShell.test.tsx [2m([22m[2m17 tests[22m[2m)[22m[33m 1797[2mms[22m[39m
     [33m[2m✓[22m[39m ends a source's records with 'show all matches', which opens the list narrowed to the query [33m 304[2mms[22m[39m
 [32m✓[39m src/modules/identity/screens.test.tsx [2m([22m[2m40 tests[22m[2m)[22m[33m 2461[2mms[22m[39m
     [33m[2m✓[22m[39m creates an invited user from the keyboard: n, local part only, a role by filter, Ctrl+Enter, and shows the set-up code once [33m 352[2mms[22m[39m
 [32m✓[39m src/modules/identity/model.test.ts [2m([22m[2m12 tests[22m[2m)[22m[32m 9[2mms[22m[39m
 [32m✓[39m src/kernel/lists/ListView.test.tsx [2m([22m[2m6 tests[22m[2m)[22m[33m 1022[2mms[22m[39m
     [33m[2m✓[22m[39m searches as the user types and opens the only match with Enter [33m 363[2mms[22m[39m
 [32m✓[39m src/modules/tenancy/CompaniesPage.test.tsx [2m([22m[2m2 tests[22m[2m)[22m[33m 340[2mms[22m[39m
 [32m✓[39m src/modules/shell/SignInPage.test.tsx [2m([22m[2m8 tests[22m[2m)[22m[32m 207[2mms[22m[39m
 [32m✓[39m src/kernel/lists/model.test.ts [2m([22m[2m9 tests[22m[2m)[22m[32m 9[2mms[22m[39m
 [32m✓[39m src/modules/tenancy/BranchesPage.test.tsx [2m([22m[2m3 tests[22m[2m)[22m[32m 242[2mms[22m[39m
 [32m✓[39m src/modules/tenancy/WorkplaceSwitcher.test.tsx [2m([22m[2m4 tests[22m[2m)[22m[32m 159[2mms[22m[39m
 [32m✓[39m src/modules/tenancy/AccessPage.test.tsx [2m([22m[2m2 tests[22m[2m)[22m[32m 154[2mms[22m[39m
 [32m✓[39m src/kernel/shortcuts.test.tsx [2m([22m[2m8 tests[22m[2m)[22m[32m 34[2mms[22m[39m
 [32m✓[39m src/kernel/preferences.test.ts [2m([22m[2m8 tests[22m[2m)[22m[32m 291[2mms[22m[39m
 [32m✓[39m src/kernel/format.test.ts [2m([22m[2m8 tests[22m[2m)[22m[32m 29[2mms[22m[39m
 [32m✓[39m src/kernel/print.test.tsx [2m([22m[2m3 tests[22m[2m)[22m[32m 49[2mms[22m[39m
 [32m✓[39m src/kernel/extensions.test.ts [2m([22m[2m4 tests[22m[2m)[22m[32m 5[2mms[22m[39m
 [32m✓[39m src/kernel/i18n.test.ts [2m([22m[2m5 tests[22m[2m)[22m[32m 21[2mms[22m[39m
 [32m✓[39m src/kernel/messageFormat.test.ts [2m([22m[2m5 tests[22m[2m)[22m[32m 28[2mms[22m[39m
 [32m✓[39m src/modules/shell/paletteSearch.test.ts [2m([22m[2m4 tests[22m[2m)[22m[32m 5[2mms[22m[39m
 [32m✓[39m src/kernel/api.test.ts [2m([22m[2m2 tests[22m[2m)[22m[32m 7[2mms[22m[39m
 [32m✓[39m src/modules/shell/clientIsolation.test.tsx [2m([22m[2m4 tests[22m[2m)[22m[33m 7552[2mms[22m[39m
     [33m[2m✓[22m[39m tenant A sees, and the tab keeps, nothing of tenant B after B signs out [33m 6985[2mms[22m[39m
     [33m[2m✓[22m[39m a session that ends by itself (401) starts over and forgets the person, keeping only the e-mail [33m 337[2mms[22m[39m
 [32m✓[39m src/kernel/session.test.ts [2m([22m[2m2 tests[22m[2m)[22m[32m 2[2mms[22m[39m
 [32m✓[39m src/kernel/router.test.ts [2m([22m[2m1 test[22m[2m)[22m[32m 2[2mms[22m[39m

[2m Test Files [22m [1m[32m22 passed[39m[22m[90m (22)[39m
[2m      Tests [22m [1m[32m157 passed[39m[22m[90m (157)[39m
[2m   Start at [22m 12:48:53
[2m   Duration [22m 8.79s[2m (transform 1.76s, setup 351ms, import 3.20s, tests 14.42s, environment 5.35s)[22m

JSON report written to /out/vitest.json
control: the gate passes on the unplanted product
P9: caught (palette answers cached at module level by query, never cleared at sign-out)
P9-email: caught (signing out keeps the signed-out person's e-mail on the sign-in screen)
P9-storage: caught (signing out leaves the person's localStorage entries behind)
P9-session-storage: caught (signing out leaves sessionStorage behind)
P9-scoped: caught (identity-scoped caches are not emptied when the identity ends)
client isolation gate self-test: 5 plants, all caught
control: the gate passes on the unplanted product
U1: caught (New role offered without identity.roles.create)
U1-users: caught (New user offered without identity.users.create)
U1-shortcut: caught (Alt+N opens a new role without identity.roles.create)
U-delete: caught (Delete role offered without identity.roles.delete (critic p03 round 1))
U-copy: caught (Copy role offered for a role granting more than the user holds)
identity screens permission gate self-test: 5 plants, all caught
vite v7.3.6 building client environment for production...
transforming...
✓ 93 modules transformed.
rendering chunks...
computing gzip size...
dist/index.html                                                   0.49 kB │ gzip:   0.30 kB
dist/assets/noto-sans-arabic-arabic-wght-normal-BhzieyvS.woff2  165.96 kB
dist/assets/index-Dvtq9nTZ.css                                   28.04 kB │ gzip:   6.32 kB
dist/assets/index-CRHMr6w_.js                                   442.87 kB │ gzip: 128.30 kB

(!) Some chunks are larger than 400 kB after minification. Consider:
- Using dynamic import() to code-split the application
- Use build.rollupOptions.output.manualChunks to improve chunking: https://rollupjs.org/configuration-options/#output-manualchunks
- Adjust chunk size limit for this warning via build.chunkSizeWarningLimit.
✓ built in 2.06s

[1m== Comparison harness (gauntlet/compare): install and unit tests[0m

added 1 package in 419ms
✔ add-rate: the Odoo baseline was produced by the current driver and its counts follow from its steps (4.657104ms)
✔ api-update-user: the Odoo baseline was produced by the current driver and its counts follow from its steps (1.047837ms)
✔ arabic-report: the Odoo baseline was produced by the current driver and its counts follow from its steps (1.147673ms)
✔ attach-file: the Odoo baseline was produced by the current driver and its counts follow from its steps (1.028982ms)
✔ configure-sequence: the Odoo baseline was produced by the current driver and its counts follow from its steps (1.314384ms)
✔ create-company-branch: the Odoo baseline was produced by the current driver and its counts follow from its steps (1.361839ms)
✔ create-restricted-user: the Odoo baseline was produced by the current driver and its counts follow from its steps (1.497524ms)
✔ custom-field-filter: the Odoo baseline was produced by the current driver and its counts follow from its steps (1.087263ms)
✔ edit-and-save: the Odoo baseline was produced by the current driver and its counts follow from its steps (1.109564ms)
✔ export-filtered-list: the Odoo baseline was produced by the current driver and its counts follow from its steps (1.545747ms)
✔ find-record: the Odoo baseline was produced by the current driver and its counts follow from its steps (1.033787ms)
✔ find-user: the Odoo baseline was produced by the current driver and its counts follow from its steps (1.075114ms)
✔ follow-approval: the Odoo baseline was produced by the current driver and its counts follow from its steps (0.95025ms)
✔ import-5000: the Odoo baseline was produced by the current driver and its counts follow from its steps (0.889295ms)
✔ keyboard-navigation: the Odoo baseline was produced by the current driver and its counts follow from its steps (1.099914ms)
✔ reach-screen-keyboard: the Odoo baseline was produced by the current driver and its counts follow from its steps (0.806507ms)
✔ see-and-rerun-job: the Odoo baseline was produced by the current driver and its counts follow from its steps (0.942934ms)
✔ sign-in: the Odoo baseline was produced by the current driver and its counts follow from its steps (1.151179ms)
✔ switch-company: the Odoo baseline was produced by the current driver and its counts follow from its steps (2.770325ms)
✔ switch-to-arabic: the Odoo baseline was produced by the current driver and its counts follow from its steps (0.818526ms)
✔ who-changed-field: the Odoo baseline was produced by the current driver and its counts follow from its steps (0.869686ms)
✔ screenshot names are random and never name a product (6.536697ms)
✔ revealsProduct catches product names in any case (0.272973ms)
✔ both products have a branding profile; extra brand words are added (0.451929ms)
✔ the demo data's company names and codes are masked in both products (round 3 blindness finding) (0.19962ms)
✔ letters A and B are assigned at random (0.957263ms)
✔ committed Odoo baseline screenshots have neutral names and the key lives outside the shots folder (0.787093ms)
✔ the blind review page shows neutral captions, never the moments a driver named (10.978694ms)
✔ a placeholder naming the vendor is cleared, not painted over (0.173681ms)
✔ a side-by-side folder keeps the blind part (shots, review page) apart from the key and results (238.561715ms)
✔ side by side, the products run in a random order per task (4.751393ms)
✔ --list prints every task (346.317861ms)
✔ bad arguments fail with usage (599.758754ms)
✔ one command runs a task on our product and writes a result JSON (1778.044506ms)
✔ the blind review page shows A and B only and keeps the mapping in key.json (11.202589ms)
✔ ours wins only when strictly lower on every metric (1.05033ms)
✔ a tie is a loss (0.272652ms)
✔ an unbuilt or failed product is never a win (0.221884ms)
✔ median of repeated runs uses the median machine seconds (0.351471ms)
✔ the generator is deterministic: a fresh run reproduces the shared files byte for byte (1567.233272ms)
✔ volumes match the bar: 100,000 contacts, users and rates; 5,000 import rows (216.184136ms)
✔ the needle name occurs exactly once and the import file has plain headers (112.616585ms)
✔ the generator keeps rates as fixed six-decimal strings (6.936234ms)
✔ the random source is seeded (0.182923ms)
✔ every driver imports only the fixture clients and Node file helpers, and runs no unreadable code (5.752673ms)
✔ the driver lint catches planted escapes (0.34308ms)
✔ control: an honest driver verifies; reading and locating are allowed while measured (1360.247943ms)
✔ plant: typing through ctx.page.keyboard -> the run is invalid, never verified (1035.786495ms)
✔ plant: pressing a key through op.page.keyboard -> the run is invalid, never verified (1012.841849ms)
✔ plant: clicking a locator directly -> the run is invalid, never verified (982.048272ms)
✔ plant: filling a field directly -> the run is invalid, never verified (984.124854ms)
✔ plant: the mouse -> the run is invalid, never verified (1086.368022ms)
✔ plant: a deep link (goto) -> the run is invalid, never verified (1051.497359ms)
✔ plant: a reload -> the run is invalid, never verified (1027.09222ms)
✔ plant: page script that clicks (evaluate) -> the run is invalid, never verified (1044.090587ms)
✔ plant: locator script that clicks (locator.evaluate) -> the run is invalid, never verified (1023.788715ms)
✔ plant: a condition that clicks -> the run is invalid, never verified (1025.705823ms)
✔ plant: a condition that sets a value -> the run is invalid, never verified (1010.900371ms)
✔ plant: a condition that changes the page -> the run is invalid, never verified (1000.804035ms)
✔ plant: a condition that defers an action (setTimeout) -> the run is invalid, never verified (1015.791334ms)
✔ plant: an asynchronous condition -> the run is invalid, never verified (982.392986ms)
✔ plant: a condition that navigates -> the run is invalid, never verified (1022.869613ms)
✔ plant: a condition that calls the back end from the page -> the run is invalid, never verified (992.767188ms)
✔ plant: a back-end call from the harness (fetch) -> the run is invalid, never verified (984.779065ms)
✔ plant: a back-end call from the harness (http.request) -> the run is invalid, never verified (971.546316ms)
✔ plant: a second page in the same context -> the run is invalid, never verified (968.345343ms)
✔ plant: a new browser context -> the run is invalid, never verified (984.373521ms)
✔ plant: the page request context (page.request) -> the run is invalid, never verified (1016.373765ms)
✔ plant: reaching a browser-driver internal (_mainFrame) -> the run is invalid, never verified (984.464772ms)
✔ plant: closing the page (Symbol.asyncDispose) -> the run is invalid, never verified (1014.223276ms)
✔ plant: an action whose refusal the driver swallows -> the run is invalid, never verified (1212.718466ms)
✔ plant: a keyboard kept from set-up and used while measured is refused (986.400699ms)
✔ plant: an internal channel kept from set-up is refused there too (1177.14113ms)
✔ plant: a driver cannot stop the clock, drop steps or reach the raw page (1198.942556ms)
✔ plant: browserKey refuses an action passed by the driver (1580.41717ms)
✔ plant: the guard controls cannot be claimed by a driver (1.447291ms)
✔ set-up may act on the product but never run page script; verify() only reads (1703.25972ms)
✔ plant U1 (round 3): page script installed during sign-in to act in the measured part -> invalid (4517.367697ms)
✔ plant U1b (round 3): a listener installed through a locator in set-up -> invalid (1571.581261ms)
✔ plant U2 (round 3): an init script added to the context in set-up (an F9 that does the task) -> invalid (4399.055681ms)
✔ plant U2b (round 3): exposed functions, routes and extra headers made in set-up -> invalid (5361.252285ms)
✔ plant U3 (round 3): even a script that escaped the guard would not survive: the start page is a fresh context (3277.99843ms)
✔ plant H2 (round 3): the start state is checked: a field the product refills from what sign-in typed -> invalid (1198.086696ms)
✔ plant H2b (round 3): a start screen that carries state in its address -> invalid (464.637141ms)
✔ plant H2c (round 3): a task already done by set-up before the clock -> invalid (1111.723294ms)
✔ plant V1 (round 3): verify() that acts on the page -> invalid (1668.67188ms)
✔ plant V2 (round 3): verify() that changes the product through the back end -> invalid (2332.645384ms)
✔ plant S1 (round 3): a newline inside op.type (Enter without a step) -> invalid (1657.44198ms)
✔ plant K1 (round 3): a driver that declares chain to drop mental preparation -> invalid (1281.145522ms)
✔ plant T1 (round 3): screenshots while the product works neither hide its time nor go undeclared (5130.551543ms)
✔ the real ours sign-in driver verifies on a stand-in sign-in page (3649.236242ms)
✔ plant H1 (round 2): the ours sign-in driver types the password through ctx.page.keyboard -> invalid (3008.459757ms)
✔ plant K1 (round 3, the real driver): the ours sign-in driver with every step declared chained -> invalid (2790.046331ms)
✔ the real ours find-user driver verifies on a stand-in users screen (1760.029891ms)
✔ plant H2 (round 3, the real driver): ours find-user signs in, opens Users and types the name before the clock -> never a 1-step win (9715.314042ms)
✔ an API task counts each request, and its screenshots show the neutral request transcript (1097.081236ms)
✔ plant: signing in to the API inside the measured part is refused (1011.471516ms)
✔ plant P1 (round 4): an action left pending in a second browser context from set-up -> never verified (5871.146377ms)
✔ plant P2 (round 4): launching another browser in set-up -> invalid (685.940858ms)
✔ plant P3 (round 4): a browser-wide debugging session or trace from set-up -> invalid (999.592135ms)
✔ plant L1 (round 4): set-up changes where the product opens (a home preference) -> invalid (1299.155655ms)
✔ plant L2 (round 4): a list start whose address names the task's data -> invalid (2720.283241ms)
✔ control (round 4): a home start that lands on the home, with set-up contexts of its own, still verifies (2012.502452ms)
✔ plant C1 (round 4): text copied to the clipboard in set-up and pasted while measured -> invalid (5879.665016ms)
✔ control (round 4): text copied inside the measured part may be pasted (1701.954673ms)
✔ operator times are the published Card, Moran and Newell averages (2.63908ms)
✔ typing counts one key per character plus Shift for capitals and symbols (2.385358ms)
✔ a chord counts each key in it (0.928304ms)
✔ a click is M + P + BB, with homing when the hand comes from the keyboard (0.586953ms)
✔ a chained step has no mental preparation (0.152738ms)
✔ the operator starts with the hand on the mouse (0.174283ms)
✔ file picks are modelled as a double click (0.12838ms)
✔ totals for a short path add up (0.411114ms)
✔ unknown step kinds are rejected (1.260115ms)
✔ a scroll is a mouse step modelled like a click (0.587947ms)
✔ continuation is derived from the steps: typing after a click on its field, after a key; Enter after typing or an arrow (0.555717ms)
✔ plant K1 (round 3): a chain flag written on a step changes nothing; only the sequence counts (0.438187ms)
✔ every npm dependency of the harness is under an allowed licence (1.208559ms)
✔ dependencies are pinned to exact versions (0.339563ms)
✔ steps, keystrokes and waits are counted the same way every time (1264.011674ms)
✔ choosing a file counts the dialog click and the pick (474.462779ms)
✔ a step before start() is refused (314.451249ms)
✔ blind screenshots paint branding over, go grey, and leave title and favicon neutral (679.647026ms)
✔ a screenshot after the end of a task never shortens the measured time (493.301408ms)
✔ round 3 fault T1: a screenshot taken while measuring stays on the clock (it cannot hide the product working) (530.902723ms)
✔ round 2 fault: the done screenshot after finish() leaves machine seconds unchanged (874.234338ms)
✔ while measuring, only the moments the task declares are shot, each once; their time stays on the clock (579.920906ms)
✔ round 3 fault S1: op.type refuses control characters (a newline would press Enter without a step) (449.951221ms)
✔ round 3 fault K1: a driver cannot declare continuation (chain) or pass options that act uncounted (502.737662ms)
✔ an API request is one step whose keystrokes are the request typed plus Enter (271.69403ms)
✔ a wait condition works on a page whose content security policy forbids eval (our product) (535.570383ms)
✔ ratchet.json has every comparison minimum (1.221664ms)
✔ tasks and named tasks never go below their minimum (18.724596ms)
✔ built Odoo drivers never go below their minimum (24.02689ms)
✔ built drivers for our product never go below their minimum (15.937224ms)
✔ verified Odoo baselines never go below their minimum, and each is complete (2.540037ms)
✔ the recorded reference volume never goes below the minimum per main list (0.288096ms)
✔ harness tests never go below their minimum (live rig checks counted apart) (3.516176ms)
✔ planted uncounted-action drivers never go below their minimum (1.735619ms)
✔ API tasks never go below their minimum (1.2014ms)
✔ every task the bar names is defined and marked as named (14.717264ms)
✔ task definitions are product-neutral and complete (3.373349ms)
✔ every task declares where the runner starts it and the moments every driver shoots (instrument 4) (47.418215ms)
✔ every task has a driver for each product (8.046843ms)
✔ every Odoo driver is built; placeholders in task text resolve from the dataset (54.241617ms)
✔ an unbuilt driver reports "not built" without touching a browser (124.660729ms)
ℹ tests 146
ℹ suites 0
ℹ pass 146
ℹ fail 0
ℹ cancelled 0
ℹ skipped 0
ℹ todo 0
ℹ duration_ms 125894.72104

[1m== .NET: restore and build (warnings are errors)[0m

Build succeeded.
    0 Warning(s)
    0 Error(s)

Time Elapsed 00:00:50.54

[1m== .NET: unit, integration (Testcontainers PostgreSQL) and gate tests[0m
Test run for /work/tests/Erp.Gates.Tests/bin/Release/net10.0/Erp.Gates.Tests.dll (.NETCoreApp,Version=v10.0)
Test run for /work/tests/Erp.Kernel.Tests/bin/Release/net10.0/Erp.Kernel.Tests.dll (.NETCoreApp,Version=v10.0)
Test run for /work/tests/Erp.Modules.Lists.Tests/bin/Release/net10.0/Erp.Modules.Lists.Tests.dll (.NETCoreApp,Version=v10.0)
Test run for /work/tests/Erp.Modules.Identity.Tests/bin/Release/net10.0/Erp.Modules.Identity.Tests.dll (.NETCoreApp,Version=v10.0)
A total of 1 test files matched the specified pattern.
A total of 1 test files matched the specified pattern.
A total of 1 test files matched the specified pattern.
A total of 1 test files matched the specified pattern.
[xUnit.net 00:00:00.00] xUnit.net VSTest Adapter v3.1.5+1b188a7b0a (64-bit .NET 10.0.12)
[xUnit.net 00:00:00.00] xUnit.net VSTest Adapter v3.1.5+1b188a7b0a (64-bit .NET 10.0.12)
[xUnit.net 00:00:00.00] xUnit.net VSTest Adapter v3.1.5+1b188a7b0a (64-bit .NET 10.0.12)
[xUnit.net 00:00:00.01] xUnit.net VSTest Adapter v3.1.5+1b188a7b0a (64-bit .NET 10.0.12)
[xUnit.net 00:00:00.95]   Discovering: Erp.Gates.Tests
[xUnit.net 00:00:00.48]   Discovering: Erp.Modules.Lists.Tests
[xUnit.net 00:00:00.84]   Discovering: Erp.Kernel.Tests
[xUnit.net 00:00:00.96]   Discovering: Erp.Modules.Identity.Tests
[xUnit.net 00:00:01.59]   Discovered:  Erp.Modules.Lists.Tests
[xUnit.net 00:00:02.47]   Discovered:  Erp.Gates.Tests
[xUnit.net 00:00:02.23]   Starting:    Erp.Modules.Lists.Tests
[xUnit.net 00:00:01.98]   Discovered:  Erp.Kernel.Tests
[xUnit.net 00:00:02.02]   Discovered:  Erp.Modules.Identity.Tests
[xUnit.net 00:00:02.63]   Starting:    Erp.Modules.Identity.Tests
[xUnit.net 00:00:03.50]   Starting:    Erp.Gates.Tests
[xUnit.net 00:00:02.81]   Starting:    Erp.Kernel.Tests
  Passed Erp.Kernel.Tests.UnitOfWorkTests.Problems_inside_typed_unions_count_as_failures [104 ms]
  Passed Erp.Kernel.Tests.LocalizationTests.Plural_categories_follow_the_CLDR_rules(language: "en", number: 1, expected: "one") [90 ms]
  Passed Erp.Kernel.Tests.LocalizationTests.Plural_categories_follow_the_CLDR_rules(language: "ar", number: 99, expected: "many") [2 ms]
  Passed Erp.Kernel.Tests.LocalizationTests.Plural_categories_follow_the_CLDR_rules(language: "ar", number: 10, expected: "few") [< 1 ms]
  Passed Erp.Kernel.Tests.LocalizationTests.Plural_categories_follow_the_CLDR_rules(language: "en", number: 0, expected: "other") [< 1 ms]
  Passed Erp.Kernel.Tests.ModuleListTests.A_valid_list_has_no_problems [214 ms]
  Passed Erp.Kernel.Tests.UnitOfWorkTests.Plain_results_report_their_own_status [< 1 ms]
  Passed Erp.Kernel.Tests.LocalizationTests.Plural_categories_follow_the_CLDR_rules(language: "en", number: 2, expected: "other") [< 1 ms]
  Passed Erp.Kernel.Tests.LocalizationTests.Plural_categories_follow_the_CLDR_rules(language: "ar", number: 3, expected: "few") [< 1 ms]
  Passed Erp.Kernel.Tests.LocalizationTests.Plural_categories_follow_the_CLDR_rules(language: "ar", number: 100, expected: "other") [< 1 ms]
  Passed Erp.Kernel.Tests.LocalizationTests.Plural_categories_follow_the_CLDR_rules(language: "ar", number: 103, expected: "few") [2 ms]
  Passed Erp.Kernel.Tests.LocalizationTests.Plural_categories_follow_the_CLDR_rules(language: "ar", number: 11, expected: "many") [< 1 ms]
  Passed Erp.Kernel.Tests.LocalizationTests.Plural_categories_follow_the_CLDR_rules(language: "ar", number: 0, expected: "zero") [< 1 ms]
  Passed Erp.Kernel.Tests.LocalizationTests.Plural_categories_follow_the_CLDR_rules(language: "ar", number: 1, expected: "one") [< 1 ms]
  Passed Erp.Kernel.Tests.LocalizationTests.Plural_categories_follow_the_CLDR_rules(language: "ar", number: 2, expected: "two") [< 1 ms]
  Passed Erp.Kernel.Tests.LocalizationTests.Plural_categories_follow_the_CLDR_rules(language: "ar", number: 102, expected: "other") [< 1 ms]
  Passed Erp.Kernel.Tests.LocalizationTests.Plural_categories_follow_the_CLDR_rules(language: "ar", number: 1.5, expected: "other") [< 1 ms]
  Passed Erp.Kernel.Tests.ModuleListTests.A_list_must_belong_to_its_module_and_name_real_columns [84 ms]
  Passed Erp.Kernel.Tests.MoneyTests.Currency_codes_are_three_upper_case_letters(code: "A1D") [9 ms]
  Passed Erp.Kernel.Tests.MoneyTests.Currency_codes_are_three_upper_case_letters(code: "AEDX") [< 1 ms]
  Passed Erp.Kernel.Tests.MoneyTests.Currency_codes_are_three_upper_case_letters(code: "aed") [< 1 ms]
  Passed Erp.Kernel.Tests.MoneyTests.Currency_codes_are_three_upper_case_letters(code: "AE") [< 1 ms]
  Passed Erp.Kernel.Tests.LocalizationTests.Request_language_comes_from_accept_language_when_not_signed_in(header: "de", expected: "en") [84 ms]
  Passed Erp.Kernel.Tests.LocalizationTests.Request_language_comes_from_accept_language_when_not_signed_in(header: "", expected: "en") [< 1 ms]
  Passed Erp.Kernel.Tests.LocalizationTests.Request_language_comes_from_accept_language_when_not_signed_in(header: "ar-AE,ar;q=0.9,en;q=0.8", expected: "ar") [< 1 ms]
  Passed Erp.Kernel.Tests.LocalizationTests.Request_language_comes_from_accept_language_when_not_signed_in(header: "fr-FR,ar;q=0.5", expected: "ar") [< 1 ms]
  Passed Erp.Kernel.Tests.LocalizationTests.Request_language_comes_from_accept_language_when_not_signed_in(header: "en-GB,en;q=0.9", expected: "en") [< 1 ms]
  Passed Erp.Kernel.Tests.MoneyTests.Money_records_its_base_currency_and_only_adds_against_the_same_base [22 ms]
  Passed Erp.Kernel.Tests.LocalizationTests.Messages_fill_named_placeholders_and_exact_plural_branches [235 ms]
  Passed Erp.Kernel.Tests.LocalizationTests.A_key_without_a_translation_stops_the_catalog_from_loading [< 1 ms]
  Passed Erp.Kernel.Tests.LocalizationTests.Kernel_strings_exist_in_both_languages_and_format_arguments [23 ms]
  Passed Erp.Kernel.Tests.TenantBindingTests.A_principal_without_a_tenant_claim_may_bind_nothing [32 ms]
  Passed Erp.Kernel.Tests.MoneyTests.Money_travels_as_decimal_strings_in_json [337 ms]
  Passed Erp.Kernel.Tests.MoneyTests.Only_same_currency_and_rate_can_be_added [4 ms]
  Passed Erp.Kernel.Tests.TenantBindingTests.A_permissioned_request_may_bind_only_the_principals_tenant [21 ms]
  Passed Erp.Kernel.Tests.MoneyTests.Amount_must_fit_the_currency_minor_units [11 ms]
  Passed Erp.Kernel.Tests.MoneyTests.Base_currency_amounts_use_rate_one_and_rates_are_positive [< 1 ms]
  Passed Erp.Kernel.Tests.MoneyTests.Base_amount_is_rounded_half_away_from_zero_to_the_base_currency [< 1 ms]
  Passed Erp.Kernel.Tests.TenantBindingTests.Reads_and_read_only_operations_run_read_only(method: "HEAD", marked: False, readOnly: True) [26 ms]
  Passed Erp.Kernel.Tests.SecurityTests.Email_validation(value: "a@.example", valid: False) [25 ms]
  Passed Erp.Kernel.Tests.SecurityTests.Email_validation(value: "a b@c.example", valid: False) [< 1 ms]
  Passed Erp.Kernel.Tests.SecurityTests.Email_validation(value: "a@@b.example", valid: False) [< 1 ms]
  Passed Erp.Kernel.Tests.SecurityTests.Email_validation(value: "a@b.example", valid: True) [< 1 ms]
  Passed Erp.Kernel.Tests.SecurityTests.Email_validation(value: "first.last+tag@sub.domain.ae", valid: True) [< 1 ms]
  Passed Erp.Kernel.Tests.SecurityTests.Email_validation(value: "no-at.example", valid: False) [< 1 ms]
  Passed Erp.Kernel.Tests.SecurityTests.Email_validation(value: "a@b", valid: False) [< 1 ms]
  Passed Erp.Kernel.Tests.SecurityTests.Permission_keys_are_module_resource_action(key: "identity.users", valid: False) [< 1 ms]
  Passed Erp.Kernel.Tests.TenantBindingTests.Reads_and_read_only_operations_run_read_only(method: "GET", marked: False, readOnly: True) [8 ms]
  Passed Erp.Kernel.Tests.TenantBindingTests.Reads_and_read_only_operations_run_read_only(method: "POST", marked: True, readOnly: True) [< 1 ms]
  Passed Erp.Kernel.Tests.TenantBindingTests.Reads_and_read_only_operations_run_read_only(method: "POST", marked: False, readOnly: False) [< 1 ms]
  Passed Erp.Kernel.Tests.TenantBindingTests.Reads_and_read_only_operations_run_read_only(method: "DELETE", marked: False, readOnly: False) [< 1 ms]
  Passed Erp.Kernel.Tests.TenantBindingTests.Reads_and_read_only_operations_run_read_only(method: "PUT", marked: False, readOnly: False) [< 1 ms]
  Passed Erp.Kernel.Tests.TenantBindingTests.Requests_without_a_principal_or_a_permission_bind_what_they_resolved [< 1 ms]
  Passed Erp.Kernel.Tests.SecurityTests.Permission_keys_are_module_resource_action(key: "identity.users.read", valid: True) [< 1 ms]
  Passed Erp.Kernel.Tests.SecurityTests.Permission_keys_are_module_resource_action(key: "identity..read", valid: False) [< 1 ms]
  Passed Erp.Kernel.Tests.SecurityTests.Permission_keys_are_module_resource_action(key: "identity.userRoles.assignAll", valid: True) [< 1 ms]
  Passed Erp.Kernel.Tests.SecurityTests.Permission_keys_are_module_resource_action(key: "Identity.users.read", valid: False) [< 1 ms]
  Passed Erp.Kernel.Tests.SecurityTests.Permission_keys_are_module_resource_action(key: "identity.users.read.extra", valid: False) [< 1 ms]
  Passed Erp.Kernel.Tests.ListEngineTests.A_cursor_belongs_to_one_sort [998 ms]
  Passed Erp.Kernel.Tests.SecurityTests.Forwarded_headers_are_trusted_only_from_configured_proxies [255 ms]
  Passed Erp.Kernel.Tests.SecurityTests.Weaker_hashes_still_verify_and_ask_to_be_upgraded [96 ms]
  Passed Erp.Kernel.Tests.ListEngineTests.Bad_filters_name_the_problem(text: "seen eq '2026-09-01 08:00'", code: "list.valueDateTime") [243 ms]
  Passed Erp.Kernel.Tests.ListEngineTests.Bad_filters_name_the_problem(text: "day eq '2026-13-01'", code: "list.valueDate") [< 1 ms]
  Passed Erp.Kernel.Tests.ListEngineTests.Bad_filters_name_the_problem(text: "name gt null", code: "list.filterSyntax") [< 1 ms]
  Passed Erp.Kernel.Tests.ListEngineTests.Bad_filters_name_the_problem(text: "name eq 'x' and", code: "list.filterSyntax") [< 1 ms]
  Passed Erp.Kernel.Tests.ListEngineTests.Bad_filters_name_the_problem(text: "active eq 1", code: "list.valueBoolean") [< 1 ms]
  Passed Erp.Kernel.Tests.ListEngineTests.Bad_filters_name_the_problem(text: "name in ()", code: "list.filterSyntax") [< 1 ms]
  Passed Erp.Kernel.Tests.ListEngineTests.Bad_filters_name_the_problem(text: "((name eq 'x')", code: "list.filterSyntax") [< 1 ms]
  Passed Erp.Kernel.Tests.ListEngineTests.Bad_filters_name_the_problem(text: "name in ('a', null)", code: "list.filterSyntax") [< 1 ms]
  Passed Erp.Kernel.Tests.ListEngineTests.Bad_filters_name_the_problem(text: "nosuch eq 1", code: "list.unknownColumn") [< 1 ms]
  Passed Erp.Kernel.Tests.ServedListTests.A_served_list_whose_serving_list_is_missing_stays_without_a_binding [506 ms]
  Passed Erp.Kernel.Tests.ListEngineTests.Bad_filters_name_the_problem(text: "kind eq 'other'", code: "list.valueChoice") [< 1 ms]
  Passed Erp.Kernel.Tests.ListEngineTests.Bad_filters_name_the_problem(text: "name gt 'a'", code: "list.operatorNotAllowed") [< 1 ms]
  Passed Erp.Kernel.Tests.ListEngineTests.Bad_filters_name_the_problem(text: "1.2.3 eq 1", code: "list.filterSyntax") [< 1 ms]
  Passed Erp.Kernel.Tests.ListEngineTests.Bad_filters_name_the_problem(text: "name eq", code: "list.filterSyntax") [< 1 ms]
  Passed Erp.Kernel.Tests.ListEngineTests.Bad_filters_name_the_problem(text: "name = 'x'", code: "list.filterSyntax") [< 1 ms]
  Passed Erp.Kernel.Tests.ListEngineTests.Bad_filters_name_the_problem(text: "quantity eq 'many'", code: "list.valueNumber") [< 1 ms]
  Passed Erp.Kernel.Tests.ListEngineTests.Bad_filters_name_the_problem(text: "active contains 'a'", code: "list.operatorNotAllowed") [< 1 ms]
  Passed Erp.Kernel.Tests.ListEngineTests.Bad_requests_become_400_problems_naming_the_parameter(parameter: "groupBy", value: "name", code: "list.notGroupable") [26 ms]
  Passed Erp.Kernel.Tests.ListEngineTests.Bad_requests_become_400_problems_naming_the_parameter(parameter: "sort", value: "kind", code: "list.notSortable") [1 ms]
  Passed Erp.Kernel.Tests.ServedListTests.A_served_list_must_name_another_list [22 ms]
  Passed Erp.Kernel.Tests.ServedListTests.The_serving_list_lends_its_binding_whatever_the_registration_order(servingFirst: True) [161 ms]
  Passed Erp.Kernel.Tests.ServedListTests.The_serving_list_lends_its_binding_whatever_the_registration_order(servingFirst: False) [29 ms]
  Passed Erp.Kernel.Tests.ServedListTests.A_served_list_that_needs_a_column_the_serving_list_does_not_bind_is_refused [15 ms]
  Passed Erp.Kernel.Tests.ListEngineTests.Bad_requests_become_400_problems_naming_the_parameter(parameter: "sort", value: "-", code: "list.sortSyntax") [257 ms]
  Passed Erp.Kernel.Tests.ListEngineTests.Bad_requests_become_400_problems_naming_the_parameter(parameter: "search", value: "a b c d e f g h i", code: "list.searchTooManyWords") [3 ms]
  Passed Erp.Kernel.Tests.ListEngineTests.Bad_requests_become_400_problems_naming_the_parameter(parameter: "sort", value: "a,b,c,d,e", code: "list.sortTooMany") [9 ms]
  Passed Erp.Kernel.Tests.ListEngineTests.Bad_requests_become_400_problems_naming_the_parameter(parameter: "after", value: "eyJzIjoibmFtZSJ9", code: "list.invalidCursor") [1 ms]
  Passed Erp.Kernel.Tests.ListEngineTests.Keyset_pages_return_every_row_once_in_the_order_of_one_page(sort: "-seen") [558 ms]
  Passed Erp.Kernel.Tests.ListEngineTests.Keyset_pages_return_every_row_once_in_the_order_of_one_page(sort: "name") [381 ms]
  Passed Erp.Kernel.Tests.ListEngineTests.Keyset_pages_return_every_row_once_in_the_order_of_one_page(sort: "code") [391 ms]
  Passed Erp.Kernel.Tests.ListEngineTests.Keyset_pages_return_every_row_once_in_the_order_of_one_page(sort: "-quantity,code") [752 ms]
  Passed Erp.Kernel.Tests.ListEngineTests.Keyset_pages_return_every_row_once_in_the_order_of_one_page(sort: "seen") [796 ms]
  Passed Erp.Kernel.Tests.ListEngineTests.Keyset_pages_return_every_row_once_in_the_order_of_one_page(sort: "-name") [621 ms]
  Passed Erp.Kernel.Tests.ListEngineTests.Keyset_pages_return_every_row_once_in_the_order_of_one_page(sort: "-code") [1 s]
  Passed Erp.Kernel.Tests.ListEngineTests.Keyset_pages_return_every_row_once_in_the_order_of_one_page(sort: "active,-quantity") [347 ms]
  Passed Erp.Kernel.Tests.ListEngineTests.Registration_refuses_definitions_and_bindings_that_cannot_keep_their_promises [9 ms]
  Passed Erp.Kernel.Tests.ListEngineTests.Filters_parse_and_format_back_to_an_equivalent_text(text: "name eq 'x'") [1 ms]
  Passed Erp.Kernel.Tests.ListEngineTests.Filters_parse_and_format_back_to_an_equivalent_text(text: "kind in ('raw', 'finished') and seen ge '2026-09-0"···) [5 ms]
  Passed Erp.Kernel.Tests.ListEngineTests.Filters_parse_and_format_back_to_an_equivalent_text(text: "(name eq 'it''s' or code is null) and not quantity"···) [< 1 ms]
  Passed Erp.Kernel.Tests.ListEngineTests.Filters_parse_and_format_back_to_an_equivalent_text(text: "amount lt -1.5 and active ne false and code starts"···) [< 1 ms]
  Passed Erp.Kernel.Tests.SecurityTests.A_proof_from_the_challenge_equals_the_stored_hash_only_for_the_right_password [7 s]
  Passed Erp.Kernel.Tests.SecurityTests.Session_tokens_are_256_bit_base64url_and_stored_as_sha256 [51 ms]
  Passed Erp.Kernel.Tests.ListEngineTests.Search_filters_and_groups_select_the_right_rows [2 s]
  Passed Erp.Kernel.Tests.ListEngineTests.Filters_are_bounded_in_length_and_complexity [19 ms]
  Passed Erp.Kernel.Tests.ProblemMappingTests.Database_errors_map_the_same_whether_EF_wraps_them_or_not(sqlState: "23505", status: 409, code: "duplicate") [31 ms]
  Passed Erp.Kernel.Tests.ProblemMappingTests.Database_errors_map_the_same_whether_EF_wraps_them_or_not(sqlState: "23503", status: 404, code: "notFound") [< 1 ms]
  Passed Erp.Kernel.Tests.ProblemMappingTests.Database_errors_map_the_same_whether_EF_wraps_them_or_not(sqlState: "55P03", status: 409, code: "concurrency") [< 1 ms]
  Passed Erp.Kernel.Tests.ProblemMappingTests.Database_errors_map_the_same_whether_EF_wraps_them_or_not(sqlState: "40P01", status: 409, code: "concurrency") [< 1 ms]
  Passed Erp.Kernel.Tests.ProblemMappingTests.Database_errors_map_the_same_whether_EF_wraps_them_or_not(sqlState: "42501", status: 404, code: "notFound") [< 1 ms]
  Passed Erp.Kernel.Tests.ProblemMappingTests.Database_errors_map_the_same_whether_EF_wraps_them_or_not(sqlState: "22012", status: 500, code: "internal") [< 1 ms]
  Passed Erp.Kernel.Tests.ProblemMappingTests.Database_errors_map_the_same_whether_EF_wraps_them_or_not(sqlState: "40001", status: 409, code: "concurrency") [< 1 ms]
  Passed Erp.Kernel.Tests.ProblemMappingTests.Anything_unknown_is_an_internal_error_and_a_concurrent_save_is_a_conflict [< 1 ms]
  Passed Erp.Kernel.Tests.SecurityTests.Password_hashes_verify_only_the_right_password_and_use_unique_salts [2 s]
  Passed Erp.Modules.Lists.Tests.SavedViewsTests.Every_change_to_a_view_is_audited_with_its_author [4 s]
  Passed Erp.Kernel.Tests.KernelDataTests.Bulk_insert_requires_a_bound_tenant [14 ms]
  Passed Erp.Kernel.Tests.KernelDataTests.Migrations_and_seeding_are_idempotent [680 ms]
  Passed Erp.Kernel.Tests.KernelDataTests.A_unit_of_work_cannot_switch_tenants [74 ms]
  Passed Erp.Kernel.Tests.KernelDataTests.Bulk_insert_cannot_smuggle_rows_into_another_tenant [69 ms]
  Passed Erp.Kernel.Tests.KernelDataTests.Using_a_module_context_before_binding_a_tenant_fails_loudly [121 ms]
  Passed Erp.Kernel.Tests.KernelDataTests.EF_refuses_to_write_a_row_for_another_tenant [226 ms]
  Passed Erp.Kernel.Tests.KernelDataTests.The_query_filter_is_a_second_layer_on_every_tenant_entity [164 ms]
  Passed Erp.Modules.Lists.Tests.SavedViewsTests.Personal_views_are_private_to_their_owner [2 s]
  Passed Erp.Modules.Lists.Tests.SavedViewsTests.Every_field_is_validated_against_the_list_in_the_users_language [1 s]
  Passed Erp.Modules.Lists.Tests.SavedViewsTests.Shared_views_reach_every_reader_and_only_sharers_change_them [2 s]
  Passed Erp.Modules.Identity.Tests.PlatformHttpTests.Server_errors_reveal_nothing_but_a_trace_id [3 s]
  Passed Erp.Modules.Identity.Tests.PlatformHttpTests.Unknown_api_paths_answer_404_problems_not_the_app_shell [136 ms]
  Passed Erp.Modules.Identity.Tests.PlatformHttpTests.Health_is_public_and_checks_the_database [152 ms]
  Passed Erp.Modules.Identity.Tests.PlatformHttpTests.Responses_carry_security_headers_and_api_responses_are_not_cached [130 ms]
  Passed Erp.Modules.Lists.Tests.SavedViewsTests.The_definition_describes_columns_operators_choices_presets_and_sharing [1 s]
  Passed Erp.Modules.Identity.Tests.UserLifecycleTests.The_permission_catalogue_carries_what_the_matrix_needs [5 s]
  Passed Erp.Modules.Identity.Tests.SharedDatasetSeedTests.Demo_seed_loads_the_shared_dataset_users_into_the_main_tenant [38 s]
  Passed Erp.Modules.Identity.Tests.RateLimitTests.Sign_in_attempts_beyond_the_limit_get_429_with_a_localized_problem [7 s]
  Passed Erp.Gates.Tests.G1.G1ProcessStateTests.Process_wide_state_is_immutable_or_reviewed [63 ms]
  Passed Erp.Modules.Lists.Tests.SavedViewsTests.One_default_per_owner_and_names_unique_per_owner [6 s]
[xUnit.net 00:00:48.77]   Finished:    Erp.Modules.Lists.Tests (ID = '3ab372e8c1b058abe35539ecb2b78dba197b5a9f0242af81daadb3c7868d679e')
Results File: /out/trx/_vm_2026-10-04_12_53_53_net10.0.trx

Test Run Successful.
Total tests: 6
     Passed: 6
 Total time: 51.1314 Seconds
Test run for /work/tests/Erp.Modules.Tenancy.Tests/bin/Release/net10.0/Erp.Modules.Tenancy.Tests.dll (.NETCoreApp,Version=v10.0)
A total of 1 test files matched the specified pattern.
[xUnit.net 00:00:00.01] xUnit.net VSTest Adapter v3.1.5+1b188a7b0a (64-bit .NET 10.0.12)
[xUnit.net 00:00:01.54]   Discovering: Erp.Modules.Tenancy.Tests
  Passed Erp.Modules.Identity.Tests.UserLifecycleTests.An_administrator_resets_a_password_and_the_user_is_signed_out_everywhere [14 s]
[xUnit.net 00:00:05.06]   Discovered:  Erp.Modules.Tenancy.Tests
  Passed Erp.Modules.Identity.Tests.UserLifecycleTests.Copying_a_role_keeps_its_permissions_under_a_new_name [2 s]
[xUnit.net 00:00:06.11]   Starting:    Erp.Modules.Tenancy.Tests
  Passed Erp.Modules.Identity.Tests.UserLifecycleTests.The_access_view_says_what_a_user_can_do_and_which_role_grants_it [5 s]
  Passed Erp.Kernel.Tests.BulkTimeoutTests.A_configured_bulk_timeout_is_used_and_an_unset_one_defaults_to_an_hour [< 1 ms]
  Passed Erp.Kernel.Tests.BulkTimeoutTests.A_bulk_timeout_below_the_minimum_or_unreadable_is_refused(value: "30") [< 1 ms]
  Passed Erp.Kernel.Tests.BulkTimeoutTests.A_bulk_timeout_below_the_minimum_or_unreadable_is_refused(value: "599") [< 1 ms]
  Passed Erp.Kernel.Tests.BulkTimeoutTests.A_bulk_timeout_below_the_minimum_or_unreadable_is_refused(value: "-1") [< 1 ms]
  Passed Erp.Kernel.Tests.BulkTimeoutTests.A_bulk_timeout_below_the_minimum_or_unreadable_is_refused(value: "ten minutes") [< 1 ms]
  Passed Erp.Kernel.Tests.BulkTimeoutTests.The_bulk_connection_cannot_be_chosen_after_the_unit_of_work_used_its_connection [38 ms]
  Passed Erp.Kernel.Tests.BulkTimeoutTests.The_bulk_loader_never_runs_a_statement_under_the_bulk_minimum_even_on_a_request_connection [2 ms]
  Passed Erp.Kernel.Tests.BulkTimeoutTests.Every_command_on_a_bulk_unit_of_work_inherits_the_long_timeout [76 ms]
  Passed Erp.Kernel.Tests.BulkTimeoutTests.A_seed_statement_longer_than_the_default_timeout_finishes [1 ms]
[xUnit.net 00:01:08.65]   Finished:    Erp.Kernel.Tests (ID = '1ac195ec15f33ab4788e3de64df3053333a57179a8cf50eb11a1918a6450c228')
  Passed Erp.Kernel.Tests.BulkTimeoutTests.Request_units_of_work_keep_the_short_default_timeout [< 1 ms]
Results File: /out/trx/_vm_2026-10-04_12_53_24_net10.0.trx

Test Run Successful.
Total tests: 131
     Passed: 131
 Total time: 1.1944 Minutes
  Passed Erp.Modules.Identity.Tests.UsersAndRolesTests.User_search_finds_by_name_or_email_and_escapes_wildcards [7 s]
  Passed Erp.Modules.Identity.Tests.UsersAndRolesTests.The_administrator_role_cannot_be_changed_or_deleted_and_grants_every_permission [1 s]
  Passed Erp.Modules.Identity.Tests.AuthTests.The_session_cookie_is_secure_over_https_and_not_on_plain_http [9 s]
  Passed Erp.Modules.Identity.Tests.AuthTests.The_session_probe_always_answers_200_even_with_a_stale_or_malformed_session_cookie [108 ms]
  Passed Erp.Modules.Identity.Tests.UsersAndRolesTests.Permission_catalogue_is_labelled_in_the_users_language [1 s]
  Passed Erp.Modules.Identity.Tests.UserLifecycleTests.Signed_in_users_change_their_password_by_proving_the_current_one_and_other_sessions_end [12 s]
  Passed Erp.Modules.Identity.Tests.ModulePermissionsTests.A_role_that_may_only_view_and_create_contacts_works_end_to_end [10 s]
  Passed Erp.Modules.Identity.Tests.UsersAndRolesTests.Changing_the_language_preference_follows_the_user [5 s]
  Passed Erp.Modules.Identity.Tests.UserLifecycleTests.An_invited_user_signs_in_once_with_the_set_up_code_and_chooses_a_password [8 s]
  Passed Erp.Modules.Identity.Tests.AuthTests.The_pause_ends_by_itself_when_the_failures_leave_the_window [12 s]
  Passed Erp.Modules.Identity.Tests.UsersAndRolesTests.The_digits_preference_follows_the_user_and_leaves_the_language_alone [6 s]
  Passed Erp.Modules.Identity.Tests.UsersAndRolesTests.Saving_over_someone_elses_change_is_refused [1 s]
  Passed Erp.Modules.Identity.Tests.UsersAndRolesTests.Validation_errors_name_each_field_in_the_requested_language [2 s]
  Passed Erp.Modules.Identity.Tests.UserLifecycleTests.An_expired_set_up_code_fails_like_a_wrong_password [5 s]
  Passed Erp.Modules.Identity.Tests.UsersAndRolesTests.Duplicate_email_in_the_same_workspace_is_a_conflict [1 s]
  Passed Erp.Modules.Identity.Tests.AuthTests.Five_failures_pause_that_client_without_saying_so_until_an_administrator_unblocks [7 s]
  Passed Erp.Modules.Identity.Tests.AuthTests.A_suspended_workspace_cannot_be_signed_in_to [2 s]
  Passed Erp.Modules.Tenancy.Tests.CompanyScopeTests.A_bound_scope_shows_only_its_companies_cannot_be_widened_and_refuses_writes_elsewhere [745 ms]
  Passed Erp.Modules.Tenancy.Tests.CompanyScopeTests.System_work_sees_every_company_and_a_user_sees_none_until_bound [152 ms]
  Passed Erp.Modules.Identity.Tests.UserCorrectionsTests.A_role_granting_more_than_the_caller_holds_is_neither_renamed_copied_nor_deleted_by_them [8 s]
  Passed Erp.Modules.Identity.Tests.UserCorrectionsTests.A_user_has_a_name_in_Arabic_that_the_list_filters [3 s]
  Passed Erp.Modules.Tenancy.Tests.TenantTests.Reading_and_renaming_need_their_permissions [8 s]
  Passed Erp.Modules.Identity.Tests.AuthTests.The_same_email_in_two_workspaces_asks_which_one_only_when_both_passwords_match [11 s]
  Passed Erp.Modules.Tenancy.Tests.CompanyTests.Changes_need_the_version_read_and_a_company_can_be_deactivated_and_reactivated [8 s]
  Passed Erp.Modules.Tenancy.Tests.TenantTests.Each_user_reads_their_own_workspace [1 s]
  Passed Erp.Modules.Identity.Tests.AuthTests.Cookie_requests_that_change_data_need_the_request_header [2 s]
  Passed Erp.Modules.Identity.Tests.AuthTests.Expired_sessions_and_malformed_tokens_are_refused [1 s]
  Passed Erp.Modules.Identity.Tests.UserCorrectionsTests.The_sign_in_address_of_another_user_is_corrected_and_stays_unique_in_the_workspace [4 s]
  Passed Erp.Modules.Tenancy.Tests.TenantTests.Renaming_needs_both_names_and_the_version_and_refuses_a_stale_version [2 s]
  Passed Erp.Modules.Tenancy.Tests.CompanyTests.Branches_belong_to_one_company_and_codes_are_unique_within_it [3 s]
  Passed Erp.Modules.Identity.Tests.AuthTests.Signing_in_returns_the_session_and_sets_a_strict_http_only_cookie [1 s]
  Passed Erp.Modules.Tenancy.Tests.CompanyTests.The_same_logo_in_two_companies_has_a_different_tag_in_each [1 s]
  Passed Erp.Modules.Identity.Tests.UsersListTests.Bad_queries_are_refused_naming_the_parameter(parameter: "filter", value: "isActive eq 'yes'", code: "list.valueBoolean") [5 s]
  Passed Erp.Modules.Tenancy.Tests.CompanyTests.Logos_must_be_real_images_of_the_stated_type_and_are_served_back [1 s]
  Passed Erp.Modules.Identity.Tests.UsersListTests.Bad_queries_are_refused_naming_the_parameter(parameter: "filter", value: "language eq 'ar", code: "list.filterSyntax") [835 ms]
  Passed Erp.Modules.Tenancy.Tests.AccessTests.Administrators_give_only_their_own_companies_and_never_change_their_own_access [16 s]
  Passed Erp.Modules.Tenancy.Tests.CompanyTests.The_companies_list_never_reads_logo_bytes_and_still_searches_filters_sorts_and_groups [1 s]
  Passed Erp.Modules.Identity.Tests.AuthTests.Deactivating_a_user_ends_their_sessions [4 s]
  Passed Erp.Modules.Identity.Tests.UsersListTests.Bad_queries_are_refused_naming_the_parameter(parameter: "filter", value: "language eq", code: "list.filterSyntax") [1 s]
  Passed Erp.Modules.Identity.Tests.AuthTests.Wrong_password_and_unknown_email_get_the_same_answer [1 s]
  Passed Erp.Modules.Tenancy.Tests.CompanyTests.Validation_names_every_bad_field_in_the_callers_language [1 s]
  Passed Erp.Modules.Identity.Tests.UsersListTests.Bad_queries_are_refused_naming_the_parameter(parameter: "filter", value: "(language eq 'ar'", code: "list.filterSyntax") [793 ms]
  Passed Erp.Modules.Identity.Tests.UsersListTests.Bad_queries_are_refused_naming_the_parameter(parameter: "after", value: "not-a-cursor", code: "list.invalidCursor") [398 ms]
  Passed Erp.Modules.Identity.Tests.AuthTests.Signing_out_revokes_the_session_for_good [686 ms]
  Passed Erp.Modules.Identity.Tests.UserCorrectionsTests.A_user_who_never_signed_in_is_deleted_and_anyone_who_signed_in_stays [7 s]
  Passed Erp.Modules.Identity.Tests.UsersListTests.Bad_queries_are_refused_naming_the_parameter(parameter: "filter", value: "displayName eq 5", code: "list.valueText") [689 ms]
  Passed Erp.Modules.Tenancy.Tests.CompanyTests.An_administrator_creates_a_company_works_in_it_and_reads_it_back [1 s]
  Passed Erp.Modules.Identity.Tests.UsersListTests.Bad_queries_are_refused_naming_the_parameter(parameter: "filter", value: "createdAt ge 'yesterday'", code: "list.valueDateTime") [1 s]
  Passed Erp.Modules.Identity.Tests.UsersListTests.Bad_queries_are_refused_naming_the_parameter(parameter: "filter", value: "isActive gt true", code: "list.operatorNotAllowed") [284 ms]
  Passed Erp.Gates.Tests.G1.G1SignInThrottleTests.Failed_sign_ins_from_one_client_never_lock_the_account_out_for_anyone_else [51 s]
  Passed Erp.Modules.Tenancy.Tests.AccessTests.A_new_user_works_in_no_company_until_given_access_and_then_only_in_the_companies_given [5 s]
  Passed Erp.Modules.Identity.Tests.UsersListTests.Bad_queries_are_refused_naming_the_parameter(parameter: "filter", value: "language eq 'ar' and", code: "list.filterSyntax") [945 ms]
  Passed Erp.Modules.Identity.Tests.UsersListTests.Bad_queries_are_refused_naming_the_parameter(parameter: "groupBy", value: "nosuch", code: "list.unknownColumn") [631 ms]
  Passed Erp.Modules.Tenancy.Tests.CompanyTests.A_company_or_branch_needs_only_a_name_and_gets_a_code_made_from_it [2 s]
  Passed Erp.Modules.Tenancy.Tests.GrantRulesTests.Only_someone_who_works_in_every_company_creates_a_company_or_changes_a_company_code [6 s]
  Passed Erp.Gates.Tests.G2.G2AccountTakeoverTests.Acting_on_a_record_that_grants_access_needs_everything_it_grants [53 s]
  Passed Erp.Modules.Identity.Tests.UsersListTests.Bad_queries_are_refused_naming_the_parameter(parameter: "filter", value: "language = 'ar'", code: "list.filterSyntax") [1 s]
  Passed Erp.Modules.Tenancy.Tests.AccessTests.The_access_list_pages_users_with_their_companies [1 s]
  Passed Erp.Modules.Identity.Tests.UsersListTests.Bad_queries_are_refused_naming_the_parameter(parameter: "groupBy", value: "displayName", code: "list.notGroupable") [1 s]
  Passed Erp.Modules.Identity.Tests.UsersListTests.Bad_queries_are_refused_naming_the_parameter(parameter: "filter", value: "language eq 'fr'", code: "list.valueChoice") [721 ms]
  Passed Erp.Modules.Identity.Tests.UsersListTests.Bad_queries_are_refused_naming_the_parameter(parameter: "sort", value: "display name", code: "list.sortSyntax") [280 ms]
  Passed Erp.Modules.Tenancy.Tests.AccessTests.The_access_list_keeps_the_list_contract_and_needs_only_its_own_permission [3 s]
  Passed Erp.Modules.Identity.Tests.UsersListTests.Bad_queries_are_refused_naming_the_parameter(parameter: "filter", value: "language gt 'ar'", code: "list.operatorNotAllowed") [1 s]
  Passed Erp.Gates.Tests.G2.G2AccountTakeoverTests.Nobody_resets_their_own_password_or_ends_their_own_access_through_administration [3 s]
  Passed Erp.Modules.Tenancy.Tests.GrantRulesTests.A_user_holding_only_the_access_permission_cannot_take_access_from_the_administrator [5 s]
  Passed Erp.Modules.Identity.Tests.UsersListTests.Bad_queries_are_refused_naming_the_parameter(parameter: "sort", value: "nosuch", code: "list.unknownColumn") [1 s]
  Passed Erp.Modules.Identity.Tests.UsersListTests.Bad_queries_are_refused_naming_the_parameter(parameter: "sort", value: "language", code: "list.notSortable") [690 ms]
  Passed Erp.Modules.Identity.Tests.UsersListTests.Bad_queries_are_refused_naming_the_parameter(parameter: "filter", value: "nosuch eq 'x'", code: "list.unknownColumn") [1 s]
  Passed Erp.Modules.Identity.Tests.UsersListTests.Bad_queries_are_refused_naming_the_parameter(parameter: "sort", value: "displayName,displayName", code: "list.sortSyntax") [1 s]
  Passed Erp.Modules.Tenancy.Tests.AccessTests.The_working_company_is_kept_across_sessions_and_falls_back_when_access_is_removed [4 s]
  Passed Erp.Modules.Tenancy.Tests.GrantRulesTests.A_branch_limited_administrator_sees_reads_changes_and_gives_only_their_own_branch [4 s]
  Passed Erp.Modules.Identity.Tests.UsersListTests.Sorting_orders_by_the_column_with_nulls_last_ascending_and_first_descending [1 s]
  Passed Erp.Modules.Identity.Tests.UsersListTests.Keyset_paging_returns_the_same_rows_in_the_same_order_as_one_page(sort: "-displayName") [1 s]
  Passed Erp.Modules.Identity.Tests.UsersListTests.Keyset_paging_returns_the_same_rows_in_the_same_order_as_one_page(sort: "displayName") [1 s]
  Passed Erp.Modules.Identity.Tests.UsersListTests.Keyset_paging_returns_the_same_rows_in_the_same_order_as_one_page(sort: "createdAt") [1 s]
  Passed Erp.Modules.Identity.Tests.UsersListTests.Keyset_paging_returns_the_same_rows_in_the_same_order_as_one_page(sort: "lastSignInAt,-displayName") [2 s]
  Passed Erp.Gates.Tests.G1.G1SignInThrottleTests.Sign_in_failures_give_one_answer_that_states_no_policy [19 s]
  Passed Erp.Modules.Identity.Tests.UsersListTests.Keyset_paging_returns_the_same_rows_in_the_same_order_as_one_page(sort: "-createdAt") [1 s]
  Passed Erp.Gates.Tests.G1.G1UniqueIndexTests.Unique_indexes_on_tenant_tables_include_the_tenant [251 ms]
  Passed Erp.Gates.Tests.Rules.ListIndexGateTests.Search_fields_and_sortable_columns_of_database_lists_are_indexed [321 ms]
  Passed Erp.Modules.Identity.Tests.UsersListTests.Keyset_paging_returns_the_same_rows_in_the_same_order_as_one_page(sort: "email") [1 s]
  Passed Erp.Modules.Identity.Tests.UsersListTests.Keyset_paging_returns_the_same_rows_in_the_same_order_as_one_page(sort: "-lastSignInAt") [1 s]
  Passed Erp.Modules.Identity.Tests.UsersListTests.Keyset_paging_returns_the_same_rows_in_the_same_order_as_one_page(sort: "lastSignInAt") [1 s]
  Passed Erp.Modules.Identity.Tests.UsersListTests.Filters_select_exactly_the_matching_rows [2 s]
  Passed Erp.Modules.Identity.Tests.UsersListTests.Search_matches_every_word_in_any_search_field_ignoring_case_and_order [1 s]
  Passed Erp.Modules.Identity.Tests.UsersListTests.A_cursor_belongs_to_its_sort_and_cannot_be_combined_with_skip [741 ms]
  Passed Erp.Modules.Tenancy.Tests.ProvisioningTests.Suspending_a_workspace_ends_its_sessions_and_activating_it_restores_sign_in [5 s]
  Passed Erp.Modules.Identity.Tests.UsersListTests.Grouping_counts_every_matching_row_once [1 s]
[xUnit.net 00:02:32.20]   Finished:    Erp.Modules.Identity.Tests (ID = 'c22946a00a079b5bd17fa697d59967873c784c899ebaee038a5706484c46b106')
  Passed Erp.Modules.Identity.Tests.UsersListTests.The_roles_list_serves_the_same_contract_in_memory [1 s]
Results File: /out/trx/_vm_2026-10-04_12_53_59_net10.0.trx

Test Run Successful.
Total tests: 71
     Passed: 71
 Total time: 2.5702 Minutes
  Passed Erp.Modules.Tenancy.Tests.ProvisioningTests.An_operator_provisions_a_workspace_with_its_first_company_branch_and_administrator [2 s]
  Passed Erp.Gates.Tests.G2.G2AccountTakeoverTests.Acting_on_a_user_needs_every_permission_that_user_holds [28 s]
[xUnit.net 00:01:42.13]   Finished:    Erp.Modules.Tenancy.Tests (ID = '7c336b43d696105a19512de164fe1230cb02ef2c7773107fd16d0ceb1101f39a')
  Passed Erp.Modules.Tenancy.Tests.ProvisioningTests.Workspace_settings_are_validated_and_kept [784 ms]
Results File: /out/trx/_vm_2026-10-04_12_55_00_net10.0.trx

Test Run Successful.
Total tests: 24
     Passed: 24
 Total time: 1.7358 Minutes
  Passed Erp.Gates.Tests.G2.G2AccountTakeoverTests.Creating_from_a_role_cannot_grant_more_than_the_caller_holds [1 s]
  Passed Erp.Gates.Tests.Rules.LicenceGateTests.Every_NuGet_package_has_an_allowed_licence [77 ms]
  Passed Erp.Gates.Tests.Rules.LicenceGateTests.Every_npm_package_has_an_allowed_licence [54 ms]
  Passed Erp.Gates.Tests.G1.G1ReviewedLookupTests.Only_reviewed_source_files_name_a_reviewed_function [15 ms]
  Passed Erp.Gates.Tests.G1.G1ReviewedLookupTests.Every_reviewed_function_has_reviewed_callers_and_sources [2 ms]
  Passed Erp.Gates.Tests.Rules.ListContractGateTests.Every_sortable_column_orders_its_list_both_ways_and_keyset_paging_matches_one_page [17 s]
  Passed Erp.Gates.Tests.G1.G1ReviewedLookupTests.Reviewed_lookups_answer_nothing_inside_a_tenant_bound_transaction [182 ms]
  Passed Erp.Gates.Tests.G1.G1ClientStateTests.Every_piece_of_module_level_state_in_the_web_sources_is_reviewed [97 ms]
  Passed Erp.Gates.Tests.G1.G1ClientStateTests.The_inventory_finds_planted_module_state [46 ms]
  Passed Erp.Gates.Tests.Rules.ListContractGateTests.Every_filterable_column_filters_its_list_and_other_columns_are_refused [9 s]
  Passed Erp.Gates.Tests.Rules.ListContractGateTests.Every_registered_list_documents_the_list_query_contract_and_its_definition [971 ms]
  Passed Erp.Gates.Tests.Rules.ListContractGateTests.Every_search_field_is_searched_word_by_word_and_grouping_counts_every_row_once [2 s]
  Passed Erp.Gates.Tests.Rules.OpenApiGateTests.OpenApi_document_covers_every_endpoint_with_its_permission [258 ms]
  Passed Erp.Gates.Tests.Rules.OpenApiGateTests.Decimals_are_documented_as_strings [449 ms]
  Passed Erp.Gates.Tests.Rules.AuditGateTests.Every_tenant_table_carries_the_audit_trigger_unless_reviewed_exempt [81 ms]
  Passed Erp.Gates.Tests.Rules.AuditGateTests.Changing_ones_own_interface_preferences_is_audited_field_by_field [1 s]
  Passed Erp.Gates.Tests.Rules.AuditGateTests.Writes_through_the_API_leave_field_level_audit_rows_attributed_to_the_user [526 ms]
  Passed Erp.Gates.Tests.Rules.AuditGateTests.Writes_that_bypass_the_ORM_are_audited_too [74 ms]
  Passed Erp.Gates.Tests.Rules.AuditGateTests.Passwords_are_redacted_in_the_audit_trail [647 ms]
  Passed Erp.Gates.Tests.Rules.ShellGateTests.Screens_format_numbers_amounts_and_dates_through_the_kernel_formatter [16 ms]
  Passed Erp.Gates.Tests.Rules.ShellGateTests.Language_and_digit_fields_document_their_allowed_values [311 ms]
  Passed Erp.Gates.Tests.Rules.ShellGateTests.Stylesheets_and_inline_styles_use_logical_directions_only [163 ms]
  Passed Erp.Gates.Tests.Rules.ShellGateTests.Every_navigation_group_has_an_English_and_Arabic_heading [1 ms]
  Passed Erp.Gates.Tests.Rules.MoneyGateTests.No_floating_point_or_money_columns_in_the_database [4 ms]
  Passed Erp.Gates.Tests.Rules.MoneyGateTests.No_float_or_double_in_server_code [88 ms]
  Passed Erp.Gates.Tests.Rules.MoneyGateTests.No_parseFloat_in_front_end_code [18 ms]
  Passed Erp.Gates.Tests.G1.G1WriteOracleTests.Writes_answer_the_same_for_another_tenants_values_as_for_values_that_exist_nowhere [6 s]
  Passed Erp.Gates.Tests.Rules.StringGateTests.Every_problem_and_validation_code_in_server_code_has_text [35 ms]
  Passed Erp.Gates.Tests.Rules.StringGateTests.Server_string_files_have_matching_English_and_Arabic_keys [41 ms]
  Passed Erp.Gates.Tests.Rules.StringGateTests.Web_string_files_have_matching_English_and_Arabic_keys [5 ms]
  Passed Erp.Gates.Tests.Rules.StringGateTests.Every_permission_module_and_menu_entry_has_labels [4 ms]
  Passed Erp.Gates.Tests.Rules.StringGateTests.Count_messages_use_plural_forms [5 ms]
  Passed Erp.Gates.Tests.G1.G1NonInterferenceTests.What_tenant_A_is_answered_never_depends_on_what_tenant_B_did [3 m 23 s]
  Passed Erp.Gates.Tests.G1.G1TenantSourceTests.Only_reviewed_files_choose_a_tenant_or_step_around_the_unit_of_work [107 ms]
  Passed Erp.Gates.Tests.G1.G1TenantSourceTests.The_scanner_catches_every_planted_bypass [3 ms]
  Passed Erp.Gates.Tests.Rules.RegistrationGateTests.Every_registered_list_is_served_as_a_page_whose_rows_carry_its_columns [86 ms]
  Passed Erp.Gates.Tests.Rules.RegistrationGateTests.Navigation_reaches_every_screen_and_every_menu_entry_opens_a_screen_with_its_permission [9 ms]
  Passed Erp.Gates.Tests.Rules.BulkTimeoutGateTests.Only_the_seed_runner_and_the_platform_build_the_application_pools [45 ms]
  Passed Erp.Gates.Tests.Rules.BulkTimeoutGateTests.Bulk_code_never_sets_a_literal_command_timeout_or_opens_its_own_connection [37 ms]
  Passed Erp.Gates.Tests.Rules.BulkTimeoutGateTests.The_seed_runner_puts_every_tenant_seed_on_the_bulk_pool [< 1 ms]
  Passed Erp.Gates.Tests.G1.G1DatabaseIsolationTests.Every_table_is_tenant_owned_or_a_reviewed_platform_table [38 ms]
  Passed Erp.Gates.Tests.G1.G1DatabaseIsolationTests.A_tenant_set_for_the_whole_connection_or_left_by_an_earlier_transaction_is_ignored [42 ms]
  Passed Erp.Gates.Tests.G1.G1DatabaseIsolationTests.Application_role_sees_and_changes_only_its_own_tenant_in_every_tenant_table [604 ms]
  Passed Erp.Gates.Tests.G1.G1DatabaseIsolationTests.Foreign_keys_between_tenant_tables_include_the_tenant [11 ms]
  Passed Erp.Gates.Tests.G1.G1DatabaseIsolationTests.Tenant_tables_have_an_id_primary_key [46 ms]
  Passed Erp.Gates.Tests.G1.G1DatabaseIsolationTests.Tenant_tables_enforce_row_level_security_with_the_standard_policy [111 ms]
  Passed Erp.Gates.Tests.G1.G1DatabaseIsolationTests.Security_definer_functions_are_exactly_the_reviewed_ones [26 ms]
  Passed Erp.Gates.Tests.G1.G1DatabaseIsolationTests.Leakproof_functions_are_postgres_defaults_or_reviewed [44 ms]
  Passed Erp.Gates.Tests.G1.G1DatabaseIsolationTests.Audit_trail_is_append_only_for_the_application [27 ms]
  Passed Erp.Gates.Tests.G1.G1DatabaseIsolationTests.Application_role_cannot_bypass_row_level_security_or_become_a_role_that_can [64 ms]
  Passed Erp.Gates.Tests.G1.G1CompanyScopeTests.Every_company_table_carries_the_standard_company_scope_policy [38 ms]
  Passed Erp.Gates.Tests.G1.G1CompanyScopeTests.The_application_role_sees_and_changes_only_the_bound_companies_in_every_company_table [198 ms]
  Passed Erp.Gates.Tests.G1.G1CredentialTests.The_function_owner_writes_only_where_reviewed [96 ms]
  Passed Erp.Gates.Tests.G1.G1CredentialTests.The_sign_in_lookup_reveals_no_hash_and_no_account_before_the_password_is_proven [139 ms]
  Passed Erp.Gates.Tests.G1.G1CredentialTests.The_application_role_can_read_no_stored_credential [88 ms]
  Passed Erp.Gates.Tests.G1.G1CredentialTests.No_reviewed_function_returns_a_credential_column_or_a_whole_row [21 ms]
  Passed Erp.Gates.Tests.G2.G2CompanyAccessGrantTests.Company_access_is_given_and_taken_only_within_what_the_caller_holds_and_never_from_a_stronger_user [5 s]
  Passed Erp.Gates.Tests.SelfTests.NonInterferenceSelfTests.The_non_interference_check_catches_shared_state_that_leaks_no_marker [6 m 2 s]
  Passed Erp.Gates.Tests.SelfTests.NonInterferenceSelfTests.The_non_interference_check_ignores_only_times_and_trace_ids [2 ms]
  Passed Erp.Gates.Tests.G2.G2PermissionTests.Every_declared_permission_is_in_the_catalogue_and_every_catalogue_permission_is_used [3 ms]
  Passed Erp.Gates.Tests.G2.G2PermissionTests.Every_endpoint_declares_exactly_one_permission_or_is_reviewed_anonymous [2 ms]
  Passed Erp.Gates.Tests.G2.G2PermissionTests.A_user_whose_roles_grant_nothing_is_denied_everything_and_sees_no_menu [1 s]
  Passed Erp.Gates.Tests.G2.G2PermissionTests.The_host_refuses_to_start_with_an_endpoint_whose_permission_is_not_in_the_catalogue [40 ms]
  Passed Erp.Gates.Tests.G2.G2PermissionTests.Users_cannot_escalate_their_own_privileges [918 ms]
  Passed Erp.Gates.Tests.G2.G2PermissionTests.Creating_a_user_cannot_grant_more_than_the_caller_holds [2 s]
  Passed Erp.Gates.Tests.G2.G2PermissionTests.Anonymous_callers_get_401_from_every_permissioned_endpoint [13 ms]
  Passed Erp.Gates.Tests.G2.G2PermissionTests.The_reviewed_permission_map_catches_a_weaker_permission_an_unreviewed_endpoint_and_a_stale_line [38 ms]
  Passed Erp.Gates.Tests.SelfTests.GateSelfTests.The_database_check_catches_a_unique_index_across_tenants [133 ms]
  Passed Erp.Gates.Tests.G2.G2PermissionTests.Every_registered_list_is_readable_with_its_permission_alone [5 s]
  Passed Erp.Gates.Tests.G2.G2PermissionTests.The_host_refuses_a_list_whose_endpoint_declares_another_permission [75 ms]
  Passed Erp.Gates.Tests.G2.G2PermissionTests.Sharing_a_view_needs_the_share_permission_and_the_lists_own_permission [1 s]
  Passed Erp.Gates.Tests.G2.G2PermissionTests.Undeclared_endpoints_fall_back_to_deny [1 ms]
  Passed Erp.Gates.Tests.G2.G2PermissionTests.The_host_refuses_to_start_with_an_endpoint_that_declares_no_permission [25 ms]
  Passed Erp.Gates.Tests.G2.G2PermissionTests.Requests_that_only_read_cannot_write [28 ms]
  Passed Erp.Gates.Tests.G2.G2PermissionTests.No_endpoint_grants_more_than_the_caller_holds [4 s]
  Passed Erp.Gates.Tests.G2.G2PermissionTests.Every_module_route_is_under_a_reviewed_map_or_derives_its_permission_from_its_list [14 ms]
  Passed Erp.Gates.Tests.SelfTests.GateSelfTests.The_company_grant_check_catches_access_given_without_checking_the_caller_or_the_user [8 s]
  Passed Erp.Gates.Tests.SelfTests.GateSelfTests.The_database_check_catches_a_table_without_row_level_security [72 ms]
  Passed Erp.Gates.Tests.G2.G2PermissionTests.Granting_exactly_one_permission_opens_exactly_the_endpoints_that_declare_it [1 m 5 s]
  Passed Erp.Gates.Tests.G2.G2PermissionTests.No_endpoint_that_changes_data_is_guarded_by_a_read_permission [10 ms]
  Passed Erp.Gates.Tests.G2.G2PermissionTests.Every_endpoint_under_a_reviewed_prefix_declares_exactly_its_reviewed_permission [12 ms]
  Passed Erp.Gates.Tests.G2.G2PermissionTests.The_declaration_check_catches_AllowAnonymous_stacked_on_a_permission [95 ms]
  Passed Erp.Gates.Tests.G1.G1CompanyIsolationTests.A_user_of_company_X_cannot_reach_company_Y_through_any_endpoint [14 m 47 s]
  Passed Erp.Gates.Tests.G1.G1HttpIsolationTests.Tenant_A_cannot_reach_tenant_B_through_any_endpoint [1 h 3 m]
  Passed Erp.Gates.Tests.SelfTests.GateSelfTests.The_HTTP_attack_catches_planted_header_route_and_body_leaks [1 h 9 m]
  Passed Erp.Gates.Tests.SelfTests.GateSelfTests.The_process_state_check_catches_a_static_cache_and_a_stateful_singleton [22 ms]
  Passed Erp.Gates.Tests.SelfTests.GateSelfTests.The_company_attack_catches_an_endpoint_that_widens_the_company_scope [13 m 20 s]
  Passed Erp.Gates.Tests.SelfTests.GateSelfTests.The_company_policy_check_catches_a_company_table_without_the_company_scope [54 ms]
  Passed Erp.Gates.Tests.SelfTests.GateSelfTests.The_grant_bearing_record_check_catches_a_role_delete_without_the_grant_check [13 s]
  Passed Erp.Gates.Tests.SelfTests.GateSelfTests.The_grant_bearing_record_check_catches_an_edit_that_skips_the_access_check_when_only_the_email_changes [14 s]
  Passed Erp.Gates.Tests.SelfTests.GateSelfTests.The_grant_escalation_check_catches_an_endpoint_that_grants_any_role [5 s]
  Passed Erp.Gates.Tests.SelfTests.GateSelfTests.The_permission_checks_catch_a_write_guarded_by_a_read_permission_and_a_read_that_writes [202 ms]
[xUnit.net 01:31:08.42]   Finished:    Erp.Gates.Tests (ID = 'd67f9af34c5c91feae69a31c7ab81956a411c8cd54ea4942d23c1fd06e059e25')
  Passed Erp.Gates.Tests.SelfTests.WriteOracleSelfTests.The_write_oracle_check_catches_a_create_that_refuses_another_tenants_address [3 s]
Results File: /out/trx/_vm_2026-10-04_12_54_06_net10.0.trx

Test Run Successful.
Total tests: 101
     Passed: 101
 Total time: 1.5194 Hours

[1m== .NET: timing budgets at demo volume (alone)[0m
Test run for /work/tests/Erp.Gates.Tests/bin/Release/net10.0/Erp.Gates.Tests.dll (.NETCoreApp,Version=v10.0)
Test run for /work/tests/Erp.Kernel.Tests/bin/Release/net10.0/Erp.Kernel.Tests.dll (.NETCoreApp,Version=v10.0)
Test run for /work/tests/Erp.Modules.Identity.Tests/bin/Release/net10.0/Erp.Modules.Identity.Tests.dll (.NETCoreApp,Version=v10.0)
Test run for /work/tests/Erp.Modules.Lists.Tests/bin/Release/net10.0/Erp.Modules.Lists.Tests.dll (.NETCoreApp,Version=v10.0)
A total of 1 test files matched the specified pattern.
A total of 1 test files matched the specified pattern.
A total of 1 test files matched the specified pattern.
A total of 1 test files matched the specified pattern.
[xUnit.net 00:00:00.00] xUnit.net VSTest Adapter v3.1.5+1b188a7b0a (64-bit .NET 10.0.12)
[xUnit.net 00:00:00.00] xUnit.net VSTest Adapter v3.1.5+1b188a7b0a (64-bit .NET 10.0.12)
[xUnit.net 00:00:00.00] xUnit.net VSTest Adapter v3.1.5+1b188a7b0a (64-bit .NET 10.0.12)
[xUnit.net 00:00:00.00] xUnit.net VSTest Adapter v3.1.5+1b188a7b0a (64-bit .NET 10.0.12)
[xUnit.net 00:00:00.68]   Discovering: Erp.Kernel.Tests
[xUnit.net 00:00:00.59]   Discovering: Erp.Modules.Identity.Tests
[xUnit.net 00:00:00.80]   Discovering: Erp.Gates.Tests
[xUnit.net 00:00:00.94]   Discovering: Erp.Modules.Lists.Tests
[xUnit.net 00:00:01.78]   Discovered:  Erp.Kernel.Tests
[xUnit.net 00:00:01.73]   Discovered:  Erp.Modules.Identity.Tests
[xUnit.net 00:00:01.95]   Discovered:  Erp.Gates.Tests
No test matches the given testcase filter `Load=Timing` in /work/tests/Erp.Gates.Tests/bin/Release/net10.0/Erp.Gates.Tests.dll
[xUnit.net 00:00:01.54]   Discovered:  Erp.Modules.Lists.Tests
No test matches the given testcase filter `Load=Timing` in /work/tests/Erp.Modules.Lists.Tests/bin/Release/net10.0/Erp.Modules.Lists.Tests.dll
[xUnit.net 00:00:02.20]   Starting:    Erp.Kernel.Tests
Results File: /out/trx/_vm_2026-10-04_14_24_33_net10.0.trx

Results File: /out/trx/_vm_2026-10-04_14_24_33_net10.0[1].trx

Test run for /work/tests/Erp.Modules.Tenancy.Tests/bin/Release/net10.0/Erp.Modules.Tenancy.Tests.dll (.NETCoreApp,Version=v10.0)
[xUnit.net 00:00:02.19]   Starting:    Erp.Modules.Identity.Tests
A total of 1 test files matched the specified pattern.
[xUnit.net 00:00:00.00] xUnit.net VSTest Adapter v3.1.5+1b188a7b0a (64-bit .NET 10.0.12)
[xUnit.net 00:00:00.66]   Discovering: Erp.Modules.Tenancy.Tests
[xUnit.net 00:00:01.27]   Discovered:  Erp.Modules.Tenancy.Tests
No test matches the given testcase filter `Load=Timing` in /work/tests/Erp.Modules.Tenancy.Tests/bin/Release/net10.0/Erp.Modules.Tenancy.Tests.dll
Results File: /out/trx/_vm_2026-10-04_14_24_37_net10.0.trx

  Passed Erp.Kernel.Tests.KernelDataTests.Bulk_insert_loads_100000_rows_through_row_level_security_quickly [1 s]
[xUnit.net 00:00:15.13]   Finished:    Erp.Kernel.Tests (ID = '1ac195ec15f33ab4788e3de64df3053333a57179a8cf50eb11a1918a6450c228')
Results File: /out/trx/_vm_2026-10-04_14_24_45_net10.0.trx

Test Run Successful.
Total tests: 1
     Passed: 1
 Total time: 16.0124 Seconds
  Passed Erp.Modules.Identity.Tests.UsersListVolumeTests.Word_search_is_served_by_the_trigram_index_not_a_table_scan [41 ms]
  Passed Erp.Modules.Identity.Tests.UsersListVolumeTests.Sorted_filtered_grouped_and_deep_keyset_pages_stay_within_budget [4 s]
  Passed Erp.Modules.Identity.Tests.UsersListVolumeTests.One_user_is_found_among_100000_in_well_under_a_second [1 s]
[xUnit.net 00:00:50.28]   Finished:    Erp.Modules.Identity.Tests (ID = 'c22946a00a079b5bd17fa697d59967873c784c899ebaee038a5706484c46b106')
Results File: /out/trx/_vm_2026-10-04_14_25_16_net10.0.trx

Test Run Successful.
Total tests: 3
     Passed: 3
 Total time: 51.2122 Seconds
[1m[2/3] Clean stack: build, migrate, seed, serve (project c-p02-tenancy-r3-verify, port 20260)[0m
[1mBuilding the application image[0m
 Image erp-app:c-p02-tenancy-r3-verify Building 
#1 [internal] load local bake definitions
#1 reading from stdin 634B done
#1 DONE 0.0s

#2 [internal] load build definition from Dockerfile
#2 transferring dockerfile: 1.73kB done
#2 DONE 0.0s

#3 resolve image config for docker-image://docker.io/docker/dockerfile:1
#3 DONE 1.0s

#4 docker-image://docker.io/docker/dockerfile:1@sha256:4edf897a3ffa55b89f906fc8cc78afdb3f1834cc9c7083565e611a8a7d5fe99e
#4 resolve docker.io/docker/dockerfile:1@sha256:4edf897a3ffa55b89f906fc8cc78afdb3f1834cc9c7083565e611a8a7d5fe99e 0.0s done
#4 DONE 0.0s

#4 docker-image://docker.io/docker/dockerfile:1@sha256:4edf897a3ffa55b89f906fc8cc78afdb3f1834cc9c7083565e611a8a7d5fe99e
#4 CACHED

#5 [internal] load metadata for docker.io/library/node:22-alpine
#5 ...

#6 [internal] load metadata for mcr.microsoft.com/dotnet/sdk:10.0
#6 DONE 0.5s

#7 [internal] load metadata for mcr.microsoft.com/dotnet/aspnet:10.0
#7 DONE 0.6s

#5 [internal] load metadata for docker.io/library/node:22-alpine
#5 DONE 0.6s

#8 [internal] load .dockerignore
#8 transferring context: 187B done
#8 DONE 0.1s

#9 [stage-2 1/4] FROM mcr.microsoft.com/dotnet/aspnet:10.0@sha256:222759b391a1aaf241166672c8f99b2d4ada452e7b5319f3c6e8f265a37b5ad4
#9 resolve mcr.microsoft.com/dotnet/aspnet:10.0@sha256:222759b391a1aaf241166672c8f99b2d4ada452e7b5319f3c6e8f265a37b5ad4 0.0s done
#9 DONE 0.0s

#10 [build 1/6] FROM mcr.microsoft.com/dotnet/sdk:10.0@sha256:e70cdb7f80b0348f5cb85f19a8f670fca061f033d57eed12fa003d58b0e06317
#10 resolve mcr.microsoft.com/dotnet/sdk:10.0@sha256:e70cdb7f80b0348f5cb85f19a8f670fca061f033d57eed12fa003d58b0e06317 0.0s done
#10 DONE 0.0s

#11 [web 1/6] FROM docker.io/library/node:22-alpine@sha256:0a7108bf6c7bf5de370ffb1a3ed6be93d405b43ff159f681a8d18c0e2bc2e402
#11 resolve docker.io/library/node:22-alpine@sha256:0a7108bf6c7bf5de370ffb1a3ed6be93d405b43ff159f681a8d18c0e2bc2e402 0.0s done
#11 DONE 0.0s

#12 [internal] load build context
#12 transferring context: 1.65MB 0.1s done
#12 DONE 0.1s

#13 [web 2/6] WORKDIR /web
#13 CACHED

#14 [web 3/6] COPY web/package.json web/package-lock.json ./
#14 CACHED

#15 [web 4/6] RUN --mount=type=secret,id=extra_ca,target=/run/secrets/extra_ca --mount=type=cache,target=/root/.npm     if [ -s /run/secrets/extra_ca ]; then export NODE_EXTRA_CA_CERTS=/run/secrets/extra_ca; fi;     npm ci --no-audit --no-fund
#15 CACHED

#16 [web 5/6] COPY web/ ./
#16 DONE 0.0s

#17 [web 6/6] RUN npm run check && npm run build
#17 0.479 
#17 0.479 > erp-web@0.1.0 check
#17 0.479 > node scripts/check-strings.mjs && node scripts/check-a11y.mjs
#17 0.479 
#17 1.331 String check passed: 57 source files, 503 keys in English and Arabic, 44 plural messages.
#17 2.099 Accessibility check passed: 855 JSX elements checked.
#17 2.258 
#17 2.258 > erp-web@0.1.0 build
#17 2.258 > tsc -b && vite build
#17 2.258 
#17 8.400 vite v7.3.6 building client environment for production...
#17 8.463 transforming...
#17 10.52 ✓ 93 modules transformed.
#17 10.76 rendering chunks...
#17 10.77 computing gzip size...
#17 10.79 dist/index.html                                                   0.49 kB │ gzip:   0.30 kB
#17 10.79 dist/assets/noto-sans-arabic-arabic-wght-normal-BhzieyvS.woff2  165.96 kB
#17 10.79 dist/assets/index-Dvtq9nTZ.css                                   28.04 kB │ gzip:   6.32 kB
#17 10.79 dist/assets/index-CRHMr6w_.js                                   442.87 kB │ gzip: 128.30 kB
#17 10.79 
#17 10.79 (!) Some chunks are larger than 400 kB after minification. Consider:
#17 10.79 - Using dynamic import() to code-split the application
#17 10.79 - Use build.rollupOptions.output.manualChunks to improve chunking: https://rollupjs.org/configuration-options/#output-manualchunks
#17 10.79 - Adjust chunk size limit for this warning via build.chunkSizeWarningLimit.
#17 10.79 ✓ built in 2.36s
#17 DONE 10.9s

#18 [build 2/6] WORKDIR /src
#18 CACHED

#19 [build 5/6] RUN --mount=type=secret,id=extra_ca,target=/run/secrets/extra_ca --mount=type=cache,target=/root/.nuget/packages     if [ -s /run/secrets/extra_ca ]; then cat /run/secrets/extra_ca >>/etc/ssl/certs/ca-certificates.crt; fi;     dotnet restore src/Host/Erp.Host/Erp.Host.csproj
#19 CACHED

#20 [stage-2 3/4] COPY --from=build /app ./
#20 CACHED

#21 [build 3/6] COPY global.json Directory.Build.props Directory.Packages.props ./
#21 CACHED

#22 [build 4/6] COPY src/ src/
#22 CACHED

#23 [build 6/6] RUN --mount=type=cache,target=/root/.nuget/packages dotnet publish src/Host/Erp.Host/Erp.Host.csproj -c Release -o /app --no-restore
#23 CACHED

#24 [stage-2 2/4] WORKDIR /app
#24 CACHED

#25 [stage-2 4/4] COPY --from=web /web/dist ./wwwroot
#25 CACHED

#26 exporting to image
#26 exporting layers done
#26 exporting manifest sha256:10ca590e344becd69e7a71a5ab80e374c271966fabfc204474994f018c0834cd done
#26 exporting config sha256:f18e9645c88503740b8e7b43485eb079439e9ed754ea8f217b7275865ccdb855 done
#26 exporting attestation manifest sha256:152a1cc4fd7bf5407ba0e2dcd1296228f5790ca69160b610c3cd73da1887ddbd done
#26 exporting manifest list sha256:f93c04390993492ea58eccbc755d39b56f930dd833875fb95c24baa65f98cad6 done
#26 naming to docker.io/library/erp-app:c-p02-tenancy-r3-verify done
#26 unpacking to docker.io/library/erp-app:c-p02-tenancy-r3-verify 0.1s done
#26 DONE 0.2s

#27 resolving provenance for metadata file
#27 DONE 0.0s
 Image erp-app:c-p02-tenancy-r3-verify Built 
[1mStarting PostgreSQL, setting up the database (roles, migrations, seed: 2000 users) and serving[0m
 Network c-p02-tenancy-r3-verify_default Creating 
 Network c-p02-tenancy-r3-verify_default Created 
 Volume c-p02-tenancy-r3-verify_db-data Creating 
 Volume c-p02-tenancy-r3-verify_db-data Created 
 Container c-p02-tenancy-r3-verify-db-1 Creating 
 Container c-p02-tenancy-r3-verify-db-1 Created 
 Container c-p02-tenancy-r3-verify-db-1 Starting 
 Container c-p02-tenancy-r3-verify-db-1 Started 
 Container c-p02-tenancy-r3-verify-db-1 Waiting 
 Container c-p02-tenancy-r3-verify-db-1 Healthy 
 Container c-p02-tenancy-r3-verify-db-1 Running 
 Container c-p02-tenancy-r3-verify-setup-1 Creating 
 Container c-p02-tenancy-r3-verify-setup-1 Created 
Attaching to setup-1
 Container c-p02-tenancy-r3-verify-db-1 Waiting 
 Container c-p02-tenancy-r3-verify-db-1 Healthy 
 Container c-p02-tenancy-r3-verify-setup-1 Starting 
 Container c-p02-tenancy-r3-verify-setup-1 Started 
setup-1  | info: Erp.Kernel.Data.DatabaseBootstrap[0]
setup-1  |       Creating database erp
setup-1  | info: Erp.Kernel.Data.DatabaseMigrator[0]
setup-1  |       Migrating KernelDbContext: 4 pending
setup-1  | info: Erp.Kernel.Data.DatabaseMigrator[0]
setup-1  |       Migrating TenancyDbContext: 4 pending
setup-1  | info: Erp.Kernel.Data.DatabaseMigrator[0]
setup-1  |       Migrating IdentityDbContext: 6 pending
setup-1  | info: Erp.Kernel.Data.DatabaseMigrator[0]
setup-1  |       Migrating ListsDbContext: 1 pending
setup-1  | info: Erp.Kernel.Seeding.SeedRunner[0]
setup-1  |       Seeded tenant alnoor (Demo) in 2138 ms
setup-1  | info: Erp.Kernel.Seeding.SeedRunner[0]
setup-1  |       Seeded tenant gulfsteel (Demo) in 502 ms
[Ksetup-1 exited with code 0
 Compose Stopping Aborting on container exit...
 Container c-p02-tenancy-r3-verify-setup-1 Stopping 
 Container c-p02-tenancy-r3-verify-setup-1 Stopped 
 Container c-p02-tenancy-r3-verify-db-1 Running 
 Container c-p02-tenancy-r3-verify-app-1 Creating 
 Container c-p02-tenancy-r3-verify-app-1 Created 
 Container c-p02-tenancy-r3-verify-db-1 Waiting 
 Container c-p02-tenancy-r3-verify-db-1 Healthy 
 Container c-p02-tenancy-r3-verify-setup-1 Starting 
 Container c-p02-tenancy-r3-verify-setup-1 Started 
 Container c-p02-tenancy-r3-verify-setup-1 Waiting 
 Container c-p02-tenancy-r3-verify-setup-1 Exited 
 Container c-p02-tenancy-r3-verify-app-1 Starting 
 Container c-p02-tenancy-r3-verify-app-1 Started 
[1m[3/3] End-to-end tests in Chromium[0m

[1m== Copying sources (without build output)[0m

[1m== End-to-end: Playwright against http://localhost:20260[0m

added 3 packages in 425ms

Running 54 tests using 1 worker

client isolation: 15 steps per tenant judged on 7 markers in 8 carriers; canary.zarzaty6@alnoor.example (A) and canary.zbh28yx1@gulfsteel.example (B)
  ✓   1 [chromium] › specs/client-isolation.spec.ts:174:7 › G1 in the browser: one tab, tenant B then tenant A › after B signs out, the tab holds nothing of B, and A sees nothing of B on any screen, in storage or in memory (8.8s)
  ✓   2 [chromium] › specs/client-isolation.spec.ts:233:7 › G1 in the browser: one tab, tenant B then tenant A › after signing out, Back does not bring the signed-out person's screens back (1.6s)
  ✓   3 [chromium] › specs/client-isolation.spec.ts:251:7 › G1 in the browser: one tab, tenant B then tenant A › signing out in one tab ends the session in every other tab of the browser at once (1.8s)
  ✓   4 [chromium] › specs/client-isolation.spec.ts:269:7 › G1 in the browser: one tab, tenant B then tenant A › the judges' self-test: a marker planted in each carrier of the tab is found (1.6s)
  ✓   5 [chromium] › specs/identity.spec.ts:7:7 › users, roles and permissions › an administrator creates a user with a restricted role from the keyboard, and that user sees and can do only what it grants (3.6s)
  ✓   6 [chromium] › specs/identity.spec.ts:85:7 › users, roles and permissions › a role is built in the permission matrix with search and a bulk toggle, then copied and deleted (1.3s)
  ✓   7 [chromium] › specs/identity.spec.ts:115:7 › users, roles and permissions › a user who may change roles but not delete them sees no Delete role, and a role granting more than they hold is read-only (1.7s)
  ✓   8 [chromium] › specs/identity.spec.ts:160:7 › users, roles and permissions › an invitation sent to a mistyped address is corrected, and a user who never signed in is deleted (1.1s)
  ✓   9 [chromium] › specs/identity.spec.ts:192:9 › users, roles and permissions › at 1440 px the sign-in history fits the record panel and matrix headers keep whole words (en) (994ms)
  ✓  10 [chromium] › specs/identity.spec.ts:192:9 › users, roles and permissions › at 1440 px the sign-in history fits the record panel and matrix headers keep whole words (ar) (996ms)
  ✓  11 [chromium] › specs/identity.spec.ts:242:7 › users, roles and permissions › the Administrator role and the matrix read right to left in Arabic (773ms)
  ✓  12 [chromium] › specs/lists.spec.ts:17:7 › list framework › finds one user by keyboard: the search box has focus, words in any order, Enter opens the only match (1.4s)
  ✓  13 [chromium] › specs/lists.spec.ts:37:7 › list framework › moves through rows with the arrow keys, selects with Space and opens with Enter (939ms)
  ✓  14 [chromium] › specs/lists.spec.ts:63:7 › list framework › sorts from a header and filters from the column menu; the address keeps the state (1.2s)
  ✓  15 [chromium] › specs/lists.spec.ts:93:7 › list framework › groups by a column with counts and opens a group's rows (935ms)
  ✓  16 [chromium] › specs/lists.spec.ts:108:7 › list framework › chooses columns and saves a personal default view that opens next time (1.6s)
  ✓  17 [chromium] › specs/lists.spec.ts:138:7 › list framework › a read-only user keeps personal views but is not offered sharing (1.4s)
  ✓  18 [chromium] › specs/lists.spec.ts:152:7 › list framework › the list works right to left in Arabic with Arabic counts and headers (1.1s)
  ✓  19 [chromium] › specs/navigation.spec.ts:24:7 › navigation reaches every screen › an administrator opens every menu entry in English and each screen loads (1.3s)
  ✓  20 [chromium] › specs/navigation.spec.ts:30:7 › navigation reaches every screen › an administrator opens every menu entry in Arabic, right to left, and each screen loads (1.3s)
  ✓  21 [chromium] › specs/permissions.spec.ts:5:7 › screens hide what the user cannot do › a user whose roles grant nothing sees no menu and cannot open a screen by address (666ms)
  ✓  22 [chromium] › specs/permissions.spec.ts:15:7 › screens hide what the user cannot do › a read-only user can browse users, and the list is server-paged and searchable (920ms)
  ✓  23 [chromium] › specs/permissions.spec.ts:27:7 › screens hide what the user cannot do › counts take the right plural form in Arabic (27.6s)
  ✓  24 [chromium] › specs/permissions.spec.ts:40:7 › screens hide what the user cannot do › signing out returns to the sign-in screen and the session is gone (2.9s)
  ✓  25 [chromium] › specs/shell.spec.ts:13:7 › app shell › a fresh visit, with or without a stale session cookie, logs no error and no failed request (340ms)
switch to Arabic on the users list: 108 ms
  ✓  26 [chromium] › specs/shell.spec.ts:26:7 › app shell › switch to Arabic in one click on a working screen: everything mirrors at once, records stay, and it survives an immediate reload (2.7s)
palette to the Roles screen: 77 ms, 3 steps, 6 keystrokes
  ✓  27 [chromium] › specs/shell.spec.ts:58:7 › app shell › keyboard only: the palette reaches any screen, Alt+M walks the navigation, ? lists every shortcut (1.5s)
  ✓  28 [chromium] › specs/shell.spec.ts:100:7 › app shell › shortcuts work with an Arabic keyboard layout (matched by key position) (1.6s)
  ✓  29 [chromium] › specs/shell.spec.ts:113:7 › app shell › the palette finds a record and opens it (1.9s)
  ✓  30 [chromium] › specs/shell.spec.ts:129:7 › app shell › the palette leads from a few record matches to the list of every match (3.6s)
  ✓  31 [chromium] › specs/shell.spec.ts:147:9 › app shell › at phone width nothing is wider than the window (en) (938ms)
  ✓  32 [chromium] › specs/shell.spec.ts:147:9 › app shell › at phone width nothing is wider than the window (ar) (811ms)
  ✓  33 [chromium] › specs/shell.spec.ts:168:7 › app shell › the palette offers a user with no roles nothing they cannot open (884ms)
  ✓  34 [chromium] › specs/shell.spec.ts:182:7 › app shell › Arabic-Indic digits are a per-user choice that follows the user (2.2s)
  ✓  35 [chromium] › specs/shell.spec.ts:212:7 › app shell › printing shows the screen's content with a letterhead and none of the app's chrome (1.2s)
  ✓  36 [chromium] › specs/shell.spec.ts:232:7 › app shell › a printed list screen is a document: no buttons, menus, selection boxes, sort marks or key hints (761ms)
  ✓  37 [chromium] › specs/shell.spec.ts:268:9 › app shell › the status line stays in view on every screen and the page never scrolls (1366x768) (1.7s)
  ✓  38 [chromium] › specs/shell.spec.ts:268:9 › app shell › the status line stays in view on every screen and the page never scrolls (1280x720) (1.6s)
  ✓  39 [chromium] › specs/shell.spec.ts:268:9 › app shell › the status line stays in view on every screen and the page never scrolls (1920x1080) (1.6s)
  ✓  40 [chromium] › specs/shell.spec.ts:292:7 › app shell › Arabic text renders in the bundled Arabic font on screen and in print, whatever the device has (837ms)
  ✓  41 [chromium] › specs/shell.spec.ts:321:9 › app shell › every shell screen and dialog meets the accessibility basics (en) (1.5s)
  ✓  42 [chromium] › specs/shell.spec.ts:321:9 › app shell › every shell screen and dialog meets the accessibility basics (ar) (1.4s)
sign-in to workspace: 303 ms
  ✓  43 [chromium] › specs/sign-in.spec.ts:5:7 › sign in to an empty workspace › keyboard only, in English, lands in the workspace with its menu (618ms)
  ✓  44 [chromium] › specs/sign-in.spec.ts:17:7 › sign in to an empty workspace › in Arabic, right to left, from the first screen (694ms)
  ✓  45 [chromium] › specs/sign-in.spec.ts:33:7 › sign in to an empty workspace › a wrong password shows one message in the screen's language and clears the password (853ms)
  ✓  46 [chromium] › specs/sign-in.spec.ts:41:7 › sign in to an empty workspace › a failed sign-in message follows a switch to Arabic, right to left, with nothing left in English (707ms)
  ✓  47 [chromium] › specs/sign-in.spec.ts:50:7 › sign in to an empty workspace › empty fields are explained without a round trip (309ms)
  ✓  48 [chromium] › specs/sign-in.spec.ts:56:7 › sign in to an empty workspace › the device remembers the e-mail, so the next sign-in is password then Enter; signing out forgets it (27.5s)
  ✓  49 [chromium] › specs/tenancy.spec.ts:19:7 › companies, branches and the working company › an administrator creates a company and its first branch from the keyboard, then works in it (4.3s)
  ✓  50 [chromium] › specs/tenancy.spec.ts:67:7 › companies, branches and the working company › in Arabic the companies read right to left and the switcher works the same way (1.8s)
  ✓  51 [chromium] › specs/tenancy.spec.ts:84:7 › companies, branches and the working company › a read-only user works in one company: sees only it, cannot switch or edit (1.5s)
  ✓  52 [chromium] › specs/tenancy.spec.ts:98:7 › companies, branches and the working company › branches: search word by word, group by company and narrow to one company from the column menu (2.6s)
  ✓  53 [chromium] › specs/tenancy.spec.ts:141:7 › companies, branches and the working company › access: find a user by e-mail, see their companies and limit them to branches (1.3s)
  ✓  54 [chromium] › specs/tenancy.spec.ts:159:7 › companies, branches and the working company › at phone width the working company stays readable and the switcher opens inside the window (2.9s)

  54 passed (2.4m)

[1m== Comparison harness: built ours drivers against http://localhost:20260 (health check)[0m

added 1 package in 359ms
built for ours: api-update-user, create-company-branch, create-restricted-user, find-user, reach-screen-keyboard, sign-in, switch-company, switch-to-arabic
api-update-user          ours  verified  steps 2  keys 242  machine 0.033s  human 70.86s  human+wait 70.892s  -> ../out/ours-health/results/api-update-user-20261004T142817-7a46.json
create-company-branch    ours  verified  steps 6  keys 72  machine 0.518s  human 27.31s  human+wait 27.515s  -> ../out/ours-health/results/create-company-branch-20261004T142820-9f03.json
create-restricted-user   ours  verified  steps 5  keys 37  machine 0.672s  human 19.56s  human+wait 19.9s  -> ../out/ours-health/results/create-restricted-user-20261004T142824-242a.json
find-user                ours  verified  steps 4  keys 20  machine 0.382s  human 14.35s  human+wait 14.416s  -> ../out/ours-health/results/find-user-20261004T142830-1767.json
reach-screen-keyboard    ours  verified  steps 2  keys 3  machine 0.119s  human 3.15s  human+wait 3.213s  -> ../out/ours-health/results/reach-screen-keyboard-20261004T142832-759f.json
sign-in                  ours  verified  steps 2  keys 21  machine 0.23s  human 7.63s  human+wait 7.816s  -> ../out/ours-health/results/sign-in-20261004T142836-36e4.json
switch-company           ours  verified  steps 1  keys 0  machine 0.09s  human 2.65s  human+wait 2.705s  -> ../out/ours-health/results/switch-company-20261004T142839-c974.json
switch-to-arabic         ours  verified  steps 1  keys 0  machine 0.086s  human 2.65s  human+wait 2.655s  -> ../out/ours-health/results/switch-to-arabic-20261004T142843-226a.json
output: ../../../out/ours-health

Test counts this run:
  suite.dotnetTests      passed   337  failed 0  skipped 0  (minimum 337)
  suite.webUnitTests     passed   157  failed 0  skipped 0  (minimum 157)
  suite.e2eTests         passed    54  failed 0  skipped 0  (minimum 54)
  suite.compareTests     passed   146  failed 0  skipped 0  (minimum 146)
Ratchet check passed.
[1mverify passed in 6004 s[0m

real	100m5.211s
user	0m1.047s
sys	0m0.502s
EXIT 0
