
[1m[46m RUN [49m[22m [36mv4.0.18 [39m[90m/home/shan/critic/p03-identity-r9-plants/web[39m

 [31m❯[39m src/modules/identity/model.test.ts [2m([22m[2m17 tests[22m[2m | [22m[31m1 failed[39m[2m)[22m[32m 31[2mms[22m[39m
     [32m✓[39m groups by module, one row per resource, common actions in columns and the rest in other[32m 7[2mms[22m[39m
     [32m✓[39m filters rows by any word of the label, resource, module or key, in any script[32m 1[2mms[22m[39m
     [32m✓[39m matches each permission on its own, so a search for one action leaves the other actions of a row out of bulk toggles[32m 1[2mms[22m[39m
     [32m✓[39m a word naming a column matches that column only, not every label holding the word (critic p03 round 7)[32m 1[2mms[22m[39m
     [32m✓[39m bulk toggles add or remove exactly the given keys[32m 0[2mms[22m[39m
     [32m✓[39m suggests a display name from the e-mail[32m 0[2mms[22m[39m
     [32m✓[39m completes a bare local part with the workspace's domain and leaves full addresses alone[32m 0[2mms[22m[39m
     [32m✓[39m needs the permission of each action, exactly: removing one hides exactly that action[32m 0[2mms[22m[39m
     [32m✓[39m offers nothing but viewing for a role granting a permission the user lacks, and only copying for a system role[32m 0[2mms[22m[39m
     [32m✓[39m judges what a role grants against what the user holds in every company, not through a role in the working company (critic p03 round 7)[32m 0[2mms[22m[39m
     [32m✓[39m offers nothing on an account the server refuses for the signed-in user, but their own[32m 1[2mms[22m[39m
[31m     [31m×[31m needs the permission of each action, exactly[39m[32m 14[2mms[22m[39m
     [32m✓[39m offers nothing that acts on someone stronger, on oneself, or deletes someone who has signed in[32m 0[2mms[22m[39m
     [32m✓[39m treats roles it cannot read as beyond the signed-in user (a clerk who may not read roles opens the Administrator)[32m 0[2mms[22m[39m
     [32m✓[39m names a user in the screen's language[32m 0[2mms[22m[39m
     [32m✓[39m gets a block of its own with the usual columns[32m 0[2mms[22m[39m
     [32m✓[39m turns on viewing with any other action, never the reverse, and only what may be granted[32m 0[2mms[22m[39m
 [32m✓[39m src/kernel/lists/model.test.ts [2m([22m[2m16 tests[22m[2m)[22m[32m 12[2mms[22m[39m
 [32m✓[39m src/modules/reports/ReportsPage.test.tsx [2m([22m[2m7 tests[22m[2m)[22m[32m 155[2mms[22m[39m
[90mstderr[2m | src/kernel/forms/forms.test.tsx[2m > [22m[2mthe record form[2m > [22m[2mtracks unsaved changes, guards leaving, saves with Ctrl+S and maps the server's field errors to their fields
[22m[39mAn update to RecordForm inside a test was not wrapped in act(...).

When testing, code that causes React state updates should be wrapped into act(...):

act(() => {
  /* fire events that update state */
});
/* assert on the output */

This ensures that you're testing the behavior the user would see in the browser. Learn more at https://react.dev/link/wrap-tests-with-act

[90mstderr[2m | src/kernel/forms/forms.test.tsx[2m > [22m[2mthe record form[2m > [22m[2masks in the same dialog whichever way the user leaves: a menu link saves and then leaves, or discards and leaves
[22m[39mAn update to RecordForm inside a test was not wrapped in act(...).

When testing, code that causes React state updates should be wrapped into act(...):

act(() => {
  /* fire events that update state */
});
/* assert on the output */

This ensures that you're testing the behavior the user would see in the browser. Learn more at https://react.dev/link/wrap-tests-with-act

[90mstderr[2m | src/kernel/forms/forms.test.tsx[2m > [22m[2mthe record form[2m > [22m[2masks in the same dialog whichever way the user leaves: a menu link saves and then leaves, or discards and leaves
[22m[39mAn update to RecordForm inside a test was not wrapped in act(...).

When testing, code that causes React state updates should be wrapped into act(...):

act(() => {
  /* fire events that update state */
});
/* assert on the output */

This ensures that you're testing the behavior the user would see in the browser. Learn more at https://react.dev/link/wrap-tests-with-act

 [32m✓[39m src/kernel/forms/forms.test.tsx [2m([22m[2m16 tests[22m[2m)[22m[33m 485[2mms[22m[39m
 [32m✓[39m src/modules/shell/SignInPasskey.test.tsx [2m([22m[2m5 tests[22m[2m)[22m[32m 204[2mms[22m[39m
 [32m✓[39m src/modules/tenancy/BranchesPage.test.tsx [2m([22m[2m3 tests[22m[2m)[22m[33m 581[2mms[22m[39m
     [33m[2m✓[22m[39m shows each branch's company by code and name, groups by company with those labels and offers the companies as filter choices [33m 408[2mms[22m[39m
 [32m✓[39m src/modules/tenancy/WorkplaceSwitcher.test.tsx [2m([22m[2m5 tests[22m[2m)[22m[33m 801[2mms[22m[39m
     [33m[2m✓[22m[39m shows the working company and branch, and switches by keyboard: Alt+C, type, Enter [33m 475[2mms[22m[39m
 [32m✓[39m src/modules/shell/SignInPage.test.tsx [2m([22m[2m19 tests[22m[2m)[22m[33m 948[2mms[22m[39m
 [32m✓[39m src/modules/tenancy/AccessPage.test.tsx [2m([22m[2m3 tests[22m[2m)[22m[33m 1079[2mms[22m[39m
     [33m[2m✓[22m[39m says why a stronger user's access is read-only and offers no way to change it [33m 592[2mms[22m[39m
     [33m[2m✓[22m[39m lets a branch-limited manager give only their own branch [33m 308[2mms[22m[39m
 [32m✓[39m src/kernel/historyGuard.test.ts [2m([22m[2m13 tests[22m[2m)[22m[32m 36[2mms[22m[39m
 [32m✓[39m src/kernel/shortcuts.test.tsx [2m([22m[2m8 tests[22m[2m)[22m[32m 102[2mms[22m[39m
 [32m✓[39m src/modules/tenancy/CompaniesPage.test.tsx [2m([22m[2m8 tests[22m[2m)[22m[33m 1950[2mms[22m[39m
     [33m[2m✓[22m[39m creates a company from the keyboard (Alt+N, type, Ctrl+S), shows server validation, then adds its first branch with Enter [33m 692[2mms[22m[39m
 [32m✓[39m src/kernel/lists/recordWidth.test.ts [2m([22m[2m6 tests[22m[2m)[22m[32m 12[2mms[22m[39m
 [32m✓[39m src/kernel/signInAddress.test.ts [2m([22m[2m5 tests[22m[2m)[22m[32m 9[2mms[22m[39m
 [32m✓[39m src/kernel/preferences.test.ts [2m([22m[2m8 tests[22m[2m)[22m[33m 373[2mms[22m[39m
     [33m[2m✓[22m[39m gives up on a change that keeps conflicting, and keeps it pending for the next session [33m 319[2mms[22m[39m
 [32m✓[39m src/kernel/format.test.ts [2m([22m[2m8 tests[22m[2m)[22m[32m 33[2mms[22m[39m
 [32m✓[39m src/kernel/lists/format.test.ts [2m([22m[2m4 tests[22m[2m)[22m[32m 5[2mms[22m[39m
 [32m✓[39m src/kernel/print.test.tsx [2m([22m[2m3 tests[22m[2m)[22m[32m 118[2mms[22m[39m
 [32m✓[39m src/kernel/i18n.test.ts [2m([22m[2m7 tests[22m[2m)[22m[32m 117[2mms[22m[39m
 [32m✓[39m src/kernel/extensions.test.ts [2m([22m[2m4 tests[22m[2m)[22m[32m 7[2mms[22m[39m
 [32m✓[39m src/kernel/messageFormat.test.ts [2m([22m[2m5 tests[22m[2m)[22m[32m 65[2mms[22m[39m
 [32m✓[39m src/modules/shell/paletteSearch.test.ts [2m([22m[2m4 tests[22m[2m)[22m[32m 9[2mms[22m[39m
 [32m✓[39m src/test/keySweepCoverage.test.ts [2m([22m[2m7 tests[22m[2m)[22m[32m 14[2mms[22m[39m
 [32m✓[39m src/kernel/router.test.ts [2m([22m[2m2 tests[22m[2m)[22m[32m 18[2mms[22m[39m
 [32m✓[39m src/kernel/api.test.ts [2m([22m[2m2 tests[22m[2m)[22m[32m 7[2mms[22m[39m
 [32m✓[39m src/kernel/session.test.ts [2m([22m[2m2 tests[22m[2m)[22m[32m 3[2mms[22m[39m
 [32m✓[39m src/modules/shell/AppShell.test.tsx [2m([22m[2m20 tests[22m[2m)[22m[33m 4191[2mms[22m[39m
     [33m[2m✓[22m[39m opens with Ctrl+K, finds a screen as the user types, and opens it with Enter [33m 472[2mms[22m[39m
     [33m[2m✓[22m[39m finds an English screen by its Arabic name and records through module sources [33m 562[2mms[22m[39m
     [33m[2m✓[22m[39m ends a source's records with 'show all matches', which opens the list narrowed to the query [33m 676[2mms[22m[39m
     [33m[2m✓[22m[39m finds a role by its English or Arabic name and opens it in the roles list (critic p04 round 4) [33m 413[2mms[22m[39m
     [33m[2m✓[22m[39m finds companies and branches by code and opens the record in its list, in Arabic too [33m 361[2mms[22m[39m
     [33m[2m✓[22m[39m offers no 'show all matches' when every match is already shown [33m 323[2mms[22m[39m
     [33m[2m✓[22m[39m offers a user with no roles no screens and never asks a record source they may not use [33m 324[2mms[22m[39m
     [33m[2m✓[22m[39m shows Arabic-Indic digits on Arabic screens when the user chooses them [33m 336[2mms[22m[39m
 [32m✓[39m src/kernel/lists/ListView.test.tsx [2m([22m[2m24 tests[22m[2m)[22m[33m 5446[2mms[22m[39m
     [33m[2m✓[22m[39m searches as the user types and opens the only match with Enter [33m 470[2mms[22m[39m
     [33m[2m✓[22m[39m closes an open record with Escape wherever the focus is on the page [33m 613[2mms[22m[39m
     [33m[2m✓[22m[39m lists a search best match first and opens the best match with Enter [33m 530[2mms[22m[39m
     [33m[2m✓[22m[39m waits for a just-applied search's own rows before Enter opens the best match [33m 934[2mms[22m[39m
     [33m[2m✓[22m[39m keeps the default order and Enter's usual meaning when the server did not rank a broad search [33m 482[2mms[22m[39m
     [33m[2m✓[22m[39m keeps a sort chosen from the header while searching [33m 466[2mms[22m[39m
 [32m✓[39m src/modules/tenancy/screens.test.tsx [2m([22m[2m60 tests[22m[2m)[22m[33m 7826[2mms[22m[39m
     [33m[2m✓[22m[39m companies: with every tenancy permission, every action is offered [33m 745[2mms[22m[39m
     [33m[2m✓[22m[39m companies: without tenancy.access.read, exactly the actions that need it disappear [33m 388[2mms[22m[39m
     [33m[2m✓[22m[39m companies: without tenancy.access.update, exactly the actions that need it disappear [33m 316[2mms[22m[39m
     [33m[2m✓[22m[39m companies: without tenancy.companies.create, exactly the actions that need it disappear [33m 341[2mms[22m[39m
     [33m[2m✓[22m[39m companies: without tenancy.companies.update, exactly the actions that need it disappear [33m 334[2mms[22m[39m
 [32m✓[39m src/kernel/forms/keyboardPermissions.test.tsx [2m([22m[2m5 tests[22m[2m)[22m[33m 10978[2mms[22m[39m
     [33m[2m✓[22m[39m an existing record: no key sends anything but reads [33m 5064[2mms[22m[39m
     [33m[2m✓[22m[39m a new record the user may not create: no key sends anything [33m 2854[2mms[22m[39m
     [33m[2m✓[22m[39m the control: the same sweep on an editable form finds the save keys' writes [33m 3018[2mms[22m[39m
 [32m✓[39m src/modules/identity/screens.test.tsx [2m([22m[2m83 tests[22m[2m)[22m[33m 12538[2mms[22m[39m
     [33m[2m✓[22m[39m creates an invited user from the keyboard: n, local part only, a role by filter, Ctrl+Enter, and shows the set-up code once [33m 708[2mms[22m[39m
     [33m[2m✓[22m[39m creates a user with a role in one company, the companies they work in and where they start [33m 699[2mms[22m[39m
     [33m[2m✓[22m[39m creates a user with a role in one company, the companies they work in and where they start, and says so when the access is refused [33m 666[2mms[22m[39m
     [33m[2m✓[22m[39m ticks the company the signed-in user works in for a new user until companies are chosen by hand (critic p03 round 7) [33m 692[2mms[22m[39m
     [33m[2m✓[22m[39m deactivates the chosen users from the keyboard selection, skips those already inactive and reports what the API refused [33m 325[2mms[22m[39m
     [33m[2m✓[22m[39m activates only inactive users [33m 321[2mms[22m[39m
     [33m[2m✓[22m[39m changes nothing and keeps the chosen rows when the confirmation is cancelled with Escape [33m 323[2mms[22m[39m
     [33m[2m✓[22m[39m asks in Arabic, right to left, with Arabic buttons, on an Arabic screen [33m 307[2mms[22m[39m
       [33m[2m✓[22m[39m deactivates every matching user in one request with the list's search, filter and count, after a confirmation [33m 432[2mms[22m[39m
       [33m[2m✓[22m[39m changes nothing and keeps the selection when the confirmation is cancelled [33m 355[2mms[22m[39m
       [33m[2m✓[22m[39m shows the API's reason when the matching rows changed meanwhile [33m 424[2mms[22m[39m
 [32m✓[39m src/modules/tenancy/keyboard.test.tsx [2m([22m[2m8 tests[22m[2m)[22m[33m 21512[2mms[22m[39m
     [33m[2m✓[22m[39m /tenancy/companies?open=c9: no key, and no control the keyboard reaches, sends anything but reads or opens a new record [33m 5059[2mms[22m[39m
     [33m[2m✓[22m[39m /tenancy/branches?open=b1: no key, and no control the keyboard reaches, sends anything but reads or opens a new record [33m 2260[2mms[22m[39m
     [33m[2m✓[22m[39m /tenancy/access?open=u2: no key, and no control the keyboard reaches, sends anything but reads or opens a new record [33m 2029[2mms[22m[39m
     [33m[2m✓[22m[39m /tenancy/tenant: no key, and no control the keyboard reaches, sends anything but reads or opens a new record [33m 851[2mms[22m[39m
     [33m[2m✓[22m[39m /tenancy/companies: no key, and no control the keyboard reaches, sends anything but reads or opens a new record [33m 3532[2mms[22m[39m
     [33m[2m✓[22m[39m /tenancy/branches: no key, and no control the keyboard reaches, sends anything but reads or opens a new record [33m 3112[2mms[22m[39m
     [33m[2m✓[22m[39m the control: the same sweep for a user who may change companies finds the save keys' writes [33m 2700[2mms[22m[39m
     [33m[2m✓[22m[39m /tenancy/access?open=u2 for a user who may change access, on a user the server marks read-only (one holding more): no key writes [33m 1966[2mms[22m[39m
 [31m❯[39m src/modules/identity/keyboard.test.tsx [2m([22m[2m5 tests[22m[2m | [22m[31m1 failed[39m[2m)[22m[33m 23549[2mms[22m[39m
[31m     [31m×[31m /identity/users?open=u1: no key, and no control the keyboard reaches, sends anything but reads or opens a new record[39m[33m 6789[2mms[22m[39m
     [33m[2m✓[22m[39m /identity/roles?open=r-clerk: no key, and no control the keyboard reaches, sends anything but reads or opens a new record [33m 4154[2mms[22m[39m
     [33m[2m✓[22m[39m /identity/users: no key, and no control the keyboard reaches, sends anything but reads or opens a new record [33m 5179[2mms[22m[39m
     [33m[2m✓[22m[39m /identity/roles: no key, and no control the keyboard reaches, sends anything but reads or opens a new record [33m 4369[2mms[22m[39m
     [33m[2m✓[22m[39m the control: every row chosen shows the selection bar, and an editor's sweep finds the bulk deactivation [33m 3057[2mms[22m[39m
 [32m✓[39m src/modules/shell/clientIsolation.test.tsx [2m([22m[2m7 tests[22m[2m)[22m[33m 37537[2mms[22m[39m
     [33m[2m✓[22m[39m tenant A sees, and the tab keeps, nothing of tenant B after B signs out [33m 18775[2mms[22m[39m
     [33m[2m✓[22m[39m in Arabic with Arabic-Indic digits, tenant A sees, and the tab keeps, nothing of tenant B after B signs out [33m 17435[2mms[22m[39m
     [33m[2m✓[22m[39m an address someone types or follows is kept, and stamped for the person in the tab [33m 345[2mms[22m[39m
     [33m[2m✓[22m[39m signing out forgets every cookie the document can read, whatever its path, and the tab's window name [33m 417[2mms[22m[39m
     [33m[2m✓[22m[39m a session that ends by itself (401) starts over and forgets the person, keeping only the e-mail [33m 343[2mms[22m[39m

[31m⎯⎯⎯⎯⎯⎯⎯[39m[1m[41m Failed Tests 2 [49m[22m[31m⎯⎯⎯⎯⎯⎯⎯[39m

[41m[1m FAIL [22m[49m src/modules/identity/keyboard.test.tsx[2m > [22musers and roles screens by keyboard, for a user who may read them and change nothing[2m > [22m/identity/users?open=u1: no key, and no control the keyboard reaches, sends anything but reads or opens a new record
[31m[1mAssertionError[22m: expected [ { …(3) } ] to deeply equal [][39m

[32m- Expected[39m
[31m+ Received[39m

[32m- [][39m
[31m+ [[39m
[31m+   {[39m
[31m+     "key": "Enter on button \"Sign-in history\" > button \"Allow sign-in again\"",[39m
[31m+     "method": "POST",[39m
[31m+     "url": "/api/identity/users/u1/unblock",[39m
[31m+   },[39m
[31m+ ][39m

[36m [2m❯[22m src/modules/identity/keyboard.test.tsx:[2m127:39[22m[39m
    [90m125| [39m  ] [35mas[39m [35mconst[39m) {
    [90m126| [39m    it(`${path}: no key, and no control the keyboard reaches, sends an…
    [90m127| [39m      [34mexpect[39m([35mawait[39m [34msweep[39m(path[33m,[39m list))[33m.[39m[34mtoEqual[39m([])[33m;[39m
    [90m   | [39m                                      [31m^[39m
    [90m128| [39m    }[33m,[39m sweepTimeLimit)[33m;[39m
    [90m129| [39m  }

[31m[2m⎯⎯⎯⎯⎯⎯⎯⎯⎯⎯⎯⎯⎯⎯⎯⎯⎯⎯⎯⎯⎯⎯⎯⎯[1/2]⎯[22m[39m

[41m[1m FAIL [22m[49m src/modules/identity/model.test.ts[2m > [22mwhat the screens offer for another user[2m > [22mneeds the permission of each action, exactly
[31m[1mAssertionError[22m: expected { self: false, beyondOwn: false, …(5) } to match object { edit: false, …(3) }
(3 matching properties omitted from actual)[39m

[32m- Expected[39m
[31m+ Received[39m

[2m  {[22m
[2m    "edit": false,[22m
[2m    "resetPassword": true,[22m
[2m    "signOutEverywhere": false,[22m
[32m-   "unblock": false,[39m
[31m+   "unblock": true,[39m
[2m  }[22m

[36m [2m❯[22m src/modules/identity/model.test.ts:[2m172:85[22m[39m
    [90m170| [39m    expect(userActions(clerk, [clerkRole], without("identity.users.del…
    [90m171| [39m    expect(userActions(clerk, [clerkRole], without("identity.users.res…
    [90m172| [39m    expect(userActions(clerk, [clerkRole], without("identity.users.upd…
    [90m   | [39m                                                                                    [31m^[39m
    [90m173| [39m  })[33m;[39m
    [90m174| [39m

[31m[2m⎯⎯⎯⎯⎯⎯⎯⎯⎯⎯⎯⎯⎯⎯⎯⎯⎯⎯⎯⎯⎯⎯⎯⎯[2/2]⎯[22m[39m


[2m Test Files [22m [1m[31m2 failed[39m[22m[2m | [22m[1m[32m32 passed[39m[22m[90m (34)[39m
[2m      Tests [22m [1m[31m2 failed[39m[22m[2m | [22m[1m[32m397 passed[39m[22m[90m (399)[39m
[2m   Start at [22m 14:04:03
[2m   Duration [22m 40.48s[2m (transform 15.50s, setup 1.19s, import 26.95s, tests 130.75s, environment 19.89s)[22m

