Test run for /home/shan/critic/p02-tenancy-r8-plant/tests/Erp.Gates.Tests/bin/Release/net10.0/Erp.Gates.Tests.dll (.NETCoreApp,Version=v10.0)
VSTest version 18.0.2 (x64)

Starting test execution, please wait...
A total of 1 test files matched the specified pattern.
[xUnit.net 00:00:00.00] xUnit.net VSTest Adapter v3.1.5+1b188a7b0a (64-bit .NET 10.0.12)
[xUnit.net 00:00:00.33]   Discovering: Erp.Gates.Tests
[xUnit.net 00:00:00.80]   Discovered:  Erp.Gates.Tests
[xUnit.net 00:00:01.05]   Starting:    Erp.Gates.Tests
  Passed Erp.Gates.Tests.G1.G1CompanyScopeTests.The_application_role_sees_and_changes_only_the_bound_companies_in_every_company_table [322 ms]
  Passed Erp.Gates.Tests.G1.G1CompanyScopeTests.Every_company_table_carries_the_standard_company_scope_policy [64 ms]
[xUnit.net 00:01:51.67]     Erp.Gates.Tests.G1.G1BranchScopeAttackTests.A_user_limited_to_one_branch_cannot_reach_another_branch_of_the_company_through_any_endpoint [FAIL]
[xUnit.net 00:01:51.67]       Assert.Contains() Failure: Item not found in collection
[xUnit.net 00:01:51.67]       Collection: ["tenancy.companies"]
[xUnit.net 00:01:51.67]       Not found:  "tenancy.tenants"
[xUnit.net 00:01:51.67]       Stack Trace:
[xUnit.net 00:01:51.67]         /home/shan/critic/p02-tenancy-r8-plant/tests/Erp.Gates.Tests/G1/G1BranchScopeAttackTests.cs(79,0): at Erp.Gates.Tests.G1.G1BranchScopeAttackTests.A_user_limited_to_one_branch_cannot_reach_another_branch_of_the_company_through_any_endpoint()
[xUnit.net 00:01:51.67]         --- End of stack trace from previous location ---
[xUnit.net 00:01:51.67]       Output:
[xUnit.net 00:01:51.67]         103 endpoints, 13654 requests, 4 branch Z markers, 1004 differential checks, 5 write oracle checks
[xUnit.net 00:01:51.67]         own-parameter reads: 1930 requests over 51 reads; answered: /api/auth/session, /api/health, /api/identity/companies, /api/identity/permissions, /api/identity/roles, /api/identity/roles/{id:guid}, /api/identity/users, /api/identity/users/{id:guid}, /api/identity/users/{id:guid}/access, /api/identity/users/{id:guid}/default-company, /api/identity/users/{id:guid}/sign-ins, /api/lists/identity.roles/definition, /api/lists/identity.roles/shared-views/{id:guid}, /api/lists/identity.roles/views, /api/lists/identity.users/definition, /api/lists/identity.users/shared-views/{id:guid}, /api/lists/identity.users/views, /api/lists/tenancy.access/definition, /api/lists/tenancy.access/shared-views/{id:guid}, /api/lists/tenancy.access/views, /api/lists/tenancy.branches/definition, /api/lists/tenancy.branches/shared-views/{id:guid}, /api/lists/tenancy.branches/views, /api/lists/tenancy.companies/definition, /api/lists/tenancy.companies/shared-views/{id:guid}, /api/lists/tenancy.companies/views, /api/openapi/v1.json, /api/reports/catalog, /api/reports/lists/identity.roles, /api/reports/lists/identity.users, /api/reports/lists/tenancy.access, /api/reports/lists/tenancy.branches, /api/reports/lists/tenancy.companies, /api/reports/run/identity.roleSummary, /api/reports/run/identity.usersByRole, /api/reports/run/tenancy.branchDirectory, /api/reports/run/tenancy.companyProfile, /api/tenancy/access, /api/tenancy/access/{userId:guid}, /api/tenancy/branches, /api/tenancy/branches/{id:guid}, /api/tenancy/companies, /api/tenancy/companies/{id:guid}, /api/tenancy/companies/{id:guid}/logo, /api/tenancy/tenant, /api/tenancy/workplace
[xUnit.net 00:01:51.67]         shared records: tenancy.companies; 31 writes to company X by the branch-limited administrator:
[xUnit.net 00:01:51.67]           DELETE /api/identity/roles/{id:guid} [-]
[xUnit.net 00:01:51.67]           DELETE /api/identity/users/{id:guid} [-]
[xUnit.net 00:01:51.67]           DELETE /api/lists/identity.roles/shared-views/{id:guid} [-]
[xUnit.net 00:01:51.67]           DELETE /api/lists/identity.roles/views/{id:guid} [-]
[xUnit.net 00:01:51.67]           DELETE /api/lists/identity.users/shared-views/{id:guid} [-]
[xUnit.net 00:01:51.67]           DELETE /api/lists/identity.users/views/{id:guid} [-]
[xUnit.net 00:01:51.67]           DELETE /api/lists/tenancy.access/shared-views/{id:guid} [-]
[xUnit.net 00:01:51.67]           DELETE /api/lists/tenancy.access/views/{id:guid} [-]
[xUnit.net 00:01:51.67]           DELETE /api/lists/tenancy.branches/shared-views/{id:guid} [-]
[xUnit.net 00:01:51.67]           DELETE /api/lists/tenancy.branches/views/{id:guid} [-]
[xUnit.net 00:01:51.67]           DELETE /api/lists/tenancy.companies/shared-views/{id:guid} [-]
[xUnit.net 00:01:51.67]           DELETE /api/lists/tenancy.companies/views/{id:guid} [-]
[xUnit.net 00:01:51.67]           DELETE /api/tenancy/companies/{id:guid}/logo [-]
[xUnit.net 00:01:51.67]           POST /api/identity/users/{id:guid}/sessions/revoke [-]
[xUnit.net 00:01:51.67]           POST /api/identity/users/{id:guid}/unblock [-]
[xUnit.net 00:01:51.67]           PUT /api/tenancy/companies/{id:guid} [addressAr]
[xUnit.net 00:01:51.67]           PUT /api/tenancy/companies/{id:guid} [addressLine1]
[xUnit.net 00:01:51.67]           PUT /api/tenancy/companies/{id:guid} [city]
[xUnit.net 00:01:51.67]           PUT /api/tenancy/companies/{id:guid} [code]
[xUnit.net 00:01:51.67]           PUT /api/tenancy/companies/{id:guid} [email]
[xUnit.net 00:01:51.67]           PUT /api/tenancy/companies/{id:guid} [emirate]
[xUnit.net 00:01:51.67]           PUT /api/tenancy/companies/{id:guid} [fiscalYearStartDay]
[xUnit.net 00:01:51.67]           PUT /api/tenancy/companies/{id:guid} [fiscalYearStartMonth]
[xUnit.net 00:01:51.67]           PUT /api/tenancy/companies/{id:guid} [isActive]
[xUnit.net 00:01:51.67]           PUT /api/tenancy/companies/{id:guid} [legalNameAr]
[xUnit.net 00:01:51.67]           PUT /api/tenancy/companies/{id:guid} [legalNameEn]
[xUnit.net 00:01:51.67]           PUT /api/tenancy/companies/{id:guid} [poBox]
[xUnit.net 00:01:51.67]           PUT /api/tenancy/companies/{id:guid} [taxRegistrationNumber]
[xUnit.net 00:01:51.67]           PUT /api/tenancy/companies/{id:guid} [tradeLicenceAuthority]
[xUnit.net 00:01:51.67]           PUT /api/tenancy/companies/{id:guid} [tradeLicenceNumber]
[xUnit.net 00:01:51.67]           PUT /api/tenancy/companies/{id:guid}/logo [-]
  Failed Erp.Gates.Tests.G1.G1BranchScopeAttackTests.A_user_limited_to_one_branch_cannot_reach_another_branch_of_the_company_through_any_endpoint [1 m 31 s]
  Error Message:
   Assert.Contains() Failure: Item not found in collection
Collection: ["tenancy.companies"]
Not found:  "tenancy.tenants"
  Stack Trace:
     at Erp.Gates.Tests.G1.G1BranchScopeAttackTests.A_user_limited_to_one_branch_cannot_reach_another_branch_of_the_company_through_any_endpoint() in /home/shan/critic/p02-tenancy-r8-plant/tests/Erp.Gates.Tests/G1/G1BranchScopeAttackTests.cs:line 79
--- End of stack trace from previous location ---
  Standard Output Messages:
 103 endpoints, 13654 requests, 4 branch Z markers, 1004 differential checks, 5 write oracle checks
 own-parameter reads: 1930 requests over 51 reads; answered: /api/auth/session, /api/health, /api/identity/companies, /api/identity/permissions, /api/identity/roles, /api/identity/roles/{id:guid}, /api/identity/users, /api/identity/users/{id:guid}, /api/identity/users/{id:guid}/access, /api/identity/users/{id:guid}/default-company, /api/identity/users/{id:guid}/sign-ins, /api/lists/identity.roles/definition, /api/lists/identity.roles/shared-views/{id:guid}, /api/lists/identity.roles/views, /api/lists/identity.users/definition, /api/lists/identity.users/shared-views/{id:guid}, /api/lists/identity.users/views, /api/lists/tenancy.access/definition, /api/lists/tenancy.access/shared-views/{id:guid}, /api/lists/tenancy.access/views, /api/lists/tenancy.branches/definition, /api/lists/tenancy.branches/shared-views/{id:guid}, /api/lists/tenancy.branches/views, /api/lists/tenancy.companies/definition, /api/lists/tenancy.companies/shared-views/{id:guid}, /api/lists/tenancy.companies/views, /api/openapi/v1.json, /api/reports/catalog, /api/reports/lists/identity.roles, /api/reports/lists/identity.users, /api/reports/lists/tenancy.access, /api/reports/lists/tenancy.branches, /api/reports/lists/tenancy.companies, /api/reports/run/identity.roleSummary, /api/reports/run/identity.usersByRole, /api/reports/run/tenancy.branchDirectory, /api/reports/run/tenancy.companyProfile, /api/tenancy/access, /api/tenancy/access/{userId:guid}, /api/tenancy/branches, /api/tenancy/branches/{id:guid}, /api/tenancy/companies, /api/tenancy/companies/{id:guid}, /api/tenancy/companies/{id:guid}/logo, /api/tenancy/tenant, /api/tenancy/workplace
 shared records: tenancy.companies; 31 writes to company X by the branch-limited administrator:
   DELETE /api/identity/roles/{id:guid} [-]
   DELETE /api/identity/users/{id:guid} [-]
   DELETE /api/lists/identity.roles/shared-views/{id:guid} [-]
   DELETE /api/lists/identity.roles/views/{id:guid} [-]
   DELETE /api/lists/identity.users/shared-views/{id:guid} [-]
   DELETE /api/lists/identity.users/views/{id:guid} [-]
   DELETE /api/lists/tenancy.access/shared-views/{id:guid} [-]
   DELETE /api/lists/tenancy.access/views/{id:guid} [-]
   DELETE /api/lists/tenancy.branches/shared-views/{id:guid} [-]
   DELETE /api/lists/tenancy.branches/views/{id:guid} [-]
   DELETE /api/lists/tenancy.companies/shared-views/{id:guid} [-]
   DELETE /api/lists/tenancy.companies/views/{id:guid} [-]
   DELETE /api/tenancy/companies/{id:guid}/logo [-]
   POST /api/identity/users/{id:guid}/sessions/revoke [-]
   POST /api/identity/users/{id:guid}/unblock [-]
   PUT /api/tenancy/companies/{id:guid} [addressAr]
   PUT /api/tenancy/companies/{id:guid} [addressLine1]
   PUT /api/tenancy/companies/{id:guid} [city]
   PUT /api/tenancy/companies/{id:guid} [code]
   PUT /api/tenancy/companies/{id:guid} [email]
   PUT /api/tenancy/companies/{id:guid} [emirate]
   PUT /api/tenancy/companies/{id:guid} [fiscalYearStartDay]
   PUT /api/tenancy/companies/{id:guid} [fiscalYearStartMonth]
   PUT /api/tenancy/companies/{id:guid} [isActive]
   PUT /api/tenancy/companies/{id:guid} [legalNameAr]
   PUT /api/tenancy/companies/{id:guid} [legalNameEn]
   PUT /api/tenancy/companies/{id:guid} [poBox]
   PUT /api/tenancy/companies/{id:guid} [taxRegistrationNumber]
   PUT /api/tenancy/companies/{id:guid} [tradeLicenceAuthority]
   PUT /api/tenancy/companies/{id:guid} [tradeLicenceNumber]
   PUT /api/tenancy/companies/{id:guid}/logo [-]


[xUnit.net 00:03:31.62]     Erp.Gates.Tests.G1.G1CompanyIsolationTests.A_user_of_company_X_cannot_reach_company_Y_through_any_endpoint [FAIL]
[xUnit.net 00:03:31.62]       Assert.Contains() Failure: Item not found in collection
[xUnit.net 00:03:31.62]       Collection: []
[xUnit.net 00:03:31.62]       Not found:  "tenancy.tenants"
[xUnit.net 00:03:31.62]       Stack Trace:
[xUnit.net 00:03:31.62]         /home/shan/critic/p02-tenancy-r8-plant/tests/Erp.Gates.Tests/G1/G1CompanyIsolationTests.cs(65,0): at Erp.Gates.Tests.G1.G1CompanyIsolationTests.A_user_of_company_X_cannot_reach_company_Y_through_any_endpoint()
[xUnit.net 00:03:31.62]         --- End of stack trace from previous location ---
[xUnit.net 00:03:31.62]       Output:
[xUnit.net 00:03:31.62]         103 endpoints, 59913 requests, 22 company Y markers, 7740 differential checks, 8 write oracle checks
[xUnit.net 00:03:31.62]         own-parameter reads: 1949 requests over 51 reads
[xUnit.net 00:03:31.62]         workspace records: ; 0 writes:
[xUnit.net 00:03:31.62]           
[xUnit.net 00:03:31.98]   Finished:    Erp.Gates.Tests (ID = '31e0dcc7d4f6d94131ce07c82316c59f8f57402bd8026fe7f1da1cee9908200b')
  Failed Erp.Gates.Tests.G1.G1CompanyIsolationTests.A_user_of_company_X_cannot_reach_company_Y_through_any_endpoint [3 m 12 s]
  Error Message:
   Assert.Contains() Failure: Item not found in collection
Collection: []
Not found:  "tenancy.tenants"
  Stack Trace:
     at Erp.Gates.Tests.G1.G1CompanyIsolationTests.A_user_of_company_X_cannot_reach_company_Y_through_any_endpoint() in /home/shan/critic/p02-tenancy-r8-plant/tests/Erp.Gates.Tests/G1/G1CompanyIsolationTests.cs:line 65
--- End of stack trace from previous location ---
  Standard Output Messages:
 103 endpoints, 59913 requests, 22 company Y markers, 7740 differential checks, 8 write oracle checks
 own-parameter reads: 1949 requests over 51 reads
 workspace records: ; 0 writes:
   



Test Run Failed.
Total tests: 4
     Passed: 2
     Failed: 2
 Total time: 3.5440 Minutes
rc=1 seconds=214
