Test run for /home/shan/critic/p02-tenancy-r8-plant/tests/Erp.Gates.Tests/bin/Release/net10.0/Erp.Gates.Tests.dll (.NETCoreApp,Version=v10.0)
VSTest version 18.0.2 (x64)

Starting test execution, please wait...
A total of 1 test files matched the specified pattern.
[xUnit.net 00:00:00.00] xUnit.net VSTest Adapter v3.1.5+1b188a7b0a (64-bit .NET 10.0.12)
[xUnit.net 00:00:00.35]   Discovering: Erp.Gates.Tests
[xUnit.net 00:00:00.90]   Discovered:  Erp.Gates.Tests
[xUnit.net 00:00:01.17]   Starting:    Erp.Gates.Tests
[xUnit.net 00:00:20.10]     Erp.Gates.Tests.G1.G1DatabaseIsolationTests.Application_role_sees_and_changes_only_its_own_tenant_in_every_tenant_table [FAIL]
[xUnit.net 00:00:20.10]       tenancy.tenants: 2 rows visible without a tenant
[xUnit.net 00:00:20.10]       tenancy.tenants: tenant A sees 2 rows, owns 1
[xUnit.net 00:00:20.10]       tenancy.tenants: tenant A sees 1 rows of other tenants
[xUnit.net 00:00:20.10]       Stack Trace:
[xUnit.net 00:00:20.10]         /home/shan/critic/p02-tenancy-r8-plant/tests/Erp.Gates.Tests/G1/G1DatabaseIsolationTests.cs(356,0): at Erp.Gates.Tests.G1.G1DatabaseIsolationTests.Application_role_sees_and_changes_only_its_own_tenant_in_every_tenant_table()
[xUnit.net 00:00:20.10]         /home/shan/critic/p02-tenancy-r8-plant/tests/Erp.Gates.Tests/G1/G1DatabaseIsolationTests.cs(357,0): at Erp.Gates.Tests.G1.G1DatabaseIsolationTests.Application_role_sees_and_changes_only_its_own_tenant_in_every_tenant_table()
[xUnit.net 00:00:20.10]         --- End of stack trace from previous location ---
[xUnit.net 00:00:20.27]     Erp.Gates.Tests.G1.G1DatabaseIsolationTests.Tenant_tables_enforce_row_level_security_with_the_standard_policy [FAIL]
[xUnit.net 00:00:20.27]       tenancy.tenants: unreviewed policy 'tenancy.tenants directory_lookup r public' (add to tests/Gates/policy-allowlist.txt with a reason, only for read-only lookups by erp_auth)
[xUnit.net 00:00:20.27]       tenancy.tenants: extra policy directory_lookup may only grant SELECT to erp_auth
[xUnit.net 00:00:20.27]       Stack Trace:
[xUnit.net 00:00:20.27]         /home/shan/critic/p02-tenancy-r8-plant/tests/Erp.Gates.Tests/G1/G1DatabaseIsolationTests.cs(43,0): at Erp.Gates.Tests.G1.G1DatabaseIsolationTests.Tenant_tables_enforce_row_level_security_with_the_standard_policy()
[xUnit.net 00:00:20.27]         --- End of stack trace from previous location ---
  Passed Erp.Gates.Tests.G1.G1DatabaseIsolationTests.Leakproof_functions_are_postgres_defaults_or_reviewed [118 ms]
  Passed Erp.Gates.Tests.G1.G1DatabaseIsolationTests.Audit_trail_is_append_only_for_the_application [108 ms]
  Passed Erp.Gates.Tests.G1.G1DatabaseIsolationTests.Foreign_keys_between_tenant_tables_include_the_tenant [10 ms]
  Failed Erp.Gates.Tests.G1.G1DatabaseIsolationTests.Application_role_sees_and_changes_only_its_own_tenant_in_every_tenant_table [1 s]
  Error Message:
   tenancy.tenants: 2 rows visible without a tenant
tenancy.tenants: tenant A sees 2 rows, owns 1
tenancy.tenants: tenant A sees 1 rows of other tenants
  Stack Trace:
     at Erp.Gates.Tests.G1.G1DatabaseIsolationTests.Application_role_sees_and_changes_only_its_own_tenant_in_every_tenant_table() in /home/shan/critic/p02-tenancy-r8-plant/tests/Erp.Gates.Tests/G1/G1DatabaseIsolationTests.cs:line 356
   at Erp.Gates.Tests.G1.G1DatabaseIsolationTests.Application_role_sees_and_changes_only_its_own_tenant_in_every_tenant_table() in /home/shan/critic/p02-tenancy-r8-plant/tests/Erp.Gates.Tests/G1/G1DatabaseIsolationTests.cs:line 357
--- End of stack trace from previous location ---
  Passed Erp.Gates.Tests.G1.G1DatabaseIsolationTests.Tenant_tables_have_an_id_primary_key [56 ms]
  Passed Erp.Gates.Tests.G1.G1DatabaseIsolationTests.A_tenant_set_for_the_whole_connection_or_left_by_an_earlier_transaction_is_ignored [28 ms]
  Failed Erp.Gates.Tests.G1.G1DatabaseIsolationTests.Tenant_tables_enforce_row_level_security_with_the_standard_policy [90 ms]
  Error Message:
   tenancy.tenants: unreviewed policy 'tenancy.tenants directory_lookup r public' (add to tests/Gates/policy-allowlist.txt with a reason, only for read-only lookups by erp_auth)
tenancy.tenants: extra policy directory_lookup may only grant SELECT to erp_auth
  Stack Trace:
     at Erp.Gates.Tests.G1.G1DatabaseIsolationTests.Tenant_tables_enforce_row_level_security_with_the_standard_policy() in /home/shan/critic/p02-tenancy-r8-plant/tests/Erp.Gates.Tests/G1/G1DatabaseIsolationTests.cs:line 43
--- End of stack trace from previous location ---
  Passed Erp.Gates.Tests.G1.G1DatabaseIsolationTests.Security_definer_functions_are_exactly_the_reviewed_ones [15 ms]
  Passed Erp.Gates.Tests.G1.G1DatabaseIsolationTests.Every_table_is_tenant_owned_or_a_reviewed_platform_table [14 ms]
  Passed Erp.Gates.Tests.G1.G1DatabaseIsolationTests.Application_role_cannot_bypass_row_level_security_or_become_a_role_that_can [48 ms]
  Passed Erp.Gates.Tests.G2.G2CompanyRoleTests.An_administrator_of_one_company_grants_and_acts_only_within_it [5 s]
  Passed Erp.Gates.Tests.G2.G2AccountTakeoverTests.No_endpoint_grants_another_modules_permissions_the_caller_lacks [14 s]
  Passed Erp.Gates.Tests.G2.G2AccountTakeoverTests.Nobody_resets_their_own_password_or_ends_their_own_access_through_administration [436 ms]
  Passed Erp.Gates.Tests.G2.G2CompanyRoleTests.A_permission_held_in_one_company_is_denied_while_working_in_another [20 s]
  Passed Erp.Gates.Tests.G2.G2AccountTakeoverTests.Acting_on_users_chosen_by_a_search_or_filter_needs_every_permission_they_hold [42 s]
  Passed Erp.Gates.Tests.G2.G2AccountTakeoverTests.Creating_from_a_role_cannot_grant_more_than_the_caller_holds [2 s]
  Passed Erp.Gates.Tests.G2.G2AccountTakeoverTests.Acting_on_a_record_that_grants_access_needs_everything_it_grants [53 s]
  Passed Erp.Gates.Tests.G1.G1CompanyIsolationTests.A_user_of_company_X_cannot_reach_company_Y_through_any_endpoint [2 m 42 s]
[xUnit.net 00:03:45.04]   Finished:    Erp.Gates.Tests (ID = '31e0dcc7d4f6d94131ce07c82316c59f8f57402bd8026fe7f1da1cee9908200b')
  Passed Erp.Gates.Tests.G2.G2AccountTakeoverTests.Acting_on_a_user_needs_every_permission_that_user_holds [1 m 24 s]

Test Run Failed.
Total tests: 19
     Passed: 17
     Failed: 2
 Total time: 3.7628 Minutes
rc=1 seconds=227
