Test run for /home/shan/critic/p02-tenancy-r8-plant/tests/Erp.Gates.Tests/bin/Release/net10.0/Erp.Gates.Tests.dll (.NETCoreApp,Version=v10.0)
VSTest version 18.0.2 (x64)

Starting test execution, please wait...
A total of 1 test files matched the specified pattern.
[xUnit.net 00:00:00.00] xUnit.net VSTest Adapter v3.1.5+1b188a7b0a (64-bit .NET 10.0.12)
[xUnit.net 00:00:00.32]   Discovering: Erp.Gates.Tests
[xUnit.net 00:00:00.77]   Discovered:  Erp.Gates.Tests
[xUnit.net 00:00:01.02]   Starting:    Erp.Gates.Tests
[xUnit.net 00:00:16.40]     Erp.Gates.Tests.G1.G1ProcessStateTests.Process_wide_state_is_immutable_or_reviewed [FAIL]
[xUnit.net 00:00:16.40]       static Erp.Modules.Tenancy.Companies.CompanyEndpoints.LogoCache: a read-only field that holds a mutable ConcurrentDictionary<Guid, ValueTuple`3>. Make it immutable, scope it to the request, key it by tenant, or review it in tests/Gates/process-state-allowlist.txt.
[xUnit.net 00:00:16.40]       Stack Trace:
[xUnit.net 00:00:16.41]         /home/shan/critic/p02-tenancy-r8-plant/tests/Erp.Gates.Tests/G1/G1ProcessStateTests.cs(40,0): at Erp.Gates.Tests.G1.G1ProcessStateTests.Process_wide_state_is_immutable_or_reviewed()
[xUnit.net 00:00:16.41]            at System.RuntimeMethodHandle.InvokeMethod(ObjectHandleOnStack target, Void** arguments, ObjectHandleOnStack sig, BOOL isConstructor, ObjectHandleOnStack result)
[xUnit.net 00:00:16.41]            at System.RuntimeMethodHandle.InvokeMethod(ObjectHandleOnStack target, Void** arguments, ObjectHandleOnStack sig, BOOL isConstructor, ObjectHandleOnStack result)
[xUnit.net 00:00:16.41]            at System.Reflection.MethodBaseInvoker.InterpretedInvoke_Method(Object obj, IntPtr* args)
[xUnit.net 00:00:16.41]            at System.Reflection.MethodBaseInvoker.InvokeWithNoArgs(Object obj, BindingFlags invokeAttr)
[xUnit.net 00:00:16.41]       Output:
[xUnit.net 00:00:16.41]         391 types, 79 fields, 13 singleton services inspected, 107 endpoint delegates walked (3121 objects) to 29 closures; 5 framework singletons over product types; 89 roots walked to 849 objects, 48 product types judged field by field; 29 reviewed findings
  Failed Erp.Gates.Tests.G1.G1ProcessStateTests.Process_wide_state_is_immutable_or_reviewed [714 ms]
  Error Message:
   static Erp.Modules.Tenancy.Companies.CompanyEndpoints.LogoCache: a read-only field that holds a mutable ConcurrentDictionary<Guid, ValueTuple`3>. Make it immutable, scope it to the request, key it by tenant, or review it in tests/Gates/process-state-allowlist.txt.
  Stack Trace:
     at Erp.Gates.Tests.G1.G1ProcessStateTests.Process_wide_state_is_immutable_or_reviewed() in /home/shan/critic/p02-tenancy-r8-plant/tests/Erp.Gates.Tests/G1/G1ProcessStateTests.cs:line 40
   at System.RuntimeMethodHandle.InvokeMethod(ObjectHandleOnStack target, Void** arguments, ObjectHandleOnStack sig, BOOL isConstructor, ObjectHandleOnStack result)
   at System.RuntimeMethodHandle.InvokeMethod(ObjectHandleOnStack target, Void** arguments, ObjectHandleOnStack sig, BOOL isConstructor, ObjectHandleOnStack result)
   at System.Reflection.MethodBaseInvoker.InterpretedInvoke_Method(Object obj, IntPtr* args)
   at System.Reflection.MethodBaseInvoker.InvokeWithNoArgs(Object obj, BindingFlags invokeAttr)
  Standard Output Messages:
 391 types, 79 fields, 13 singleton services inspected, 107 endpoint delegates walked (3121 objects) to 29 closures; 5 framework singletons over product types; 89 roots walked to 849 objects, 48 product types judged field by field; 29 reviewed findings


  Passed Erp.Gates.Tests.G2.G2PermissionTests.Sharing_a_view_needs_the_share_permission_and_the_lists_own_permission [1 s]
  Passed Erp.Gates.Tests.G2.G2PermissionTests.Requests_that_only_read_cannot_write [21 ms]
  Passed Erp.Gates.Tests.G2.G2PermissionTests.The_host_refuses_a_permission_declared_as_metadata_that_no_policy_enforces [78 ms]
  Passed Erp.Gates.Tests.G2.G2PermissionTests.The_host_refuses_to_start_with_an_endpoint_that_declares_no_permission [23 ms]
  Passed Erp.Gates.Tests.G2.G2PermissionTests.Every_permissioned_endpoint_is_enforced_by_a_policy_requiring_its_permission [7 ms]
  Passed Erp.Gates.Tests.G2.G2PermissionTests.Creating_a_user_cannot_grant_more_than_the_caller_holds [1 s]
  Passed Erp.Gates.Tests.G2.G2PermissionTests.Anonymous_callers_get_401_from_every_permissioned_endpoint [46 ms]
  Passed Erp.Gates.Tests.G2.G2PermissionTests.The_host_refuses_to_start_with_an_endpoint_whose_permission_is_not_in_the_catalogue [28 ms]
  Passed Erp.Gates.Tests.G2.G2PermissionTests.The_host_refuses_a_permissioned_endpoint_that_also_allows_anonymous_callers [28 ms]
  Passed Erp.Gates.Tests.G2.G2PermissionTests.Every_endpoint_declares_exactly_one_permission_or_is_reviewed_anonymous [7 ms]
  Passed Erp.Gates.Tests.G2.G2PermissionTests.No_endpoint_that_changes_data_is_guarded_by_a_read_permission [2 ms]
  Passed Erp.Gates.Tests.G2.G2PermissionTests.Every_registered_list_is_readable_with_its_permission_alone [2 s]
  Passed Erp.Gates.Tests.G2.G2CompanyRoleTests.An_administrator_of_one_company_grants_and_acts_only_within_it [3 s]
  Passed Erp.Gates.Tests.G2.G2PermissionTests.Users_cannot_escalate_their_own_privileges [555 ms]
  Passed Erp.Gates.Tests.G2.G2PermissionTests.The_declaration_check_catches_AllowAnonymous_stacked_on_a_permission [24 ms]
  Passed Erp.Gates.Tests.G2.G2PermissionTests.No_endpoint_grants_more_than_the_caller_holds [9 s]
  Passed Erp.Gates.Tests.G2.G2PermissionTests.The_reviewed_permission_map_catches_a_weaker_permission_an_unreviewed_endpoint_and_a_stale_line [28 ms]
  Passed Erp.Gates.Tests.G2.G2PermissionTests.Undeclared_endpoints_fall_back_to_deny [1 ms]
  Passed Erp.Gates.Tests.G2.G2PermissionTests.The_host_refuses_a_list_whose_endpoint_declares_another_permission [43 ms]
  Passed Erp.Gates.Tests.G2.G2CompanyRoleTests.A_permission_held_in_one_company_is_denied_while_working_in_another [17 s]
  Passed Erp.Gates.Tests.G2.G2PermissionTests.Granting_exactly_one_permission_opens_exactly_the_endpoints_that_declare_it [24 s]
  Passed Erp.Gates.Tests.G2.G2PermissionTests.Every_endpoint_under_a_reviewed_prefix_declares_exactly_its_reviewed_permission [4 ms]
  Passed Erp.Gates.Tests.G2.G2PermissionTests.Every_module_route_is_under_a_reviewed_map_or_derives_its_permission_from_its_list [6 ms]
  Passed Erp.Gates.Tests.G2.G2PermissionTests.Every_declared_permission_is_in_the_catalogue_and_every_catalogue_permission_is_used [1 ms]
  Passed Erp.Gates.Tests.G2.G2PermissionTests.Every_list_endpoint_needs_the_lists_own_permission_and_shared_view_writes_need_sharing [6 s]
  Passed Erp.Gates.Tests.G2.G2PermissionTests.A_user_whose_roles_grant_nothing_is_denied_everything_and_sees_no_menu [1 s]
[xUnit.net 00:03:44.31]     Erp.Gates.Tests.G1.G1CompanyIsolationTests.A_user_of_company_X_cannot_reach_company_Y_through_any_endpoint [FAIL]
[xUnit.net 00:03:44.31]       Answers that tell company Y's values apart from values that exist nowhere:
[xUnit.net 00:03:44.31]       company X administrator → POST /api/tenancy/companies [code]: company Y's value answered 409, a value that exists nowhere answered 201 ({"type":"urn:erp:problem:duplicate","title":"A record with the same value already exists.","status":409,"code":"duplicate","traceId":"0HNP61CRB85JS"} / {"id":"01a120e7-84d1-75b8-aefa-97a3922b01e6","code":"Y2-CF","legalNameEn":"G2 wo24d76ed595f 2","legalNameAr":"G2 wo24d76ed595f 3","tradeLicenceNumber":"G2 wo24d76ed595f 4","tradeLicenceAuthority":"G2 …)
[xUnit.net 00:03:44.31]       Stack Trace:
[xUnit.net 00:03:44.31]         /home/shan/critic/p02-tenancy-r8-plant/tests/Erp.Gates.Tests/G1/G1CompanyIsolationTests.cs(46,0): at Erp.Gates.Tests.G1.G1CompanyIsolationTests.A_user_of_company_X_cannot_reach_company_Y_through_any_endpoint()
[xUnit.net 00:03:44.31]         --- End of stack trace from previous location ---
[xUnit.net 00:03:44.31]       Output:
[xUnit.net 00:03:44.31]         103 endpoints, 59913 requests, 22 company Y markers, 7740 differential checks, 5 write oracle checks
[xUnit.net 00:03:44.57]   Finished:    Erp.Gates.Tests (ID = '31e0dcc7d4f6d94131ce07c82316c59f8f57402bd8026fe7f1da1cee9908200b')
  Failed Erp.Gates.Tests.G1.G1CompanyIsolationTests.A_user_of_company_X_cannot_reach_company_Y_through_any_endpoint [3 m 24 s]
  Error Message:
   Answers that tell company Y's values apart from values that exist nowhere:
company X administrator → POST /api/tenancy/companies [code]: company Y's value answered 409, a value that exists nowhere answered 201 ({"type":"urn:erp:problem:duplicate","title":"A record with the same value already exists.","status":409,"code":"duplicate","traceId":"0HNP61CRB85JS"} / {"id":"01a120e7-84d1-75b8-aefa-97a3922b01e6","code":"Y2-CF","legalNameEn":"G2 wo24d76ed595f 2","legalNameAr":"G2 wo24d76ed595f 3","tradeLicenceNumber":"G2 wo24d76ed595f 4","tradeLicenceAuthority":"G2 …)
  Stack Trace:
     at Erp.Gates.Tests.G1.G1CompanyIsolationTests.A_user_of_company_X_cannot_reach_company_Y_through_any_endpoint() in /home/shan/critic/p02-tenancy-r8-plant/tests/Erp.Gates.Tests/G1/G1CompanyIsolationTests.cs:line 46
--- End of stack trace from previous location ---
  Standard Output Messages:
 103 endpoints, 59913 requests, 22 company Y markers, 7740 differential checks, 5 write oracle checks



Test Run Failed.
Total tests: 28
     Passed: 26
     Failed: 2
 Total time: 3.7533 Minutes
rc=1 seconds=226
