Test run for /home/user/critic/p00-foundation-r3-plant2/tests/Erp.Gates.Tests/bin/Release/net10.0/Erp.Gates.Tests.dll (.NETCoreApp,Version=v10.0)
A total of 1 test files matched the specified pattern.
[xUnit.net 00:00:00.00] xUnit.net VSTest Adapter v3.1.5+1b188a7b0a (64-bit .NET 10.0.12)
[xUnit.net 00:00:00.21]   Discovering: Erp.Gates.Tests
[xUnit.net 00:00:00.62]   Discovered:  Erp.Gates.Tests
[xUnit.net 00:00:00.95]   Starting:    Erp.Gates.Tests
  Passed Erp.Gates.Tests.G2.G2PermissionTests.Requests_that_only_read_cannot_write [80 ms]
  Passed Erp.Gates.Tests.G2.G2PermissionTests.Creating_a_user_cannot_grant_more_than_the_caller_holds [5 s]
  Passed Erp.Gates.Tests.G2.G2PermissionTests.Every_endpoint_declares_exactly_one_permission_or_is_reviewed_anonymous [14 ms]
  Passed Erp.Gates.Tests.G2.G2PermissionTests.The_host_refuses_a_list_whose_endpoint_declares_another_permission [120 ms]
  Passed Erp.Gates.Tests.G2.G2AccountTakeoverTests.Creating_from_a_role_cannot_grant_more_than_the_caller_holds [2 s]
  Passed Erp.Gates.Tests.G2.G2PermissionTests.No_endpoint_grants_more_than_the_caller_holds [6 s]
  Passed Erp.Gates.Tests.G2.G2PermissionTests.Undeclared_endpoints_fall_back_to_deny [5 ms]
[xUnit.net 00:00:43.33]     Erp.Gates.Tests.G2.G2PermissionTests.Every_registered_list_is_readable_with_its_permission_alone [FAIL]
[xUnit.net 00:00:43.33]       Assert.Equal() Failure: Values differ
[xUnit.net 00:00:43.33]       Expected: Forbidden
[xUnit.net 00:00:43.33]       Actual:   OK
[xUnit.net 00:00:43.33]       Stack Trace:
[xUnit.net 00:00:43.33]         /home/user/critic/p00-foundation-r3-plant2/tests/Erp.Gates.Tests/G2/G2PermissionTests.cs(360,0): at Erp.Gates.Tests.G2.G2PermissionTests.Every_registered_list_is_readable_with_its_permission_alone()
[xUnit.net 00:00:43.33]         --- End of stack trace from previous location ---
  Failed Erp.Gates.Tests.G2.G2PermissionTests.Every_registered_list_is_readable_with_its_permission_alone [1 s]
  Error Message:
   Assert.Equal() Failure: Values differ
Expected: Forbidden
Actual:   OK
  Stack Trace:
     at Erp.Gates.Tests.G2.G2PermissionTests.Every_registered_list_is_readable_with_its_permission_alone() in /home/user/critic/p00-foundation-r3-plant2/tests/Erp.Gates.Tests/G2/G2PermissionTests.cs:line 360
--- End of stack trace from previous location ---
[xUnit.net 00:00:45.52]     Erp.Gates.Tests.G2.G2PermissionTests.A_user_whose_roles_grant_nothing_is_denied_everything_and_sees_no_menu [FAIL]
[xUnit.net 00:00:45.52]       GET /api/identity/permissions: 200
[xUnit.net 00:00:45.52]       GET /api/identity/roles: 200
[xUnit.net 00:00:45.52]       GET /api/identity/roles/{id:guid}: 404
[xUnit.net 00:00:45.52]       GET /api/identity/users: 200
[xUnit.net 00:00:45.52]       GET /api/identity/users/{id:guid}: 404
[xUnit.net 00:00:45.52]       GET /api/identity/users/{id:guid}/access: 404
[xUnit.net 00:00:45.52]       GET /api/identity/users/{id:guid}/sign-ins: 404
[xUnit.net 00:00:45.52]       GET /api/lists/identity.roles/definition: 200
[xUnit.net 00:00:45.52]       GET /api/lists/identity.roles/shared-views/{id:guid}: 404
[xUnit.net 00:00:45.52]       GET /api/lists/identity.roles/views: 200
[xUnit.net 00:00:45.52]       POST /api/lists/identity.roles/views: 400
[xUnit.net 00:00:45.52]       DELETE /api/lists/identity.roles/views/{id:guid}: 404
[xUnit.net 00:00:45.52]       GET /api/lists/identity.roles/views/{id:guid}: 404
[xUnit.net 00:00:45.52]       PUT /api/lists/identity.roles/views/{id:guid}: 400
[xUnit.net 00:00:45.52]       GET /api/lists/identity.users/definition: 200
[xUnit.net 00:00:45.52]       GET /api/lists/identity.users/shared-views/{id:guid}: 404
[xUnit.net 00:00:45.52]       GET /api/lists/identity.users/views: 200
[xUnit.net 00:00:45.52]       POST /api/lists/identity.users/views: 400
[xUnit.net 00:00:45.52]       DELETE /api/lists/identity.users/views/{id:guid}: 404
[xUnit.net 00:00:45.52]       GET /api/lists/identity.users/views/{id:guid}: 404
[xUnit.net 00:00:45.52]       PUT /api/lists/identity.users/views/{id:guid}: 400
[xUnit.net 00:00:45.52]       GET /api/tenancy/tenant: 200
[xUnit.net 00:00:45.52]       Stack Trace:
[xUnit.net 00:00:45.52]         /home/user/critic/p00-foundation-r3-plant2/tests/Erp.Gates.Tests/G2/G2PermissionTests.cs(165,0): at Erp.Gates.Tests.G2.G2PermissionTests.A_user_whose_roles_grant_nothing_is_denied_everything_and_sees_no_menu()
[xUnit.net 00:00:45.52]         --- End of stack trace from previous location ---
  Failed Erp.Gates.Tests.G2.G2PermissionTests.A_user_whose_roles_grant_nothing_is_denied_everything_and_sees_no_menu [2 s]
  Error Message:
   GET /api/identity/permissions: 200
GET /api/identity/roles: 200
GET /api/identity/roles/{id:guid}: 404
GET /api/identity/users: 200
GET /api/identity/users/{id:guid}: 404
GET /api/identity/users/{id:guid}/access: 404
GET /api/identity/users/{id:guid}/sign-ins: 404
GET /api/lists/identity.roles/definition: 200
GET /api/lists/identity.roles/shared-views/{id:guid}: 404
GET /api/lists/identity.roles/views: 200
POST /api/lists/identity.roles/views: 400
DELETE /api/lists/identity.roles/views/{id:guid}: 404
GET /api/lists/identity.roles/views/{id:guid}: 404
PUT /api/lists/identity.roles/views/{id:guid}: 400
GET /api/lists/identity.users/definition: 200
GET /api/lists/identity.users/shared-views/{id:guid}: 404
GET /api/lists/identity.users/views: 200
POST /api/lists/identity.users/views: 400
DELETE /api/lists/identity.users/views/{id:guid}: 404
GET /api/lists/identity.users/views/{id:guid}: 404
PUT /api/lists/identity.users/views/{id:guid}: 400
GET /api/tenancy/tenant: 200
  Stack Trace:
     at Erp.Gates.Tests.G2.G2PermissionTests.A_user_whose_roles_grant_nothing_is_denied_everything_and_sees_no_menu() in /home/user/critic/p00-foundation-r3-plant2/tests/Erp.Gates.Tests/G2/G2PermissionTests.cs:line 165
--- End of stack trace from previous location ---
  Passed Erp.Gates.Tests.G2.G2PermissionTests.No_endpoint_that_changes_data_is_guarded_by_a_read_permission [17 ms]
  Passed Erp.Gates.Tests.G2.G2AccountTakeoverTests.Acting_on_a_user_needs_every_permission_that_user_holds [7 s]
  Passed Erp.Gates.Tests.G2.G2PermissionTests.Users_cannot_escalate_their_own_privileges [2 s]
  Passed Erp.Gates.Tests.G2.G2AccountTakeoverTests.Nobody_resets_their_own_password_or_ends_their_own_access_through_administration [1 s]
[xUnit.net 00:01:09.17]     Erp.Gates.Tests.G2.G2PermissionTests.Granting_exactly_one_permission_opens_exactly_the_endpoints_that_declare_it [FAIL]
[xUnit.net 00:01:09.17]       identity.profile.update: GET /api/identity/permissions answered 200 (expected 403)
[xUnit.net 00:01:09.17]       identity.profile.update: GET /api/identity/roles answered 200 (expected 403)
[xUnit.net 00:01:09.17]       identity.profile.update: GET /api/identity/roles/{id:guid} answered 404 (expected 403)
[xUnit.net 00:01:09.17]       identity.profile.update: GET /api/identity/users answered 200 (expected 403)
[xUnit.net 00:01:09.17]       identity.profile.update: GET /api/identity/users/{id:guid} answered 404 (expected 403)
[xUnit.net 00:01:09.17]       identity.profile.update: GET /api/identity/users/{id:guid}/access answered 404 (expected 403)
[xUnit.net 00:01:09.17]       identity.profile.update: GET /api/identity/users/{id:guid}/sign-ins answered 404 (expected 403)
[xUnit.net 00:01:09.17]       identity.profile.update: GET /api/lists/identity.roles/definition answered 200 (expected 403)
[xUnit.net 00:01:09.17]       identity.profile.update: GET /api/lists/identity.roles/shared-views/{id:guid} answered 404 (expected 403)
[xUnit.net 00:01:09.17]       identity.profile.update: GET /api/lists/identity.roles/views answered 200 (expected 403)
[xUnit.net 00:01:09.17]       identity.profile.update: POST /api/lists/identity.roles/views answered 400 (expected 403)
[xUnit.net 00:01:09.17]       identity.profile.update: DELETE /api/lists/identity.roles/views/{id:guid} answered 404 (expected 403)
[xUnit.net 00:01:09.17]       identity.profile.update: GET /api/lists/identity.roles/views/{id:guid} answered 404 (expected 403)
[xUnit.net 00:01:09.17]       identity.profile.update: PUT /api/lists/identity.roles/views/{id:guid} answered 400 (expected 403)
[xUnit.net 00:01:09.17]       identity.profile.update: GET /api/lists/identity.users/definition answered 200 (expected 403)
[xUnit.net 00:01:09.17]       identity.profile.update: GET /api/lists/identity.users/shared-views/{id:guid} answered 404 (expected 403)
[xUnit.net 00:01:09.17]       identity.profile.update: GET /api/lists/identity.users/views answered 200 (expected 403)
[xUnit.net 00:01:09.17]       identity.profile.update: POST /api/lists/identity.users/views answered 400 (expected 403)
[xUnit.net 00:01:09.17]       identity.profile.update: DELETE /api/lists/identity.users/views/{id:guid} answered 404 (expected 403)
[xUnit.net 00:01:09.17]       identity.profile.update: GET /api/lists/identity.users/views/{id:guid} answered 404 (expected 403)
[xUnit.net 00:01:09.17]       identity.profile.update: PUT /api/lists/identity.users/views/{id:guid} answered 400 (expected 403)
[xUnit.net 00:01:09.17]       identity.profile.update: GET /api/tenancy/tenant answered 200 (expected 403)
[xUnit.net 00:01:09.17]       identity.roles.create: GET /api/identity/permissions answered 200 (expected 403)
[xUnit.net 00:01:09.17]       identity.roles.create: GET /api/identity/roles answered 200 (expected 403)
[xUnit.net 00:01:09.17]       identity.roles.create: GET /api/identity/roles/{id:guid} answered 404 (expected 403)
[xUnit.net 00:01:09.17]       identity.roles.create: GET /api/identity/users answered 200 (expected 403)
[xUnit.net 00:01:09.17]       identity.roles.create: GET /api/identity/users/{id:guid} answered 404 (expected 403)
[xUnit.net 00:01:09.17]       identity.roles.create: GET /api/identity/users/{id:guid}/access answered 404 (expected 403)
[xUnit.net 00:01:09.17]       identity.roles.create: GET /api/identity/users/{id:guid}/sign-ins answered 404 (expected 403)
[xUnit.net 00:01:09.17]       identity.roles.create: GET /api/lists/identity.roles/definition answered 200 (expected 403)
[xUnit.net 00:01:09.17]       identity.roles.create: GET /api/lists/identity.roles/shared-views/{id:guid} answered 404 (expected 403)
[xUnit.net 00:01:09.17]       identity.roles.create: GET /api/lists/identity.roles/views answered 200 (expected 403)
[xUnit.net 00:01:09.17]       identity.roles.create: POST /api/lists/identity.roles/views answered 400 (expected 403)
[xUnit.net 00:01:09.17]       identity.roles.create: DELETE /api/lists/identity.roles/views/{id:guid} answered 404 (expected 403)
[xUnit.net 00:01:09.17]       identity.roles.create: GET /api/lists/identity.roles/views/{id:guid} answered 404 (expected 403)
[xUnit.net 00:01:09.17]       identity.roles.create: PUT /api/lists/identity.roles/views/{id:guid} answered 400 (expected 403)
[xUnit.net 00:01:09.17]       identity.roles.create: GET /api/lists/identity.users/definition answered 200 (expected 403)
[xUnit.net 00:01:09.17]       identity.roles.create: GET /api/lists/identity.users/shared-views/{id:guid} answered 404 (expected 403)
[xUnit.net 00:01:09.17]       identity.roles.create: GET /api/lists/identity.users/views answered 200 (expected 403)
[xUnit.net 00:01:09.17]       identity.roles.create: POST /api/lists/identity.users/views answered 400 (expected 403)
[xUnit.net 00:01:09.17]       identity.roles.create: DELETE /api/lists/identity.users/views/{id:guid} answered 404 (expected 403)
[xUnit.net 00:01:09.17]       identity.roles.create: GET /api/lists/identity.users/views/{id:guid} answered 404 (expected 403)
[xUnit.net 00:01:09.17]       identity.roles.create: PUT /api/lists/identity.users/views/{id:guid} answered 400 (expected 403)
[xUnit.net 00:01:09.17]       identity.roles.create: GET /api/tenancy/tenant answered 200 (expected 403)
[xUnit.net 00:01:09.17]       identity.roles.delete: GET /api/identity/permissions answered 200 (expected 403)
[xUnit.net 00:01:09.17]       identity.roles.delete: GET /api/identity/roles answered 200 (expected 403)
[xUnit.net 00:01:09.17]       identity.roles.delete: GET /api/identity/roles/{id:guid} answered 404 (expected 403)
[xUnit.net 00:01:09.17]       identity.roles.delete: GET /api/identity/users answered 200 (expected 403)
[xUnit.net 00:01:09.17]       identity.roles.delete: GET /api/identity/users/{id:guid} answered 404 (expected 403)
[xUnit.net 00:01:09.17]       identity.roles.delete: GET /api/identity/users/{id:guid}/access answered 404 (expected 403)
[xUnit.net 00:01:09.17]       identity.roles.delete: GET /api/identity/users/{id:guid}/sign-ins answered 404 (expected 403)
[xUnit.net 00:01:09.17]       identity.roles.delete: GET /api/lists/identity.roles/definition answered 200 (expected 403)
[xUnit.net 00:01:09.17]       identity.roles.delete: GET /api/lists/identity.roles/shared-views/{id:guid} answered 404 (expected 403)
[xUnit.net 00:01:09.17]       identity.roles.delete: GET /api/lists/identity.roles/views answered 200 (expected 403)
[xUnit.net 00:01:09.17]       identity.roles.delete: POST /api/lists/identity.roles/views answered 400 (expected 403)
[xUnit.net 00:01:09.17]       identity.roles.delete: DELETE /api/lists/identity.roles/views/{id:guid} answered 404 (expected 403)
[xUnit.net 00:01:09.17]       identity.roles.delete: GET /api/lists/identity.roles/views/{id:guid} answered 404 (expected 403)
[xUnit.net 00:01:09.17]       identity.roles.delete: PUT /api/lists/identity.roles/views/{id:guid} answered 400 (expected 403)
[xUnit.net 00:01:09.17]       identity.roles.delete: GET /api/lists/identity.users/definition answered 200 (expected 403)
[xUnit.net 00:01:09.17]       identity.roles.delete: GET /api/lists/identity.users/shared-views/{id:guid} answered 404 (expected 403)
[xUnit.net 00:01:09.17]       identity.roles.delete: GET /api/lists/identity.users/views answered 200 (expected 403)
[xUnit.net 00:01:09.17]       identity.roles.delete: POST /api/lists/identity.users/views answered 400 (expected 403)
[xUnit.net 00:01:09.17]       identity.roles.delete: DELETE /api/lists/identity.users/views/{id:guid} answered 404 (expected 403)
[xUnit.net 00:01:09.17]       identity.roles.delete: GET /api/lists/identity.users/views/{id:guid} answered 404 (expected 403)
[xUnit.net 00:01:09.17]       identity.roles.delete: PUT /api/lists/identity.users/views/{id:guid} answered 400 (expected 403)
[xUnit.net 00:01:09.17]       identity.roles.delete: GET /api/tenancy/tenant answered 200 (expected 403)
[xUnit.net 00:01:09.17]       identity.roles.read: GET /api/identity/users answered 200 (expected 403)
[xUnit.net 00:01:09.17]       identity.roles.read: GET /api/identity/users/{id:guid} answered 404 (expected 403)
[xUnit.net 00:01:09.17]       identity.roles.read: GET /api/identity/users/{id:guid}/access answered 404 (expected 403)
[xUnit.net 00:01:09.17]       identity.roles.read: GET /api/identity/users/{id:guid}/sign-ins answered 404 (expected 403)
[xUnit.net 00:01:09.17]       identity.roles.read: GET /api/lists/identity.users/definition answered 200 (expected 403)
[xUnit.net 00:01:09.17]       identity.roles.read: GET /api/lists/identity.users/shared-views/{id:guid} answered 404 (expected 403)
[xUnit.net 00:01:09.17]       identity.roles.read: GET /api/lists/identity.users/views answered 200 (expected 403)
[xUnit.net 00:01:09.17]       identity.roles.read: POST /api/lists/identity.users/views answered 400 (expected 403)
[xUnit.net 00:01:09.17]       identity.roles.read: DELETE /api/lists/identity.users/views/{id:guid} answered 404 (expected 403)
[xUnit.net 00:01:09.17]       identity.roles.read: GET /api/lists/identity.users/views/{id:guid} answered 404 (expected 403)
[xUnit.net 00:01:09.17]       identity.roles.read: PUT /api/lists/identity.users/views/{id:guid} answered 400 (expected 403)
[xUnit.net 00:01:09.17]       identity.roles.read: GET /api/tenancy/tenant answered 200 (expected 403)
[xUnit.net 00:01:09.17]       identity.roles.update: GET /api/identity/permissions answered 200 (expected 403)
[xUnit.net 00:01:09.17]       identity.roles.update: GET /api/identity/roles answered 200 (expected 403)
[xUnit.net 00:01:09.17]       identity.roles.update: GET /api/identity/roles/{id:guid} answered 404 (expected 403)
[xUnit.net 00:01:09.17]       identity.roles.update: GET /api/identity/users answered 200 (expected 403)
[xUnit.net 00:01:09.17]       identity.roles.update: GET /api/identity/users/{id:guid} answered 404 (expected 403)
[xUnit.net 00:01:09.17]       identity.roles.update: GET /api/identity/users/{id:guid}/access answered 404 (expected 403)
[xUnit.net 00:01:09.17]       identity.roles.update: GET /api/identity/users/{id:guid}/sign-ins answered 404 (expected 403)
[xUnit.net 00:01:09.17]       identity.roles.update: GET /api/lists/identity.roles/definition answered 200 (expected 403)
[xUnit.net 00:01:09.17]       identity.roles.update: GET /api/lists/identity.roles/shared-views/{id:guid} answered 404 (expected 403)
[xUnit.net 00:01:09.17]       identity.roles.update: GET /api/lists/identity.roles/views answered 200 (expected 403)
[xUnit.net 00:01:09.17]       identity.roles.update: POST /api/lists/identity.roles/views answered 400 (expected 403)
[xUnit.net 00:01:09.17]       identity.roles.update: DELETE /api/lists/identity.roles/views/{id:guid} answered 404 (expected 403)
[xUnit.net 00:01:09.17]       identity.roles.update: GET /api/lists/identity.roles/views/{id:guid} answered 404 (expected 403)
[xUnit.net 00:01:09.17]       identity.roles.update: PUT /api/lists/identity.roles/views/{id:guid} answered 400 (expected 403)
[xUnit.net 00:01:09.17]       identity.roles.update: GET /api/lists/identity.users/definition answered 200 (expected 403)
[xUnit.net 00:01:09.17]       identity.roles.update: GET /api/lists/identity.users/shared-views/{id:guid} answered 404 (expected 403)
[xUnit.net 00:01:09.17]       identity.roles.update: GET /api/lists/identity.users/views answered 200 (expected 403)
[xUnit.net 00:01:09.17]       identity.roles.update: POST /api/lists/identity.users/views answered 400 (expected 403)
[xUnit.net 00:01:09.17]       identity.roles.update: DELETE /api/lists/identity.users/views/{id:guid} answered 404 (expected 403)
[xUnit.net 00:01:09.17]       identity.roles.update: GET /api/lists/identity.users/views/{id:guid} answered 404 (expected 403)
[xUnit.net 00:01:09.17]       identity.roles.update: PUT /api/lists/identity.users/views/{id:guid} answered 400 (expected 403)
[xUnit.net 00:01:09.17]       identity.roles.update: GET /api/tenancy/tenant answered 200 (expected 403)
[xUnit.net 00:01:09.17]       identity.signIns.read: GET /api/identity/permissions answered 200 (expected 403)
[xUnit.net 00:01:09.17]       identity.signIns.read: GET /api/identity/roles answered 200 (expected 403)
[xUnit.net 00:01:09.17]       identity.signIns.read: GET /api/identity/roles/{id:guid} answered 404 (expected 403)
[xUnit.net 00:01:09.17]       identity.signIns.read: GET /api/identity/users answered 200 (expected 403)
[xUnit.net 00:01:09.17]       identity.signIns.read: GET /api/identity/users/{id:guid} answered 404 (expected 403)
[xUnit.net 00:01:09.17]       identity.signIns.read: GET /api/identity/users/{id:guid}/access answered 404 (expected 403)
[xUnit.net 00:01:09.17]       identity.signIns.read: GET /api/lists/identity.roles/definition answered 200 (expected 403)
[xUnit.net 00:01:09.17]       identity.signIns.read: GET /api/lists/identity.roles/shared-views/{id:guid} answered 404 (expected 403)
[xUnit.net 00:01:09.17]       identity.signIns.read: GET /api/lists/identity.roles/views answered 200 (expected 403)
[xUnit.net 00:01:09.17]       identity.signIns.read: POST /api/lists/identity.roles/views answered 400 (expected 403)
[xUnit.net 00:01:09.17]       identity.signIns.read: DELETE /api/lists/identity.roles/views/{id:guid} answered 404 (expected 403)
[xUnit.net 00:01:09.17]       identity.signIns.read: GET /api/lists/identity.roles/views/{id:guid} answered 404 (expected 403)
[xUnit.net 00:01:09.17]       identity.signIns.read: PUT /api/lists/identity.roles/views/{id:guid} answered 400 (expected 403)
[xUnit.net 00:01:09.17]       identity.signIns.read: GET /api/lists/identity.users/definition answered 200 (expected 403)
[xUnit.net 00:01:09.17]       identity.signIns.read: GET /api/lists/identity.users/shared-views/{id:guid} answered 404 (expected 403)
[xUnit.net 00:01:09.17]       identity.signIns.read: GET /api/lists/identity.users/views answered 200 (expected 403)
[xUnit.net 00:01:09.17]       identity.signIns.read: POST /api/lists/identity.users/views answered 400 (expected 403)
[xUnit.net 00:01:09.17]       identity.signIns.read: DELETE /api/lists/identity.users/views/{id:guid} answered 404 (expected 403)
[xUnit.net 00:01:09.17]       identity.signIns.read: GET /api/lists/identity.users/views/{id:guid} answered 404 (expected 403)
[xUnit.net 00:01:09.17]       identity.signIns.read: PUT /api/lists/identity.users/views/{id:guid} answered 400 (expected 403)
[xUnit.net 00:01:09.17]       identity.signIns.read: GET /api/tenancy/tenant answered 200 (expected 403)
[xUnit.net 00:01:09.17]       identity.users.create: GET /api/identity/permissions answered 200 (expected 403)
[xUnit.net 00:01:09.17]       identity.users.create: GET /api/identity/roles answered 200 (expected 403)
[xUnit.net 00:01:09.17]       identity.users.create: GET /api/identity/roles/{id:guid} answered 404 (expected 403)
[xUnit.net 00:01:09.17]       identity.users.create: GET /api/identity/users answered 200 (expected 403)
[xUnit.net 00:01:09.17]       identity.users.create: GET /api/identity/users/{id:guid} answered 404 (expected 403)
[xUnit.net 00:01:09.17]       identity.users.create: GET /api/identity/users/{id:guid}/access answered 404 (expected 403)
[xUnit.net 00:01:09.17]       identity.users.create: GET /api/identity/users/{id:guid}/sign-ins answered 404 (expected 403)
[xUnit.net 00:01:09.17]       identity.users.create: GET /api/lists/identity.roles/definition answered 200 (expected 403)
[xUnit.net 00:01:09.17]       identity.users.create: GET /api/lists/identity.roles/shared-views/{id:guid} answered 404 (expected 403)
[xUnit.net 00:01:09.17]       identity.users.create: GET /api/lists/identity.roles/views answered 200 (expected 403)
[xUnit.net 00:01:09.17]       identity.users.create: POST /api/lists/identity.roles/views answered 400 (expected 403)
[xUnit.net 00:01:09.17]       identity.users.create: DELETE /api/lists/identity.roles/views/{id:guid} answered 404 (expected 403)
[xUnit.net 00:01:09.17]       identity.users.create: GET /api/lists/identity.roles/views/{id:guid} answered 404 (expected 403)
[xUnit.net 00:01:09.17]       identity.users.create: PUT /api/lists/identity.roles/views/{id:guid} answered 400 (expected 403)
[xUnit.net 00:01:09.17]       identity.users.create: GET /api/lists/identity.users/definition answered 200 (expected 403)
[xUnit.net 00:01:09.17]       identity.users.create: GET /api/lists/identity.users/shared-views/{id:guid} answered 404 (expected 403)
[xUnit.net 00:01:09.17]       identity.users.create: GET /api/lists/identity.users/views answered 200 (expected 403)
[xUnit.net 00:01:09.17]       identity.users.create: POST /api/lists/identity.users/views answered 400 (expected 403)
[xUnit.net 00:01:09.17]       identity.users.create: DELETE /api/lists/identity.users/views/{id:guid} answered 404 (expected 403)
[xUnit.net 00:01:09.17]       identity.users.create: GET /api/lists/identity.users/views/{id:guid} answered 404 (expected 403)
[xUnit.net 00:01:09.17]       identity.users.create: PUT /api/lists/identity.users/views/{id:guid} answered 400 (expected 403)
[xUnit.net 00:01:09.17]       identity.users.create: GET /api/tenancy/tenant answered 200 (expected 403)
[xUnit.net 00:01:09.17]       identity.users.read: GET /api/identity/permissions answered 200 (expected 403)
[xUnit.net 00:01:09.17]       identity.users.read: GET /api/identity/roles answered 200 (expected 403)
[xUnit.net 00:01:09.17]       identity.users.read: GET /api/identity/roles/{id:guid} answered 404 (expected 403)
[xUnit.net 00:01:09.17]       identity.users.read: GET /api/identity/users/{id:guid}/sign-ins answered 404 (expected 403)
[xUnit.net 00:01:09.17]       identity.users.read: GET /api/lists/identity.roles/definition answered 200 (expected 403)
[xUnit.net 00:01:09.17]       identity.users.read: GET /api/lists/identity.roles/shared-views/{id:guid} answered 404 (expected 403)
[xUnit.net 00:01:09.17]       identity.users.read: GET /api/lists/identity.roles/views answered 200 (expected 403)
[xUnit.net 00:01:09.17]       identity.users.read: POST /api/lists/identity.roles/views answered 400 (expected 403)
[xUnit.net 00:01:09.17]       identity.users.read: DELETE /api/lists/identity.roles/views/{id:guid} answered 404 (expected 403)
[xUnit.net 00:01:09.17]       identity.users.read: GET /api/lists/identity.roles/views/{id:guid} answered 404 (expected 403)
[xUnit.net 00:01:09.17]       identity.users.read: PUT /api/lists/identity.roles/views/{id:guid} answered 400 (expected 403)
[xUnit.net 00:01:09.17]       identity.users.read: GET /api/tenancy/tenant answered 200 (expected 403)
[xUnit.net 00:01:09.17]       identity.users.resetPassword: GET /api/identity/permissions answered 200 (expected 403)
[xUnit.net 00:01:09.17]       identity.users.resetPassword: GET /api/identity/roles answered 200 (expected 403)
[xUnit.net 00:01:09.17]       identity.users.resetPassword: GET /api/identity/roles/{id:guid} answered 404 (expected 403)
[xUnit.net 00:01:09.17]       identity.users.resetPassword: GET /api/identity/users answered 200 (expected 403)
[xUnit.net 00:01:09.17]       identity.users.resetPassword: GET /api/identity/users/{id:guid} answered 404 (expected 403)
[xUnit.net 00:01:09.17]       identity.users.resetPassword: GET /api/identity/users/{id:guid}/access answered 404 (expected 403)
[xUnit.net 00:01:09.17]       identity.users.resetPassword: GET /api/identity/users/{id:guid}/sign-ins answered 404 (expected 403)
[xUnit.net 00:01:09.17]       identity.users.resetPassword: GET /api/lists/identity.roles/definition answered 200 (expected 403)
[xUnit.net 00:01:09.17]       identity.users.resetPassword: GET /api/lists/identity.roles/shared-views/{id:guid} answered 404 (expected 403)
[xUnit.net 00:01:09.17]       identity.users.resetPassword: GET /api/lists/identity.roles/views answered 200 (expected 403)
[xUnit.net 00:01:09.17]       identity.users.resetPassword: POST /api/lists/identity.roles/views answered 400 (expected 403)
[xUnit.net 00:01:09.17]       identity.users.resetPassword: DELETE /api/lists/identity.roles/views/{id:guid} answered 404 (expected 403)
[xUnit.net 00:01:09.17]       identity.users.resetPassword: GET /api/lists/identity.roles/views/{id:guid} answered 404 (expected 403)
[xUnit.net 00:01:09.17]       identity.users.resetPassword: PUT /api/lists/identity.roles/views/{id:guid} answered 400 (expected 403)
[xUnit.net 00:01:09.17]       identity.users.resetPassword: GET /api/lists/identity.users/definition answered 200 (expected 403)
[xUnit.net 00:01:09.17]       identity.users.resetPassword: GET /api/lists/identity.users/shared-views/{id:guid} answered 404 (expected 403)
[xUnit.net 00:01:09.17]       identity.users.resetPassword: GET /api/lists/identity.users/views answered 200 (expected 403)
[xUnit.net 00:01:09.17]       identity.users.resetPassword: POST /api/lists/identity.users/views answered 400 (expected 403)
[xUnit.net 00:01:09.17]       identity.users.resetPassword: DELETE /api/lists/identity.users/views/{id:guid} answered 404 (expected 403)
[xUnit.net 00:01:09.17]       identity.users.resetPassword: GET /api/lists/identity.users/views/{id:guid} answered 404 (expected 403)
[xUnit.net 00:01:09.17]       identity.users.resetPassword: PUT /api/lists/identity.users/views/{id:guid} answered 400 (expected 403)
[xUnit.net 00:01:09.17]       identity.users.resetPassword: GET /api/tenancy/tenant answered 200 (expected 403)
[xUnit.net 00:01:09.17]       identity.users.update: GET /api/identity/permissions answered 200 (expected 403)
[xUnit.net 00:01:09.17]       identity.users.update: GET /api/identity/roles answered 200 (expected 403)
[xUnit.net 00:01:09.17]       identity.users.update: GET /api/identity/roles/{id:guid} answered 404 (expected 403)
[xUnit.net 00:01:09.17]       identity.users.update: GET /api/identity/users answered 200 (expected 403)
[xUnit.net 00:01:09.17]       identity.users.update: GET /api/identity/users/{id:guid} answered 404 (expected 403)
[xUnit.net 00:01:09.17]       identity.users.update: GET /api/identity/users/{id:guid}/access answered 404 (expected 403)
[xUnit.net 00:01:09.17]       identity.users.update: GET /api/identity/users/{id:guid}/sign-ins answered 404 (expected 403)
[xUnit.net 00:01:09.17]       identity.users.update: GET /api/lists/identity.roles/definition answered 200 (expected 403)
[xUnit.net 00:01:09.17]       identity.users.update: GET /api/lists/identity.roles/shared-views/{id:guid} answered 404 (expected 403)
[xUnit.net 00:01:09.17]       identity.users.update: GET /api/lists/identity.roles/views answered 200 (expected 403)
[xUnit.net 00:01:09.17]       identity.users.update: POST /api/lists/identity.roles/views answered 400 (expected 403)
[xUnit.net 00:01:09.17]       identity.users.update: DELETE /api/lists/identity.roles/views/{id:guid} answered 404 (expected 403)
[xUnit.net 00:01:09.17]       identity.users.update: GET /api/lists/identity.roles/views/{id:guid} answered 404 (expected 403)
[xUnit.net 00:01:09.17]       identity.users.update: PUT /api/lists/identity.roles/views/{id:guid} answered 400 (expected 403)
[xUnit.net 00:01:09.17]       identity.users.update: GET /api/lists/identity.users/definition answered 200 (expected 403)
[xUnit.net 00:01:09.17]       identity.users.update: GET /api/lists/identity.users/shared-views/{id:guid} answered 404 (expected 403)
[xUnit.net 00:01:09.17]       identity.users.update: GET /api/lists/identity.users/views answered 200 (expected 403)
[xUnit.net 00:01:09.17]       identity.users.update: POST /api/lists/identity.users/views answered 400 (expected 403)
[xUnit.net 00:01:09.17]       identity.users.update: DELETE /api/lists/identity.users/views/{id:guid} answered 404 (expected 403)
[xUnit.net 00:01:09.17]       identity.users.update: GET /api/lists/identity.users/views/{id:guid} answered 404 (expected 403)
[xUnit.net 00:01:09.17]       identity.users.update: PUT /api/lists/identity.users/views/{id:guid} answered 400 (expected 403)
[xUnit.net 00:01:09.17]       identity.users.update: GET /api/tenancy/tenant answered 200 (expected 403)
[xUnit.net 00:01:09.17]       lists.views.share: GET /api/identity/permissions answered 200 (expected 403)
[xUnit.net 00:01:09.17]       lists.views.share: GET /api/identity/roles answered 200 (expected 403)
[xUnit.net 00:01:09.17]       lists.views.share: GET /api/identity/roles/{id:guid} answered 404 (expected 403)
[xUnit.net 00:01:09.17]       lists.views.share: GET /api/identity/users answered 200 (expected 403)
[xUnit.net 00:01:09.17]       lists.views.share: GET /api/identity/users/{id:guid} answered 404 (expected 403)
[xUnit.net 00:01:09.17]       lists.views.share: GET /api/identity/users/{id:guid}/access answered 404 (expected 403)
[xUnit.net 00:01:09.17]       lists.views.share: GET /api/identity/users/{id:guid}/sign-ins answered 404 (expected 403)
[xUnit.net 00:01:09.17]       lists.views.share: GET /api/lists/identity.roles/definition answered 200 (expected 403)
[xUnit.net 00:01:09.17]       lists.views.share: GET /api/lists/identity.roles/shared-views/{id:guid} answered 404 (expected 403)
[xUnit.net 00:01:09.17]       lists.views.share: GET /api/lists/identity.roles/views answered 200 (expected 403)
[xUnit.net 00:01:09.17]       lists.views.share: POST /api/lists/identity.roles/views answered 400 (expected 403)
[xUnit.net 00:01:09.17]       lists.views.share: DELETE /api/lists/identity.roles/views/{id:guid} answered 404 (expected 403)
[xUnit.net 00:01:09.17]       lists.views.share: GET /api/lists/identity.roles/views/{id:guid} answered 404 (expected 403)
[xUnit.net 00:01:09.17]       lists.views.share: PUT /api/lists/identity.roles/views/{id:guid} answered 400 (expected 403)
[xUnit.net 00:01:09.17]       lists.views.share: GET /api/lists/identity.users/definition answered 200 (expected 403)
[xUnit.net 00:01:09.17]       lists.views.share: GET /api/lists/identity.users/shared-views/{id:guid} answered 404 (expected 403)
[xUnit.net 00:01:09.17]       lists.views.share: GET /api/lists/identity.users/views answered 200 (expected 403)
[xUnit.net 00:01:09.17]       lists.views.share: POST /api/lists/identity.users/views answered 400 (expected 403)
[xUnit.net 00:01:09.17]       lists.views.share: DELETE /api/lists/identity.users/views/{id:guid} answered 404 (expected 403)
[xUnit.net 00:01:09.17]       lists.views.share: GET /api/lists/identity.users/views/{id:guid} answered 404 (expected 403)
[xUnit.net 00:01:09.17]       lists.views.share: PUT /api/lists/identity.users/views/{id:guid} answered 400 (expected 403)
[xUnit.net 00:01:09.17]       lists.views.share: GET /api/tenancy/tenant answered 200 (expected 403)
[xUnit.net 00:01:09.17]       tenancy.tenant.read: GET /api/identity/permissions answered 200 (expected 403)
[xUnit.net 00:01:09.17]       tenancy.tenant.read: GET /api/identity/roles answered 200 (expected 403)
[xUnit.net 00:01:09.17]       tenancy.tenant.read: GET /api/identity/roles/{id:guid} answered 404 (expected 403)
[xUnit.net 00:01:09.17]       tenancy.tenant.read: GET /api/identity/users answered 200 (expected 403)
[xUnit.net 00:01:09.17]       tenancy.tenant.read: GET /api/identity/users/{id:guid} answered 404 (expected 403)
[xUnit.net 00:01:09.17]       tenancy.tenant.read: GET /api/identity/users/{id:guid}/access answered 404 (expected 403)
[xUnit.net 00:01:09.17]       tenancy.tenant.read: GET /api/identity/users/{id:guid}/sign-ins answered 404 (expected 403)
[xUnit.net 00:01:09.17]       tenancy.tenant.read: GET /api/lists/identity.roles/definition answered 200 (expected 403)
[xUnit.net 00:01:09.17]       tenancy.tenant.read: GET /api/lists/identity.roles/shared-views/{id:guid} answered 404 (expected 403)
[xUnit.net 00:01:09.17]       tenancy.tenant.read: GET /api/lists/identity.roles/views answered 200 (expected 403)
[xUnit.net 00:01:09.17]       tenancy.tenant.read: POST /api/lists/identity.roles/views answered 400 (expected 403)
[xUnit.net 00:01:09.17]       tenancy.tenant.read: DELETE /api/lists/identity.roles/views/{id:guid} answered 404 (expected 403)
[xUnit.net 00:01:09.17]       tenancy.tenant.read: GET /api/lists/identity.roles/views/{id:guid} answered 404 (expected 403)
[xUnit.net 00:01:09.17]       tenancy.tenant.read: PUT /api/lists/identity.roles/views/{id:guid} answered 400 (expected 403)
[xUnit.net 00:01:09.17]       tenancy.tenant.read: GET /api/lists/identity.users/definition answered 200 (expected 403)
[xUnit.net 00:01:09.17]       tenancy.tenant.read: GET /api/lists/identity.users/shared-views/{id:guid} answered 404 (expected 403)
[xUnit.net 00:01:09.17]       tenancy.tenant.read: GET /api/lists/identity.users/views answered 200 (expected 403)
[xUnit.net 00:01:09.17]       tenancy.tenant.read: POST /api/lists/identity.users/views answered 400 (expected 403)
[xUnit.net 00:01:09.17]       tenancy.tenant.read: DELETE /api/lists/identity.users/views/{id:guid} answered 404 (expected 403)
[xUnit.net 00:01:09.17]       tenancy.tenant.read: GET /api/lists/identity.users/views/{id:guid} answered 404 (expected 403)
[xUnit.net 00:01:09.17]       tenancy.tenant.read: PUT /api/lists/identity.users/views/{id:guid} answered 400 (expected 403)
[xUnit.net 00:01:09.17]       tenancy.tenant.update: GET /api/identity/permissions answered 200 (expected 403)
[xUnit.net 00:01:09.17]       tenancy.tenant.update: GET /api/identity/roles answered 200 (expected 403)
[xUnit.net 00:01:09.17]       tenancy.tenant.update: GET /api/identity/roles/{id:guid} answered 404 (expected 403)
[xUnit.net 00:01:09.17]       tenancy.tenant.update: GET /api/identity/users answered 200 (expected 403)
[xUnit.net 00:01:09.17]       tenancy.tenant.update: GET /api/identity/users/{id:guid} answered 404 (expected 403)
[xUnit.net 00:01:09.17]       tenancy.tenant.update: GET /api/identity/users/{id:guid}/access answered 404 (expected 403)
[xUnit.net 00:01:09.17]       tenancy.tenant.update: GET /api/identity/users/{id:guid}/sign-ins answered 404 (expected 403)
[xUnit.net 00:01:09.17]       tenancy.tenant.update: GET /api/lists/identity.roles/definition answered 200 (expected 403)
[xUnit.net 00:01:09.17]       tenancy.tenant.update: GET /api/lists/identity.roles/shared-views/{id:guid} answered 404 (expected 403)
[xUnit.net 00:01:09.17]       tenancy.tenant.update: GET /api/lists/identity.roles/views answered 200 (expected 403)
[xUnit.net 00:01:09.17]       tenancy.tenant.update: POST /api/lists/identity.roles/views answered 400 (expected 403)
[xUnit.net 00:01:09.17]       tenancy.tenant.update: DELETE /api/lists/identity.roles/views/{id:guid} answered 404 (expected 403)
[xUnit.net 00:01:09.17]       tenancy.tenant.update: GET /api/lists/identity.roles/views/{id:guid} answered 404 (expected 403)
[xUnit.net 00:01:09.17]       tenancy.tenant.update: PUT /api/lists/identity.roles/views/{id:guid} answered 400 (expected 403)
[xUnit.net 00:01:09.17]       tenancy.tenant.update: GET /api/lists/identity.users/definition answered 200 (expected 403)
[xUnit.net 00:01:09.17]       tenancy.tenant.update: GET /api/lists/identity.users/shared-views/{id:guid} answered 404 (expected 403)
[xUnit.net 00:01:09.17]       tenancy.tenant.update: GET /api/lists/identity.users/views answered 200 (expected 403)
[xUnit.net 00:01:09.17]       tenancy.tenant.update: POST /api/lists/identity.users/views answered 400 (expected 403)
[xUnit.net 00:01:09.17]       tenancy.tenant.update: DELETE /api/lists/identity.users/views/{id:guid} answered 404 (expected 403)
[xUnit.net 00:01:09.17]       tenancy.tenant.update: GET /api/lists/identity.users/views/{id:guid} answered 404 (expected 403)
[xUnit.net 00:01:09.17]       tenancy.tenant.update: PUT /api/lists/identity.users/views/{id:guid} answered 400 (expected 403)
[xUnit.net 00:01:09.17]       tenancy.tenant.update: GET /api/tenancy/tenant answered 200 (expected 403)
[xUnit.net 00:01:09.17]       Stack Trace:
[xUnit.net 00:01:09.18]         /home/user/critic/p00-foundation-r3-plant2/tests/Erp.Gates.Tests/G2/G2PermissionTests.cs(210,0): at Erp.Gates.Tests.G2.G2PermissionTests.Granting_exactly_one_permission_opens_exactly_the_endpoints_that_declare_it()
[xUnit.net 00:01:09.18]         --- End of stack trace from previous location ---
  Failed Erp.Gates.Tests.G2.G2PermissionTests.Granting_exactly_one_permission_opens_exactly_the_endpoints_that_declare_it [21 s]
  Error Message:
   identity.profile.update: GET /api/identity/permissions answered 200 (expected 403)
identity.profile.update: GET /api/identity/roles answered 200 (expected 403)
identity.profile.update: GET /api/identity/roles/{id:guid} answered 404 (expected 403)
identity.profile.update: GET /api/identity/users answered 200 (expected 403)
identity.profile.update: GET /api/identity/users/{id:guid} answered 404 (expected 403)
identity.profile.update: GET /api/identity/users/{id:guid}/access answered 404 (expected 403)
identity.profile.update: GET /api/identity/users/{id:guid}/sign-ins answered 404 (expected 403)
identity.profile.update: GET /api/lists/identity.roles/definition answered 200 (expected 403)
identity.profile.update: GET /api/lists/identity.roles/shared-views/{id:guid} answered 404 (expected 403)
identity.profile.update: GET /api/lists/identity.roles/views answered 200 (expected 403)
identity.profile.update: POST /api/lists/identity.roles/views answered 400 (expected 403)
identity.profile.update: DELETE /api/lists/identity.roles/views/{id:guid} answered 404 (expected 403)
identity.profile.update: GET /api/lists/identity.roles/views/{id:guid} answered 404 (expected 403)
identity.profile.update: PUT /api/lists/identity.roles/views/{id:guid} answered 400 (expected 403)
identity.profile.update: GET /api/lists/identity.users/definition answered 200 (expected 403)
identity.profile.update: GET /api/lists/identity.users/shared-views/{id:guid} answered 404 (expected 403)
identity.profile.update: GET /api/lists/identity.users/views answered 200 (expected 403)
identity.profile.update: POST /api/lists/identity.users/views answered 400 (expected 403)
identity.profile.update: DELETE /api/lists/identity.users/views/{id:guid} answered 404 (expected 403)
identity.profile.update: GET /api/lists/identity.users/views/{id:guid} answered 404 (expected 403)
identity.profile.update: PUT /api/lists/identity.users/views/{id:guid} answered 400 (expected 403)
identity.profile.update: GET /api/tenancy/tenant answered 200 (expected 403)
identity.roles.create: GET /api/identity/permissions answered 200 (expected 403)
identity.roles.create: GET /api/identity/roles answered 200 (expected 403)
identity.roles.create: GET /api/identity/roles/{id:guid} answered 404 (expected 403)
identity.roles.create: GET /api/identity/users answered 200 (expected 403)
identity.roles.create: GET /api/identity/users/{id:guid} answered 404 (expected 403)
identity.roles.create: GET /api/identity/users/{id:guid}/access answered 404 (expected 403)
identity.roles.create: GET /api/identity/users/{id:guid}/sign-ins answered 404 (expected 403)
identity.roles.create: GET /api/lists/identity.roles/definition answered 200 (expected 403)
identity.roles.create: GET /api/lists/identity.roles/shared-views/{id:guid} answered 404 (expected 403)
identity.roles.create: GET /api/lists/identity.roles/views answered 200 (expected 403)
identity.roles.create: POST /api/lists/identity.roles/views answered 400 (expected 403)
identity.roles.create: DELETE /api/lists/identity.roles/views/{id:guid} answered 404 (expected 403)
identity.roles.create: GET /api/lists/identity.roles/views/{id:guid} answered 404 (expected 403)
identity.roles.create: PUT /api/lists/identity.roles/views/{id:guid} answered 400 (expected 403)
identity.roles.create: GET /api/lists/identity.users/definition answered 200 (expected 403)
identity.roles.create: GET /api/lists/identity.users/shared-views/{id:guid} answered 404 (expected 403)
identity.roles.create: GET /api/lists/identity.users/views answered 200 (expected 403)
identity.roles.create: POST /api/lists/identity.users/views answered 400 (expected 403)
identity.roles.create: DELETE /api/lists/identity.users/views/{id:guid} answered 404 (expected 403)
identity.roles.create: GET /api/lists/identity.users/views/{id:guid} answered 404 (expected 403)
identity.roles.create: PUT /api/lists/identity.users/views/{id:guid} answered 400 (expected 403)
identity.roles.create: GET /api/tenancy/tenant answered 200 (expected 403)
identity.roles.delete: GET /api/identity/permissions answered 200 (expected 403)
identity.roles.delete: GET /api/identity/roles answered 200 (expected 403)
identity.roles.delete: GET /api/identity/roles/{id:guid} answered 404 (expected 403)
identity.roles.delete: GET /api/identity/users answered 200 (expected 403)
identity.roles.delete: GET /api/identity/users/{id:guid} answered 404 (expected 403)
identity.roles.delete: GET /api/identity/users/{id:guid}/access answered 404 (expected 403)
identity.roles.delete: GET /api/identity/users/{id:guid}/sign-ins answered 404 (expected 403)
identity.roles.delete: GET /api/lists/identity.roles/definition answered 200 (expected 403)
identity.roles.delete: GET /api/lists/identity.roles/shared-views/{id:guid} answered 404 (expected 403)
identity.roles.delete: GET /api/lists/identity.roles/views answered 200 (expected 403)
identity.roles.delete: POST /api/lists/identity.roles/views answered 400 (expected 403)
identity.roles.delete: DELETE /api/lists/identity.roles/views/{id:guid} answered 404 (expected 403)
identity.roles.delete: GET /api/lists/identity.roles/views/{id:guid} answered 404 (expected 403)
identity.roles.delete: PUT /api/lists/identity.roles/views/{id:guid} answered 400 (expected 403)
identity.roles.delete: GET /api/lists/identity.users/definition answered 200 (expected 403)
identity.roles.delete: GET /api/lists/identity.users/shared-views/{id:guid} answered 404 (expected 403)
identity.roles.delete: GET /api/lists/identity.users/views answered 200 (expected 403)
identity.roles.delete: POST /api/lists/identity.users/views answered 400 (expected 403)
identity.roles.delete: DELETE /api/lists/identity.users/views/{id:guid} answered 404 (expected 403)
identity.roles.delete: GET /api/lists/identity.users/views/{id:guid} answered 404 (expected 403)
identity.roles.delete: PUT /api/lists/identity.users/views/{id:guid} answered 400 (expected 403)
identity.roles.delete: GET /api/tenancy/tenant answered 200 (expected 403)
identity.roles.read: GET /api/identity/users answered 200 (expected 403)
identity.roles.read: GET /api/identity/users/{id:guid} answered 404 (expected 403)
identity.roles.read: GET /api/identity/users/{id:guid}/access answered 404 (expected 403)
identity.roles.read: GET /api/identity/users/{id:guid}/sign-ins answered 404 (expected 403)
identity.roles.read: GET /api/lists/identity.users/definition answered 200 (expected 403)
identity.roles.read: GET /api/lists/identity.users/shared-views/{id:guid} answered 404 (expected 403)
identity.roles.read: GET /api/lists/identity.users/views answered 200 (expected 403)
identity.roles.read: POST /api/lists/identity.users/views answered 400 (expected 403)
identity.roles.read: DELETE /api/lists/identity.users/views/{id:guid} answered 404 (expected 403)
identity.roles.read: GET /api/lists/identity.users/views/{id:guid} answered 404 (expected 403)
identity.roles.read: PUT /api/lists/identity.users/views/{id:guid} answered 400 (expected 403)
identity.roles.read: GET /api/tenancy/tenant answered 200 (expected 403)
identity.roles.update: GET /api/identity/permissions answered 200 (expected 403)
identity.roles.update: GET /api/identity/roles answered 200 (expected 403)
identity.roles.update: GET /api/identity/roles/{id:guid} answered 404 (expected 403)
identity.roles.update: GET /api/identity/users answered 200 (expected 403)
identity.roles.update: GET /api/identity/users/{id:guid} answered 404 (expected 403)
identity.roles.update: GET /api/identity/users/{id:guid}/access answered 404 (expected 403)
identity.roles.update: GET /api/identity/users/{id:guid}/sign-ins answered 404 (expected 403)
identity.roles.update: GET /api/lists/identity.roles/definition answered 200 (expected 403)
identity.roles.update: GET /api/lists/identity.roles/shared-views/{id:guid} answered 404 (expected 403)
identity.roles.update: GET /api/lists/identity.roles/views answered 200 (expected 403)
identity.roles.update: POST /api/lists/identity.roles/views answered 400 (expected 403)
identity.roles.update: DELETE /api/lists/identity.roles/views/{id:guid} answered 404 (expected 403)
identity.roles.update: GET /api/lists/identity.roles/views/{id:guid} answered 404 (expected 403)
identity.roles.update: PUT /api/lists/identity.roles/views/{id:guid} answered 400 (expected 403)
identity.roles.update: GET /api/lists/identity.users/definition answered 200 (expected 403)
identity.roles.update: GET /api/lists/identity.users/shared-views/{id:guid} answered 404 (expected 403)
identity.roles.update: GET /api/lists/identity.users/views answered 200 (expected 403)
identity.roles.update: POST /api/lists/identity.users/views answered 400 (expected 403)
identity.roles.update: DELETE /api/lists/identity.users/views/{id:guid} answered 404 (expected 403)
identity.roles.update: GET /api/lists/identity.users/views/{id:guid} answered 404 (expected 403)
identity.roles.update: PUT /api/lists/identity.users/views/{id:guid} answered 400 (expected 403)
identity.roles.update: GET /api/tenancy/tenant answered 200 (expected 403)
identity.signIns.read: GET /api/identity/permissions answered 200 (expected 403)
identity.signIns.read: GET /api/identity/roles answered 200 (expected 403)
identity.signIns.read: GET /api/identity/roles/{id:guid} answered 404 (expected 403)
identity.signIns.read: GET /api/identity/users answered 200 (expected 403)
identity.signIns.read: GET /api/identity/users/{id:guid} answered 404 (expected 403)
identity.signIns.read: GET /api/identity/users/{id:guid}/access answered 404 (expected 403)
identity.signIns.read: GET /api/lists/identity.roles/definition answered 200 (expected 403)
identity.signIns.read: GET /api/lists/identity.roles/shared-views/{id:guid} answered 404 (expected 403)
identity.signIns.read: GET /api/lists/identity.roles/views answered 200 (expected 403)
identity.signIns.read: POST /api/lists/identity.roles/views answered 400 (expected 403)
identity.signIns.read: DELETE /api/lists/identity.roles/views/{id:guid} answered 404 (expected 403)
identity.signIns.read: GET /api/lists/identity.roles/views/{id:guid} answered 404 (expected 403)
identity.signIns.read: PUT /api/lists/identity.roles/views/{id:guid} answered 400 (expected 403)
identity.signIns.read: GET /api/lists/identity.users/definition answered 200 (expected 403)
identity.signIns.read: GET /api/lists/identity.users/shared-views/{id:guid} answered 404 (expected 403)
identity.signIns.read: GET /api/lists/identity.users/views answered 200 (expected 403)
identity.signIns.read: POST /api/lists/identity.users/views answered 400 (expected 403)
identity.signIns.read: DELETE /api/lists/identity.users/views/{id:guid} answered 404 (expected 403)
identity.signIns.read: GET /api/lists/identity.users/views/{id:guid} answered 404 (expected 403)
identity.signIns.read: PUT /api/lists/identity.users/views/{id:guid} answered 400 (expected 403)
identity.signIns.read: GET /api/tenancy/tenant answered 200 (expected 403)
identity.users.create: GET /api/identity/permissions answered 200 (expected 403)
identity.users.create: GET /api/identity/roles answered 200 (expected 403)
identity.users.create: GET /api/identity/roles/{id:guid} answered 404 (expected 403)
identity.users.create: GET /api/identity/users answered 200 (expected 403)
identity.users.create: GET /api/identity/users/{id:guid} answered 404 (expected 403)
identity.users.create: GET /api/identity/users/{id:guid}/access answered 404 (expected 403)
identity.users.create: GET /api/identity/users/{id:guid}/sign-ins answered 404 (expected 403)
identity.users.create: GET /api/lists/identity.roles/definition answered 200 (expected 403)
identity.users.create: GET /api/lists/identity.roles/shared-views/{id:guid} answered 404 (expected 403)
identity.users.create: GET /api/lists/identity.roles/views answered 200 (expected 403)
identity.users.create: POST /api/lists/identity.roles/views answered 400 (expected 403)
identity.users.create: DELETE /api/lists/identity.roles/views/{id:guid} answered 404 (expected 403)
identity.users.create: GET /api/lists/identity.roles/views/{id:guid} answered 404 (expected 403)
identity.users.create: PUT /api/lists/identity.roles/views/{id:guid} answered 400 (expected 403)
identity.users.create: GET /api/lists/identity.users/definition answered 200 (expected 403)
identity.users.create: GET /api/lists/identity.users/shared-views/{id:guid} answered 404 (expected 403)
identity.users.create: GET /api/lists/identity.users/views answered 200 (expected 403)
identity.users.create: POST /api/lists/identity.users/views answered 400 (expected 403)
identity.users.create: DELETE /api/lists/identity.users/views/{id:guid} answered 404 (expected 403)
identity.users.create: GET /api/lists/identity.users/views/{id:guid} answered 404 (expected 403)
identity.users.create: PUT /api/lists/identity.users/views/{id:guid} answered 400 (expected 403)
identity.users.create: GET /api/tenancy/tenant answered 200 (expected 403)
identity.users.read: GET /api/identity/permissions answered 200 (expected 403)
identity.users.read: GET /api/identity/roles answered 200 (expected 403)
identity.users.read: GET /api/identity/roles/{id:guid} answered 404 (expected 403)
identity.users.read: GET /api/identity/users/{id:guid}/sign-ins answered 404 (expected 403)
identity.users.read: GET /api/lists/identity.roles/definition answered 200 (expected 403)
identity.users.read: GET /api/lists/identity.roles/shared-views/{id:guid} answered 404 (expected 403)
identity.users.read: GET /api/lists/identity.roles/views answered 200 (expected 403)
identity.users.read: POST /api/lists/identity.roles/views answered 400 (expected 403)
identity.users.read: DELETE /api/lists/identity.roles/views/{id:guid} answered 404 (expected 403)
identity.users.read: GET /api/lists/identity.roles/views/{id:guid} answered 404 (expected 403)
identity.users.read: PUT /api/lists/identity.roles/views/{id:guid} answered 400 (expected 403)
identity.users.read: GET /api/tenancy/tenant answered 200 (expected 403)
identity.users.resetPassword: GET /api/identity/permissions answered 200 (expected 403)
identity.users.resetPassword: GET /api/identity/roles answered 200 (expected 403)
identity.users.resetPassword: GET /api/identity/roles/{id:guid} answered 404 (expected 403)
identity.users.resetPassword: GET /api/identity/users answered 200 (expected 403)
identity.users.resetPassword: GET /api/identity/users/{id:guid} answered 404 (expected 403)
identity.users.resetPassword: GET /api/identity/users/{id:guid}/access answered 404 (expected 403)
identity.users.resetPassword: GET /api/identity/users/{id:guid}/sign-ins answered 404 (expected 403)
identity.users.resetPassword: GET /api/lists/identity.roles/definition answered 200 (expected 403)
identity.users.resetPassword: GET /api/lists/identity.roles/shared-views/{id:guid} answered 404 (expected 403)
identity.users.resetPassword: GET /api/lists/identity.roles/views answered 200 (expected 403)
identity.users.resetPassword: POST /api/lists/identity.roles/views answered 400 (expected 403)
identity.users.resetPassword: DELETE /api/lists/identity.roles/views/{id:guid} answered 404 (expected 403)
identity.users.resetPassword: GET /api/lists/identity.roles/views/{id:guid} answered 404 (expected 403)
identity.users.resetPassword: PUT /api/lists/identity.roles/views/{id:guid} answered 400 (expected 403)
identity.users.resetPassword: GET /api/lists/identity.users/definition answered 200 (expected 403)
identity.users.resetPassword: GET /api/lists/identity.users/shared-views/{id:guid} answered 404 (expected 403)
identity.users.resetPassword: GET /api/lists/identity.users/views answered 200 (expected 403)
identity.users.resetPassword: POST /api/lists/identity.users/views answered 400 (expected 403)
identity.users.resetPassword: DELETE /api/lists/identity.users/views/{id:guid} answered 404 (expected 403)
identity.users.resetPassword: GET /api/lists/identity.users/views/{id:guid} answered 404 (expected 403)
identity.users.resetPassword: PUT /api/lists/identity.users/views/{id:guid} answered 400 (expected 403)
identity.users.resetPassword: GET /api/tenancy/tenant answered 200 (expected 403)
identity.users.update: GET /api/identity/permissions answered 200 (expected 403)
identity.users.update: GET /api/identity/roles answered 200 (expected 403)
identity.users.update: GET /api/identity/roles/{id:guid} answered 404 (expected 403)
identity.users.update: GET /api/identity/users answered 200 (expected 403)
identity.users.update: GET /api/identity/users/{id:guid} answered 404 (expected 403)
identity.users.update: GET /api/identity/users/{id:guid}/access answered 404 (expected 403)
identity.users.update: GET /api/identity/users/{id:guid}/sign-ins answered 404 (expected 403)
identity.users.update: GET /api/lists/identity.roles/definition answered 200 (expected 403)
identity.users.update: GET /api/lists/identity.roles/shared-views/{id:guid} answered 404 (expected 403)
identity.users.update: GET /api/lists/identity.roles/views answered 200 (expected 403)
identity.users.update: POST /api/lists/identity.roles/views answered 400 (expected 403)
identity.users.update: DELETE /api/lists/identity.roles/views/{id:guid} answered 404 (expected 403)
identity.users.update: GET /api/lists/identity.roles/views/{id:guid} answered 404 (expected 403)
identity.users.update: PUT /api/lists/identity.roles/views/{id:guid} answered 400 (expected 403)
identity.users.update: GET /api/lists/identity.users/definition answered 200 (expected 403)
identity.users.update: GET /api/lists/identity.users/shared-views/{id:guid} answered 404 (expected 403)
identity.users.update: GET /api/lists/identity.users/views answered 200 (expected 403)
identity.users.update: POST /api/lists/identity.users/views answered 400 (expected 403)
identity.users.update: DELETE /api/lists/identity.users/views/{id:guid} answered 404 (expected 403)
identity.users.update: GET /api/lists/identity.users/views/{id:guid} answered 404 (expected 403)
identity.users.update: PUT /api/lists/identity.users/views/{id:guid} answered 400 (expected 403)
identity.users.update: GET /api/tenancy/tenant answered 200 (expected 403)
lists.views.share: GET /api/identity/permissions answered 200 (expected 403)
lists.views.share: GET /api/identity/roles answered 200 (expected 403)
lists.views.share: GET /api/identity/roles/{id:guid} answered 404 (expected 403)
lists.views.share: GET /api/identity/users answered 200 (expected 403)
lists.views.share: GET /api/identity/users/{id:guid} answered 404 (expected 403)
lists.views.share: GET /api/identity/users/{id:guid}/access answered 404 (expected 403)
lists.views.share: GET /api/identity/users/{id:guid}/sign-ins answered 404 (expected 403)
lists.views.share: GET /api/lists/identity.roles/definition answered 200 (expected 403)
lists.views.share: GET /api/lists/identity.roles/shared-views/{id:guid} answered 404 (expected 403)
lists.views.share: GET /api/lists/identity.roles/views answered 200 (expected 403)
lists.views.share: POST /api/lists/identity.roles/views answered 400 (expected 403)
lists.views.share: DELETE /api/lists/identity.roles/views/{id:guid} answered 404 (expected 403)
lists.views.share: GET /api/lists/identity.roles/views/{id:guid} answered 404 (expected 403)
lists.views.share: PUT /api/lists/identity.roles/views/{id:guid} answered 400 (expected 403)
lists.views.share: GET /api/lists/identity.users/definition answered 200 (expected 403)
lists.views.share: GET /api/lists/identity.users/shared-views/{id:guid} answered 404 (expected 403)
lists.views.share: GET /api/lists/identity.users/views answered 200 (expected 403)
lists.views.share: POST /api/lists/identity.users/views answered 400 (expected 403)
lists.views.share: DELETE /api/lists/identity.users/views/{id:guid} answered 404 (expected 403)
lists.views.share: GET /api/lists/identity.users/views/{id:guid} answered 404 (expected 403)
lists.views.share: PUT /api/lists/identity.users/views/{id:guid} answered 400 (expected 403)
lists.views.share: GET /api/tenancy/tenant answered 200 (expected 403)
tenancy.tenant.read: GET /api/identity/permissions answered 200 (expected 403)
tenancy.tenant.read: GET /api/identity/roles answered 200 (expected 403)
tenancy.tenant.read: GET /api/identity/roles/{id:guid} answered 404 (expected 403)
tenancy.tenant.read: GET /api/identity/users answered 200 (expected 403)
tenancy.tenant.read: GET /api/identity/users/{id:guid} answered 404 (expected 403)
tenancy.tenant.read: GET /api/identity/users/{id:guid}/access answered 404 (expected 403)
tenancy.tenant.read: GET /api/identity/users/{id:guid}/sign-ins answered 404 (expected 403)
tenancy.tenant.read: GET /api/lists/identity.roles/definition answered 200 (expected 403)
tenancy.tenant.read: GET /api/lists/identity.roles/shared-views/{id:guid} answered 404 (expected 403)
tenancy.tenant.read: GET /api/lists/identity.roles/views answered 200 (expected 403)
tenancy.tenant.read: POST /api/lists/identity.roles/views answered 400 (expected 403)
tenancy.tenant.read: DELETE /api/lists/identity.roles/views/{id:guid} answered 404 (expected 403)
tenancy.tenant.read: GET /api/lists/identity.roles/views/{id:guid} answered 404 (expected 403)
tenancy.tenant.read: PUT /api/lists/identity.roles/views/{id:guid} answered 400 (expected 403)
tenancy.tenant.read: GET /api/lists/identity.users/definition answered 200 (expected 403)
tenancy.tenant.read: GET /api/lists/identity.users/shared-views/{id:guid} answered 404 (expected 403)
tenancy.tenant.read: GET /api/lists/identity.users/views answered 200 (expected 403)
tenancy.tenant.read: POST /api/lists/identity.users/views answered 400 (expected 403)
tenancy.tenant.read: DELETE /api/lists/identity.users/views/{id:guid} answered 404 (expected 403)
tenancy.tenant.read: GET /api/lists/identity.users/views/{id:guid} answered 404 (expected 403)
tenancy.tenant.read: PUT /api/lists/identity.users/views/{id:guid} answered 400 (expected 403)
tenancy.tenant.update: GET /api/identity/permissions answered 200 (expected 403)
tenancy.tenant.update: GET /api/identity/roles answered 200 (expected 403)
tenancy.tenant.update: GET /api/identity/roles/{id:guid} answered 404 (expected 403)
tenancy.tenant.update: GET /api/identity/users answered 200 (expected 403)
tenancy.tenant.update: GET /api/identity/users/{id:guid} answered 404 (expected 403)
tenancy.tenant.update: GET /api/identity/users/{id:guid}/access answered 404 (expected 403)
tenancy.tenant.update: GET /api/identity/users/{id:guid}/sign-ins answered 404 (expected 403)
tenancy.tenant.update: GET /api/lists/identity.roles/definition answered 200 (expected 403)
tenancy.tenant.update: GET /api/lists/identity.roles/shared-views/{id:guid} answered 404 (expected 403)
tenancy.tenant.update: GET /api/lists/identity.roles/views answered 200 (expected 403)
tenancy.tenant.update: POST /api/lists/identity.roles/views answered 400 (expected 403)
tenancy.tenant.update: DELETE /api/lists/identity.roles/views/{id:guid} answered 404 (expected 403)
tenancy.tenant.update: GET /api/lists/identity.roles/views/{id:guid} answered 404 (expected 403)
tenancy.tenant.update: PUT /api/lists/identity.roles/views/{id:guid} answered 400 (expected 403)
tenancy.tenant.update: GET /api/lists/identity.users/definition answered 200 (expected 403)
tenancy.tenant.update: GET /api/lists/identity.users/shared-views/{id:guid} answered 404 (expected 403)
tenancy.tenant.update: GET /api/lists/identity.users/views answered 200 (expected 403)
tenancy.tenant.update: POST /api/lists/identity.users/views answered 400 (expected 403)
tenancy.tenant.update: DELETE /api/lists/identity.users/views/{id:guid} answered 404 (expected 403)
tenancy.tenant.update: GET /api/lists/identity.users/views/{id:guid} answered 404 (expected 403)
tenancy.tenant.update: PUT /api/lists/identity.users/views/{id:guid} answered 400 (expected 403)
tenancy.tenant.update: GET /api/tenancy/tenant answered 200 (expected 403)
  Stack Trace:
     at Erp.Gates.Tests.G2.G2PermissionTests.Granting_exactly_one_permission_opens_exactly_the_endpoints_that_declare_it() in /home/user/critic/p00-foundation-r3-plant2/tests/Erp.Gates.Tests/G2/G2PermissionTests.cs:line 210
--- End of stack trace from previous location ---
  Passed Erp.Gates.Tests.G2.G2PermissionTests.The_host_refuses_to_start_with_an_endpoint_that_declares_no_permission [33 ms]
  Passed Erp.Gates.Tests.G2.G2PermissionTests.Anonymous_callers_get_401_from_every_permissioned_endpoint [5 ms]
  Passed Erp.Gates.Tests.G2.G2PermissionTests.The_host_refuses_to_start_with_an_endpoint_whose_permission_is_not_in_the_catalogue [20 ms]
[xUnit.net 00:01:11.04]     Erp.Gates.Tests.G2.G2PermissionTests.Sharing_a_view_needs_the_share_permission_and_the_lists_own_permission [FAIL]
[xUnit.net 00:01:11.04]       Assert.Equal() Failure: Values differ
[xUnit.net 00:01:11.04]       Expected: Forbidden
[xUnit.net 00:01:11.04]       Actual:   OK
[xUnit.net 00:01:11.04]       Stack Trace:
[xUnit.net 00:01:11.04]         /home/user/critic/p00-foundation-r3-plant2/tests/Erp.Gates.Tests/G2/G2PermissionTests.cs(407,0): at Erp.Gates.Tests.G2.G2PermissionTests.Sharing_a_view_needs_the_share_permission_and_the_lists_own_permission()
[xUnit.net 00:01:11.04]         --- End of stack trace from previous location ---
  Failed Erp.Gates.Tests.G2.G2PermissionTests.Sharing_a_view_needs_the_share_permission_and_the_lists_own_permission [1 s]
  Error Message:
   Assert.Equal() Failure: Values differ
Expected: Forbidden
Actual:   OK
  Stack Trace:
     at Erp.Gates.Tests.G2.G2PermissionTests.Sharing_a_view_needs_the_share_permission_and_the_lists_own_permission() in /home/user/critic/p00-foundation-r3-plant2/tests/Erp.Gates.Tests/G2/G2PermissionTests.cs:line 407
--- End of stack trace from previous location ---
  Passed Erp.Gates.Tests.G2.G2PermissionTests.Every_declared_permission_is_in_the_catalogue_and_every_catalogue_permission_is_used [< 1 ms]
[xUnit.net 00:01:14.53]   Finished:    Erp.Gates.Tests (ID = 'c720e2ece72620509407a7f93f775fa3415199404832abcfc5da65b868426324')

Test Run Failed.
Total tests: 19
     Passed: 15
     Failed: 4
 Total time: 1.2522 Minutes
rc=1 seconds=76
