[1mBuilding the application image[0m
 Image erp-app:c-p02-tenancy-r8 Building 
#1 [internal] load local bake definitions
#1 reading from stdin 650B done
#1 DONE 0.0s

#2 [internal] load build definition from Dockerfile
#2 transferring dockerfile: 2.14kB 0.0s done
#2 DONE 0.0s

#3 resolve image config for docker-image://docker.io/docker/dockerfile:1
#3 DONE 1.4s

#4 docker-image://docker.io/docker/dockerfile:1@sha256:4edf897a3ffa55b89f906fc8cc78afdb3f1834cc9c7083565e611a8a7d5fe99e
#4 resolve docker.io/docker/dockerfile:1@sha256:4edf897a3ffa55b89f906fc8cc78afdb3f1834cc9c7083565e611a8a7d5fe99e 0.0s done
#4 CACHED

#5 [internal] load metadata for mcr.microsoft.com/dotnet/sdk:10.0
#5 DONE 0.2s

#6 [internal] load metadata for docker.io/library/node:22-alpine
#6 ...

#7 [internal] load metadata for mcr.microsoft.com/dotnet/aspnet:10.0
#7 DONE 0.3s

#6 [internal] load metadata for docker.io/library/node:22-alpine
#6 DONE 1.2s

#8 [internal] load .dockerignore
#8 transferring context: 187B done
#8 DONE 0.0s

#9 [internal] load build context
#9 DONE 0.0s

#10 [build 1/7] FROM mcr.microsoft.com/dotnet/sdk:10.0@sha256:e70cdb7f80b0348f5cb85f19a8f670fca061f033d57eed12fa003d58b0e06317
#10 resolve mcr.microsoft.com/dotnet/sdk:10.0@sha256:e70cdb7f80b0348f5cb85f19a8f670fca061f033d57eed12fa003d58b0e06317 0.1s done
#10 DONE 0.1s

#11 [stage-3 1/4] FROM mcr.microsoft.com/dotnet/aspnet:10.0@sha256:222759b391a1aaf241166672c8f99b2d4ada452e7b5319f3c6e8f265a37b5ad4
#11 resolve mcr.microsoft.com/dotnet/aspnet:10.0@sha256:222759b391a1aaf241166672c8f99b2d4ada452e7b5319f3c6e8f265a37b5ad4
#11 resolve mcr.microsoft.com/dotnet/aspnet:10.0@sha256:222759b391a1aaf241166672c8f99b2d4ada452e7b5319f3c6e8f265a37b5ad4 0.1s done
#11 DONE 0.1s

#12 [web 1/6] FROM docker.io/library/node:22-alpine@sha256:0a7108bf6c7bf5de370ffb1a3ed6be93d405b43ff159f681a8d18c0e2bc2e402
#12 resolve docker.io/library/node:22-alpine@sha256:0a7108bf6c7bf5de370ffb1a3ed6be93d405b43ff159f681a8d18c0e2bc2e402 0.1s done
#12 DONE 0.1s

#9 [internal] load build context
#9 transferring context: 24.86kB 0.0s done
#9 DONE 0.1s

#13 [build 2/7] WORKDIR /src
#13 CACHED

#14 [strings 3/3] RUN cd /modules && mkdir /strings && for d in */i18n; do mkdir -p "/strings/$d" && cp "$d"/*.json "/strings/$d/"; done
#14 CACHED

#15 [web 5/6] COPY web/ ./
#15 CACHED

#16 [build 5/7] RUN --mount=type=secret,id=extra_ca,target=/run/secrets/extra_ca --mount=type=cache,target=/root/.nuget/packages     if [ -s /run/secrets/extra_ca ]; then cat /run/secrets/extra_ca >>/etc/ssl/certs/ca-certificates.crt; fi;     dotnet restore src/Host/Erp.Host/Erp.Host.csproj
#16 CACHED

#17 [build 3/7] COPY global.json Directory.Build.props Directory.Packages.props ./
#17 CACHED

#18 [stage-3 3/4] COPY --from=build /app ./
#18 CACHED

#19 [web 4/6] RUN --mount=type=secret,id=extra_ca,target=/run/secrets/extra_ca --mount=type=cache,target=/root/.npm     if [ -s /run/secrets/extra_ca ]; then export NODE_EXTRA_CA_CERTS=/run/secrets/extra_ca; fi;     npm ci --no-audit --no-fund
#19 CACHED

#20 [web 3/6] COPY web/package.json web/package-lock.json ./
#20 CACHED

#21 [web 2/6] WORKDIR /web
#21 CACHED

#22 [web 6/6] RUN npm run check && npm run build
#22 CACHED

#23 [strings 2/3] COPY web/src/modules/ /modules/
#23 CACHED

#24 [build 6/7] COPY --from=strings /strings/ web/src/modules/
#24 CACHED

#25 [build 7/7] RUN --mount=type=cache,target=/root/.nuget/packages dotnet publish src/Host/Erp.Host/Erp.Host.csproj -c Release -o /app --no-restore
#25 CACHED

#26 [stage-3 2/4] WORKDIR /app
#26 CACHED

#27 [build 4/7] COPY src/ src/
#27 CACHED

#28 [stage-3 4/4] COPY --from=web /web/dist ./wwwroot
#28 CACHED

#29 exporting to image
#29 exporting layers done
#29 exporting manifest sha256:7c88a03788502d3ca0b6bdf48acbd8d999389ac055d587d136458c2fa638f26a 0.0s done
#29 exporting config sha256:4dfcb472e7d01b25389f91c1352efd2d332c40febf491e01d4da7eba48877e3c
#29 exporting config sha256:4dfcb472e7d01b25389f91c1352efd2d332c40febf491e01d4da7eba48877e3c 0.0s done
#29 exporting attestation manifest sha256:4b8aa44fcc8f32cd3c1c8960af6740a58b7d4875df9aa94d30295331db35a758 0.1s done
#29 exporting manifest list sha256:444c14ca0838809b29999b861a12398c1435b008f43748ff3fbf0b23d088cdcb
#29 exporting manifest list sha256:444c14ca0838809b29999b861a12398c1435b008f43748ff3fbf0b23d088cdcb 0.0s done
#29 naming to docker.io/library/erp-app:c-p02-tenancy-r8 done
#29 unpacking to docker.io/library/erp-app:c-p02-tenancy-r8 0.0s done
#29 DONE 0.3s

#30 resolving provenance for metadata file
#30 DONE 0.0s
 Image erp-app:c-p02-tenancy-r8 Built 
[1mStarting PostgreSQL, setting up the database (roles, migrations, seed: 100000 users) and serving[0m
 Network c-p02-tenancy-r8_default Creating 
 Network c-p02-tenancy-r8_default Created 
 Volume c-p02-tenancy-r8_db-data Creating 
 Volume c-p02-tenancy-r8_db-data Created 
 Container c-p02-tenancy-r8-db-1 Creating 
 Container c-p02-tenancy-r8-db-1 Created 
 Container c-p02-tenancy-r8-db-1 Starting 
 Container c-p02-tenancy-r8-db-1 Started 
 Container c-p02-tenancy-r8-db-1 Waiting 
 Container c-p02-tenancy-r8-db-1 Healthy 
 Container c-p02-tenancy-r8-db-1 Running 
 Container c-p02-tenancy-r8-setup-1 Creating 
 Container c-p02-tenancy-r8-setup-1 Created 
Attaching to setup-1
 Container c-p02-tenancy-r8-db-1 Waiting 
 Container c-p02-tenancy-r8-db-1 Healthy 
 Container c-p02-tenancy-r8-setup-1 Starting 
 Container c-p02-tenancy-r8-setup-1 Started 
setup-1  | info: Erp.Kernel.Data.DatabaseBootstrap[0]
setup-1  |       Creating database erp
setup-1  | info: Erp.Kernel.Data.DatabaseMigrator[0]
setup-1  |       Migrating KernelDbContext: 4 pending
setup-1  | info: Erp.Kernel.Data.DatabaseMigrator[0]
setup-1  |       Migrating TenancyDbContext: 6 pending
setup-1  | info: Erp.Kernel.Data.DatabaseMigrator[0]
setup-1  |       Migrating IdentityDbContext: 8 pending
setup-1  | info: Erp.Kernel.Data.DatabaseMigrator[0]
setup-1  |       Migrating ListsDbContext: 1 pending
setup-1  | info: Erp.Kernel.Seeding.SeedRunner[0]
setup-1  |       Seeded tenant alnoor (Demo) in 37447 ms
setup-1  | info: Erp.Kernel.Seeding.SeedRunner[0]
setup-1  |       Seeded tenant gulfsteel (Demo) in 643 ms
setup-1  | info: Erp.Kernel.Data.DatabaseMigrator[0]
setup-1  |       Refreshed statistics and index lists in 1371 ms
[Ksetup-1 exited with code 0
 Compose Stopping Aborting on container exit...
 Container c-p02-tenancy-r8-setup-1 Stopping 
 Container c-p02-tenancy-r8-setup-1 Stopped 
 Container c-p02-tenancy-r8-db-1 Running 
 Container c-p02-tenancy-r8-app-1 Creating 
 Container c-p02-tenancy-r8-app-1 Created 
 Container c-p02-tenancy-r8-db-1 Waiting 
 Container c-p02-tenancy-r8-db-1 Healthy 
 Container c-p02-tenancy-r8-setup-1 Starting 
 Container c-p02-tenancy-r8-setup-1 Started 
 Container c-p02-tenancy-r8-setup-1 Waiting 
 Container c-p02-tenancy-r8-setup-1 Exited 
 Container c-p02-tenancy-r8-app-1 Starting 
 Container c-p02-tenancy-r8-app-1 Started 

[1mThe demo is running (65 s): http://localhost:21250[0m

  Sign in (password for every demo user: Demo-Pass-2026)
    admin@alnoor.example       Administrator, English
    admin.ar@alnoor.example    Administrator, Arabic
    viewer@alnoor.example      Read-only role
    noaccess@alnoor.example    No roles (sees nothing)
    admin@gulfsteel.example    Administrator of the second workspace

  Team sign-in addresses (the e-mail domain is filled in: type the part before "@", Enter, password, Enter)
    http://localhost:21250/?domain=alnoor.example
    http://localhost:21250/?domain=gulfsteel.example

  API description: http://localhost:21250/api/openapi/v1.json
  Database:        localhost:21251 (./erp psql)
  Stop:            ./erp down        (add --volumes to delete the data)
rc=0 seconds=67
