Test run for /home/user/critic/p04-shell-r2-plants/tests/Erp.Gates.Tests/bin/Release/net10.0/Erp.Gates.Tests.dll (.NETCoreApp,Version=v10.0)
A total of 1 test files matched the specified pattern.
[xUnit.net 00:00:00.00] xUnit.net VSTest Adapter v3.1.5+1b188a7b0a (64-bit .NET 10.0.12)
[xUnit.net 00:00:00.20]   Discovering: Erp.Gates.Tests
[xUnit.net 00:00:00.77]   Discovered:  Erp.Gates.Tests
[xUnit.net 00:00:01.29]   Starting:    Erp.Gates.Tests
[xUnit.net 00:00:30.47]     Erp.Gates.Tests.G2.G2PermissionTests.A_user_whose_roles_grant_nothing_is_denied_everything_and_sees_no_menu [FAIL]
[xUnit.net 00:00:30.47]       PUT /api/identity/me/preferences: 400
[xUnit.net 00:00:30.47]       Stack Trace:
[xUnit.net 00:00:30.47]         /home/user/critic/p04-shell-r2-plants/tests/Erp.Gates.Tests/G2/G2PermissionTests.cs(165,0): at Erp.Gates.Tests.G2.G2PermissionTests.A_user_whose_roles_grant_nothing_is_denied_everything_and_sees_no_menu()
[xUnit.net 00:00:30.47]         --- End of stack trace from previous location ---
  Failed Erp.Gates.Tests.G2.G2PermissionTests.A_user_whose_roles_grant_nothing_is_denied_everything_and_sees_no_menu [1 s]
  Error Message:
   PUT /api/identity/me/preferences: 400
  Stack Trace:
     at Erp.Gates.Tests.G2.G2PermissionTests.A_user_whose_roles_grant_nothing_is_denied_everything_and_sees_no_menu() in /home/user/critic/p04-shell-r2-plants/tests/Erp.Gates.Tests/G2/G2PermissionTests.cs:line 165
--- End of stack trace from previous location ---
[xUnit.net 00:00:44.62]     Erp.Gates.Tests.G2.G2PermissionTests.Granting_exactly_one_permission_opens_exactly_the_endpoints_that_declare_it [FAIL]
[xUnit.net 00:00:44.62]       identity.roles.create: PUT /api/identity/me/preferences answered 400 (expected 403)
[xUnit.net 00:00:44.62]       identity.roles.delete: PUT /api/identity/me/preferences answered 400 (expected 403)
[xUnit.net 00:00:44.62]       identity.roles.read: PUT /api/identity/me/preferences answered 400 (expected 403)
[xUnit.net 00:00:44.62]       identity.roles.update: PUT /api/identity/me/preferences answered 400 (expected 403)
[xUnit.net 00:00:44.62]       identity.signIns.read: PUT /api/identity/me/preferences answered 400 (expected 403)
[xUnit.net 00:00:44.62]       identity.users.create: PUT /api/identity/me/preferences answered 400 (expected 403)
[xUnit.net 00:00:44.62]       identity.users.read: PUT /api/identity/me/preferences answered 400 (expected 403)
[xUnit.net 00:00:44.62]       identity.users.resetPassword: PUT /api/identity/me/preferences answered 400 (expected 403)
[xUnit.net 00:00:44.62]       identity.users.update: PUT /api/identity/me/preferences answered 400 (expected 403)
[xUnit.net 00:00:44.62]       lists.views.share: PUT /api/identity/me/preferences answered 400 (expected 403)
[xUnit.net 00:00:44.62]       tenancy.tenant.read: PUT /api/identity/me/preferences answered 400 (expected 403)
[xUnit.net 00:00:44.62]       tenancy.tenant.update: PUT /api/identity/me/preferences answered 400 (expected 403)
[xUnit.net 00:00:44.62]       Stack Trace:
[xUnit.net 00:00:44.62]         /home/user/critic/p04-shell-r2-plants/tests/Erp.Gates.Tests/G2/G2PermissionTests.cs(210,0): at Erp.Gates.Tests.G2.G2PermissionTests.Granting_exactly_one_permission_opens_exactly_the_endpoints_that_declare_it()
[xUnit.net 00:00:44.62]         --- End of stack trace from previous location ---
  Failed Erp.Gates.Tests.G2.G2PermissionTests.Granting_exactly_one_permission_opens_exactly_the_endpoints_that_declare_it [14 s]
  Error Message:
   identity.roles.create: PUT /api/identity/me/preferences answered 400 (expected 403)
identity.roles.delete: PUT /api/identity/me/preferences answered 400 (expected 403)
identity.roles.read: PUT /api/identity/me/preferences answered 400 (expected 403)
identity.roles.update: PUT /api/identity/me/preferences answered 400 (expected 403)
identity.signIns.read: PUT /api/identity/me/preferences answered 400 (expected 403)
identity.users.create: PUT /api/identity/me/preferences answered 400 (expected 403)
identity.users.read: PUT /api/identity/me/preferences answered 400 (expected 403)
identity.users.resetPassword: PUT /api/identity/me/preferences answered 400 (expected 403)
identity.users.update: PUT /api/identity/me/preferences answered 400 (expected 403)
lists.views.share: PUT /api/identity/me/preferences answered 400 (expected 403)
tenancy.tenant.read: PUT /api/identity/me/preferences answered 400 (expected 403)
tenancy.tenant.update: PUT /api/identity/me/preferences answered 400 (expected 403)
  Stack Trace:
     at Erp.Gates.Tests.G2.G2PermissionTests.Granting_exactly_one_permission_opens_exactly_the_endpoints_that_declare_it() in /home/user/critic/p04-shell-r2-plants/tests/Erp.Gates.Tests/G2/G2PermissionTests.cs:line 210
--- End of stack trace from previous location ---
  Passed Erp.Gates.Tests.G2.G2PermissionTests.The_host_refuses_to_start_with_an_endpoint_whose_permission_is_not_in_the_catalogue [35 ms]
  Passed Erp.Gates.Tests.G2.G2PermissionTests.Users_cannot_escalate_their_own_privileges [1 s]
  Passed Erp.Gates.Tests.G2.G2PermissionTests.Undeclared_endpoints_fall_back_to_deny [1 ms]
  Passed Erp.Gates.Tests.G2.G2PermissionTests.Every_registered_list_is_readable_with_its_permission_alone [2 s]
  Passed Erp.Gates.Tests.G2.G2PermissionTests.Every_endpoint_declares_exactly_one_permission_or_is_reviewed_anonymous [6 ms]
  Passed Erp.Gates.Tests.G2.G2PermissionTests.No_endpoint_grants_more_than_the_caller_holds [3 s]
[xUnit.net 00:00:51.88]     Erp.Gates.Tests.G2.G2PermissionTests.Anonymous_callers_get_401_from_every_permissioned_endpoint [FAIL]
[xUnit.net 00:00:51.88]       PUT /api/identity/me/preferences: 400
[xUnit.net 00:00:51.88]       Stack Trace:
[xUnit.net 00:00:51.88]         /home/user/critic/p04-shell-r2-plants/tests/Erp.Gates.Tests/G2/G2PermissionTests.cs(146,0): at Erp.Gates.Tests.G2.G2PermissionTests.Anonymous_callers_get_401_from_every_permissioned_endpoint()
[xUnit.net 00:00:51.88]         --- End of stack trace from previous location ---
  Passed Erp.Gates.Tests.G2.G2PermissionTests.The_host_refuses_to_start_with_an_endpoint_that_declares_no_permission [18 ms]
  Passed Erp.Gates.Tests.G2.G2PermissionTests.The_host_refuses_a_list_whose_endpoint_declares_another_permission [27 ms]
  Passed Erp.Gates.Tests.G2.G2PermissionTests.No_endpoint_that_changes_data_is_guarded_by_a_read_permission [2 ms]
  Passed Erp.Gates.Tests.G2.G2PermissionTests.Every_declared_permission_is_in_the_catalogue_and_every_catalogue_permission_is_used [< 1 ms]
  Failed Erp.Gates.Tests.G2.G2PermissionTests.Anonymous_callers_get_401_from_every_permissioned_endpoint [4 ms]
  Error Message:
   PUT /api/identity/me/preferences: 400
  Stack Trace:
     at Erp.Gates.Tests.G2.G2PermissionTests.Anonymous_callers_get_401_from_every_permissioned_endpoint() in /home/user/critic/p04-shell-r2-plants/tests/Erp.Gates.Tests/G2/G2PermissionTests.cs:line 146
--- End of stack trace from previous location ---
  Passed Erp.Gates.Tests.G2.G2PermissionTests.Requests_that_only_read_cannot_write [42 ms]
  Passed Erp.Gates.Tests.G2.G2PermissionTests.Sharing_a_view_needs_the_share_permission_and_the_lists_own_permission [1 s]
  Passed Erp.Gates.Tests.G2.G2PermissionTests.Creating_a_user_cannot_grant_more_than_the_caller_holds [1 s]
[xUnit.net 00:00:56.44]   Finished:    Erp.Gates.Tests (ID = 'da9beaf132be9aecd97878f3c9ce0b8aa542b6ca2e0e9f541c1fcfc9a2df3d49')

Test Run Failed.
Total tests: 16
     Passed: 13
     Failed: 3
 Total time: 57.4878 Seconds
rc=1
