  Determining projects to restore...
  All projects are up-to-date for restore.
  Erp.Modules.Tenancy.Contracts -> /home/user/critic/p01-odoo-rig-r1-plant/src/Modules/Tenancy/Erp.Modules.Tenancy.Contracts/bin/Release/net10.0/Erp.Modules.Tenancy.Contracts.dll
  Erp.Kernel -> /home/user/critic/p01-odoo-rig-r1-plant/src/Kernel/Erp.Kernel/bin/Release/net10.0/Erp.Kernel.dll
  Erp.Modules.Identity.Contracts -> /home/user/critic/p01-odoo-rig-r1-plant/src/Modules/Identity/Erp.Modules.Identity.Contracts/bin/Release/net10.0/Erp.Modules.Identity.Contracts.dll
  Erp.Modules.Tenancy -> /home/user/critic/p01-odoo-rig-r1-plant/src/Modules/Tenancy/Erp.Modules.Tenancy/bin/Release/net10.0/Erp.Modules.Tenancy.dll
  Erp.Modules.Identity -> /home/user/critic/p01-odoo-rig-r1-plant/src/Modules/Identity/Erp.Modules.Identity/bin/Release/net10.0/Erp.Modules.Identity.dll
  Erp.Host -> /home/user/critic/p01-odoo-rig-r1-plant/src/Host/Erp.Host/bin/Release/net10.0/Erp.Host.dll
  Erp.Testing -> /home/user/critic/p01-odoo-rig-r1-plant/tests/Erp.Testing/bin/Release/net10.0/Erp.Testing.dll
  Erp.Gates.Tests -> /home/user/critic/p01-odoo-rig-r1-plant/tests/Erp.Gates.Tests/bin/Release/net10.0/Erp.Gates.Tests.dll
Test run for /home/user/critic/p01-odoo-rig-r1-plant/tests/Erp.Gates.Tests/bin/Release/net10.0/Erp.Gates.Tests.dll (.NETCoreApp,Version=v10.0)
A total of 1 test files matched the specified pattern.
/home/user/critic/p01-odoo-rig-r1-plant/tests/Erp.Gates.Tests/bin/Release/net10.0/Erp.Gates.Tests.dll
[xUnit.net 00:00:00.00] xUnit.net VSTest Adapter v3.1.5+1b188a7b0a (64-bit .NET 10.0.12)
[xUnit.net 00:00:00.28]   Discovering: Erp.Gates.Tests
[xUnit.net 00:00:00.57]   Discovered:  Erp.Gates.Tests
[xUnit.net 00:00:00.76]   Starting:    Erp.Gates.Tests
[xUnit.net 00:00:12.90]   Finished:    Erp.Gates.Tests (ID = 'b994b205a028ac59c0f52a7ccaadaa65bfd7c2348c099cd51e8a96209bdaf588')
  Passed Erp.Gates.Tests.SelfTests.CriticPlantProof.Planted_static_cache_serves_tenant_B_to_tenant_A [493 ms]

Test Run Successful.
Total tests: 1
     Passed: 1
 Total time: 13.5813 Seconds
