  Determining projects to restore...
  Restored /home/user/critic/p01-odoo-rig-r1-plant/tests/Erp.Kernel.Tests/Erp.Kernel.Tests.csproj (in 1.16 sec).
  Restored /home/user/critic/p01-odoo-rig-r1-plant/tests/Erp.Modules.Identity.Tests/Erp.Modules.Identity.Tests.csproj (in 1.16 sec).
  8 of 10 projects are up-to-date for restore.
  Erp.Modules.Identity.Contracts -> /home/user/critic/p01-odoo-rig-r1-plant/src/Modules/Identity/Erp.Modules.Identity.Contracts/bin/Release/net10.0/Erp.Modules.Identity.Contracts.dll
  Erp.Kernel -> /home/user/critic/p01-odoo-rig-r1-plant/src/Kernel/Erp.Kernel/bin/Release/net10.0/Erp.Kernel.dll
  Erp.Modules.Tenancy.Contracts -> /home/user/critic/p01-odoo-rig-r1-plant/src/Modules/Tenancy/Erp.Modules.Tenancy.Contracts/bin/Release/net10.0/Erp.Modules.Tenancy.Contracts.dll
  Erp.Modules.Tenancy -> /home/user/critic/p01-odoo-rig-r1-plant/src/Modules/Tenancy/Erp.Modules.Tenancy/bin/Release/net10.0/Erp.Modules.Tenancy.dll
  Erp.Modules.Identity -> /home/user/critic/p01-odoo-rig-r1-plant/src/Modules/Identity/Erp.Modules.Identity/bin/Release/net10.0/Erp.Modules.Identity.dll
  Erp.Host -> /home/user/critic/p01-odoo-rig-r1-plant/src/Host/Erp.Host/bin/Release/net10.0/Erp.Host.dll
  Erp.Testing -> /home/user/critic/p01-odoo-rig-r1-plant/tests/Erp.Testing/bin/Release/net10.0/Erp.Testing.dll
  Erp.Kernel.Tests -> /home/user/critic/p01-odoo-rig-r1-plant/tests/Erp.Kernel.Tests/bin/Release/net10.0/Erp.Kernel.Tests.dll
Test run for /home/user/critic/p01-odoo-rig-r1-plant/tests/Erp.Kernel.Tests/bin/Release/net10.0/Erp.Kernel.Tests.dll (.NETCoreApp,Version=v10.0)
A total of 1 test files matched the specified pattern.

Passed!  - Failed:     0, Passed:    60, Skipped:     0, Total:    60, Duration: 7 s - Erp.Kernel.Tests.dll (net10.0)
  Erp.Modules.Identity.Tests -> /home/user/critic/p01-odoo-rig-r1-plant/tests/Erp.Modules.Identity.Tests/bin/Release/net10.0/Erp.Modules.Identity.Tests.dll
Test run for /home/user/critic/p01-odoo-rig-r1-plant/tests/Erp.Modules.Identity.Tests/bin/Release/net10.0/Erp.Modules.Identity.Tests.dll (.NETCoreApp,Version=v10.0)
A total of 1 test files matched the specified pattern.
  Erp.Gates.Tests -> /home/user/critic/p01-odoo-rig-r1-plant/tests/Erp.Gates.Tests/bin/Release/net10.0/Erp.Gates.Tests.dll
Test run for /home/user/critic/p01-odoo-rig-r1-plant/tests/Erp.Gates.Tests/bin/Release/net10.0/Erp.Gates.Tests.dll (.NETCoreApp,Version=v10.0)
A total of 1 test files matched the specified pattern.

Passed!  - Failed:     0, Passed:    21, Skipped:     0, Total:    21, Duration: 7 s - Erp.Modules.Identity.Tests.dll (net10.0)

Passed!  - Failed:     0, Passed:    45, Skipped:     0, Total:    45, Duration: 1 m 3 s - Erp.Gates.Tests.dll (net10.0)
