 Image erp-app:c-p00-foundation-r8-plant Building 
#1 [internal] load local bake definitions
#1 reading from stdin 692B done
#1 DONE 0.0s

#2 [internal] load build definition from Dockerfile
#2 transferring dockerfile: 2.14kB done
#2 DONE 0.1s

#3 resolve image config for docker-image://docker.io/docker/dockerfile:1
#3 DONE 0.4s

#4 docker-image://docker.io/docker/dockerfile:1@sha256:4edf897a3ffa55b89f906fc8cc78afdb3f1834cc9c7083565e611a8a7d5fe99e
#4 resolve docker.io/docker/dockerfile:1@sha256:4edf897a3ffa55b89f906fc8cc78afdb3f1834cc9c7083565e611a8a7d5fe99e 0.0s done
#4 CACHED

#5 [internal] load metadata for mcr.microsoft.com/dotnet/sdk:10.0
#5 ...

#6 [internal] load metadata for mcr.microsoft.com/dotnet/aspnet:10.0
#6 DONE 0.2s

#5 [internal] load metadata for mcr.microsoft.com/dotnet/sdk:10.0
#5 DONE 0.2s

#7 [internal] load metadata for docker.io/library/node:22-alpine
#7 DONE 0.3s

#8 [internal] load .dockerignore
#8 transferring context: 187B done
#8 DONE 0.1s

#9 [build 1/7] FROM mcr.microsoft.com/dotnet/sdk:10.0@sha256:e70cdb7f80b0348f5cb85f19a8f670fca061f033d57eed12fa003d58b0e06317
#9 resolve mcr.microsoft.com/dotnet/sdk:10.0@sha256:e70cdb7f80b0348f5cb85f19a8f670fca061f033d57eed12fa003d58b0e06317 0.1s done
#9 DONE 0.1s

#10 [stage-3 1/4] FROM mcr.microsoft.com/dotnet/aspnet:10.0@sha256:222759b391a1aaf241166672c8f99b2d4ada452e7b5319f3c6e8f265a37b5ad4
#10 resolve mcr.microsoft.com/dotnet/aspnet:10.0@sha256:222759b391a1aaf241166672c8f99b2d4ada452e7b5319f3c6e8f265a37b5ad4 0.1s done
#10 DONE 0.1s

#11 [web 1/6] FROM docker.io/library/node:22-alpine@sha256:0a7108bf6c7bf5de370ffb1a3ed6be93d405b43ff159f681a8d18c0e2bc2e402
#11 resolve docker.io/library/node:22-alpine@sha256:0a7108bf6c7bf5de370ffb1a3ed6be93d405b43ff159f681a8d18c0e2bc2e402 0.1s done
#11 DONE 0.1s

#12 [internal] load build context
#12 transferring context: 3.10MB 0.2s done
#12 DONE 0.2s

#13 [build 2/7] WORKDIR /src
#13 CACHED

#14 [build 3/7] COPY global.json Directory.Build.props Directory.Packages.props ./
#14 CACHED

#15 [strings 2/3] COPY web/src/modules/ /modules/
#15 CACHED

#16 [strings 3/3] RUN cd /modules && mkdir /strings && for d in */i18n; do mkdir -p "/strings/$d" && cp "$d"/*.json "/strings/$d/"; done
#16 CACHED

#17 [build 4/7] COPY src/ src/
#17 DONE 0.2s

#18 [build 5/7] RUN --mount=type=secret,id=extra_ca,target=/run/secrets/extra_ca --mount=type=cache,target=/root/.nuget/packages     if [ -s /run/secrets/extra_ca ]; then cat /run/secrets/extra_ca >>/etc/ssl/certs/ca-certificates.crt; fi;     dotnet restore src/Host/Erp.Host/Erp.Host.csproj
#18 2.582   Determining projects to restore...
#18 4.319   Restored /src/src/Modules/Reports/Erp.Modules.Reports.Contracts/Erp.Modules.Reports.Contracts.csproj (in 220 ms).
#18 4.322   Restored /src/src/Modules/Tenancy/Erp.Modules.Tenancy.Contracts/Erp.Modules.Tenancy.Contracts.csproj (in 217 ms).
#18 4.322   Restored /src/src/Modules/Lists/Erp.Modules.Lists.Contracts/Erp.Modules.Lists.Contracts.csproj (in 220 ms).
#18 5.540   Restored /src/src/Modules/Identity/Erp.Modules.Identity.Contracts/Erp.Modules.Identity.Contracts.csproj (in 1.46 sec).
#18 5.546   Restored /src/src/Modules/Reports/Erp.Modules.Reports/Erp.Modules.Reports.csproj (in 1.48 sec).
#18 5.562   Restored /src/src/Host/Erp.Host/Erp.Host.csproj (in 1.47 sec).
#18 5.802   Restored /src/src/Kernel/Erp.Kernel/Erp.Kernel.csproj (in 1.73 sec).
#18 5.804   Restored /src/src/Modules/Identity/Erp.Modules.Identity/Erp.Modules.Identity.csproj (in 1.73 sec).
#18 5.851   Restored /src/src/Modules/Lists/Erp.Modules.Lists/Erp.Modules.Lists.csproj (in 1.73 sec).
#18 5.861   Restored /src/src/Modules/Tenancy/Erp.Modules.Tenancy/Erp.Modules.Tenancy.csproj (in 1.73 sec).
#18 DONE 6.1s

#19 [build 6/7] COPY --from=strings /strings/ web/src/modules/
#19 DONE 0.2s

#20 [build 7/7] RUN --mount=type=cache,target=/root/.nuget/packages dotnet publish src/Host/Erp.Host/Erp.Host.csproj -c Release -o /app --no-restore
#20 4.256   Erp.Modules.Lists.Contracts -> /src/src/Modules/Lists/Erp.Modules.Lists.Contracts/bin/Release/net10.0/Erp.Modules.Lists.Contracts.dll
#20 4.256   Erp.Modules.Reports.Contracts -> /src/src/Modules/Reports/Erp.Modules.Reports.Contracts/bin/Release/net10.0/Erp.Modules.Reports.Contracts.dll
#20 4.256   Erp.Modules.Tenancy.Contracts -> /src/src/Modules/Tenancy/Erp.Modules.Tenancy.Contracts/bin/Release/net10.0/Erp.Modules.Tenancy.Contracts.dll
#20 6.095   Erp.Kernel -> /src/src/Kernel/Erp.Kernel/bin/Release/net10.0/Erp.Kernel.dll
#20 7.019   Erp.Modules.Identity.Contracts -> /src/src/Modules/Identity/Erp.Modules.Identity.Contracts/bin/Release/net10.0/Erp.Modules.Identity.Contracts.dll
#20 7.650   Erp.Modules.Lists -> /src/src/Modules/Lists/Erp.Modules.Lists/bin/Release/net10.0/Erp.Modules.Lists.dll
#20 10.66   Erp.Modules.Reports -> /src/src/Modules/Reports/Erp.Modules.Reports/bin/Release/net10.0/Erp.Modules.Reports.dll
#20 11.41   Erp.Modules.Tenancy -> /src/src/Modules/Tenancy/Erp.Modules.Tenancy/bin/Release/net10.0/Erp.Modules.Tenancy.dll
#20 11.45   Erp.Modules.Identity -> /src/src/Modules/Identity/Erp.Modules.Identity/bin/Release/net10.0/Erp.Modules.Identity.dll
#20 12.97   Erp.Host -> /src/src/Host/Erp.Host/bin/Release/net10.0/Erp.Host.dll
#20 13.36   Erp.Host -> /app/
#20 DONE 13.8s

#21 [stage-3 2/4] WORKDIR /app
#21 CACHED

#22 [web 2/6] WORKDIR /web
#22 CACHED

#23 [web 3/6] COPY web/package.json web/package-lock.json ./
#23 CACHED

#24 [web 4/6] RUN --mount=type=secret,id=extra_ca,target=/run/secrets/extra_ca --mount=type=cache,target=/root/.npm     if [ -s /run/secrets/extra_ca ]; then export NODE_EXTRA_CA_CERTS=/run/secrets/extra_ca; fi;     npm ci --no-audit --no-fund
#24 CACHED

#25 [web 5/6] COPY web/ ./
#25 CACHED

#26 [web 6/6] RUN npm run check && npm run build
#26 CACHED

#27 [stage-3 3/4] COPY --from=build /app ./
#27 DONE 0.4s

#28 [stage-3 4/4] COPY --from=web /web/dist ./wwwroot
#28 DONE 0.1s

#29 exporting to image
#29 exporting layers
#29 exporting layers 3.4s done
#29 exporting manifest sha256:554ade8ebf91fbe1e8a978f2b2ac3b68130635fd7c91d25da1235725c9bfc26c 0.0s done
#29 exporting config sha256:fc50cf8d9d242ac8c9437c27e5bd4743b59733c4dad9e9b9b841d8a78011dbdb 0.0s done
#29 exporting attestation manifest sha256:d71139818c085f0b29579d4efcd3434aa0908aa1c1cb7d732693dec2f1f52261 0.0s done
#29 exporting manifest list sha256:40290770773ecdf5463a463a7c0f23a355cd60469657ac0c27bdcab82dce26dc
#29 exporting manifest list sha256:40290770773ecdf5463a463a7c0f23a355cd60469657ac0c27bdcab82dce26dc 0.0s done
#29 naming to docker.io/library/erp-app:c-p00-foundation-r8-plant done
#29 unpacking to docker.io/library/erp-app:c-p00-foundation-r8-plant
#29 unpacking to docker.io/library/erp-app:c-p00-foundation-r8-plant 0.5s done
#29 DONE 4.1s

#30 resolving provenance for metadata file
#30 DONE 0.0s
 Image erp-app:c-p00-foundation-r8-plant Built 
 Network c-p00-foundation-r8_default Creating 
 Network c-p00-foundation-r8_default Created 
 Volume c-p00-foundation-r8_db-data Creating 
 Volume c-p00-foundation-r8_db-data Created 
 Container c-p00-foundation-r8-db-1 Creating 
 Container c-p00-foundation-r8-db-1 Created 
 Container c-p00-foundation-r8-db-1 Starting 
 Container c-p00-foundation-r8-db-1 Started 
 Container c-p00-foundation-r8-db-1 Waiting 
 Container c-p00-foundation-r8-db-1 Healthy 
 Container c-p00-foundation-r8-db-1 Running 
 Container c-p00-foundation-r8-setup-1 Creating 
 Container c-p00-foundation-r8-setup-1 Created 
Attaching to setup-1
 Container c-p00-foundation-r8-db-1 Waiting 
 Container c-p00-foundation-r8-db-1 Healthy 
 Container c-p00-foundation-r8-setup-1 Starting 
 Container c-p00-foundation-r8-setup-1 Started 
setup-1  | info: Erp.Kernel.Data.DatabaseBootstrap[0]
setup-1  |       Creating database erp
setup-1  | info: Erp.Kernel.Data.DatabaseMigrator[0]
setup-1  |       Migrating KernelDbContext: 4 pending
setup-1  | info: Erp.Kernel.Data.DatabaseMigrator[0]
setup-1  |       Migrating TenancyDbContext: 6 pending
setup-1  | info: Erp.Kernel.Data.DatabaseMigrator[0]
setup-1  |       Migrating IdentityDbContext: 9 pending
setup-1  | info: Erp.Kernel.Data.DatabaseMigrator[0]
setup-1  |       Migrating ListsDbContext: 1 pending
setup-1  | info: Erp.Kernel.Seeding.SeedRunner[0]
setup-1  |       Seeded tenant alnoor (Demo) in 2491 ms
setup-1  | info: Erp.Kernel.Seeding.SeedRunner[0]
setup-1  |       Seeded tenant gulfsteel (Demo) in 642 ms
setup-1  | info: Erp.Kernel.Data.DatabaseMigrator[0]
setup-1  |       Refreshed statistics and index lists in 510 ms
[Ksetup-1 exited with code 0
 Compose Stopping Aborting on container exit...
 Container c-p00-foundation-r8-setup-1 Stopping 
 Container c-p00-foundation-r8-setup-1 Stopped 
 Container c-p00-foundation-r8-db-1 Running 
 Container c-p00-foundation-r8-app-1 Creating 
 Container c-p00-foundation-r8-app-1 Created 
 Container c-p00-foundation-r8-db-1 Waiting 
 Container c-p00-foundation-r8-db-1 Healthy 
 Container c-p00-foundation-r8-setup-1 Starting 
 Container c-p00-foundation-r8-setup-1 Started 
 Container c-p00-foundation-r8-setup-1 Waiting 
 Container c-p00-foundation-r8-setup-1 Exited 
 Container c-p00-foundation-r8-app-1 Starting 
 Container c-p00-foundation-r8-app-1 Started 
