Test run for /work/tests/Erp.Gates.Tests/bin/Release/net10.0/Erp.Gates.Tests.dll (.NETCoreApp,Version=v10.0)
A total of 1 test files matched the specified pattern.
[xUnit.net 00:00:00.00] xUnit.net VSTest Adapter v3.1.5+1b188a7b0a (64-bit .NET 10.0.12)
[xUnit.net 00:00:00.31]   Discovering: Erp.Gates.Tests
[xUnit.net 00:00:00.75]   Discovered:  Erp.Gates.Tests
[xUnit.net 00:00:01.03]   Starting:    Erp.Gates.Tests
  Passed Erp.Gates.Tests.G2.G2PermissionTests.Every_declared_permission_is_in_the_catalogue_and_every_catalogue_permission_is_used [37 ms]
  Passed Erp.Gates.Tests.G2.G2PermissionTests.Every_permissioned_endpoint_is_enforced_by_a_policy_requiring_its_permission [2 ms]
  Passed Erp.Gates.Tests.G2.G2PermissionTests.Every_endpoint_declares_exactly_one_permission_or_is_reviewed_anonymous [13 ms]
  Passed Erp.Gates.Tests.G2.G2PermissionTests.A_user_whose_roles_grant_nothing_is_denied_everything_and_sees_no_menu [1 s]
  Passed Erp.Gates.Tests.G2.G2PermissionTests.Every_list_endpoint_needs_the_lists_own_permission_and_shared_view_writes_need_sharing [6 s]
  Passed Erp.Gates.Tests.G2.G2PermissionTests.The_host_refuses_to_start_with_an_endpoint_whose_permission_is_not_in_the_catalogue [44 ms]
  Passed Erp.Gates.Tests.G2.G2PermissionTests.Users_cannot_escalate_their_own_privileges [846 ms]
  Passed Erp.Gates.Tests.G2.G2PermissionTests.The_host_refuses_a_permissioned_endpoint_that_also_allows_anonymous_callers [33 ms]
  Passed Erp.Gates.Tests.G2.G2PermissionTests.Creating_a_user_cannot_grant_more_than_the_caller_holds [1 s]
  Passed Erp.Gates.Tests.G2.G2PermissionTests.Anonymous_callers_get_401_from_every_permissioned_endpoint [21 ms]
  Passed Erp.Gates.Tests.G2.G2PermissionTests.The_reviewed_permission_map_catches_a_weaker_permission_an_unreviewed_endpoint_and_a_stale_line [24 ms]
  Passed Erp.Gates.Tests.G2.G2PermissionTests.The_host_refuses_a_permission_declared_as_metadata_that_no_policy_enforces [52 ms]
  Passed Erp.Gates.Tests.G2.G2PermissionTests.Every_registered_list_is_readable_with_its_permission_alone [2 s]
  Passed Erp.Gates.Tests.G2.G2PermissionTests.The_host_refuses_a_list_whose_endpoint_declares_another_permission [49 ms]
  Passed Erp.Gates.Tests.G2.G2PermissionTests.Sharing_a_view_needs_the_share_permission_and_the_lists_own_permission [775 ms]
  Passed Erp.Gates.Tests.G2.G2PermissionTests.Undeclared_endpoints_fall_back_to_deny [1 ms]
  Passed Erp.Gates.Tests.G2.G2PermissionTests.The_host_refuses_to_start_with_an_endpoint_that_declares_no_permission [25 ms]
  Passed Erp.Gates.Tests.G2.G2PermissionTests.Requests_that_only_read_cannot_write [13 ms]
  Passed Erp.Gates.Tests.G2.G2PermissionTests.No_endpoint_grants_more_than_the_caller_holds [7 s]
  Passed Erp.Gates.Tests.G2.G2PermissionTests.Every_module_route_is_under_a_reviewed_map_or_derives_its_permission_from_its_list [9 ms]
[xUnit.net 00:00:57.71]     Erp.Gates.Tests.G2.G2PermissionTests.Granting_exactly_one_permission_opens_exactly_the_endpoints_that_declare_it [FAIL]
[xUnit.net 00:00:57.71]       identity.roles.create: GET /api/identity/permissions answered 200 (expected 403)
[xUnit.net 00:00:57.71]       identity.roles.create: GET /api/identity/roles answered 200 (expected 403)
[xUnit.net 00:00:57.71]       identity.roles.create: GET /api/identity/roles/{id:guid} answered 404 (expected 403)
[xUnit.net 00:00:57.71]       identity.roles.create: GET /api/lists/identity.roles/definition answered 200 (expected 403)
[xUnit.net 00:00:57.71]       identity.roles.create: GET /api/lists/identity.roles/shared-views/{id:guid} answered 404 (expected 403)
[xUnit.net 00:00:57.71]       identity.roles.create: GET /api/lists/identity.roles/views answered 200 (expected 403)
[xUnit.net 00:00:57.71]       identity.roles.create: GET /api/lists/identity.roles/views/{id:guid} answered 404 (expected 403)
[xUnit.net 00:00:57.71]       identity.roles.create: GET /api/reports/lists/identity.roles answered 200 (expected 403)
[xUnit.net 00:00:57.71]       identity.roles.create: GET /api/reports/run/identity.roleSummary answered 200 (expected 403)
[xUnit.net 00:00:57.71]       identity.roles.delete: GET /api/identity/permissions answered 200 (expected 403)
[xUnit.net 00:00:57.71]       identity.roles.delete: GET /api/identity/roles answered 200 (expected 403)
[xUnit.net 00:00:57.71]       identity.roles.delete: GET /api/identity/roles/{id:guid} answered 404 (expected 403)
[xUnit.net 00:00:57.71]       identity.roles.delete: GET /api/lists/identity.roles/definition answered 200 (expected 403)
[xUnit.net 00:00:57.71]       identity.roles.delete: GET /api/lists/identity.roles/shared-views/{id:guid} answered 404 (expected 403)
[xUnit.net 00:00:57.71]       identity.roles.delete: GET /api/lists/identity.roles/views answered 200 (expected 403)
[xUnit.net 00:00:57.71]       identity.roles.delete: GET /api/lists/identity.roles/views/{id:guid} answered 404 (expected 403)
[xUnit.net 00:00:57.71]       identity.roles.delete: GET /api/reports/lists/identity.roles answered 200 (expected 403)
[xUnit.net 00:00:57.71]       identity.roles.delete: GET /api/reports/run/identity.roleSummary answered 200 (expected 403)
[xUnit.net 00:00:57.71]       identity.roles.update: GET /api/identity/permissions answered 200 (expected 403)
[xUnit.net 00:00:57.71]       identity.roles.update: GET /api/identity/roles answered 200 (expected 403)
[xUnit.net 00:00:57.71]       identity.roles.update: GET /api/identity/roles/{id:guid} answered 404 (expected 403)
[xUnit.net 00:00:57.71]       identity.roles.update: GET /api/lists/identity.roles/definition answered 200 (expected 403)
[xUnit.net 00:00:57.71]       identity.roles.update: GET /api/lists/identity.roles/shared-views/{id:guid} answered 404 (expected 403)
[xUnit.net 00:00:57.71]       identity.roles.update: GET /api/lists/identity.roles/views answered 200 (expected 403)
[xUnit.net 00:00:57.71]       identity.roles.update: GET /api/lists/identity.roles/views/{id:guid} answered 404 (expected 403)
[xUnit.net 00:00:57.71]       identity.roles.update: GET /api/reports/lists/identity.roles answered 200 (expected 403)
[xUnit.net 00:00:57.71]       identity.roles.update: GET /api/reports/run/identity.roleSummary answered 200 (expected 403)
[xUnit.net 00:00:57.71]       identity.users.create: GET /api/identity/companies answered 200 (expected 403)
[xUnit.net 00:00:57.71]       identity.users.create: GET /api/identity/users answered 200 (expected 403)
[xUnit.net 00:00:57.71]       identity.users.create: GET /api/identity/users/{id:guid} answered 404 (expected 403)
[xUnit.net 00:00:57.71]       identity.users.create: GET /api/identity/users/{id:guid}/access answered 404 (expected 403)
[xUnit.net 00:00:57.71]       identity.users.create: GET /api/identity/users/{id:guid}/default-company answered 404 (expected 403)
[xUnit.net 00:00:57.71]       identity.users.create: GET /api/identity/users/{id:guid}/passkeys answered 404 (expected 403)
[xUnit.net 00:00:57.71]       identity.users.create: GET /api/lists/identity.users/definition answered 200 (expected 403)
[xUnit.net 00:00:57.71]       identity.users.create: GET /api/lists/identity.users/shared-views/{id:guid} answered 404 (expected 403)
[xUnit.net 00:00:57.71]       identity.users.create: GET /api/lists/identity.users/views answered 200 (expected 403)
[xUnit.net 00:00:57.71]       identity.users.create: GET /api/lists/identity.users/views/{id:guid} answered 404 (expected 403)
[xUnit.net 00:00:57.71]       identity.users.create: GET /api/reports/lists/identity.users answered 200 (expected 403)
[xUnit.net 00:00:57.71]       identity.users.create: GET /api/reports/run/identity.usersByRole answered 200 (expected 403)
[xUnit.net 00:00:57.71]       identity.users.delete: GET /api/identity/companies answered 200 (expected 403)
[xUnit.net 00:00:57.71]       identity.users.delete: GET /api/identity/users answered 200 (expected 403)
[xUnit.net 00:00:57.71]       identity.users.delete: GET /api/identity/users/{id:guid} answered 404 (expected 403)
[xUnit.net 00:00:57.71]       identity.users.delete: GET /api/identity/users/{id:guid}/access answered 404 (expected 403)
[xUnit.net 00:00:57.71]       identity.users.delete: GET /api/identity/users/{id:guid}/default-company answered 404 (expected 403)
[xUnit.net 00:00:57.71]       identity.users.delete: GET /api/identity/users/{id:guid}/passkeys answered 404 (expected 403)
[xUnit.net 00:00:57.71]       identity.users.delete: GET /api/lists/identity.users/definition answered 200 (expected 403)
[xUnit.net 00:00:57.71]       identity.users.delete: GET /api/lists/identity.users/shared-views/{id:guid} answered 404 (expected 403)
[xUnit.net 00:00:57.71]       identity.users.delete: GET /api/lists/identity.users/views answered 200 (expected 403)
[xUnit.net 00:00:57.71]       identity.users.delete: GET /api/lists/identity.users/views/{id:guid} answered 404 (expected 403)
[xUnit.net 00:00:57.71]       identity.users.delete: GET /api/reports/lists/identity.users answered 200 (expected 403)
[xUnit.net 00:00:57.71]       identity.users.delete: GET /api/reports/run/identity.usersByRole answered 200 (expected 403)
[xUnit.net 00:00:57.71]       identity.users.resetPassword: GET /api/identity/companies answered 200 (expected 403)
[xUnit.net 00:00:57.71]       identity.users.resetPassword: GET /api/identity/users answered 200 (expected 403)
[xUnit.net 00:00:57.71]       identity.users.resetPassword: GET /api/identity/users/{id:guid} answered 404 (expected 403)
[xUnit.net 00:00:57.71]       identity.users.resetPassword: GET /api/identity/users/{id:guid}/access answered 404 (expected 403)
[xUnit.net 00:00:57.71]       identity.users.resetPassword: GET /api/identity/users/{id:guid}/default-company answered 404 (expected 403)
[xUnit.net 00:00:57.71]       identity.users.resetPassword: GET /api/identity/users/{id:guid}/passkeys answered 404 (expected 403)
[xUnit.net 00:00:57.71]       identity.users.resetPassword: GET /api/lists/identity.users/definition answered 200 (expected 403)
[xUnit.net 00:00:57.71]       identity.users.resetPassword: GET /api/lists/identity.users/shared-views/{id:guid} answered 404 (expected 403)
[xUnit.net 00:00:57.71]       identity.users.resetPassword: GET /api/lists/identity.users/views answered 200 (expected 403)
[xUnit.net 00:00:57.71]       identity.users.resetPassword: GET /api/lists/identity.users/views/{id:guid} answered 404 (expected 403)
[xUnit.net 00:00:57.71]       identity.users.resetPassword: GET /api/reports/lists/identity.users answered 200 (expected 403)
[xUnit.net 00:00:57.71]       identity.users.resetPassword: GET /api/reports/run/identity.usersByRole answered 200 (expected 403)
[xUnit.net 00:00:57.71]       identity.users.update: GET /api/identity/companies answered 200 (expected 403)
[xUnit.net 00:00:57.71]       identity.users.update: GET /api/identity/users answered 200 (expected 403)
[xUnit.net 00:00:57.71]       identity.users.update: GET /api/identity/users/{id:guid} answered 404 (expected 403)
[xUnit.net 00:00:57.71]       identity.users.update: GET /api/identity/users/{id:guid}/access answered 404 (expected 403)
[xUnit.net 00:00:57.71]       identity.users.update: GET /api/identity/users/{id:guid}/default-company answered 404 (expected 403)
[xUnit.net 00:00:57.71]       identity.users.update: GET /api/identity/users/{id:guid}/passkeys answered 404 (expected 403)
[xUnit.net 00:00:57.71]       identity.users.update: GET /api/lists/identity.users/definition answered 200 (expected 403)
[xUnit.net 00:00:57.71]       identity.users.update: GET /api/lists/identity.users/shared-views/{id:guid} answered 404 (expected 403)
[xUnit.net 00:00:57.71]       identity.users.update: GET /api/lists/identity.users/views answered 200 (expected 403)
[xUnit.net 00:00:57.71]       identity.users.update: GET /api/lists/identity.users/views/{id:guid} answered 404 (expected 403)
[xUnit.net 00:00:57.71]       identity.users.update: GET /api/reports/lists/identity.users answered 200 (expected 403)
[xUnit.net 00:00:57.71]       identity.users.update: GET /api/reports/run/identity.usersByRole answered 200 (expected 403)
[xUnit.net 00:00:57.71]       tenancy.access.update: GET /api/lists/tenancy.access/definition answered 200 (expected 403)
[xUnit.net 00:00:57.71]       tenancy.access.update: GET /api/lists/tenancy.access/shared-views/{id:guid} answered 404 (expected 403)
[xUnit.net 00:00:57.71]       tenancy.access.update: GET /api/lists/tenancy.access/views answered 200 (expected 403)
[xUnit.net 00:00:57.71]       tenancy.access.update: GET /api/lists/tenancy.access/views/{id:guid} answered 404 (expected 403)
[xUnit.net 00:00:57.71]       tenancy.access.update: GET /api/reports/lists/tenancy.access answered 200 (expected 403)
[xUnit.net 00:00:57.71]       tenancy.access.update: GET /api/tenancy/access answered 200 (expected 403)
[xUnit.net 00:00:57.71]       tenancy.access.update: GET /api/tenancy/access/{userId:guid} answered 404 (expected 403)
[xUnit.net 00:00:57.71]       tenancy.branches.create: GET /api/lists/tenancy.branches/definition answered 200 (expected 403)
[xUnit.net 00:00:57.71]       tenancy.branches.create: GET /api/lists/tenancy.branches/shared-views/{id:guid} answered 404 (expected 403)
[xUnit.net 00:00:57.71]       tenancy.branches.create: GET /api/lists/tenancy.branches/views answered 200 (expected 403)
[xUnit.net 00:00:57.71]       tenancy.branches.create: GET /api/lists/tenancy.branches/views/{id:guid} answered 404 (expected 403)
[xUnit.net 00:00:57.71]       tenancy.branches.create: GET /api/reports/lists/tenancy.branches answered 200 (expected 403)
[xUnit.net 00:00:57.71]       tenancy.branches.create: GET /api/reports/run/tenancy.branchDirectory answered 200 (expected 403)
[xUnit.net 00:00:57.71]       tenancy.branches.create: GET /api/tenancy/branches answered 200 (expected 403)
[xUnit.net 00:00:57.71]       tenancy.branches.create: GET /api/tenancy/branches/{id:guid} answered 404 (expected 403)
[xUnit.net 00:00:57.71]       tenancy.branches.update: GET /api/lists/tenancy.branches/definition answered 200 (expected 403)
[xUnit.net 00:00:57.71]       tenancy.branches.update: GET /api/lists/tenancy.branches/shared-views/{id:guid} answered 404 (expected 403)
[xUnit.net 00:00:57.71]       tenancy.branches.update: GET /api/lists/tenancy.branches/views answered 200 (expected 403)
[xUnit.net 00:00:57.71]       tenancy.branches.update: GET /api/lists/tenancy.branches/views/{id:guid} answered 404 (expected 403)
[xUnit.net 00:00:57.71]       tenancy.branches.update: GET /api/reports/lists/tenancy.branches answered 200 (expected 403)
[xUnit.net 00:00:57.71]       tenancy.branches.update: GET /api/reports/run/tenancy.branchDirectory answered 200 (expected 403)
[xUnit.net 00:00:57.71]       tenancy.branches.update: GET /api/tenancy/branches answered 200 (expected 403)
[xUnit.net 00:00:57.71]       tenancy.branches.update: GET /api/tenancy/branches/{id:guid} answered 404 (expected 403)
[xUnit.net 00:00:57.71]       tenancy.companies.create: GET /api/lists/tenancy.companies/definition answered 200 (expected 403)
[xUnit.net 00:00:57.71]       tenancy.companies.create: GET /api/lists/tenancy.companies/shared-views/{id:guid} answered 404 (expected 403)
[xUnit.net 00:00:57.71]       tenancy.companies.create: GET /api/lists/tenancy.companies/views answered 200 (expected 403)
[xUnit.net 00:00:57.71]       tenancy.companies.create: GET /api/lists/tenancy.companies/views/{id:guid} answered 404 (expected 403)
[xUnit.net 00:00:57.71]       tenancy.companies.create: GET /api/reports/lists/tenancy.companies answered 200 (expected 403)
[xUnit.net 00:00:57.71]       tenancy.companies.create: GET /api/reports/run/tenancy.companyProfile answered 400 (expected 403)
[xUnit.net 00:00:57.71]       tenancy.companies.create: GET /api/tenancy/companies answered 200 (expected 403)
[xUnit.net 00:00:57.71]       tenancy.companies.create: GET /api/tenancy/companies/{id:guid} answered 404 (expected 403)
[xUnit.net 00:00:57.71]       tenancy.companies.create: GET /api/tenancy/companies/{id:guid}/logo answered 404 (expected 403)
[xUnit.net 00:00:57.71]       tenancy.companies.update: GET /api/lists/tenancy.companies/definition answered 200 (expected 403)
[xUnit.net 00:00:57.71]       tenancy.companies.update: GET /api/lists/tenancy.companies/shared-views/{id:guid} answered 404 (expected 403)
[xUnit.net 00:00:57.71]       tenancy.companies.update: GET /api/lists/tenancy.companies/views answered 200 (expected 403)
[xUnit.net 00:00:57.71]       tenancy.companies.update: GET /api/lists/tenancy.companies/views/{id:guid} answered 404 (expected 403)
[xUnit.net 00:00:57.71]       tenancy.companies.update: GET /api/reports/lists/tenancy.companies answered 200 (expected 403)
[xUnit.net 00:00:57.71]       tenancy.companies.update: GET /api/reports/run/tenancy.companyProfile answered 400 (expected 403)
[xUnit.net 00:00:57.71]       tenancy.companies.update: GET /api/tenancy/companies answered 200 (expected 403)
[xUnit.net 00:00:57.71]       tenancy.companies.update: GET /api/tenancy/companies/{id:guid} answered 404 (expected 403)
[xUnit.net 00:00:57.71]       tenancy.companies.update: GET /api/tenancy/companies/{id:guid}/logo answered 404 (expected 403)
[xUnit.net 00:00:57.71]       tenancy.tenant.update: GET /api/tenancy/tenant answered 200 (expected 403)
[xUnit.net 00:00:57.71]       tenancy.workplace.switch: GET /api/tenancy/workplace answered 200 (expected 403)
[xUnit.net 00:00:57.71]       Stack Trace:
[xUnit.net 00:00:57.71]         /work/tests/Erp.Gates.Tests/G2/G2PermissionTests.cs(385,0): at Erp.Gates.Tests.G2.G2PermissionTests.Granting_exactly_one_permission_opens_exactly_the_endpoints_that_declare_it()
[xUnit.net 00:00:57.71]         --- End of stack trace from previous location ---
  Failed Erp.Gates.Tests.G2.G2PermissionTests.Granting_exactly_one_permission_opens_exactly_the_endpoints_that_declare_it [18 s]
  Error Message:
   identity.roles.create: GET /api/identity/permissions answered 200 (expected 403)
identity.roles.create: GET /api/identity/roles answered 200 (expected 403)
identity.roles.create: GET /api/identity/roles/{id:guid} answered 404 (expected 403)
identity.roles.create: GET /api/lists/identity.roles/definition answered 200 (expected 403)
identity.roles.create: GET /api/lists/identity.roles/shared-views/{id:guid} answered 404 (expected 403)
identity.roles.create: GET /api/lists/identity.roles/views answered 200 (expected 403)
identity.roles.create: GET /api/lists/identity.roles/views/{id:guid} answered 404 (expected 403)
identity.roles.create: GET /api/reports/lists/identity.roles answered 200 (expected 403)
identity.roles.create: GET /api/reports/run/identity.roleSummary answered 200 (expected 403)
identity.roles.delete: GET /api/identity/permissions answered 200 (expected 403)
identity.roles.delete: GET /api/identity/roles answered 200 (expected 403)
identity.roles.delete: GET /api/identity/roles/{id:guid} answered 404 (expected 403)
identity.roles.delete: GET /api/lists/identity.roles/definition answered 200 (expected 403)
identity.roles.delete: GET /api/lists/identity.roles/shared-views/{id:guid} answered 404 (expected 403)
identity.roles.delete: GET /api/lists/identity.roles/views answered 200 (expected 403)
identity.roles.delete: GET /api/lists/identity.roles/views/{id:guid} answered 404 (expected 403)
identity.roles.delete: GET /api/reports/lists/identity.roles answered 200 (expected 403)
identity.roles.delete: GET /api/reports/run/identity.roleSummary answered 200 (expected 403)
identity.roles.update: GET /api/identity/permissions answered 200 (expected 403)
identity.roles.update: GET /api/identity/roles answered 200 (expected 403)
identity.roles.update: GET /api/identity/roles/{id:guid} answered 404 (expected 403)
identity.roles.update: GET /api/lists/identity.roles/definition answered 200 (expected 403)
identity.roles.update: GET /api/lists/identity.roles/shared-views/{id:guid} answered 404 (expected 403)
identity.roles.update: GET /api/lists/identity.roles/views answered 200 (expected 403)
identity.roles.update: GET /api/lists/identity.roles/views/{id:guid} answered 404 (expected 403)
identity.roles.update: GET /api/reports/lists/identity.roles answered 200 (expected 403)
identity.roles.update: GET /api/reports/run/identity.roleSummary answered 200 (expected 403)
identity.users.create: GET /api/identity/companies answered 200 (expected 403)
identity.users.create: GET /api/identity/users answered 200 (expected 403)
identity.users.create: GET /api/identity/users/{id:guid} answered 404 (expected 403)
identity.users.create: GET /api/identity/users/{id:guid}/access answered 404 (expected 403)
identity.users.create: GET /api/identity/users/{id:guid}/default-company answered 404 (expected 403)
identity.users.create: GET /api/identity/users/{id:guid}/passkeys answered 404 (expected 403)
identity.users.create: GET /api/lists/identity.users/definition answered 200 (expected 403)
identity.users.create: GET /api/lists/identity.users/shared-views/{id:guid} answered 404 (expected 403)
identity.users.create: GET /api/lists/identity.users/views answered 200 (expected 403)
identity.users.create: GET /api/lists/identity.users/views/{id:guid} answered 404 (expected 403)
identity.users.create: GET /api/reports/lists/identity.users answered 200 (expected 403)
identity.users.create: GET /api/reports/run/identity.usersByRole answered 200 (expected 403)
identity.users.delete: GET /api/identity/companies answered 200 (expected 403)
identity.users.delete: GET /api/identity/users answered 200 (expected 403)
identity.users.delete: GET /api/identity/users/{id:guid} answered 404 (expected 403)
identity.users.delete: GET /api/identity/users/{id:guid}/access answered 404 (expected 403)
identity.users.delete: GET /api/identity/users/{id:guid}/default-company answered 404 (expected 403)
identity.users.delete: GET /api/identity/users/{id:guid}/passkeys answered 404 (expected 403)
identity.users.delete: GET /api/lists/identity.users/definition answered 200 (expected 403)
identity.users.delete: GET /api/lists/identity.users/shared-views/{id:guid} answered 404 (expected 403)
identity.users.delete: GET /api/lists/identity.users/views answered 200 (expected 403)
identity.users.delete: GET /api/lists/identity.users/views/{id:guid} answered 404 (expected 403)
identity.users.delete: GET /api/reports/lists/identity.users answered 200 (expected 403)
identity.users.delete: GET /api/reports/run/identity.usersByRole answered 200 (expected 403)
identity.users.resetPassword: GET /api/identity/companies answered 200 (expected 403)
identity.users.resetPassword: GET /api/identity/users answered 200 (expected 403)
identity.users.resetPassword: GET /api/identity/users/{id:guid} answered 404 (expected 403)
identity.users.resetPassword: GET /api/identity/users/{id:guid}/access answered 404 (expected 403)
identity.users.resetPassword: GET /api/identity/users/{id:guid}/default-company answered 404 (expected 403)
identity.users.resetPassword: GET /api/identity/users/{id:guid}/passkeys answered 404 (expected 403)
identity.users.resetPassword: GET /api/lists/identity.users/definition answered 200 (expected 403)
identity.users.resetPassword: GET /api/lists/identity.users/shared-views/{id:guid} answered 404 (expected 403)
identity.users.resetPassword: GET /api/lists/identity.users/views answered 200 (expected 403)
identity.users.resetPassword: GET /api/lists/identity.users/views/{id:guid} answered 404 (expected 403)
identity.users.resetPassword: GET /api/reports/lists/identity.users answered 200 (expected 403)
identity.users.resetPassword: GET /api/reports/run/identity.usersByRole answered 200 (expected 403)
identity.users.update: GET /api/identity/companies answered 200 (expected 403)
identity.users.update: GET /api/identity/users answered 200 (expected 403)
identity.users.update: GET /api/identity/users/{id:guid} answered 404 (expected 403)
identity.users.update: GET /api/identity/users/{id:guid}/access answered 404 (expected 403)
identity.users.update: GET /api/identity/users/{id:guid}/default-company answered 404 (expected 403)
identity.users.update: GET /api/identity/users/{id:guid}/passkeys answered 404 (expected 403)
identity.users.update: GET /api/lists/identity.users/definition answered 200 (expected 403)
identity.users.update: GET /api/lists/identity.users/shared-views/{id:guid} answered 404 (expected 403)
identity.users.update: GET /api/lists/identity.users/views answered 200 (expected 403)
identity.users.update: GET /api/lists/identity.users/views/{id:guid} answered 404 (expected 403)
identity.users.update: GET /api/reports/lists/identity.users answered 200 (expected 403)
identity.users.update: GET /api/reports/run/identity.usersByRole answered 200 (expected 403)
tenancy.access.update: GET /api/lists/tenancy.access/definition answered 200 (expected 403)
tenancy.access.update: GET /api/lists/tenancy.access/shared-views/{id:guid} answered 404 (expected 403)
tenancy.access.update: GET /api/lists/tenancy.access/views answered 200 (expected 403)
tenancy.access.update: GET /api/lists/tenancy.access/views/{id:guid} answered 404 (expected 403)
tenancy.access.update: GET /api/reports/lists/tenancy.access answered 200 (expected 403)
tenancy.access.update: GET /api/tenancy/access answered 200 (expected 403)
tenancy.access.update: GET /api/tenancy/access/{userId:guid} answered 404 (expected 403)
tenancy.branches.create: GET /api/lists/tenancy.branches/definition answered 200 (expected 403)
tenancy.branches.create: GET /api/lists/tenancy.branches/shared-views/{id:guid} answered 404 (expected 403)
tenancy.branches.create: GET /api/lists/tenancy.branches/views answered 200 (expected 403)
tenancy.branches.create: GET /api/lists/tenancy.branches/views/{id:guid} answered 404 (expected 403)
tenancy.branches.create: GET /api/reports/lists/tenancy.branches answered 200 (expected 403)
tenancy.branches.create: GET /api/reports/run/tenancy.branchDirectory answered 200 (expected 403)
tenancy.branches.create: GET /api/tenancy/branches answered 200 (expected 403)
tenancy.branches.create: GET /api/tenancy/branches/{id:guid} answered 404 (expected 403)
tenancy.branches.update: GET /api/lists/tenancy.branches/definition answered 200 (expected 403)
tenancy.branches.update: GET /api/lists/tenancy.branches/shared-views/{id:guid} answered 404 (expected 403)
tenancy.branches.update: GET /api/lists/tenancy.branches/views answered 200 (expected 403)
tenancy.branches.update: GET /api/lists/tenancy.branches/views/{id:guid} answered 404 (expected 403)
tenancy.branches.update: GET /api/reports/lists/tenancy.branches answered 200 (expected 403)
tenancy.branches.update: GET /api/reports/run/tenancy.branchDirectory answered 200 (expected 403)
tenancy.branches.update: GET /api/tenancy/branches answered 200 (expected 403)
tenancy.branches.update: GET /api/tenancy/branches/{id:guid} answered 404 (expected 403)
tenancy.companies.create: GET /api/lists/tenancy.companies/definition answered 200 (expected 403)
tenancy.companies.create: GET /api/lists/tenancy.companies/shared-views/{id:guid} answered 404 (expected 403)
tenancy.companies.create: GET /api/lists/tenancy.companies/views answered 200 (expected 403)
tenancy.companies.create: GET /api/lists/tenancy.companies/views/{id:guid} answered 404 (expected 403)
tenancy.companies.create: GET /api/reports/lists/tenancy.companies answered 200 (expected 403)
tenancy.companies.create: GET /api/reports/run/tenancy.companyProfile answered 400 (expected 403)
tenancy.companies.create: GET /api/tenancy/companies answered 200 (expected 403)
tenancy.companies.create: GET /api/tenancy/companies/{id:guid} answered 404 (expected 403)
tenancy.companies.create: GET /api/tenancy/companies/{id:guid}/logo answered 404 (expected 403)
tenancy.companies.update: GET /api/lists/tenancy.companies/definition answered 200 (expected 403)
tenancy.companies.update: GET /api/lists/tenancy.companies/shared-views/{id:guid} answered 404 (expected 403)
tenancy.companies.update: GET /api/lists/tenancy.companies/views answered 200 (expected 403)
tenancy.companies.update: GET /api/lists/tenancy.companies/views/{id:guid} answered 404 (expected 403)
tenancy.companies.update: GET /api/reports/lists/tenancy.companies answered 200 (expected 403)
tenancy.companies.update: GET /api/reports/run/tenancy.companyProfile answered 400 (expected 403)
tenancy.companies.update: GET /api/tenancy/companies answered 200 (expected 403)
tenancy.companies.update: GET /api/tenancy/companies/{id:guid} answered 404 (expected 403)
tenancy.companies.update: GET /api/tenancy/companies/{id:guid}/logo answered 404 (expected 403)
tenancy.tenant.update: GET /api/tenancy/tenant answered 200 (expected 403)
tenancy.workplace.switch: GET /api/tenancy/workplace answered 200 (expected 403)
  Stack Trace:
     at Erp.Gates.Tests.G2.G2PermissionTests.Granting_exactly_one_permission_opens_exactly_the_endpoints_that_declare_it() in /work/tests/Erp.Gates.Tests/G2/G2PermissionTests.cs:line 385
--- End of stack trace from previous location ---
[xUnit.net 00:00:58.03]   Finished:    Erp.Gates.Tests (ID = 'd67f9af34c5c91feae69a31c7ab81956a411c8cd54ea4942d23c1fd06e059e25')
  Passed Erp.Gates.Tests.G2.G2PermissionTests.No_endpoint_that_changes_data_is_guarded_by_a_read_permission [4 ms]
  Passed Erp.Gates.Tests.G2.G2PermissionTests.Every_endpoint_under_a_reviewed_prefix_declares_exactly_its_reviewed_permission [3 ms]
  Passed Erp.Gates.Tests.G2.G2PermissionTests.The_declaration_check_catches_AllowAnonymous_stacked_on_a_permission [16 ms]

Test Run Failed.
Total tests: 24
     Passed: 23
     Failed: 1
 Total time: 58.6400 Seconds
