G3: cloning fe90a71 into /tmp/erp-g3.hiV6Kf/erp
G3: ./erp verify in the clean clone
[1m[1/3] Builds, unit, integration and gate tests[0m

[1m== Copying sources (without build output)[0m

[1m== Web: install, type-check, string gate, unit tests, build[0m

added 58 packages in 2s
String check passed: 17 source files, 63 keys in English and Arabic.

[1m[46m RUN [49m[22m [36mv4.0.18 [39m[90m/work/web[39m

 [32m✓[39m src/kernel/api.test.ts [2m([22m[2m2 tests[22m[2m)[22m[32m 6[2mms[22m[39m
 [32m✓[39m src/kernel/i18n.test.ts [2m([22m[2m4 tests[22m[2m)[22m[32m 4[2mms[22m[39m
 [32m✓[39m src/modules/shell/SignInPage.test.tsx [2m([22m[2m6 tests[22m[2m)[22m[32m 98[2mms[22m[39m
 [32m✓[39m src/kernel/router.test.ts [2m([22m[2m1 test[22m[2m)[22m[32m 2[2mms[22m[39m

[2m Test Files [22m [1m[32m4 passed[39m[22m[90m (4)[39m
[2m      Tests [22m [1m[32m13 passed[39m[22m[90m (13)[39m
[2m   Start at [22m 22:37:55
[2m   Duration [22m 900ms[2m (transform 412ms, setup 0ms, import 616ms, tests 110ms, environment 932ms)[22m

JSON report written to /out/vitest.json
vite v7.3.6 building client environment for production...
transforming...
✓ 49 modules transformed.
rendering chunks...
computing gzip size...
dist/index.html                   0.49 kB │ gzip:  0.30 kB
dist/assets/index-ahaT7Fhx.css    4.15 kB │ gzip:  1.39 kB
dist/assets/index-BlZM3Hkd.js   244.76 kB │ gzip: 75.91 kB
✓ built in 1.67s

[1m== .NET: restore and build (warnings are errors)[0m

Build succeeded.
    0 Warning(s)
    0 Error(s)

Time Elapsed 00:00:09.70

[1m== .NET: unit, integration (Testcontainers PostgreSQL) and gate tests[0m
Test run for /work/tests/Erp.Gates.Tests/bin/Release/net10.0/Erp.Gates.Tests.dll (.NETCoreApp,Version=v10.0)
Test run for /work/tests/Erp.Kernel.Tests/bin/Release/net10.0/Erp.Kernel.Tests.dll (.NETCoreApp,Version=v10.0)
Test run for /work/tests/Erp.Modules.Identity.Tests/bin/Release/net10.0/Erp.Modules.Identity.Tests.dll (.NETCoreApp,Version=v10.0)
A total of 1 test files matched the specified pattern.
A total of 1 test files matched the specified pattern.
A total of 1 test files matched the specified pattern.
[xUnit.net 00:00:00.00] xUnit.net VSTest Adapter v3.1.5+1b188a7b0a (64-bit .NET 10.0.12)
[xUnit.net 00:00:00.00] xUnit.net VSTest Adapter v3.1.5+1b188a7b0a (64-bit .NET 10.0.12)
[xUnit.net 00:00:00.00] xUnit.net VSTest Adapter v3.1.5+1b188a7b0a (64-bit .NET 10.0.12)
[xUnit.net 00:00:00.19]   Discovering: Erp.Kernel.Tests
[xUnit.net 00:00:00.21]   Discovering: Erp.Gates.Tests
[xUnit.net 00:00:00.18]   Discovering: Erp.Modules.Identity.Tests
[xUnit.net 00:00:00.48]   Discovered:  Erp.Kernel.Tests
[xUnit.net 00:00:00.43]   Discovered:  Erp.Modules.Identity.Tests
[xUnit.net 00:00:00.47]   Discovered:  Erp.Gates.Tests
[xUnit.net 00:00:00.68]   Starting:    Erp.Gates.Tests
[xUnit.net 00:00:00.66]   Starting:    Erp.Modules.Identity.Tests
[xUnit.net 00:00:00.71]   Starting:    Erp.Kernel.Tests
  Passed Erp.Kernel.Tests.SecurityTests.Email_validation(value: "a@.example", valid: False) [21 ms]
  Passed Erp.Kernel.Tests.SecurityTests.Email_validation(value: "a b@c.example", valid: False) [< 1 ms]
  Passed Erp.Kernel.Tests.SecurityTests.Email_validation(value: "a@@b.example", valid: False) [< 1 ms]
  Passed Erp.Kernel.Tests.SecurityTests.Email_validation(value: "a@b.example", valid: True) [< 1 ms]
  Passed Erp.Kernel.Tests.MoneyTests.Currency_codes_are_three_upper_case_letters(code: "A1D") [21 ms]
  Passed Erp.Kernel.Tests.MoneyTests.Currency_codes_are_three_upper_case_letters(code: "AEDX") [< 1 ms]
  Passed Erp.Kernel.Tests.MoneyTests.Currency_codes_are_three_upper_case_letters(code: "aed") [< 1 ms]
  Passed Erp.Kernel.Tests.MoneyTests.Currency_codes_are_three_upper_case_letters(code: "AE") [< 1 ms]
  Passed Erp.Kernel.Tests.UnitOfWorkTests.Problems_inside_typed_unions_count_as_failures [28 ms]
  Passed Erp.Kernel.Tests.UnitOfWorkTests.Plain_results_report_their_own_status [< 1 ms]
  Passed Erp.Kernel.Tests.SecurityTests.Email_validation(value: "first.last+tag@sub.domain.ae", valid: True) [< 1 ms]
  Passed Erp.Kernel.Tests.SecurityTests.Email_validation(value: "no-at.example", valid: False) [< 1 ms]
  Passed Erp.Kernel.Tests.SecurityTests.Email_validation(value: "a@b", valid: False) [< 1 ms]
  Passed Erp.Kernel.Tests.SecurityTests.Permission_keys_are_module_resource_action(key: "identity.users", valid: False) [4 ms]
  Passed Erp.Kernel.Tests.SecurityTests.Permission_keys_are_module_resource_action(key: "identity.users.read", valid: True) [< 1 ms]
  Passed Erp.Kernel.Tests.SecurityTests.Permission_keys_are_module_resource_action(key: "identity..read", valid: False) [< 1 ms]
  Passed Erp.Kernel.Tests.SecurityTests.Permission_keys_are_module_resource_action(key: "identity.userRoles.assignAll", valid: True) [< 1 ms]
  Passed Erp.Kernel.Tests.SecurityTests.Permission_keys_are_module_resource_action(key: "Identity.users.read", valid: False) [< 1 ms]
  Passed Erp.Kernel.Tests.SecurityTests.Permission_keys_are_module_resource_action(key: "identity.users.read.extra", valid: False) [< 1 ms]
  Passed Erp.Kernel.Tests.LocalizationTests.Request_language_comes_from_accept_language_when_not_signed_in(header: "de", expected: "en") [19 ms]
  Passed Erp.Kernel.Tests.LocalizationTests.Request_language_comes_from_accept_language_when_not_signed_in(header: "", expected: "en") [6 ms]
  Passed Erp.Kernel.Tests.LocalizationTests.Request_language_comes_from_accept_language_when_not_signed_in(header: "ar-AE,ar;q=0.9,en;q=0.8", expected: "ar") [< 1 ms]
  Passed Erp.Kernel.Tests.LocalizationTests.Request_language_comes_from_accept_language_when_not_signed_in(header: "fr-FR,ar;q=0.5", expected: "ar") [< 1 ms]
  Passed Erp.Kernel.Tests.LocalizationTests.Request_language_comes_from_accept_language_when_not_signed_in(header: "en-GB,en;q=0.9", expected: "en") [< 1 ms]
  Passed Erp.Kernel.Tests.LocalizationTests.A_key_without_a_translation_stops_the_catalog_from_loading [16 ms]
  Passed Erp.Kernel.Tests.LocalizationTests.Kernel_strings_exist_in_both_languages_and_format_arguments [2 ms]
  Passed Erp.Kernel.Tests.MoneyTests.Money_travels_as_decimal_strings_in_json [73 ms]
  Passed Erp.Kernel.Tests.MoneyTests.Only_same_currency_and_rate_can_be_added [< 1 ms]
  Passed Erp.Kernel.Tests.MoneyTests.Amount_must_fit_the_currency_minor_units [< 1 ms]
  Passed Erp.Kernel.Tests.MoneyTests.Base_currency_amounts_use_rate_one_and_rates_are_positive [< 1 ms]
  Passed Erp.Kernel.Tests.MoneyTests.Base_amount_is_rounded_half_away_from_zero_to_the_base_currency [< 1 ms]
  Passed Erp.Kernel.Tests.SecurityTests.Weaker_hashes_still_verify_and_ask_to_be_upgraded [180 ms]
  Passed Erp.Kernel.Tests.SecurityTests.Session_tokens_are_256_bit_base64url_and_stored_as_sha256 [7 ms]
  Passed Erp.Kernel.Tests.SecurityTests.Password_hashes_verify_only_the_right_password_and_use_unique_salts [1 s]
  Passed Erp.Kernel.Tests.KernelDataTests.Bulk_insert_requires_a_bound_tenant [3 ms]
  Passed Erp.Kernel.Tests.KernelDataTests.Bulk_insert_loads_100000_rows_through_row_level_security_quickly [1 s]
  Passed Erp.Kernel.Tests.KernelDataTests.Migrations_and_seeding_are_idempotent [271 ms]
  Passed Erp.Kernel.Tests.KernelDataTests.A_unit_of_work_cannot_switch_tenants [26 ms]
  Passed Erp.Kernel.Tests.KernelDataTests.Bulk_insert_cannot_smuggle_rows_into_another_tenant [44 ms]
  Passed Erp.Kernel.Tests.KernelDataTests.Using_a_module_context_before_binding_a_tenant_fails_loudly [74 ms]
  Passed Erp.Kernel.Tests.KernelDataTests.EF_refuses_to_write_a_row_for_another_tenant [74 ms]
  Passed Erp.Kernel.Tests.KernelDataTests.The_query_filter_is_a_second_layer_on_every_tenant_entity [159 ms]
  Passed Erp.Gates.Tests.Rules.MoneyGateTests.No_floating_point_or_money_columns_in_the_database [76 ms]
  Passed Erp.Gates.Tests.G1.G1DatabaseIsolationTests.Every_table_is_tenant_owned_or_a_reviewed_platform_table [133 ms]
  Passed Erp.Gates.Tests.Rules.MoneyGateTests.No_float_or_double_in_server_code [149 ms]
  Passed Erp.Gates.Tests.Rules.MoneyGateTests.No_parseFloat_in_front_end_code [2 ms]
  Passed Erp.Gates.Tests.G1.G1DatabaseIsolationTests.Application_role_sees_and_changes_only_its_own_tenant_in_every_tenant_table [549 ms]
  Passed Erp.Gates.Tests.G1.G1DatabaseIsolationTests.Foreign_keys_between_tenant_tables_include_the_tenant [15 ms]
  Passed Erp.Gates.Tests.G1.G1DatabaseIsolationTests.Tenant_tables_have_an_id_primary_key [75 ms]
  Passed Erp.Gates.Tests.G1.G1DatabaseIsolationTests.Tenant_tables_enforce_row_level_security_with_the_standard_policy [191 ms]
  Passed Erp.Modules.Identity.Tests.PlatformHttpTests.Server_errors_reveal_nothing_but_a_trace_id [522 ms]
  Passed Erp.Modules.Identity.Tests.PlatformHttpTests.Unknown_api_paths_answer_404_problems_not_the_app_shell [48 ms]
  Passed Erp.Modules.Identity.Tests.PlatformHttpTests.Health_is_public_and_checks_the_database [304 ms]
  Passed Erp.Modules.Identity.Tests.PlatformHttpTests.Responses_carry_security_headers_and_api_responses_are_not_cached [149 ms]
[xUnit.net 00:00:13.33]   Finished:    Erp.Kernel.Tests (ID = '1ac195ec15f33ab4788e3de64df3053333a57179a8cf50eb11a1918a6450c228')
  Passed Erp.Gates.Tests.G1.G1DatabaseIsolationTests.Security_definer_functions_are_exactly_the_reviewed_ones [217 ms]
  Passed Erp.Gates.Tests.G1.G1DatabaseIsolationTests.Audit_trail_is_append_only_for_the_application [62 ms]
  Passed Erp.Gates.Tests.G1.G1DatabaseIsolationTests.Application_role_cannot_bypass_row_level_security_or_become_a_role_that_can [210 ms]
  Passed Erp.Gates.Tests.Rules.OpenApiGateTests.OpenApi_document_covers_every_endpoint_with_its_permission [1 s]
  Passed Erp.Gates.Tests.Rules.OpenApiGateTests.Decimals_are_documented_as_strings [76 ms]
  Passed Erp.Gates.Tests.Rules.LicenceGateTests.Every_NuGet_package_has_an_allowed_licence [96 ms]
  Passed Erp.Gates.Tests.Rules.LicenceGateTests.Every_npm_package_has_an_allowed_licence [4 ms]
  Passed Erp.Gates.Tests.Rules.StringGateTests.Every_problem_and_validation_code_in_server_code_has_text [10 ms]
  Passed Erp.Gates.Tests.Rules.StringGateTests.Server_string_files_have_matching_English_and_Arabic_keys [4 ms]
Results File: /out/trx/_vm_2026-10-02_22_38_14_net10.0.trx

Test Run Successful.
Total tests: 42
     Passed: 42
 Total time: 13.9397 Seconds
  Passed Erp.Modules.Identity.Tests.AuthTests.A_suspended_workspace_cannot_be_signed_in_to [1 s]
  Passed Erp.Modules.Identity.Tests.UsersAndRolesTests.User_search_finds_by_name_or_email_and_escapes_wildcards [2 s]
  Passed Erp.Gates.Tests.Rules.StringGateTests.Web_string_files_have_matching_English_and_Arabic_keys [< 1 ms]
  Passed Erp.Gates.Tests.Rules.StringGateTests.Every_permission_module_and_menu_entry_has_labels [2 ms]
  Passed Erp.Modules.Identity.Tests.UsersAndRolesTests.The_administrator_role_cannot_be_changed_or_deleted_and_grants_every_permission [713 ms]
  Passed Erp.Modules.Identity.Tests.UsersAndRolesTests.Permission_catalogue_is_labelled_in_the_users_language [362 ms]
  Passed Erp.Gates.Tests.G2.G2PermissionTests.Every_declared_permission_is_in_the_catalogue_and_every_catalogue_permission_is_used [1 ms]
  Passed Erp.Gates.Tests.G2.G2PermissionTests.Every_endpoint_declares_exactly_one_permission_or_is_reviewed_anonymous [3 ms]
  Passed Erp.Gates.Tests.G2.G2PermissionTests.A_user_whose_roles_grant_nothing_is_denied_everything_and_sees_no_menu [602 ms]
  Passed Erp.Modules.Identity.Tests.UsersAndRolesTests.Changing_the_language_preference_follows_the_user [1 s]
  Passed Erp.Modules.Identity.Tests.UsersAndRolesTests.Saving_over_someone_elses_change_is_refused [290 ms]
  Passed Erp.Modules.Identity.Tests.UsersAndRolesTests.Validation_errors_name_each_field_in_the_requested_language [338 ms]
  Passed Erp.Modules.Identity.Tests.AuthTests.The_same_email_in_two_workspaces_asks_which_one_only_when_both_passwords_match [4 s]
  Passed Erp.Modules.Identity.Tests.UsersAndRolesTests.Duplicate_email_in_the_same_workspace_is_a_conflict [287 ms]
  Passed Erp.Gates.Tests.G2.G2PermissionTests.The_host_refuses_to_start_with_an_endpoint_whose_permission_is_not_in_the_catalogue [29 ms]
  Passed Erp.Gates.Tests.Rules.AuditGateTests.Every_tenant_table_carries_the_audit_trigger_unless_reviewed_exempt [32 ms]
  Passed Erp.Gates.Tests.Rules.AuditGateTests.Writes_through_the_API_leave_field_level_audit_rows_attributed_to_the_user [478 ms]
  Passed Erp.Gates.Tests.Rules.AuditGateTests.Writes_that_bypass_the_ORM_are_audited_too [63 ms]
  Passed Erp.Gates.Tests.G2.G2PermissionTests.Users_cannot_escalate_their_own_privileges [1 s]
  Passed Erp.Gates.Tests.G2.G2PermissionTests.Anonymous_callers_get_401_from_every_permissioned_endpoint [10 ms]
  Passed Erp.Gates.Tests.G2.G2PermissionTests.Undeclared_endpoints_fall_back_to_deny [1 ms]
  Passed Erp.Modules.Identity.Tests.AuthTests.Cookie_requests_that_change_data_need_the_request_header [395 ms]
  Passed Erp.Modules.Identity.Tests.AuthTests.Expired_sessions_and_malformed_tokens_are_refused [369 ms]
  Passed Erp.Modules.Identity.Tests.AuthTests.Signing_in_returns_the_session_and_sets_a_strict_http_only_cookie [168 ms]
  Passed Erp.Gates.Tests.G2.G2PermissionTests.The_host_refuses_to_start_with_an_endpoint_that_declares_no_permission [82 ms]
  Passed Erp.Gates.Tests.Rules.AuditGateTests.Passwords_are_redacted_in_the_audit_trail [401 ms]
  Passed Erp.Modules.Identity.Tests.AuthTests.Deactivating_a_user_ends_their_sessions [900 ms]
  Passed Erp.Modules.Identity.Tests.AuthTests.Wrong_password_and_unknown_email_get_the_same_answer [356 ms]
  Passed Erp.Modules.Identity.Tests.AuthTests.Signing_out_revokes_the_session_for_good [212 ms]
[xUnit.net 00:00:21.88]   Finished:    Erp.Modules.Identity.Tests (ID = 'c22946a00a079b5bd17fa697d59967873c784c899ebaee038a5706484c46b106')
  Passed Erp.Modules.Identity.Tests.AuthTests.Five_failures_pause_sign_in_without_saying_so_and_the_pause_ends [1 s]
Results File: /out/trx/_vm_2026-10-02_22_38_26_net10.0.trx

Test Run Successful.
Total tests: 20
     Passed: 20
 Total time: 22.3773 Seconds
  Passed Erp.Gates.Tests.G2.G2PermissionTests.Granting_exactly_one_permission_opens_exactly_the_endpoints_that_declare_it [5 s]
  Passed Erp.Gates.Tests.G1.G1HttpIsolationTests.Tenant_A_cannot_reach_tenant_B_through_any_endpoint [15 s]
  Passed Erp.Gates.Tests.SelfTests.GateSelfTests.The_HTTP_attack_catches_planted_header_route_and_body_leaks [14 s]
[xUnit.net 00:00:34.96]   Finished:    Erp.Gates.Tests (ID = 'd67f9af34c5c91feae69a31c7ab81956a411c8cd54ea4942d23c1fd06e059e25')
  Passed Erp.Gates.Tests.SelfTests.GateSelfTests.The_database_check_catches_a_table_without_row_level_security [20 ms]
Results File: /out/trx/_vm_2026-10-02_22_38_26_net10.0[1].trx

Test Run Successful.
Total tests: 35
     Passed: 35
 Total time: 35.4400 Seconds
[1m[2/3] Clean stack: build, migrate, seed, serve (project c-p00-foundation-r1-g3-verify, port 20090)[0m
[1mBuilding the application image[0m
 Image erp-app:c-p00-foundation-r1-g3-verify Building 
#1 [internal] load local bake definitions
#1 reading from stdin 626B done
#1 DONE 0.0s

#2 [internal] load build definition from Dockerfile
#2 transferring dockerfile: 1.52kB done
#2 DONE 0.0s

#3 resolve image config for docker-image://docker.io/docker/dockerfile:1
#3 DONE 0.9s

#4 docker-image://docker.io/docker/dockerfile:1@sha256:4edf897a3ffa55b89f906fc8cc78afdb3f1834cc9c7083565e611a8a7d5fe99e
#4 resolve docker.io/docker/dockerfile:1@sha256:4edf897a3ffa55b89f906fc8cc78afdb3f1834cc9c7083565e611a8a7d5fe99e 0.0s done
#4 CACHED

#5 [internal] load metadata for docker.io/library/node:22-alpine
#5 ...

#6 [internal] load metadata for mcr.microsoft.com/dotnet/sdk:10.0
#6 DONE 0.5s

#7 [internal] load metadata for mcr.microsoft.com/dotnet/aspnet:10.0
#7 DONE 0.5s

#5 [internal] load metadata for docker.io/library/node:22-alpine
#5 DONE 0.7s

#8 [internal] load .dockerignore
#8 transferring context: 187B done
#8 DONE 0.0s

#9 [web 1/6] FROM docker.io/library/node:22-alpine@sha256:0a7108bf6c7bf5de370ffb1a3ed6be93d405b43ff159f681a8d18c0e2bc2e402
#9 resolve docker.io/library/node:22-alpine@sha256:0a7108bf6c7bf5de370ffb1a3ed6be93d405b43ff159f681a8d18c0e2bc2e402 0.0s done
#9 DONE 0.0s

#10 [stage-2 1/4] FROM mcr.microsoft.com/dotnet/aspnet:10.0@sha256:222759b391a1aaf241166672c8f99b2d4ada452e7b5319f3c6e8f265a37b5ad4
#10 resolve mcr.microsoft.com/dotnet/aspnet:10.0@sha256:222759b391a1aaf241166672c8f99b2d4ada452e7b5319f3c6e8f265a37b5ad4 0.0s done
#10 DONE 0.0s

#11 [build 1/6] FROM mcr.microsoft.com/dotnet/sdk:10.0@sha256:e70cdb7f80b0348f5cb85f19a8f670fca061f033d57eed12fa003d58b0e06317
#11 resolve mcr.microsoft.com/dotnet/sdk:10.0@sha256:e70cdb7f80b0348f5cb85f19a8f670fca061f033d57eed12fa003d58b0e06317 0.0s done
#11 DONE 0.0s

#12 [internal] load build context
#12 transferring context: 387.30kB 0.0s done
#12 DONE 0.0s

#13 [build 2/6] WORKDIR /src
#13 CACHED

#14 [stage-2 3/4] COPY --from=build /app ./
#14 CACHED

#15 [web 5/6] COPY web/ ./
#15 CACHED

#16 [build 5/6] RUN --mount=type=secret,id=extra_ca,target=/run/secrets/extra_ca --mount=type=cache,target=/root/.nuget/packages     if [ -s /run/secrets/extra_ca ]; then cat /run/secrets/extra_ca >>/etc/ssl/certs/ca-certificates.crt; fi;     dotnet restore src/Host/Erp.Host/Erp.Host.csproj
#16 CACHED

#17 [web 2/6] WORKDIR /web
#17 CACHED

#18 [build 3/6] COPY global.json Directory.Build.props Directory.Packages.props ./
#18 CACHED

#19 [build 6/6] RUN --mount=type=cache,target=/root/.nuget/packages dotnet publish src/Host/Erp.Host/Erp.Host.csproj -c Release -o /app --no-restore
#19 CACHED

#20 [web 3/6] COPY web/package.json web/package-lock.json ./
#20 CACHED

#21 [stage-2 2/4] WORKDIR /app
#21 CACHED

#22 [build 4/6] COPY src/ src/
#22 CACHED

#23 [web 4/6] RUN --mount=type=secret,id=extra_ca,target=/run/secrets/extra_ca --mount=type=cache,target=/root/.npm     if [ -s /run/secrets/extra_ca ]; then export NODE_EXTRA_CA_CERTS=/run/secrets/extra_ca; fi;     npm ci --no-audit --no-fund
#23 CACHED

#24 [web 6/6] RUN npm run check && npm run build
#24 CACHED

#25 [stage-2 4/4] COPY --from=web /web/dist ./wwwroot
#25 CACHED

#26 exporting to image
#26 exporting layers done
#26 exporting manifest sha256:73476de607aeec029ee73bfdee72219b8ce4cdd9751da9b06db194fdd55b68c3 done
#26 exporting config sha256:eea00fddf68c67794acc600bd9410a83c5c6fe32404c7c9f16305407fc78be38 done
#26 exporting attestation manifest sha256:6d5b6fdb1feafdae7e8f44bf2ff96eab67dff08e6e51450cb6c1d013929bd419 0.0s done
#26 exporting manifest list sha256:22bad1acf81c42c44f5f6e0f3cd8297f650896d2bc26e3e1748496c46b3a0efc done
#26 naming to docker.io/library/erp-app:c-p00-foundation-r1-g3-verify done
#26 unpacking to docker.io/library/erp-app:c-p00-foundation-r1-g3-verify done
#26 DONE 0.1s

#27 resolving provenance for metadata file
#27 DONE 0.0s
 Image erp-app:c-p00-foundation-r1-g3-verify Built 
[1mStarting PostgreSQL, setting up the database (roles, migrations, seed: 2000 users) and serving[0m
 Network c-p00-foundation-r1-g3-verify_default Creating 
 Network c-p00-foundation-r1-g3-verify_default Created 
 Volume c-p00-foundation-r1-g3-verify_db-data Creating 
 Volume c-p00-foundation-r1-g3-verify_db-data Created 
 Container c-p00-foundation-r1-g3-verify-db-1 Creating 
 Container c-p00-foundation-r1-g3-verify-db-1 Created 
 Container c-p00-foundation-r1-g3-verify-db-1 Starting 
 Container c-p00-foundation-r1-g3-verify-db-1 Started 
 Container c-p00-foundation-r1-g3-verify-db-1 Waiting 
 Container c-p00-foundation-r1-g3-verify-db-1 Healthy 
 Container c-p00-foundation-r1-g3-verify-db-1 Running 
 Container c-p00-foundation-r1-g3-verify-setup-1 Creating 
 Container c-p00-foundation-r1-g3-verify-setup-1 Created 
Attaching to setup-1
 Container c-p00-foundation-r1-g3-verify-db-1 Waiting 
 Container c-p00-foundation-r1-g3-verify-db-1 Healthy 
 Container c-p00-foundation-r1-g3-verify-setup-1 Starting 
 Container c-p00-foundation-r1-g3-verify-setup-1 Started 
setup-1  | Cannot load library libgssapi_krb5.so.2 
setup-1  | Error: libgssapi_krb5.so.2: cannot open shared object file: No such file or directory
setup-1  | info: Erp.Kernel.Data.DatabaseBootstrap[0]
setup-1  |       Creating database erp
setup-1  | info: Erp.Kernel.Data.DatabaseMigrator[0]
setup-1  |       Migrating KernelDbContext: 1 pending
setup-1  | info: Erp.Kernel.Data.DatabaseMigrator[0]
setup-1  |       Migrating TenancyDbContext: 1 pending
setup-1  | info: Erp.Kernel.Data.DatabaseMigrator[0]
setup-1  |       Migrating IdentityDbContext: 1 pending
setup-1  | info: Erp.Kernel.Seeding.SeedRunner[0]
setup-1  |       Seeded tenant alnoor (Demo) in 1085 ms
setup-1  | info: Erp.Kernel.Seeding.SeedRunner[0]
setup-1  |       Seeded tenant gulfsteel (Demo) in 305 ms
[Ksetup-1 exited with code 0
 Compose Stopping Aborting on container exit...
 Container c-p00-foundation-r1-g3-verify-setup-1 Stopping 
 Container c-p00-foundation-r1-g3-verify-setup-1 Stopped 
 Container c-p00-foundation-r1-g3-verify-db-1 Running 
 Container c-p00-foundation-r1-g3-verify-app-1 Creating 
 Container c-p00-foundation-r1-g3-verify-app-1 Created 
 Container c-p00-foundation-r1-g3-verify-db-1 Waiting 
 Container c-p00-foundation-r1-g3-verify-db-1 Healthy 
 Container c-p00-foundation-r1-g3-verify-setup-1 Starting 
 Container c-p00-foundation-r1-g3-verify-setup-1 Started 
 Container c-p00-foundation-r1-g3-verify-setup-1 Waiting 
 Container c-p00-foundation-r1-g3-verify-setup-1 Exited 
 Container c-p00-foundation-r1-g3-verify-app-1 Starting 
 Container c-p00-foundation-r1-g3-verify-app-1 Started 
[1m[3/3] End-to-end tests in Chromium[0m

[1m== Copying sources (without build output)[0m

[1m== End-to-end: Playwright against http://localhost:20090[0m

added 3 packages in 399ms

Running 8 tests using 1 worker

  ✓  1 [chromium] › specs/permissions.spec.ts:5:7 › screens hide what the user cannot do › a user whose roles grant nothing sees no menu and cannot open a screen by address (1.9s)
  ✓  2 [chromium] › specs/permissions.spec.ts:15:7 › screens hide what the user cannot do › a read-only user can browse users, and the list is server-paged and searchable (1.4s)
  ✓  3 [chromium] › specs/permissions.spec.ts:26:7 › screens hide what the user cannot do › signing out returns to the sign-in screen and the session is gone (725ms)
sign-in to workspace: 370 ms
  ✓  4 [chromium] › specs/sign-in.spec.ts:5:7 › sign in to an empty workspace › keyboard only, in English, lands in the workspace with its menu (795ms)
  ✓  5 [chromium] › specs/sign-in.spec.ts:17:7 › sign in to an empty workspace › in Arabic, right to left, from the first screen (1.0s)
  ✓  6 [chromium] › specs/sign-in.spec.ts:33:7 › sign in to an empty workspace › a wrong password shows one message in the screen's language and clears the password (818ms)
  ✓  7 [chromium] › specs/sign-in.spec.ts:41:7 › sign in to an empty workspace › empty fields are explained without a round trip (287ms)
  ✓  8 [chromium] › specs/sign-in.spec.ts:47:7 › sign in to an empty workspace › the device remembers the e-mail, so the next sign-in is password then Enter (835ms)

  8 passed (8.6s)

Test counts this run:
  suite.dotnetTests      passed    97  failed 0  skipped 0  (minimum 97)
  suite.webUnitTests     passed    13  failed 0  skipped 0  (minimum 13)
  suite.e2eTests         passed     8  failed 0  skipped 0  (minimum 8)
Ratchet check passed.
[1mverify passed in 84 s[0m
G3: ./erp up in the clean clone
[1mBuilding the application image[0m
 Image erp-app:c-p00-foundation-r1-g3 Building 
#1 [internal] load local bake definitions
#1 reading from stdin 612B done
#1 DONE 0.0s

#2 [internal] load build definition from Dockerfile
#2 transferring dockerfile: 1.52kB done
#2 DONE 0.0s

#3 resolve image config for docker-image://docker.io/docker/dockerfile:1
#3 DONE 0.1s

#4 docker-image://docker.io/docker/dockerfile:1@sha256:4edf897a3ffa55b89f906fc8cc78afdb3f1834cc9c7083565e611a8a7d5fe99e
#4 resolve docker.io/docker/dockerfile:1@sha256:4edf897a3ffa55b89f906fc8cc78afdb3f1834cc9c7083565e611a8a7d5fe99e 0.0s done
#4 CACHED

#5 [internal] load metadata for mcr.microsoft.com/dotnet/sdk:10.0
#5 DONE 0.1s

#6 [internal] load metadata for docker.io/library/node:22-alpine
#6 ...

#7 [internal] load metadata for mcr.microsoft.com/dotnet/aspnet:10.0
#7 DONE 0.1s

#6 [internal] load metadata for docker.io/library/node:22-alpine
#6 DONE 0.3s

#8 [internal] load .dockerignore
#8 transferring context: 187B done
#8 DONE 0.0s

#9 [stage-2 1/4] FROM mcr.microsoft.com/dotnet/aspnet:10.0@sha256:222759b391a1aaf241166672c8f99b2d4ada452e7b5319f3c6e8f265a37b5ad4
#9 resolve mcr.microsoft.com/dotnet/aspnet:10.0@sha256:222759b391a1aaf241166672c8f99b2d4ada452e7b5319f3c6e8f265a37b5ad4 0.0s done
#9 DONE 0.0s

#10 [build 1/6] FROM mcr.microsoft.com/dotnet/sdk:10.0@sha256:e70cdb7f80b0348f5cb85f19a8f670fca061f033d57eed12fa003d58b0e06317
#10 resolve mcr.microsoft.com/dotnet/sdk:10.0@sha256:e70cdb7f80b0348f5cb85f19a8f670fca061f033d57eed12fa003d58b0e06317 0.0s done
#10 DONE 0.0s

#11 [web 1/6] FROM docker.io/library/node:22-alpine@sha256:0a7108bf6c7bf5de370ffb1a3ed6be93d405b43ff159f681a8d18c0e2bc2e402
#11 resolve docker.io/library/node:22-alpine@sha256:0a7108bf6c7bf5de370ffb1a3ed6be93d405b43ff159f681a8d18c0e2bc2e402 0.0s done
#11 DONE 0.0s

#12 [internal] load build context
#12 transferring context: 8.55kB done
#12 DONE 0.0s

#13 [build 4/6] COPY src/ src/
#13 CACHED

#14 [web 2/6] WORKDIR /web
#14 CACHED

#15 [web 5/6] COPY web/ ./
#15 CACHED

#16 [build 6/6] RUN --mount=type=cache,target=/root/.nuget/packages dotnet publish src/Host/Erp.Host/Erp.Host.csproj -c Release -o /app --no-restore
#16 CACHED

#17 [stage-2 2/4] WORKDIR /app
#17 CACHED

#18 [build 2/6] WORKDIR /src
#18 CACHED

#19 [web 3/6] COPY web/package.json web/package-lock.json ./
#19 CACHED

#20 [build 5/6] RUN --mount=type=secret,id=extra_ca,target=/run/secrets/extra_ca --mount=type=cache,target=/root/.nuget/packages     if [ -s /run/secrets/extra_ca ]; then cat /run/secrets/extra_ca >>/etc/ssl/certs/ca-certificates.crt; fi;     dotnet restore src/Host/Erp.Host/Erp.Host.csproj
#20 CACHED

#21 [web 6/6] RUN npm run check && npm run build
#21 CACHED

#22 [build 3/6] COPY global.json Directory.Build.props Directory.Packages.props ./
#22 CACHED

#23 [stage-2 3/4] COPY --from=build /app ./
#23 CACHED

#24 [web 4/6] RUN --mount=type=secret,id=extra_ca,target=/run/secrets/extra_ca --mount=type=cache,target=/root/.npm     if [ -s /run/secrets/extra_ca ]; then export NODE_EXTRA_CA_CERTS=/run/secrets/extra_ca; fi;     npm ci --no-audit --no-fund
#24 CACHED

#25 [stage-2 4/4] COPY --from=web /web/dist ./wwwroot
#25 CACHED

#26 exporting to image
#26 exporting layers done
#26 exporting manifest sha256:f702060449a19df8d5138a7b80c8ab27733acfd50774e207825c184b74c3d3a1 done
#26 exporting config sha256:4895153685ea48636eba872f3ae119865a9608ccad8978710bfa0c635fc8ec4a done
#26 exporting attestation manifest sha256:272ee160dfe49c8afe68ed6e68758ecae029bdde94da4281f45057d2ec25120e done
#26 exporting manifest list sha256:6503c874435e2d2f714f31f2fe6541f56825ce79d3a1d78f6a03645e2fd9aab1 done
#26 naming to docker.io/library/erp-app:c-p00-foundation-r1-g3 done
#26 unpacking to docker.io/library/erp-app:c-p00-foundation-r1-g3 0.0s done
#26 DONE 0.1s

#27 resolving provenance for metadata file
#27 DONE 0.0s
 Image erp-app:c-p00-foundation-r1-g3 Built 
[1mStarting PostgreSQL, setting up the database (roles, migrations, seed: 2000 users) and serving[0m
 Network c-p00-foundation-r1-g3_default Creating 
 Network c-p00-foundation-r1-g3_default Created 
 Volume c-p00-foundation-r1-g3_db-data Creating 
 Volume c-p00-foundation-r1-g3_db-data Created 
 Container c-p00-foundation-r1-g3-db-1 Creating 
 Container c-p00-foundation-r1-g3-db-1 Created 
 Container c-p00-foundation-r1-g3-db-1 Starting 
 Container c-p00-foundation-r1-g3-db-1 Started 
 Container c-p00-foundation-r1-g3-db-1 Waiting 
 Container c-p00-foundation-r1-g3-db-1 Healthy 
 Container c-p00-foundation-r1-g3-db-1 Running 
 Container c-p00-foundation-r1-g3-setup-1 Creating 
 Container c-p00-foundation-r1-g3-setup-1 Created 
Attaching to setup-1
 Container c-p00-foundation-r1-g3-db-1 Waiting 
 Container c-p00-foundation-r1-g3-db-1 Healthy 
 Container c-p00-foundation-r1-g3-setup-1 Starting 
 Container c-p00-foundation-r1-g3-setup-1 Started 
setup-1  | Cannot load library libgssapi_krb5.so.2 
setup-1  | Error: libgssapi_krb5.so.2: cannot open shared object file: No such file or directory
setup-1  | info: Erp.Kernel.Data.DatabaseBootstrap[0]
setup-1  |       Creating database erp
setup-1  | info: Erp.Kernel.Data.DatabaseMigrator[0]
setup-1  |       Migrating KernelDbContext: 1 pending
setup-1  | info: Erp.Kernel.Data.DatabaseMigrator[0]
setup-1  |       Migrating TenancyDbContext: 1 pending
setup-1  | info: Erp.Kernel.Data.DatabaseMigrator[0]
setup-1  |       Migrating IdentityDbContext: 1 pending
setup-1  | info: Erp.Kernel.Seeding.SeedRunner[0]
setup-1  |       Seeded tenant alnoor (Demo) in 1051 ms
setup-1  | info: Erp.Kernel.Seeding.SeedRunner[0]
setup-1  |       Seeded tenant gulfsteel (Demo) in 297 ms
[Ksetup-1 exited with code 0
 Compose Stopping Aborting on container exit...
 Container c-p00-foundation-r1-g3-setup-1 Stopping 
 Container c-p00-foundation-r1-g3-setup-1 Stopped 
 Container c-p00-foundation-r1-g3-db-1 Running 
 Container c-p00-foundation-r1-g3-app-1 Creating 
 Container c-p00-foundation-r1-g3-app-1 Created 
 Container c-p00-foundation-r1-g3-db-1 Waiting 
 Container c-p00-foundation-r1-g3-db-1 Healthy 
 Container c-p00-foundation-r1-g3-setup-1 Starting 
 Container c-p00-foundation-r1-g3-setup-1 Started 
 Container c-p00-foundation-r1-g3-setup-1 Waiting 
 Container c-p00-foundation-r1-g3-setup-1 Exited 
 Container c-p00-foundation-r1-g3-app-1 Starting 
 Container c-p00-foundation-r1-g3-app-1 Started 

[1mThe demo is running (14 s): http://localhost:20080[0m

  Sign in (password for every demo user: Demo-Pass-2026)
    admin@alnoor.example       Administrator, English
    admin.ar@alnoor.example    Administrator, Arabic
    viewer@alnoor.example      Read-only role
    noaccess@alnoor.example    No roles (sees nothing)
    admin@gulfsteel.example    Administrator of the second workspace

  API description: http://localhost:20080/api/openapi/v1.json
  Database:        localhost:20081 (./erp psql)
  Stop:            ./erp down        (add --volumes to delete the data)
G3: signing in to the demo
HTTP/1.1 200 OK
G3 passed: clean clone verified and demo running with seeded data.
rc=0 seconds=101
