
Build succeeded.
    0 Warning(s)
    0 Error(s)

Time Elapsed 00:00:25.45
Test run for /work/tests/Erp.Gates.Tests/bin/Release/net10.0/Erp.Gates.Tests.dll (.NETCoreApp,Version=v10.0)
A total of 1 test files matched the specified pattern.
[xUnit.net 00:00:00.00] xUnit.net VSTest Adapter v3.1.5+1b188a7b0a (64-bit .NET 10.0.12)
[xUnit.net 00:00:00.29]   Discovering: Erp.Gates.Tests
[xUnit.net 00:00:00.69]   Discovered:  Erp.Gates.Tests
[xUnit.net 00:00:00.94]   Starting:    Erp.Gates.Tests
  Passed Erp.Gates.Tests.Rules.StringGateTests.Every_problem_and_validation_code_in_server_code_has_text [139 ms]
  Passed Erp.Gates.Tests.Rules.StringGateTests.Server_string_files_have_matching_English_and_Arabic_keys [18 ms]
  Passed Erp.Gates.Tests.Rules.StringGateTests.Web_string_files_have_matching_English_and_Arabic_keys [7 ms]
  Passed Erp.Gates.Tests.Rules.StringGateTests.Every_permission_module_and_menu_entry_has_labels [7 ms]
  Passed Erp.Gates.Tests.Rules.StringGateTests.Count_messages_use_plural_forms [5 ms]
  Passed Erp.Gates.Tests.G2.G2PermissionTests.Every_declared_permission_is_in_the_catalogue_and_every_catalogue_permission_is_used [5 ms]
  Passed Erp.Gates.Tests.G2.G2PermissionTests.Every_endpoint_declares_exactly_one_permission_or_is_reviewed_anonymous [17 ms]
  Passed Erp.Gates.Tests.G2.G2PermissionTests.A_user_whose_roles_grant_nothing_is_denied_everything_and_sees_no_menu [1 s]
  Passed Erp.Gates.Tests.G2.G2PermissionTests.Every_list_endpoint_needs_the_lists_own_permission_and_shared_view_writes_need_sharing [5 s]
  Passed Erp.Gates.Tests.G2.G2PermissionTests.The_host_refuses_to_start_with_an_endpoint_whose_permission_is_not_in_the_catalogue [34 ms]
  Passed Erp.Gates.Tests.G2.G2PermissionTests.Users_cannot_escalate_their_own_privileges [791 ms]
  Passed Erp.Gates.Tests.G2.G2CompanyAccessGrantTests.Company_access_is_given_and_taken_only_within_what_the_caller_holds_and_never_from_a_stronger_user [6 s]
[xUnit.net 00:00:28.07]     Erp.Gates.Tests.G2.G2ReportDataTests.The_report_catalogue_lists_only_what_the_caller_may_run_and_see [FAIL]
[xUnit.net 00:00:28.08]       catalogue for [reports.catalog.read, identity.roles.read] lists reports [identity.roleSummary, identity.usersByRole, tenancy.branchDirectory, tenancy.companyProfile], expected [identity.roleSummary]
[xUnit.net 00:00:28.08]       catalogue for [reports.catalog.read, identity.roles.read] lists printable lists [identity.roles, identity.users, tenancy.access, tenancy.branches, tenancy.companies], expected [identity.roles]
[xUnit.net 00:00:28.08]       catalogue for [reports.catalog.read, identity.signIns.read] lists reports [identity.roleSummary, identity.usersByRole, tenancy.branchDirectory, tenancy.companyProfile], expected []
[xUnit.net 00:00:28.08]       catalogue for [reports.catalog.read, identity.signIns.read] lists printable lists [identity.roles, identity.users, tenancy.access, tenancy.branches, tenancy.companies], expected []
[xUnit.net 00:00:28.08]       catalogue for [reports.catalog.read, identity.users.read] lists reports [identity.roleSummary, identity.usersByRole, tenancy.branchDirectory, tenancy.companyProfile], expected [identity.usersByRole]
[xUnit.net 00:00:28.08]       catalogue for [reports.catalog.read, identity.users.read] lists printable lists [identity.roles, identity.users, tenancy.access, tenancy.branches, tenancy.companies], expected [identity.users]
[xUnit.net 00:00:28.08]       catalogue for [reports.catalog.read, tenancy.access.read] lists reports [identity.roleSummary, identity.usersByRole, tenancy.branchDirectory, tenancy.companyProfile], expected []
[xUnit.net 00:00:28.08]       catalogue for [reports.catalog.read, tenancy.access.read] lists printable lists [identity.roles, identity.users, tenancy.access, tenancy.branches, tenancy.companies], expected [tenancy.access]
[xUnit.net 00:00:28.08]       catalogue for [reports.catalog.read, tenancy.branches.read] lists reports [identity.roleSummary, identity.usersByRole, tenancy.branchDirectory, tenancy.companyProfile], expected [tenancy.branchDirectory]
[xUnit.net 00:00:28.08]       catalogue for [reports.catalog.read, tenancy.branches.read] lists printable lists [identity.roles, identity.users, tenancy.access, tenancy.branches, tenancy.companies], expected [tenancy.branches]
[xUnit.net 00:00:28.08]       catalogue for [reports.catalog.read, tenancy.companies.read] lists reports [identity.roleSummary, identity.usersByRole, tenancy.branchDirectory, tenancy.companyProfile], expected []
[xUnit.net 00:00:28.08]       catalogue for [reports.catalog.read, tenancy.companies.read] lists printable lists [identity.roles, identity.users, tenancy.access, tenancy.branches, tenancy.companies], expected [tenancy.companies]
[xUnit.net 00:00:28.08]       catalogue for [reports.catalog.read, tenancy.tenant.read] lists reports [identity.roleSummary, identity.usersByRole, tenancy.branchDirectory, tenancy.companyProfile], expected []
[xUnit.net 00:00:28.08]       catalogue for [reports.catalog.read, tenancy.tenant.read] lists printable lists [identity.roles, identity.users, tenancy.access, tenancy.branches, tenancy.companies], expected []
[xUnit.net 00:00:28.08]       catalogue for [reports.catalog.read, tenancy.workplace.read] lists reports [identity.roleSummary, identity.usersByRole, tenancy.branchDirectory, tenancy.companyProfile], expected [tenancy.companyProfile]
[xUnit.net 00:00:28.08]       catalogue for [reports.catalog.read, tenancy.workplace.read] lists printable lists [identity.roles, identity.users, tenancy.access, tenancy.branches, tenancy.companies], expected []
[xUnit.net 00:00:28.08]       Stack Trace:
[xUnit.net 00:00:28.08]         /work/tests/Erp.Gates.Tests/G2/G2ReportDataTests.cs(43,0): at Erp.Gates.Tests.G2.G2ReportDataTests.The_report_catalogue_lists_only_what_the_caller_may_run_and_see()
[xUnit.net 00:00:28.08]         --- End of stack trace from previous location ---
  Failed Erp.Gates.Tests.G2.G2ReportDataTests.The_report_catalogue_lists_only_what_the_caller_may_run_and_see [5 s]
  Error Message:
   catalogue for [reports.catalog.read, identity.roles.read] lists reports [identity.roleSummary, identity.usersByRole, tenancy.branchDirectory, tenancy.companyProfile], expected [identity.roleSummary]
catalogue for [reports.catalog.read, identity.roles.read] lists printable lists [identity.roles, identity.users, tenancy.access, tenancy.branches, tenancy.companies], expected [identity.roles]
catalogue for [reports.catalog.read, identity.signIns.read] lists reports [identity.roleSummary, identity.usersByRole, tenancy.branchDirectory, tenancy.companyProfile], expected []
catalogue for [reports.catalog.read, identity.signIns.read] lists printable lists [identity.roles, identity.users, tenancy.access, tenancy.branches, tenancy.companies], expected []
catalogue for [reports.catalog.read, identity.users.read] lists reports [identity.roleSummary, identity.usersByRole, tenancy.branchDirectory, tenancy.companyProfile], expected [identity.usersByRole]
catalogue for [reports.catalog.read, identity.users.read] lists printable lists [identity.roles, identity.users, tenancy.access, tenancy.branches, tenancy.companies], expected [identity.users]
catalogue for [reports.catalog.read, tenancy.access.read] lists reports [identity.roleSummary, identity.usersByRole, tenancy.branchDirectory, tenancy.companyProfile], expected []
catalogue for [reports.catalog.read, tenancy.access.read] lists printable lists [identity.roles, identity.users, tenancy.access, tenancy.branches, tenancy.companies], expected [tenancy.access]
catalogue for [reports.catalog.read, tenancy.branches.read] lists reports [identity.roleSummary, identity.usersByRole, tenancy.branchDirectory, tenancy.companyProfile], expected [tenancy.branchDirectory]
catalogue for [reports.catalog.read, tenancy.branches.read] lists printable lists [identity.roles, identity.users, tenancy.access, tenancy.branches, tenancy.companies], expected [tenancy.branches]
catalogue for [reports.catalog.read, tenancy.companies.read] lists reports [identity.roleSummary, identity.usersByRole, tenancy.branchDirectory, tenancy.companyProfile], expected []
catalogue for [reports.catalog.read, tenancy.companies.read] lists printable lists [identity.roles, identity.users, tenancy.access, tenancy.branches, tenancy.companies], expected [tenancy.companies]
catalogue for [reports.catalog.read, tenancy.tenant.read] lists reports [identity.roleSummary, identity.usersByRole, tenancy.branchDirectory, tenancy.companyProfile], expected []
catalogue for [reports.catalog.read, tenancy.tenant.read] lists printable lists [identity.roles, identity.users, tenancy.access, tenancy.branches, tenancy.companies], expected []
catalogue for [reports.catalog.read, tenancy.workplace.read] lists reports [identity.roleSummary, identity.usersByRole, tenancy.branchDirectory, tenancy.companyProfile], expected [tenancy.companyProfile]
catalogue for [reports.catalog.read, tenancy.workplace.read] lists printable lists [identity.roles, identity.users, tenancy.access, tenancy.branches, tenancy.companies], expected []
  Stack Trace:
     at Erp.Gates.Tests.G2.G2ReportDataTests.The_report_catalogue_lists_only_what_the_caller_may_run_and_see() in /work/tests/Erp.Gates.Tests/G2/G2ReportDataTests.cs:line 43
--- End of stack trace from previous location ---
  Passed Erp.Gates.Tests.G2.G2PermissionTests.Creating_a_user_cannot_grant_more_than_the_caller_holds [1 s]
  Passed Erp.Gates.Tests.G2.G2PermissionTests.Anonymous_callers_get_401_from_every_permissioned_endpoint [26 ms]
  Passed Erp.Gates.Tests.G2.G2PermissionTests.The_reviewed_permission_map_catches_a_weaker_permission_an_unreviewed_endpoint_and_a_stale_line [47 ms]
  Passed Erp.Gates.Tests.G2.G2AccountTakeoverTests.Acting_on_a_record_that_grants_access_needs_everything_it_grants [12 s]
  Passed Erp.Gates.Tests.G2.G2AccountTakeoverTests.Nobody_resets_their_own_password_or_ends_their_own_access_through_administration [1 s]
  Passed Erp.Gates.Tests.G2.G2PermissionTests.Every_registered_list_is_readable_with_its_permission_alone [6 s]
  Passed Erp.Gates.Tests.G2.G2PermissionTests.The_host_refuses_a_list_whose_endpoint_declares_another_permission [90 ms]
  Passed Erp.Gates.Tests.G2.G2PermissionTests.Sharing_a_view_needs_the_share_permission_and_the_lists_own_permission [2 s]
  Passed Erp.Gates.Tests.G2.G2PermissionTests.Undeclared_endpoints_fall_back_to_deny [6 ms]
  Passed Erp.Gates.Tests.G2.G2PermissionTests.The_host_refuses_to_start_with_an_endpoint_that_declares_no_permission [31 ms]
  Passed Erp.Gates.Tests.G2.G2PermissionTests.Requests_that_only_read_cannot_write [115 ms]
  Passed Erp.Gates.Tests.G2.G2PermissionTests.No_endpoint_grants_more_than_the_caller_holds [6 s]
  Passed Erp.Gates.Tests.G2.G2PermissionTests.Every_module_route_is_under_a_reviewed_map_or_derives_its_permission_from_its_list [8 ms]
  Passed Erp.Gates.Tests.G2.G2AccountTakeoverTests.Acting_on_a_user_needs_every_permission_that_user_holds [14 s]
  Passed Erp.Gates.Tests.G2.G2AccountTakeoverTests.Creating_from_a_role_cannot_grant_more_than_the_caller_holds [1 s]
  Passed Erp.Gates.Tests.Rules.AuditGateTests.Every_tenant_table_carries_the_audit_trigger_unless_reviewed_exempt [38 ms]
  Passed Erp.Gates.Tests.Rules.AuditGateTests.Changing_ones_own_interface_preferences_is_audited_field_by_field [1 s]
  Passed Erp.Gates.Tests.Rules.AuditGateTests.Writes_through_the_API_leave_field_level_audit_rows_attributed_to_the_user [513 ms]
  Passed Erp.Gates.Tests.Rules.AuditGateTests.Writes_that_bypass_the_ORM_are_audited_too [59 ms]
  Passed Erp.Gates.Tests.Rules.AuditGateTests.Passwords_are_redacted_in_the_audit_trail [659 ms]
  Passed Erp.Gates.Tests.Rules.LicenceGateTests.The_font_check_catches_an_unreviewed_font_changed_bytes_and_a_missing_licence [35 ms]
  Passed Erp.Gates.Tests.Rules.LicenceGateTests.Every_NuGet_package_has_an_allowed_licence [243 ms]
  Passed Erp.Gates.Tests.Rules.LicenceGateTests.Every_font_file_in_the_repository_is_reviewed_with_its_licence_beside_it [60 ms]
  Passed Erp.Gates.Tests.Rules.LicenceGateTests.Every_npm_package_has_an_allowed_licence [24 ms]
  Passed Erp.Gates.Tests.Rules.ListContractGateTests.Every_sortable_column_orders_its_list_both_ways_and_keyset_paging_matches_one_page [7 s]
  Passed Erp.Gates.Tests.Rules.ListContractGateTests.Every_filterable_column_filters_its_list_and_other_columns_are_refused [5 s]
  Passed Erp.Gates.Tests.Rules.ListContractGateTests.Every_registered_list_documents_the_list_query_contract_and_its_definition [435 ms]
  Passed Erp.Gates.Tests.Rules.ListContractGateTests.Every_search_field_is_searched_word_by_word_and_grouping_counts_every_row_once [2 s]
  Passed Erp.Gates.Tests.Rules.ListIndexGateTests.Search_fields_and_sortable_columns_of_database_lists_are_indexed [149 ms]
  Passed Erp.Gates.Tests.Rules.ModuleBoundaryGateTests.Modules_use_one_another_only_through_their_contracts [85 ms]
  Passed Erp.Gates.Tests.Rules.ModuleBoundaryGateTests.The_boundary_check_catches_a_module_reaching_into_another_one [1 ms]
  Passed Erp.Gates.Tests.Rules.MoneyGateTests.No_floating_point_or_money_columns_in_the_database [28 ms]
  Passed Erp.Gates.Tests.Rules.MoneyGateTests.No_float_or_double_in_server_code [43 ms]
  Passed Erp.Gates.Tests.Rules.MoneyGateTests.No_parseFloat_in_front_end_code [19 ms]
  Passed Erp.Gates.Tests.Rules.OpenApiGateTests.OpenApi_document_covers_every_endpoint_with_its_permission [190 ms]
  Passed Erp.Gates.Tests.Rules.OpenApiGateTests.Decimals_are_documented_as_strings [304 ms]
  Passed Erp.Gates.Tests.Rules.RegistrationGateTests.Every_registered_list_is_served_as_a_page_whose_rows_carry_its_columns [165 ms]
  Passed Erp.Gates.Tests.Rules.RegistrationGateTests.Navigation_reaches_every_screen_and_every_menu_entry_opens_a_screen_with_its_permission [7 ms]
  Passed Erp.Gates.Tests.Rules.ReportGateTests.Every_report_and_printable_list_renders_in_every_format_and_both_languages [3 s]
  Passed Erp.Gates.Tests.Rules.ReportGateTests.Every_list_is_printable_and_every_report_is_well_formed [13 ms]
  Passed Erp.Gates.Tests.Rules.ShellGateTests.Screens_format_numbers_amounts_and_dates_through_the_kernel_formatter [29 ms]
  Passed Erp.Gates.Tests.Rules.ShellGateTests.Language_and_digit_fields_document_their_allowed_values [329 ms]
  Passed Erp.Gates.Tests.Rules.ShellGateTests.Stylesheets_and_inline_styles_use_logical_directions_only [116 ms]
  Passed Erp.Gates.Tests.Rules.ShellGateTests.Every_navigation_group_has_an_English_and_Arabic_heading [1 ms]
  Passed Erp.Gates.Tests.Rules.BulkTimeoutGateTests.Only_the_seed_runner_and_the_platform_build_the_application_pools [21 ms]
  Passed Erp.Gates.Tests.Rules.BulkTimeoutGateTests.Bulk_code_never_sets_a_literal_command_timeout_or_opens_its_own_connection [14 ms]
  Passed Erp.Gates.Tests.Rules.BulkTimeoutGateTests.The_seed_runner_puts_every_tenant_seed_on_the_bulk_pool [< 1 ms]
[xUnit.net 00:01:18.99]     Erp.Gates.Tests.G2.G2ReportDataTests.Every_report_prints_only_data_its_permissions_show_elsewhere [FAIL]
[xUnit.net 00:01:18.99]       tenancy.companyProfile (permission tenancy.workplace.read) as a user holding exactly [tenancy.workplace.read]: /api/reports/run/tenancy.companyProfile?company=0191260e-f481-72db-9be2-939401cec311&format=json&language=en prints 'LIC-1', which no other endpoint those permissions open shows
[xUnit.net 00:01:18.99]       tenancy.companyProfile (permission tenancy.workplace.read) as a user holding exactly [tenancy.workplace.read]: /api/reports/run/tenancy.companyProfile?company=0191260e-f481-72db-9be2-939401cec311&format=json&language=en prints '100000000001003', which no other endpoint those permissions open shows
[xUnit.net 00:01:18.99]       tenancy.companyProfile (permission tenancy.workplace.read) as a user holding exactly [tenancy.workplace.read]: /api/reports/run/tenancy.companyProfile?company=0191260e-f481-72db-9be2-939401cec311&format=json&language=en prints 'Street 1', which no other endpoint those permissions open shows
[xUnit.net 00:01:18.99]       tenancy.companyProfile (permission tenancy.workplace.read) as a user holding exactly [tenancy.workplace.read]: /api/reports/run/tenancy.companyProfile?company=0191260e-f481-72db-9be2-939401cec311&format=json&language=en prints '10001', which no other endpoint those permissions open shows
[xUnit.net 00:01:18.99]       tenancy.companyProfile (permission tenancy.workplace.read) as a user holding exactly [tenancy.workplace.read]: /api/reports/run/tenancy.companyProfile?company=0191260e-f481-72db-9be2-939401cec311&format=json&language=en prints 'accounts.a1-co@example.ae', which no other endpoint those permissions open shows
[xUnit.net 00:01:18.99]       tenancy.companyProfile (permission tenancy.workplace.read) as a user holding exactly [tenancy.workplace.read]: /api/reports/run/tenancy.companyProfile?company=0191260e-f481-72db-9be2-939401cec311&format=json&language=ar prints 'LIC-1', which no other endpoint those permissions open shows
[xUnit.net 00:01:18.99]       tenancy.companyProfile (permission tenancy.workplace.read) as a user holding exactly [tenancy.workplace.read]: /api/reports/run/tenancy.companyProfile?company=0191260e-f481-72db-9be2-939401cec311&format=json&language=ar prints '100000000001003', which no other endpoint those permissions open shows
[xUnit.net 00:01:18.99]       tenancy.companyProfile (permission tenancy.workplace.read) as a user holding exactly [tenancy.workplace.read]: /api/reports/run/tenancy.companyProfile?company=0191260e-f481-72db-9be2-939401cec311&format=json&language=ar prints '10001', which no other endpoint those permissions open shows
[xUnit.net 00:01:18.99]       tenancy.companyProfile (permission tenancy.workplace.read) as a user holding exactly [tenancy.workplace.read]: /api/reports/run/tenancy.companyProfile?company=0191260e-f481-72db-9be2-939401cec311&format=json&language=ar prints 'شارع 1', which no other endpoint those permissions open shows
[xUnit.net 00:01:18.99]       tenancy.companyProfile (permission tenancy.workplace.read) as a user holding exactly [tenancy.workplace.read]: /api/reports/run/tenancy.companyProfile?company=0191260e-f481-72db-9be2-939401cec311&format=json&language=ar prints 'accounts.a1-co@example.ae', which no other endpoint those permissions open shows
[xUnit.net 00:01:18.99]       tenancy.companyProfile (permission tenancy.workplace.read) as a user holding exactly [tenancy.workplace.read]: /api/reports/run/tenancy.companyProfile?company=0191260e-f484-7a99-8435-ef3019bab0a1&format=json&language=en prints 'LIC-2', which no other endpoint those permissions open shows
[xUnit.net 00:01:18.99]       tenancy.companyProfile (permission tenancy.workplace.read) as a user holding exactly [tenancy.workplace.read]: /api/reports/run/tenancy.companyProfile?company=0191260e-f484-7a99-8435-ef3019bab0a1&format=json&language=en prints '100000000002003', which no other endpoint those permissions open shows
[xUnit.net 00:01:18.99]       tenancy.companyProfile (permission tenancy.workplace.read) as a user holding exactly [tenancy.workplace.read]: /api/reports/run/tenancy.companyProfile?company=0191260e-f484-7a99-8435-ef3019bab0a1&format=json&language=en prints 'Street 2', which no other endpoint those permissions open shows
[xUnit.net 00:01:18.99]       tenancy.companyProfile (permission tenancy.workplace.read) as a user holding exactly [tenancy.workplace.read]: /api/reports/run/tenancy.companyProfile?company=0191260e-f484-7a99-8435-ef3019bab0a1&format=json&language=en prints '20002', which no other endpoint those permissions open shows
[xUnit.net 00:01:18.99]       tenancy.companyProfile (permission tenancy.workplace.read) as a user holding exactly [tenancy.workplace.read]: /api/reports/run/tenancy.companyProfile?company=0191260e-f484-7a99-8435-ef3019bab0a1&format=json&language=en prints 'accounts.a2-co@example.ae', which no other endpoint those permissions open shows
[xUnit.net 00:01:18.99]       tenancy.companyProfile (permission tenancy.workplace.read) as a user holding exactly [tenancy.workplace.read]: /api/reports/run/tenancy.companyProfile?company=0191260e-f484-7a99-8435-ef3019bab0a1&format=json&language=ar prints 'LIC-2', which no other endpoint those permissions open shows
[xUnit.net 00:01:18.99]       tenancy.companyProfile (permission tenancy.workplace.read) as a user holding exactly [tenancy.workplace.read]: /api/reports/run/tenancy.companyProfile?company=0191260e-f484-7a99-8435-ef3019bab0a1&format=json&language=ar prints '100000000002003', which no other endpoint those permissions open shows
[xUnit.net 00:01:18.99]       tenancy.companyProfile (permission tenancy.workplace.read) as a user holding exactly [tenancy.workplace.read]: /api/reports/run/tenancy.companyProfile?company=0191260e-f484-7a99-8435-ef3019bab0a1&format=json&language=ar prints '20002', which no other endpoint those permissions open shows
[xUnit.net 00:01:18.99]       tenancy.companyProfile (permission tenancy.workplace.read) as a user holding exactly [tenancy.workplace.read]: /api/reports/run/tenancy.companyProfile?company=0191260e-f484-7a99-8435-ef3019bab0a1&format=json&language=ar prints 'شارع 2', which no other endpoint those permissions open shows
[xUnit.net 00:01:18.99]       tenancy.companyProfile (permission tenancy.workplace.read) as a user holding exactly [tenancy.workplace.read]: /api/reports/run/tenancy.companyProfile?company=0191260e-f484-7a99-8435-ef3019bab0a1&format=json&language=ar prints 'accounts.a2-co@example.ae', which no other endpoint those permissions open shows
[xUnit.net 00:01:18.99]       tenancy.companyProfile (permission tenancy.workplace.read) as a user holding exactly [tenancy.workplace.read, identity.roles.read]: /api/reports/run/tenancy.companyProfile?company=0191260e-f481-72db-9be2-939401cec311&format=json&language=en prints 'LIC-1', which no other endpoint those permissions open shows
[xUnit.net 00:01:18.99]       tenancy.companyProfile (permission tenancy.workplace.read) as a user holding exactly [tenancy.workplace.read, identity.roles.read]: /api/reports/run/tenancy.companyProfile?company=0191260e-f481-72db-9be2-939401cec311&format=json&language=en prints '100000000001003', which no other endpoint those permissions open shows
[xUnit.net 00:01:18.99]       tenancy.companyProfile (permission tenancy.workplace.read) as a user holding exactly [tenancy.workplace.read, identity.roles.read]: /api/reports/run/tenancy.companyProfile?company=0191260e-f481-72db-9be2-939401cec311&format=json&language=en prints 'Street 1', which no other endpoint those permissions open shows
[xUnit.net 00:01:18.99]       tenancy.companyProfile (permission tenancy.workplace.read) as a user holding exactly [tenancy.workplace.read, identity.roles.read]: /api/reports/run/tenancy.companyProfile?company=0191260e-f481-72db-9be2-939401cec311&format=json&language=en prints '10001', which no other endpoint those permissions open shows
[xUnit.net 00:01:18.99]       tenancy.companyProfile (permission tenancy.workplace.read) as a user holding exactly [tenancy.workplace.read, identity.roles.read]: /api/reports/run/tenancy.companyProfile?company=0191260e-f481-72db-9be2-939401cec311&format=json&language=en prints 'accounts.a1-co@example.ae', which no other endpoint those permissions open shows
[xUnit.net 00:01:18.99]       tenancy.companyProfile (permission tenancy.workplace.read) as a user holding exactly [tenancy.workplace.read, identity.roles.read]: /api/reports/run/tenancy.companyProfile?company=0191260e-f481-72db-9be2-939401cec311&format=json&language=ar prints 'LIC-1', which no other endpoint those permissions open shows
[xUnit.net 00:01:18.99]       tenancy.companyProfile (permission tenancy.workplace.read) as a user holding exactly [tenancy.workplace.read, identity.roles.read]: /api/reports/run/tenancy.companyProfile?company=0191260e-f481-72db-9be2-939401cec311&format=json&language=ar prints '100000000001003', which no other endpoint those permissions open shows
[xUnit.net 00:01:18.99]       tenancy.companyProfile (permission tenancy.workplace.read) as a user holding exactly [tenancy.workplace.read, identity.roles.read]: /api/reports/run/tenancy.companyProfile?company=0191260e-f481-72db-9be2-939401cec311&format=json&language=ar prints '10001', which no other endpoint those permissions open shows
[xUnit.net 00:01:18.99]       tenancy.companyProfile (permission tenancy.workplace.read) as a user holding exactly [tenancy.workplace.read, identity.roles.read]: /api/reports/run/tenancy.companyProfile?company=0191260e-f481-72db-9be2-939401cec311&format=json&language=ar prints 'شارع 1', which no other endpoint those permissions open shows
[xUnit.net 00:01:18.99]       tenancy.companyProfile (permission tenancy.workplace.read) as a user holding exactly [tenancy.workplace.read, identity.roles.read]: /api/reports/run/tenancy.companyProfile?company=0191260e-f481-72db-9be2-939401cec311&format=json&language=ar prints 'accounts.a1-co@example.ae', which no other endpoint those permissions open shows
[xUnit.net 00:01:18.99]       tenancy.companyProfile (permission tenancy.workplace.read) as a user holding exactly [tenancy.workplace.read, identity.roles.read]: /api/reports/run/tenancy.companyProfile?company=0191260e-f484-7a99-8435-ef3019bab0a1&format=json&language=en prints 'LIC-2', which no other endpoint those permissions open shows
[xUnit.net 00:01:18.99]       tenancy.companyProfile (permission tenancy.workplace.read) as a user holding exactly [tenancy.workplace.read, identity.roles.read]: /api/reports/run/tenancy.companyProfile?company=0191260e-f484-7a99-8435-ef3019bab0a1&format=json&language=en prints '100000000002003', which no other endpoint those permissions open shows
[xUnit.net 00:01:18.99]       tenancy.companyProfile (permission tenancy.workplace.read) as a user holding exactly [tenancy.workplace.read, identity.roles.read]: /api/reports/run/tenancy.companyProfile?company=0191260e-f484-7a99-8435-ef3019bab0a1&format=json&language=en prints 'Street 2', which no other endpoint those permissions open shows
[xUnit.net 00:01:18.99]       tenancy.companyProfile (permission tenancy.workplace.read) as a user holding exactly [tenancy.workplace.read, identity.roles.read]: /api/reports/run/tenancy.companyProfile?company=0191260e-f484-7a99-8435-ef3019bab0a1&format=json&language=en prints '20002', which no other endpoint those permissions open shows
[xUnit.net 00:01:18.99]       tenancy.companyProfile (permission tenancy.workplace.read) as a user holding exactly [tenancy.workplace.read, identity.roles.read]: /api/reports/run/tenancy.companyProfile?company=0191260e-f484-7a99-8435-ef3019bab0a1&format=json&language=en prints 'accounts.a2-co@example.ae', which no other endpoint those permissions open shows
[xUnit.net 00:01:18.99]       tenancy.companyProfile (permission tenancy.workplace.read) as a user holding exactly [tenancy.workplace.read, identity.roles.read]: /api/reports/run/tenancy.companyProfile?company=0191260e-f484-7a99-8435-ef3019bab0a1&format=json&language=ar prints 'LIC-2', which no other endpoint those permissions open shows
[xUnit.net 00:01:18.99]       tenancy.companyProfile (permission tenancy.workplace.read) as a user holding exactly [tenancy.workplace.read, identity.roles.read]: /api/reports/run/tenancy.companyProfile?company=0191260e-f484-7a99-8435-ef3019bab0a1&format=json&language=ar prints '100000000002003', which no other endpoint those permissions open shows
[xUnit.net 00:01:18.99]       tenancy.companyProfile (permission tenancy.workplace.read) as a user holding exactly [tenancy.workplace.read, identity.roles.read]: /api/reports/run/tenancy.companyProfile?company=0191260e-f484-7a99-8435-ef3019bab0a1&format=json&language=ar prints '20002', which no other endpoint those permissions open shows
[xUnit.net 00:01:18.99]       tenancy.companyProfile (permission tenancy.workplace.read) as a user holding exactly [tenancy.workplace.read, identity.roles.read]: /api/reports/run/tenancy.companyProfile?company=0191260e-f484-7a99-8435-ef3019bab0a1&format=json&language=ar prints 'شارع 2', which no other endpoint those permissions open shows
[xUnit.net 00:01:18.99]       tenancy.companyProfile (permission tenancy.workplace.read) as a user holding exactly [tenancy.workplace.read, identity.roles.read]: /api/reports/run/tenancy.companyProfile?company=0191260e-f484-7a99-8435-ef3019bab0a1&format=json&language=ar prints 'accounts.a2-co@example.ae', which no other endpoint those permissions open shows
[xUnit.net 00:01:18.99]       tenancy.companyProfile (permission tenancy.workplace.read) as a user holding exactly [tenancy.workplace.read, identity.signIns.read]: /api/reports/run/tenancy.companyProfile?company=0191260e-f481-72db-9be2-939401cec311&format=json&language=en prints 'LIC-1', which no other endpoint those permissions open shows
[xUnit.net 00:01:18.99]       tenancy.companyProfile (permission tenancy.workplace.read) as a user holding exactly [tenancy.workplace.read, identity.signIns.read]: /api/reports/run/tenancy.companyProfile?company=0191260e-f481-72db-9be2-939401cec311&format=json&language=en prints '100000000001003', which no other endpoint those permissions open shows
[xUnit.net 00:01:18.99]       tenancy.companyProfile (permission tenancy.workplace.read) as a user holding exactly [tenancy.workplace.read, identity.signIns.read]: /api/reports/run/tenancy.companyProfile?company=0191260e-f481-72db-9be2-939401cec311&format=json&language=en prints 'Street 1', which no other endpoint those permissions open shows
[xUnit.net 00:01:18.99]       tenancy.companyProfile (permission tenancy.workplace.read) as a user holding exactly [tenancy.workplace.read, identity.signIns.read]: /api/reports/run/tenancy.companyProfile?company=0191260e-f481-72db-9be2-939401cec311&format=json&language=en prints '10001', which no other endpoint those permissions open shows
[xUnit.net 00:01:18.99]       tenancy.companyProfile (permission tenancy.workplace.read) as a user holding exactly [tenancy.workplace.read, identity.signIns.read]: /api/reports/run/tenancy.companyProfile?company=0191260e-f481-72db-9be2-939401cec311&format=json&language=en prints 'accounts.a1-co@example.ae', which no other endpoint those permissions open shows
[xUnit.net 00:01:18.99]       tenancy.companyProfile (permission tenancy.workplace.read) as a user holding exactly [tenancy.workplace.read, identity.signIns.read]: /api/reports/run/tenancy.companyProfile?company=0191260e-f481-72db-9be2-939401cec311&format=json&language=ar prints 'LIC-1', which no other endpoint those permissions open shows
[xUnit.net 00:01:18.99]       tenancy.companyProfile (permission tenancy.workplace.read) as a user holding exactly [tenancy.workplace.read, identity.signIns.read]: /api/reports/run/tenancy.companyProfile?company=0191260e-f481-72db-9be2-939401cec311&format=json&language=ar prints '100000000001003', which no other endpoint those permissions open shows
[xUnit.net 00:01:18.99]       tenancy.companyProfile (permission tenancy.workplace.read) as a user holding exactly [tenancy.workplace.read, identity.signIns.read]: /api/reports/run/tenancy.companyProfile?company=0191260e-f481-72db-9be2-939401cec311&format=json&language=ar prints '10001', which no other endpoint those permissions open shows
[xUnit.net 00:01:18.99]       tenancy.companyProfile (permission tenancy.workplace.read) as a user holding exactly [tenancy.workplace.read, identity.signIns.read]: /api/reports/run/tenancy.companyProfile?company=0191260e-f481-72db-9be2-939401cec311&format=json&language=ar prints 'شارع 1', which no other endpoint those permissions open shows
[xUnit.net 00:01:18.99]       tenancy.companyProfile (permission tenancy.workplace.read) as a user holding exactly [tenancy.workplace.read, identity.signIns.read]: /api/reports/run/tenancy.companyProfile?company=0191260e-f481-72db-9be2-939401cec311&format=json&language=ar prints 'accounts.a1-co@example.ae', which no other endpoint those permissions open shows
[xUnit.net 00:01:18.99]       tenancy.companyProfile (permission tenancy.workplace.read) as a user holding exactly [tenancy.workplace.read, identity.signIns.read]: /api/reports/run/tenancy.companyProfile?company=0191260e-f484-7a99-8435-ef3019bab0a1&format=json&language=en prints 'LIC-2', which no other endpoint those permissions open shows
[xUnit.net 00:01:18.99]       tenancy.companyProfile (permission tenancy.workplace.read) as a user holding exactly [tenancy.workplace.read, identity.signIns.read]: /api/reports/run/tenancy.companyProfile?company=0191260e-f484-7a99-8435-ef3019bab0a1&format=json&language=en prints '100000000002003', which no other endpoint those permissions open shows
[xUnit.net 00:01:18.99]       tenancy.companyProfile (permission tenancy.workplace.read) as a user holding exactly [tenancy.workplace.read, identity.signIns.read]: /api/reports/run/tenancy.companyProfile?company=0191260e-f484-7a99-8435-ef3019bab0a1&format=json&language=en prints 'Street 2', which no other endpoint those permissions open shows
[xUnit.net 00:01:18.99]       tenancy.companyProfile (permission tenancy.workplace.read) as a user holding exactly [tenancy.workplace.read, identity.signIns.read]: /api/reports/run/tenancy.companyProfile?company=0191260e-f484-7a99-8435-ef3019bab0a1&format=json&language=en prints '20002', which no other endpoint those permissions open shows
[xUnit.net 00:01:18.99]       tenancy.companyProfile (permission tenancy.workplace.read) as a user holding exactly [tenancy.workplace.read, identity.signIns.read]: /api/reports/run/tenancy.companyProfile?company=0191260e-f484-7a99-8435-ef3019bab0a1&format=json&language=en prints 'accounts.a2-co@example.ae', which no other endpoint those permissions open shows
[xUnit.net 00:01:18.99]       tenancy.companyProfile (permission tenancy.workplace.read) as a user holding exactly [tenancy.workplace.read, identity.signIns.read]: /api/reports/run/tenancy.companyProfile?company=0191260e-f484-7a99-8435-ef3019bab0a1&format=json&language=ar prints 'LIC-2', which no other endpoint those permissions open shows
[xUnit.net 00:01:18.99]       tenancy.companyProfile (permission tenancy.workplace.read) as a user holding exactly [tenancy.workplace.read, identity.signIns.read]: /api/reports/run/tenancy.companyProfile?company=0191260e-f484-7a99-8435-ef3019bab0a1&format=json&language=ar prints '100000000002003', which no other endpoint those permissions open shows
[xUnit.net 00:01:18.99]       tenancy.companyProfile (permission tenancy.workplace.read) as a user holding exactly [tenancy.workplace.read, identity.signIns.read]: /api/reports/run/tenancy.companyProfile?company=0191260e-f484-7a99-8435-ef3019bab0a1&format=json&language=ar prints '20002', which no other endpoint those permissions open shows
[xUnit.net 00:01:18.99]       tenancy.companyProfile (permission tenancy.workplace.read) as a user holding exactly [tenancy.workplace.read, identity.signIns.read]: /api/reports/run/tenancy.companyProfile?company=0191260e-f484-7a99-8435-ef3019bab0a1&format=json&language=ar prints 'شارع 2', which no other endpoint those permissions open shows
[xUnit.net 00:01:18.99]       tenancy.companyProfile (permission tenancy.workplace.read) as a user holding exactly [tenancy.workplace.read, identity.signIns.read]: /api/reports/run/tenancy.companyProfile?company=0191260e-f484-7a99-8435-ef3019bab0a1&format=json&language=ar prints 'accounts.a2-co@example.ae', which no other endpoint those permissions open shows
[xUnit.net 00:01:18.99]       Stack Trace:
[xUnit.net 00:01:18.99]         /work/tests/Erp.Gates.Tests/G2/G2ReportDataTests.cs(33,0): at Erp.Gates.Tests.G2.G2ReportDataTests.Every_report_prints_only_data_its_permissions_show_elsewhere()
[xUnit.net 00:01:18.99]         --- End of stack trace from previous location ---
[xUnit.net 00:01:18.99]       Output:
[xUnit.net 00:01:18.99]         4 reports, 36 permission sets, 180 runs, 4588 printed values judged
  Failed Erp.Gates.Tests.G2.G2ReportDataTests.Every_report_prints_only_data_its_permissions_show_elsewhere [50 s]
  Error Message:
   tenancy.companyProfile (permission tenancy.workplace.read) as a user holding exactly [tenancy.workplace.read]: /api/reports/run/tenancy.companyProfile?company=0191260e-f481-72db-9be2-939401cec311&format=json&language=en prints 'LIC-1', which no other endpoint those permissions open shows
tenancy.companyProfile (permission tenancy.workplace.read) as a user holding exactly [tenancy.workplace.read]: /api/reports/run/tenancy.companyProfile?company=0191260e-f481-72db-9be2-939401cec311&format=json&language=en prints '100000000001003', which no other endpoint those permissions open shows
tenancy.companyProfile (permission tenancy.workplace.read) as a user holding exactly [tenancy.workplace.read]: /api/reports/run/tenancy.companyProfile?company=0191260e-f481-72db-9be2-939401cec311&format=json&language=en prints 'Street 1', which no other endpoint those permissions open shows
tenancy.companyProfile (permission tenancy.workplace.read) as a user holding exactly [tenancy.workplace.read]: /api/reports/run/tenancy.companyProfile?company=0191260e-f481-72db-9be2-939401cec311&format=json&language=en prints '10001', which no other endpoint those permissions open shows
tenancy.companyProfile (permission tenancy.workplace.read) as a user holding exactly [tenancy.workplace.read]: /api/reports/run/tenancy.companyProfile?company=0191260e-f481-72db-9be2-939401cec311&format=json&language=en prints 'accounts.a1-co@example.ae', which no other endpoint those permissions open shows
tenancy.companyProfile (permission tenancy.workplace.read) as a user holding exactly [tenancy.workplace.read]: /api/reports/run/tenancy.companyProfile?company=0191260e-f481-72db-9be2-939401cec311&format=json&language=ar prints 'LIC-1', which no other endpoint those permissions open shows
tenancy.companyProfile (permission tenancy.workplace.read) as a user holding exactly [tenancy.workplace.read]: /api/reports/run/tenancy.companyProfile?company=0191260e-f481-72db-9be2-939401cec311&format=json&language=ar prints '100000000001003', which no other endpoint those permissions open shows
tenancy.companyProfile (permission tenancy.workplace.read) as a user holding exactly [tenancy.workplace.read]: /api/reports/run/tenancy.companyProfile?company=0191260e-f481-72db-9be2-939401cec311&format=json&language=ar prints '10001', which no other endpoint those permissions open shows
tenancy.companyProfile (permission tenancy.workplace.read) as a user holding exactly [tenancy.workplace.read]: /api/reports/run/tenancy.companyProfile?company=0191260e-f481-72db-9be2-939401cec311&format=json&language=ar prints 'شارع 1', which no other endpoint those permissions open shows
tenancy.companyProfile (permission tenancy.workplace.read) as a user holding exactly [tenancy.workplace.read]: /api/reports/run/tenancy.companyProfile?company=0191260e-f481-72db-9be2-939401cec311&format=json&language=ar prints 'accounts.a1-co@example.ae', which no other endpoint those permissions open shows
tenancy.companyProfile (permission tenancy.workplace.read) as a user holding exactly [tenancy.workplace.read]: /api/reports/run/tenancy.companyProfile?company=0191260e-f484-7a99-8435-ef3019bab0a1&format=json&language=en prints 'LIC-2', which no other endpoint those permissions open shows
tenancy.companyProfile (permission tenancy.workplace.read) as a user holding exactly [tenancy.workplace.read]: /api/reports/run/tenancy.companyProfile?company=0191260e-f484-7a99-8435-ef3019bab0a1&format=json&language=en prints '100000000002003', which no other endpoint those permissions open shows
tenancy.companyProfile (permission tenancy.workplace.read) as a user holding exactly [tenancy.workplace.read]: /api/reports/run/tenancy.companyProfile?company=0191260e-f484-7a99-8435-ef3019bab0a1&format=json&language=en prints 'Street 2', which no other endpoint those permissions open shows
tenancy.companyProfile (permission tenancy.workplace.read) as a user holding exactly [tenancy.workplace.read]: /api/reports/run/tenancy.companyProfile?company=0191260e-f484-7a99-8435-ef3019bab0a1&format=json&language=en prints '20002', which no other endpoint those permissions open shows
tenancy.companyProfile (permission tenancy.workplace.read) as a user holding exactly [tenancy.workplace.read]: /api/reports/run/tenancy.companyProfile?company=0191260e-f484-7a99-8435-ef3019bab0a1&format=json&language=en prints 'accounts.a2-co@example.ae', which no other endpoint those permissions open shows
tenancy.companyProfile (permission tenancy.workplace.read) as a user holding exactly [tenancy.workplace.read]: /api/reports/run/tenancy.companyProfile?company=0191260e-f484-7a99-8435-ef3019bab0a1&format=json&language=ar prints 'LIC-2', which no other endpoint those permissions open shows
tenancy.companyProfile (permission tenancy.workplace.read) as a user holding exactly [tenancy.workplace.read]: /api/reports/run/tenancy.companyProfile?company=0191260e-f484-7a99-8435-ef3019bab0a1&format=json&language=ar prints '100000000002003', which no other endpoint those permissions open shows
tenancy.companyProfile (permission tenancy.workplace.read) as a user holding exactly [tenancy.workplace.read]: /api/reports/run/tenancy.companyProfile?company=0191260e-f484-7a99-8435-ef3019bab0a1&format=json&language=ar prints '20002', which no other endpoint those permissions open shows
tenancy.companyProfile (permission tenancy.workplace.read) as a user holding exactly [tenancy.workplace.read]: /api/reports/run/tenancy.companyProfile?company=0191260e-f484-7a99-8435-ef3019bab0a1&format=json&language=ar prints 'شارع 2', which no other endpoint those permissions open shows
tenancy.companyProfile (permission tenancy.workplace.read) as a user holding exactly [tenancy.workplace.read]: /api/reports/run/tenancy.companyProfile?company=0191260e-f484-7a99-8435-ef3019bab0a1&format=json&language=ar prints 'accounts.a2-co@example.ae', which no other endpoint those permissions open shows
tenancy.companyProfile (permission tenancy.workplace.read) as a user holding exactly [tenancy.workplace.read, identity.roles.read]: /api/reports/run/tenancy.companyProfile?company=0191260e-f481-72db-9be2-939401cec311&format=json&language=en prints 'LIC-1', which no other endpoint those permissions open shows
tenancy.companyProfile (permission tenancy.workplace.read) as a user holding exactly [tenancy.workplace.read, identity.roles.read]: /api/reports/run/tenancy.companyProfile?company=0191260e-f481-72db-9be2-939401cec311&format=json&language=en prints '100000000001003', which no other endpoint those permissions open shows
tenancy.companyProfile (permission tenancy.workplace.read) as a user holding exactly [tenancy.workplace.read, identity.roles.read]: /api/reports/run/tenancy.companyProfile?company=0191260e-f481-72db-9be2-939401cec311&format=json&language=en prints 'Street 1', which no other endpoint those permissions open shows
tenancy.companyProfile (permission tenancy.workplace.read) as a user holding exactly [tenancy.workplace.read, identity.roles.read]: /api/reports/run/tenancy.companyProfile?company=0191260e-f481-72db-9be2-939401cec311&format=json&language=en prints '10001', which no other endpoint those permissions open shows
tenancy.companyProfile (permission tenancy.workplace.read) as a user holding exactly [tenancy.workplace.read, identity.roles.read]: /api/reports/run/tenancy.companyProfile?company=0191260e-f481-72db-9be2-939401cec311&format=json&language=en prints 'accounts.a1-co@example.ae', which no other endpoint those permissions open shows
tenancy.companyProfile (permission tenancy.workplace.read) as a user holding exactly [tenancy.workplace.read, identity.roles.read]: /api/reports/run/tenancy.companyProfile?company=0191260e-f481-72db-9be2-939401cec311&format=json&language=ar prints 'LIC-1', which no other endpoint those permissions open shows
tenancy.companyProfile (permission tenancy.workplace.read) as a user holding exactly [tenancy.workplace.read, identity.roles.read]: /api/reports/run/tenancy.companyProfile?company=0191260e-f481-72db-9be2-939401cec311&format=json&language=ar prints '100000000001003', which no other endpoint those permissions open shows
tenancy.companyProfile (permission tenancy.workplace.read) as a user holding exactly [tenancy.workplace.read, identity.roles.read]: /api/reports/run/tenancy.companyProfile?company=0191260e-f481-72db-9be2-939401cec311&format=json&language=ar prints '10001', which no other endpoint those permissions open shows
tenancy.companyProfile (permission tenancy.workplace.read) as a user holding exactly [tenancy.workplace.read, identity.roles.read]: /api/reports/run/tenancy.companyProfile?company=0191260e-f481-72db-9be2-939401cec311&format=json&language=ar prints 'شارع 1', which no other endpoint those permissions open shows
tenancy.companyProfile (permission tenancy.workplace.read) as a user holding exactly [tenancy.workplace.read, identity.roles.read]: /api/reports/run/tenancy.companyProfile?company=0191260e-f481-72db-9be2-939401cec311&format=json&language=ar prints 'accounts.a1-co@example.ae', which no other endpoint those permissions open shows
tenancy.companyProfile (permission tenancy.workplace.read) as a user holding exactly [tenancy.workplace.read, identity.roles.read]: /api/reports/run/tenancy.companyProfile?company=0191260e-f484-7a99-8435-ef3019bab0a1&format=json&language=en prints 'LIC-2', which no other endpoint those permissions open shows
tenancy.companyProfile (permission tenancy.workplace.read) as a user holding exactly [tenancy.workplace.read, identity.roles.read]: /api/reports/run/tenancy.companyProfile?company=0191260e-f484-7a99-8435-ef3019bab0a1&format=json&language=en prints '100000000002003', which no other endpoint those permissions open shows
tenancy.companyProfile (permission tenancy.workplace.read) as a user holding exactly [tenancy.workplace.read, identity.roles.read]: /api/reports/run/tenancy.companyProfile?company=0191260e-f484-7a99-8435-ef3019bab0a1&format=json&language=en prints 'Street 2', which no other endpoint those permissions open shows
tenancy.companyProfile (permission tenancy.workplace.read) as a user holding exactly [tenancy.workplace.read, identity.roles.read]: /api/reports/run/tenancy.companyProfile?company=0191260e-f484-7a99-8435-ef3019bab0a1&format=json&language=en prints '20002', which no other endpoint those permissions open shows
tenancy.companyProfile (permission tenancy.workplace.read) as a user holding exactly [tenancy.workplace.read, identity.roles.read]: /api/reports/run/tenancy.companyProfile?company=0191260e-f484-7a99-8435-ef3019bab0a1&format=json&language=en prints 'accounts.a2-co@example.ae', which no other endpoint those permissions open shows
tenancy.companyProfile (permission tenancy.workplace.read) as a user holding exactly [tenancy.workplace.read, identity.roles.read]: /api/reports/run/tenancy.companyProfile?company=0191260e-f484-7a99-8435-ef3019bab0a1&format=json&language=ar prints 'LIC-2', which no other endpoint those permissions open shows
tenancy.companyProfile (permission tenancy.workplace.read) as a user holding exactly [tenancy.workplace.read, identity.roles.read]: /api/reports/run/tenancy.companyProfile?company=0191260e-f484-7a99-8435-ef3019bab0a1&format=json&language=ar prints '100000000002003', which no other endpoint those permissions open shows
tenancy.companyProfile (permission tenancy.workplace.read) as a user holding exactly [tenancy.workplace.read, identity.roles.read]: /api/reports/run/tenancy.companyProfile?company=0191260e-f484-7a99-8435-ef3019bab0a1&format=json&language=ar prints '20002', which no other endpoint those permissions open shows
tenancy.companyProfile (permission tenancy.workplace.read) as a user holding exactly [tenancy.workplace.read, identity.roles.read]: /api/reports/run/tenancy.companyProfile?company=0191260e-f484-7a99-8435-ef3019bab0a1&format=json&language=ar prints 'شارع 2', which no other endpoint those permissions open shows
tenancy.companyProfile (permission tenancy.workplace.read) as a user holding exactly [tenancy.workplace.read, identity.roles.read]: /api/reports/run/tenancy.companyProfile?company=0191260e-f484-7a99-8435-ef3019bab0a1&format=json&language=ar prints 'accounts.a2-co@example.ae', which no other endpoint those permissions open shows
tenancy.companyProfile (permission tenancy.workplace.read) as a user holding exactly [tenancy.workplace.read, identity.signIns.read]: /api/reports/run/tenancy.companyProfile?company=0191260e-f481-72db-9be2-939401cec311&format=json&language=en prints 'LIC-1', which no other endpoint those permissions open shows
tenancy.companyProfile (permission tenancy.workplace.read) as a user holding exactly [tenancy.workplace.read, identity.signIns.read]: /api/reports/run/tenancy.companyProfile?company=0191260e-f481-72db-9be2-939401cec311&format=json&language=en prints '100000000001003', which no other endpoint those permissions open shows
tenancy.companyProfile (permission tenancy.workplace.read) as a user holding exactly [tenancy.workplace.read, identity.signIns.read]: /api/reports/run/tenancy.companyProfile?company=0191260e-f481-72db-9be2-939401cec311&format=json&language=en prints 'Street 1', which no other endpoint those permissions open shows
tenancy.companyProfile (permission tenancy.workplace.read) as a user holding exactly [tenancy.workplace.read, identity.signIns.read]: /api/reports/run/tenancy.companyProfile?company=0191260e-f481-72db-9be2-939401cec311&format=json&language=en prints '10001', which no other endpoint those permissions open shows
tenancy.companyProfile (permission tenancy.workplace.read) as a user holding exactly [tenancy.workplace.read, identity.signIns.read]: /api/reports/run/tenancy.companyProfile?company=0191260e-f481-72db-9be2-939401cec311&format=json&language=en prints 'accounts.a1-co@example.ae', which no other endpoint those permissions open shows
tenancy.companyProfile (permission tenancy.workplace.read) as a user holding exactly [tenancy.workplace.read, identity.signIns.read]: /api/reports/run/tenancy.companyProfile?company=0191260e-f481-72db-9be2-939401cec311&format=json&language=ar prints 'LIC-1', which no other endpoint those permissions open shows
tenancy.companyProfile (permission tenancy.workplace.read) as a user holding exactly [tenancy.workplace.read, identity.signIns.read]: /api/reports/run/tenancy.companyProfile?company=0191260e-f481-72db-9be2-939401cec311&format=json&language=ar prints '100000000001003', which no other endpoint those permissions open shows
tenancy.companyProfile (permission tenancy.workplace.read) as a user holding exactly [tenancy.workplace.read, identity.signIns.read]: /api/reports/run/tenancy.companyProfile?company=0191260e-f481-72db-9be2-939401cec311&format=json&language=ar prints '10001', which no other endpoint those permissions open shows
tenancy.companyProfile (permission tenancy.workplace.read) as a user holding exactly [tenancy.workplace.read, identity.signIns.read]: /api/reports/run/tenancy.companyProfile?company=0191260e-f481-72db-9be2-939401cec311&format=json&language=ar prints 'شارع 1', which no other endpoint those permissions open shows
tenancy.companyProfile (permission tenancy.workplace.read) as a user holding exactly [tenancy.workplace.read, identity.signIns.read]: /api/reports/run/tenancy.companyProfile?company=0191260e-f481-72db-9be2-939401cec311&format=json&language=ar prints 'accounts.a1-co@example.ae', which no other endpoint those permissions open shows
tenancy.companyProfile (permission tenancy.workplace.read) as a user holding exactly [tenancy.workplace.read, identity.signIns.read]: /api/reports/run/tenancy.companyProfile?company=0191260e-f484-7a99-8435-ef3019bab0a1&format=json&language=en prints 'LIC-2', which no other endpoint those permissions open shows
tenancy.companyProfile (permission tenancy.workplace.read) as a user holding exactly [tenancy.workplace.read, identity.signIns.read]: /api/reports/run/tenancy.companyProfile?company=0191260e-f484-7a99-8435-ef3019bab0a1&format=json&language=en prints '100000000002003', which no other endpoint those permissions open shows
tenancy.companyProfile (permission tenancy.workplace.read) as a user holding exactly [tenancy.workplace.read, identity.signIns.read]: /api/reports/run/tenancy.companyProfile?company=0191260e-f484-7a99-8435-ef3019bab0a1&format=json&language=en prints 'Street 2', which no other endpoint those permissions open shows
tenancy.companyProfile (permission tenancy.workplace.read) as a user holding exactly [tenancy.workplace.read, identity.signIns.read]: /api/reports/run/tenancy.companyProfile?company=0191260e-f484-7a99-8435-ef3019bab0a1&format=json&language=en prints '20002', which no other endpoint those permissions open shows
tenancy.companyProfile (permission tenancy.workplace.read) as a user holding exactly [tenancy.workplace.read, identity.signIns.read]: /api/reports/run/tenancy.companyProfile?company=0191260e-f484-7a99-8435-ef3019bab0a1&format=json&language=en prints 'accounts.a2-co@example.ae', which no other endpoint those permissions open shows
tenancy.companyProfile (permission tenancy.workplace.read) as a user holding exactly [tenancy.workplace.read, identity.signIns.read]: /api/reports/run/tenancy.companyProfile?company=0191260e-f484-7a99-8435-ef3019bab0a1&format=json&language=ar prints 'LIC-2', which no other endpoint those permissions open shows
tenancy.companyProfile (permission tenancy.workplace.read) as a user holding exactly [tenancy.workplace.read, identity.signIns.read]: /api/reports/run/tenancy.companyProfile?company=0191260e-f484-7a99-8435-ef3019bab0a1&format=json&language=ar prints '100000000002003', which no other endpoint those permissions open shows
tenancy.companyProfile (permission tenancy.workplace.read) as a user holding exactly [tenancy.workplace.read, identity.signIns.read]: /api/reports/run/tenancy.companyProfile?company=0191260e-f484-7a99-8435-ef3019bab0a1&format=json&language=ar prints '20002', which no other endpoint those permissions open shows
tenancy.companyProfile (permission tenancy.workplace.read) as a user holding exactly [tenancy.workplace.read, identity.signIns.read]: /api/reports/run/tenancy.companyProfile?company=0191260e-f484-7a99-8435-ef3019bab0a1&format=json&language=ar prints 'شارع 2', which no other endpoint those permissions open shows
tenancy.companyProfile (permission tenancy.workplace.read) as a user holding exactly [tenancy.workplace.read, identity.signIns.read]: /api/reports/run/tenancy.companyProfile?company=0191260e-f484-7a99-8435-ef3019bab0a1&format=json&language=ar prints 'accounts.a2-co@example.ae', which no other endpoint those permissions open shows
  Stack Trace:
     at Erp.Gates.Tests.G2.G2ReportDataTests.Every_report_prints_only_data_its_permissions_show_elsewhere() in /work/tests/Erp.Gates.Tests/G2/G2ReportDataTests.cs:line 33
--- End of stack trace from previous location ---
  Standard Output Messages:
 4 reports, 36 permission sets, 180 runs, 4588 printed values judged


  Passed Erp.Gates.Tests.G2.G2PermissionTests.Granting_exactly_one_permission_opens_exactly_the_endpoints_that_declare_it [44 s]
[xUnit.net 00:01:27.84]   Finished:    Erp.Gates.Tests (ID = 'd67f9af34c5c91feae69a31c7ab81956a411c8cd54ea4942d23c1fd06e059e25')
  Passed Erp.Gates.Tests.G2.G2PermissionTests.No_endpoint_that_changes_data_is_guarded_by_a_read_permission [9 ms]
  Passed Erp.Gates.Tests.G2.G2PermissionTests.Every_endpoint_under_a_reviewed_prefix_declares_exactly_its_reviewed_permission [1 ms]
  Passed Erp.Gates.Tests.G2.G2PermissionTests.The_declaration_check_catches_AllowAnonymous_stacked_on_a_permission [23 ms]
  Passed Erp.Gates.Tests.G2.G2SubjectTests.An_action_on_the_caller_never_acts_on_another_user_the_request_names [57 s]

Test Run Failed.
Total tests: 66
     Passed: 64
     Failed: 2
 Total time: 1.4817 Minutes
Results File: /out/gates-P1P2.trx
exit 1
wall 125
