
Build succeeded.
    0 Warning(s)
    0 Error(s)

Time Elapsed 00:00:22.73
Test run for /work/tests/Erp.Gates.Tests/bin/Release/net10.0/Erp.Gates.Tests.dll (.NETCoreApp,Version=v10.0)
A total of 1 test files matched the specified pattern.
[xUnit.net 00:00:00.00] xUnit.net VSTest Adapter v3.1.5+1b188a7b0a (64-bit .NET 10.0.12)
[xUnit.net 00:00:00.32]   Discovering: Erp.Gates.Tests
[xUnit.net 00:00:00.68]   Discovered:  Erp.Gates.Tests
[xUnit.net 00:00:00.98]   Starting:    Erp.Gates.Tests
  Passed Erp.Gates.Tests.G2.G2PermissionTests.Every_declared_permission_is_in_the_catalogue_and_every_catalogue_permission_is_used [34 ms]
  Passed Erp.Gates.Tests.G2.G2PermissionTests.Every_endpoint_declares_exactly_one_permission_or_is_reviewed_anonymous [4 ms]
  Passed Erp.Gates.Tests.G2.G2PermissionTests.A_user_whose_roles_grant_nothing_is_denied_everything_and_sees_no_menu [2 s]
  Passed Erp.Gates.Tests.G2.G2PermissionTests.Every_list_endpoint_needs_the_lists_own_permission_and_shared_view_writes_need_sharing [6 s]
  Passed Erp.Gates.Tests.G2.G2PermissionTests.The_host_refuses_to_start_with_an_endpoint_whose_permission_is_not_in_the_catalogue [39 ms]
  Passed Erp.Gates.Tests.G2.G2PermissionTests.Users_cannot_escalate_their_own_privileges [978 ms]
  Passed Erp.Gates.Tests.SelfTests.GateSelfTests.The_database_check_catches_a_unique_index_across_tenants [140 ms]
  Passed Erp.Gates.Tests.G2.G2PermissionTests.Creating_a_user_cannot_grant_more_than_the_caller_holds [1 s]
  Passed Erp.Gates.Tests.G2.G2PermissionTests.Anonymous_callers_get_401_from_every_permissioned_endpoint [38 ms]
  Passed Erp.Gates.Tests.G2.G2PermissionTests.The_reviewed_permission_map_catches_a_weaker_permission_an_unreviewed_endpoint_and_a_stale_line [64 ms]
  Passed Erp.Gates.Tests.SelfTests.GateSelfTests.The_subject_check_catches_me_endpoints_that_act_on_the_user_a_request_names [5 s]
  Passed Erp.Gates.Tests.G2.G2PermissionTests.Every_registered_list_is_readable_with_its_permission_alone [4 s]
  Passed Erp.Gates.Tests.G2.G2PermissionTests.The_host_refuses_a_list_whose_endpoint_declares_another_permission [46 ms]
  Passed Erp.Gates.Tests.G2.G2PermissionTests.Sharing_a_view_needs_the_share_permission_and_the_lists_own_permission [1 s]
  Passed Erp.Gates.Tests.G2.G2PermissionTests.Undeclared_endpoints_fall_back_to_deny [1 ms]
  Passed Erp.Gates.Tests.G2.G2PermissionTests.The_host_refuses_to_start_with_an_endpoint_that_declares_no_permission [32 ms]
  Passed Erp.Gates.Tests.G2.G2PermissionTests.Requests_that_only_read_cannot_write [32 ms]
  Passed Erp.Gates.Tests.G2.G2PermissionTests.No_endpoint_grants_more_than_the_caller_holds [4 s]
  Passed Erp.Gates.Tests.G2.G2PermissionTests.Every_module_route_is_under_a_reviewed_map_or_derives_its_permission_from_its_list [10 ms]
  Passed Erp.Gates.Tests.SelfTests.GateSelfTests.The_company_grant_check_catches_access_given_without_checking_the_caller_or_the_user [21 s]
  Passed Erp.Gates.Tests.SelfTests.GateSelfTests.The_database_check_catches_a_table_without_row_level_security [154 ms]
  Passed Erp.Gates.Tests.G2.G2PermissionTests.Granting_exactly_one_permission_opens_exactly_the_endpoints_that_declare_it [47 s]
  Passed Erp.Gates.Tests.G2.G2PermissionTests.No_endpoint_that_changes_data_is_guarded_by_a_read_permission [2 ms]
  Passed Erp.Gates.Tests.G2.G2PermissionTests.Every_endpoint_under_a_reviewed_prefix_declares_exactly_its_reviewed_permission [2 ms]
  Passed Erp.Gates.Tests.G2.G2PermissionTests.The_declaration_check_catches_AllowAnonymous_stacked_on_a_permission [22 ms]
  Passed Erp.Gates.Tests.SelfTests.GateSelfTests.The_report_data_check_catches_a_report_printing_data_its_permission_does_not_grant [36 s]
  Passed Erp.Gates.Tests.SelfTests.GateSelfTests.The_reachable_state_walk_judges_every_field_of_registration_objects [87 ms]
  Passed Erp.Gates.Tests.SelfTests.GateSelfTests.The_process_state_check_catches_a_static_cache_and_a_stateful_singleton [1 s]
  Passed Erp.Gates.Tests.SelfTests.GateSelfTests.The_company_policy_check_catches_a_company_table_without_the_company_scope [99 ms]
  Passed Erp.Gates.Tests.SelfTests.GateSelfTests.The_grant_bearing_record_check_catches_a_role_delete_without_the_grant_check [14 s]
  Passed Erp.Gates.Tests.SelfTests.GateSelfTests.The_grant_bearing_record_check_catches_an_edit_that_skips_the_access_check_when_only_the_email_changes [15 s]
  Passed Erp.Gates.Tests.SelfTests.GateSelfTests.The_grant_escalation_check_catches_an_endpoint_that_grants_any_role [9 s]
  Passed Erp.Gates.Tests.SelfTests.GateSelfTests.The_permission_checks_catch_a_write_guarded_by_a_read_permission_and_a_read_that_writes [250 ms]
  Passed Erp.Gates.Tests.SelfTests.WriteOracleSelfTests.The_write_oracle_check_catches_a_create_that_refuses_another_tenants_address [7 s]
  Passed Erp.Gates.Tests.G1.G1SignInThrottleTests.Failed_sign_ins_from_one_client_never_lock_the_account_out_for_anyone_else [13 s]
  Passed Erp.Gates.Tests.G1.G1SignInThrottleTests.Sign_in_failures_give_one_answer_that_states_no_policy [7 s]
  Passed Erp.Gates.Tests.G1.G1NonInterferenceTests.What_tenant_A_is_answered_never_depends_on_what_tenant_B_did [3 m 41 s]
  Passed Erp.Gates.Tests.G1.G1ClientStateTests.Every_use_of_a_carrier_that_outlives_the_document_is_reviewed [175 ms]
  Passed Erp.Gates.Tests.G1.G1ClientStateTests.Every_piece_of_module_level_state_in_the_web_sources_is_reviewed [208 ms]
  Passed Erp.Gates.Tests.G1.G1ClientStateTests.The_carrier_inventory_finds_the_planted_cookie_and_window_name [27 ms]
  Passed Erp.Gates.Tests.G1.G1ClientStateTests.The_inventory_finds_planted_module_state [6 ms]
  Passed Erp.Gates.Tests.G1.G1CompanyScopeTests.Every_company_table_carries_the_standard_company_scope_policy [108 ms]
  Passed Erp.Gates.Tests.G1.G1CompanyScopeTests.The_application_role_sees_and_changes_only_the_bound_companies_in_every_company_table [868 ms]
  Passed Erp.Gates.Tests.G1.G1CredentialTests.The_function_owner_writes_only_where_reviewed [341 ms]
  Passed Erp.Gates.Tests.G1.G1CredentialTests.The_sign_in_lookup_reveals_no_hash_and_no_account_before_the_password_is_proven [286 ms]
  Passed Erp.Gates.Tests.G1.G1CredentialTests.The_application_role_can_read_no_stored_credential [270 ms]
  Passed Erp.Gates.Tests.G1.G1CredentialTests.No_reviewed_function_returns_a_credential_column_or_a_whole_row [110 ms]
  Passed Erp.Gates.Tests.G1.G1DatabaseIsolationTests.Every_table_is_tenant_owned_or_a_reviewed_platform_table [15 ms]
  Passed Erp.Gates.Tests.G1.G1DatabaseIsolationTests.A_tenant_set_for_the_whole_connection_or_left_by_an_earlier_transaction_is_ignored [16 ms]
  Passed Erp.Gates.Tests.G1.G1DatabaseIsolationTests.Application_role_sees_and_changes_only_its_own_tenant_in_every_tenant_table [1 s]
  Passed Erp.Gates.Tests.G1.G1DatabaseIsolationTests.Foreign_keys_between_tenant_tables_include_the_tenant [47 ms]
  Passed Erp.Gates.Tests.G1.G1DatabaseIsolationTests.Tenant_tables_have_an_id_primary_key [59 ms]
  Passed Erp.Gates.Tests.G1.G1DatabaseIsolationTests.Tenant_tables_enforce_row_level_security_with_the_standard_policy [301 ms]
  Passed Erp.Gates.Tests.G1.G1DatabaseIsolationTests.Security_definer_functions_are_exactly_the_reviewed_ones [52 ms]
  Passed Erp.Gates.Tests.G1.G1DatabaseIsolationTests.Leakproof_functions_are_postgres_defaults_or_reviewed [74 ms]
  Passed Erp.Gates.Tests.G1.G1DatabaseIsolationTests.Audit_trail_is_append_only_for_the_application [96 ms]
  Passed Erp.Gates.Tests.G1.G1DatabaseIsolationTests.Application_role_cannot_bypass_row_level_security_or_become_a_role_that_can [71 ms]
  Passed Erp.Gates.Tests.G1.G1ProcessStateTests.Process_wide_state_is_immutable_or_reviewed [125 ms]
  Passed Erp.Gates.Tests.G1.G1ReviewedLookupTests.Only_reviewed_source_files_name_a_reviewed_function [167 ms]
  Passed Erp.Gates.Tests.G1.G1ReviewedLookupTests.Every_reviewed_function_has_reviewed_callers_and_sources [3 ms]
  Passed Erp.Gates.Tests.G1.G1ReviewedLookupTests.Reviewed_lookups_answer_nothing_inside_a_tenant_bound_transaction [33 ms]
  Passed Erp.Gates.Tests.G1.G1TenantSettingCodeTests.Only_reviewed_methods_name_the_tenant_setting [120 ms]
  Passed Erp.Gates.Tests.G1.G1TenantSettingCodeTests.The_scan_finds_a_helper_that_names_the_tenant_setting [100 ms]
  Passed Erp.Gates.Tests.G1.G1TenantSourceTests.Only_reviewed_files_choose_a_tenant_or_step_around_the_unit_of_work [240 ms]
  Passed Erp.Gates.Tests.G1.G1TenantSourceTests.The_scanner_catches_every_planted_bypass [8 ms]
  Passed Erp.Gates.Tests.G1.G1TenantValueRuleTests.Every_shape_of_setting_change_is_read_with_its_value [153 ms]
  Passed Erp.Gates.Tests.G1.G1TenantValueRuleTests.A_request_may_run_its_SQL_only_under_the_tenant_it_may_bind [6 ms]
  Passed Erp.Gates.Tests.G1.G1UniqueIndexTests.Unique_indexes_on_tenant_tables_include_the_tenant [121 ms]
  Passed Erp.Gates.Tests.G1.G1WriteOracleTests.Writes_answer_the_same_for_another_tenants_values_as_for_values_that_exist_nowhere [8 s]
  Passed Erp.Gates.Tests.G1.G1BranchScopeAttackTests.A_user_limited_to_one_branch_cannot_reach_another_branch_of_the_company_through_any_endpoint [1 m 47 s]
  Passed Erp.Gates.Tests.G2.G2CompanyAccessGrantTests.Company_access_is_given_and_taken_only_within_what_the_caller_holds_and_never_from_a_stronger_user [14 s]
  Passed Erp.Gates.Tests.SelfTests.ResponseTextSelfTests.Only_a_recent_instant_and_a_short_dated_text_are_scrubbed_as_the_print_stamp [4 ms]
  Passed Erp.Gates.Tests.SelfTests.ResponseTextSelfTests.A_compressed_pdf_and_a_zipped_workbook_are_read_for_their_text [601 ms]
  Passed Erp.Gates.Tests.SelfTests.ResponseTextSelfTests.Right_to_left_runs_are_also_given_in_logical_order [< 1 ms]
  Passed Erp.Gates.Tests.Rules.StringGateTests.Every_problem_and_validation_code_in_server_code_has_text [23 ms]
  Passed Erp.Gates.Tests.Rules.StringGateTests.Server_string_files_have_matching_English_and_Arabic_keys [12 ms]
  Passed Erp.Gates.Tests.Rules.StringGateTests.Web_string_files_have_matching_English_and_Arabic_keys [38 ms]
  Passed Erp.Gates.Tests.Rules.StringGateTests.Every_permission_module_and_menu_entry_has_labels [13 ms]
  Passed Erp.Gates.Tests.Rules.StringGateTests.Count_messages_use_plural_forms [5 ms]
  Passed Erp.Gates.Tests.Rules.ShellGateTests.Screens_format_numbers_amounts_and_dates_through_the_kernel_formatter [28 ms]
  Passed Erp.Gates.Tests.Rules.ShellGateTests.Language_and_digit_fields_document_their_allowed_values [198 ms]
  Passed Erp.Gates.Tests.Rules.ShellGateTests.Stylesheets_and_inline_styles_use_logical_directions_only [122 ms]
  Passed Erp.Gates.Tests.Rules.ShellGateTests.Every_navigation_group_has_an_English_and_Arabic_heading [1 ms]
  Passed Erp.Gates.Tests.Rules.ReportGateTests.Every_report_and_printable_list_renders_in_every_format_and_both_languages [6 s]
  Passed Erp.Gates.Tests.Rules.ReportGateTests.Every_list_is_printable_and_every_report_is_well_formed [6 ms]
  Passed Erp.Gates.Tests.Rules.RegistrationGateTests.Every_registered_list_is_served_as_a_page_whose_rows_carry_its_columns [70 ms]
  Passed Erp.Gates.Tests.Rules.RegistrationGateTests.Navigation_reaches_every_screen_and_every_menu_entry_opens_a_screen_with_its_permission [6 ms]
  Passed Erp.Gates.Tests.Rules.OpenApiGateTests.OpenApi_document_covers_every_endpoint_with_its_permission [245 ms]
  Passed Erp.Gates.Tests.Rules.OpenApiGateTests.Decimals_are_documented_as_strings [359 ms]
  Passed Erp.Gates.Tests.Rules.MoneyGateTests.No_floating_point_or_money_columns_in_the_database [63 ms]
  Passed Erp.Gates.Tests.Rules.MoneyGateTests.No_float_or_double_in_server_code [55 ms]
  Passed Erp.Gates.Tests.Rules.MoneyGateTests.No_parseFloat_in_front_end_code [6 ms]
  Passed Erp.Gates.Tests.Rules.ModuleBoundaryGateTests.Modules_use_one_another_only_through_their_contracts [10 ms]
  Passed Erp.Gates.Tests.Rules.ModuleBoundaryGateTests.The_boundary_check_catches_a_module_reaching_into_another_one [1 ms]
  Passed Erp.Gates.Tests.Rules.ListIndexGateTests.Search_fields_and_sortable_columns_of_database_lists_are_indexed [337 ms]
  Passed Erp.Gates.Tests.G2.G2ReportDataTests.The_report_catalogue_lists_only_what_the_caller_may_run_and_see [10 s]
  Passed Erp.Gates.Tests.Rules.ListContractGateTests.Every_sortable_column_orders_its_list_both_ways_and_keyset_paging_matches_one_page [9 s]
  Passed Erp.Gates.Tests.Rules.ListContractGateTests.Every_filterable_column_filters_its_list_and_other_columns_are_refused [7 s]
  Passed Erp.Gates.Tests.Rules.ListContractGateTests.Every_registered_list_documents_the_list_query_contract_and_its_definition [764 ms]
  Passed Erp.Gates.Tests.Rules.ListContractGateTests.Every_search_field_is_searched_word_by_word_and_grouping_counts_every_row_once [1 s]
  Passed Erp.Gates.Tests.Rules.LicenceGateTests.The_font_check_catches_an_unreviewed_font_changed_bytes_and_a_missing_licence [10 ms]
  Passed Erp.Gates.Tests.Rules.LicenceGateTests.Every_NuGet_package_has_an_allowed_licence [69 ms]
  Passed Erp.Gates.Tests.Rules.LicenceGateTests.Every_font_file_in_the_repository_is_reviewed_with_its_licence_beside_it [39 ms]
  Passed Erp.Gates.Tests.Rules.LicenceGateTests.Every_npm_package_has_an_allowed_licence [14 ms]
  Passed Erp.Gates.Tests.Rules.BulkTimeoutGateTests.Only_the_seed_runner_and_the_platform_build_the_application_pools [61 ms]
  Passed Erp.Gates.Tests.Rules.BulkTimeoutGateTests.Bulk_code_never_sets_a_literal_command_timeout_or_opens_its_own_connection [35 ms]
  Passed Erp.Gates.Tests.Rules.BulkTimeoutGateTests.The_seed_runner_puts_every_tenant_seed_on_the_bulk_pool [< 1 ms]
  Passed Erp.Gates.Tests.Rules.AuditGateTests.Every_tenant_table_carries_the_audit_trigger_unless_reviewed_exempt [83 ms]
  Passed Erp.Gates.Tests.Rules.AuditGateTests.Changing_ones_own_interface_preferences_is_audited_field_by_field [1 s]
  Passed Erp.Gates.Tests.Rules.AuditGateTests.Writes_through_the_API_leave_field_level_audit_rows_attributed_to_the_user [903 ms]
  Passed Erp.Gates.Tests.Rules.AuditGateTests.Writes_that_bypass_the_ORM_are_audited_too [93 ms]
  Passed Erp.Gates.Tests.Rules.AuditGateTests.Passwords_are_redacted_in_the_audit_trail [512 ms]
  Passed Erp.Gates.Tests.G2.G2AccountTakeoverTests.Acting_on_a_record_that_grants_access_needs_everything_it_grants [15 s]
  Passed Erp.Gates.Tests.G2.G2AccountTakeoverTests.Nobody_resets_their_own_password_or_ends_their_own_access_through_administration [1 s]
  Passed Erp.Gates.Tests.G2.G2AccountTakeoverTests.Acting_on_a_user_needs_every_permission_that_user_holds [12 s]
  Passed Erp.Gates.Tests.G2.G2AccountTakeoverTests.Creating_from_a_role_cannot_grant_more_than_the_caller_holds [2 s]
  Passed Erp.Gates.Tests.G2.G2ReportDataTests.Every_report_prints_only_data_its_permissions_show_elsewhere [1 m 1 s]
  Passed Erp.Gates.Tests.G1.G1CompanyIsolationTests.A_user_of_company_X_cannot_reach_company_Y_through_any_endpoint [4 m 58 s]
  Passed Erp.Gates.Tests.G2.G2SubjectTests.An_action_on_the_caller_never_acts_on_another_user_the_request_names [49 s]
[xUnit.net 00:18:09.67]     Erp.Gates.Tests.G1.G1HttpIsolationTests.Tenant_A_cannot_reach_tenant_B_through_any_endpoint [FAIL]
[xUnit.net 00:18:09.68]       1 isolation checks failed:
[xUnit.net 00:18:09.68]       
[xUnit.net 00:18:09.68]       1570 leaks:
[xUnit.net 00:18:09.68]       tenant bravocnry75d01a2da4 administrator (cookie) → GET /api/reports/lists/identity.roles?format=pdf&language=ar&numerals=latn&disposition=attachment [tenant B asks for every answer shape before tenant A] → 200: response to tenant bravocnry75d01a2da4 contains the attacking tenant's marker Alpha Steel Industries
[xUnit.net 00:18:09.68]       tenant bravocnry75d01a2da4 administrator (bearer) → GET /api/reports/lists/identity.roles?format=pdf&language=ar&numerals=latn&disposition=attachment [tenant B asks for every answer shape before tenant A] → 200: response to tenant bravocnry75d01a2da4 contains the attacking tenant's marker Alpha Steel Industries
[xUnit.net 00:18:09.68]       tenant bravocnry75d01a2da4 administrator (cookie) → GET /api/reports/lists/identity.roles?format=pdf&language=ar&numerals=latn&disposition=attachment&search=bravocnry75d01a2da4 [tenant B asks for every answer shape before tenant A] → 200: response to tenant bravocnry75d01a2da4 contains the attacking tenant's marker Alpha Steel Industries
[xUnit.net 00:18:09.68]       tenant bravocnry75d01a2da4 read-only user (cookie) → GET /api/reports/lists/identity.roles?format=pdf&language=ar&numerals=latn&disposition=attachment [tenant B asks for every answer shape before tenant A] → 200: response to tenant bravocnry75d01a2da4 contains the attacking tenant's marker Alpha Steel Industries
[xUnit.net 00:18:09.68]       tenant bravocnry75d01a2da4 administrator (bearer) → GET /api/reports/lists/identity.roles?format=pdf&language=ar&numerals=latn&disposition=attachment&search=bravocnry75d01a2da4 [tenant B asks for every answer shape before tenant A] → 200: response to tenant bravocnry75d01a2da4 contains the attacking tenant's marker Alpha Steel Industries
[xUnit.net 00:18:09.68]       tenant bravocnry75d01a2da4 administrator (cookie) → GET /api/reports/lists/identity.roles?format=pdf&language=ar&numerals=latn&disposition=inline [tenant B asks for every answer shape before tenant A] → 200: response to tenant bravocnry75d01a2da4 contains the attacking tenant's marker Alpha Steel Industries
[xUnit.net 00:18:09.68]       tenant bravocnry75d01a2da4 read-only user (cookie) → GET /api/reports/lists/identity.roles?format=pdf&language=ar&numerals=latn&disposition=attachment&search=bravocnry75d01a2da4 [tenant B asks for every answer shape before tenant A] → 200: response to tenant bravocnry75d01a2da4 contains the attacking tenant's marker Alpha Steel Industries
[xUnit.net 00:18:09.68]       tenant bravocnry75d01a2da4 administrator (bearer) → GET /api/reports/lists/identity.roles?format=pdf&language=ar&numerals=latn&disposition=inline [tenant B asks for every answer shape before tenant A] → 200: response to tenant bravocnry75d01a2da4 contains the attacking tenant's marker Alpha Steel Industries
[xUnit.net 00:18:09.68]       tenant bravocnry75d01a2da4 read-only user (cookie) → GET /api/reports/lists/identity.roles?format=pdf&language=ar&numerals=latn&disposition=inline [tenant B asks for every answer shape before tenant A] → 200: response to tenant bravocnry75d01a2da4 contains the attacking tenant's marker Alpha Steel Industries
[xUnit.net 00:18:09.68]       tenant bravocnry75d01a2da4 administrator (cookie) → GET /api/reports/lists/identity.roles?format=pdf&language=ar&numerals=latn&disposition=inline&search=bravocnry75d01a2da4 [tenant B asks for every answer shape before tenant A] → 200: response to tenant bravocnry75d01a2da4 contains the attacking tenant's marker Alpha Steel Industries
[xUnit.net 00:18:09.68]       tenant bravocnry75d01a2da4 administrator (cookie) → GET /api/reports/lists/identity.roles?format=pdf&language=ar&numerals=arab&disposition=attachment [tenant B asks for every answer shape before tenant A] → 200: response to tenant bravocnry75d01a2da4 contains the attacking tenant's marker Alpha Steel Industries
[xUnit.net 00:18:09.68]       tenant bravocnry75d01a2da4 administrator (bearer) → GET /api/reports/lists/identity.roles?format=pdf&language=ar&numerals=arab&disposition=attachment [tenant B asks for every answer shape before tenant A] → 200: response to tenant bravocnry75d01a2da4 contains the attacking tenant's marker Alpha Steel Industries
[xUnit.net 00:18:09.68]       tenant bravocnry75d01a2da4 administrator (bearer) → GET /api/reports/lists/identity.roles?format=pdf&language=ar&numerals=latn&disposition=inline&search=bravocnry75d01a2da4 [tenant B asks for every answer shape before tenant A] → 200: response to tenant bravocnry75d01a2da4 contains the attacking tenant's marker Alpha Steel Industries
[xUnit.net 00:18:09.68]       tenant bravocnry75d01a2da4 read-only user (cookie) → GET /api/reports/lists/identity.roles?format=pdf&language=ar&numerals=latn&disposition=inline&search=bravocnry75d01a2da4 [tenant B asks for every answer shape before tenant A] → 200: response to tenant bravocnry75d01a2da4 contains the attacking tenant's marker Alpha Steel Industries
[xUnit.net 00:18:09.68]       tenant bravocnry75d01a2da4 read-only user (cookie) → GET /api/reports/lists/identity.roles?format=pdf&language=ar&numerals=arab&disposition=attachment [tenant B asks for every answer shape before tenant A] → 200: response to tenant bravocnry75d01a2da4 contains the attacking tenant's marker Alpha Steel Industries
[xUnit.net 00:18:09.68]       tenant bravocnry75d01a2da4 administrator (cookie) → GET /api/reports/lists/identity.roles?format=pdf&language=ar&numerals=arab&disposition=attachment&search=bravocnry75d01a2da4 [tenant B asks for every answer shape before tenant A] → 200: response to tenant bravocnry75d01a2da4 contains the attacking tenant's marker Alpha Steel Industries
[xUnit.net 00:18:09.68]       tenant bravocnry75d01a2da4 administrator (cookie) → GET /api/reports/lists/identity.roles?format=pdf&language=ar&numerals=arab&disposition=inline [tenant B asks for every answer shape before tenant A] → 200: response to tenant bravocnry75d01a2da4 contains the attacking tenant's marker Alpha Steel Industries
[xUnit.net 00:18:09.68]       tenant bravocnry75d01a2da4 administrator (bearer) → GET /api/reports/lists/identity.roles?format=pdf&language=ar&numerals=arab&disposition=attachment&search=bravocnry75d01a2da4 [tenant B asks for every answer shape before tenant A] → 200: response to tenant bravocnry75d01a2da4 contains the attacking tenant's marker Alpha Steel Industries
[xUnit.net 00:18:09.68]       tenant bravocnry75d01a2da4 administrator (bearer) → GET /api/reports/lists/identity.roles?format=pdf&language=ar&numerals=arab&disposition=inline [tenant B asks for every answer shape before tenant A] → 200: response to tenant bravocnry75d01a2da4 contains the attacking tenant's marker Alpha Steel Industries
[xUnit.net 00:18:09.68]       tenant bravocnry75d01a2da4 read-only user (cookie) → GET /api/reports/lists/identity.roles?format=pdf&language=ar&numerals=arab&disposition=inline [tenant B asks for every answer shape before tenant A] → 200: response to tenant bravocnry75d01a2da4 contains the attacking tenant's marker Alpha Steel Industries
[xUnit.net 00:18:09.68]       tenant bravocnry75d01a2da4 read-only user (cookie) → GET /api/reports/lists/identity.roles?format=pdf&language=ar&numerals=arab&disposition=attachment&search=bravocnry75d01a2da4 [tenant B asks for every answer shape before tenant A] → 200: response to tenant bravocnry75d01a2da4 contains the attacking tenant's marker Alpha Steel Industries
[xUnit.net 00:18:09.68]       tenant bravocnry75d01a2da4 administrator (cookie) → GET /api/reports/lists/identity.roles?format=pdf&language=ar&numerals=arab&disposition=inline&search=bravocnry75d01a2da4 [tenant B asks for every answer shape before tenant A] → 200: response to tenant bravocnry75d01a2da4 contains the attacking tenant's marker Alpha Steel Industries
[xUnit.net 00:18:09.68]       tenant bravocnry75d01a2da4 administrator (bearer) → GET /api/reports/lists/identity.roles?format=pdf&language=ar&numerals=arab&disposition=inline&search=bravocnry75d01a2da4 [tenant B asks for every answer shape before tenant A] → 200: response to tenant bravocnry75d01a2da4 contains the attacking tenant's marker Alpha Steel Industries
[xUnit.net 00:18:09.68]       tenant bravocnry75d01a2da4 read-only user (cookie) → GET /api/reports/lists/identity.roles?format=pdf&language=ar&numerals=arab&disposition=inline&search=bravocnry75d01a2da4 [tenant B asks for every answer shape before tenant A] → 200: response to tenant bravocnry75d01a2da4 contains the attacking tenant's marker Alpha Steel Industries
[xUnit.net 00:18:09.68]       tenant bravocnry75d01a2da4 administrator (cookie) → GET /api/reports/lists/identity.roles?format=csv&language=ar&numerals=latn&disposition=attachment [tenant B asks for every answer shape before tenant A] → 200: response to tenant bravocnry75d01a2da4 contains the attacking tenant's marker Alpha Steel Industries
[xUnit.net 00:18:09.68]       tenant bravocnry75d01a2da4 administrator (bearer) → GET /api/reports/lists/identity.roles?format=csv&language=ar&numerals=latn&disposition=attachment [tenant B asks for every answer shape before tenant A] → 200: response to tenant bravocnry75d01a2da4 contains the attacking tenant's marker Alpha Steel Industries
[xUnit.net 00:18:09.68]       tenant bravocnry75d01a2da4 read-only user (cookie) → GET /api/reports/lists/identity.roles?format=csv&language=ar&numerals=latn&disposition=attachment [tenant B asks for every answer shape before tenant A] → 200: response to tenant bravocnry75d01a2da4 contains the attacking tenant's marker Alpha Steel Industries
[xUnit.net 00:18:09.68]       tenant bravocnry75d01a2da4 administrator (cookie) → GET /api/reports/lists/identity.roles?format=csv&language=ar&numerals=latn&disposition=attachment&search=bravocnry75d01a2da4 [tenant B asks for every answer shape before tenant A] → 200: response to tenant bravocnry75d01a2da4 contains the attacking tenant's marker Alpha Steel Industries
[xUnit.net 00:18:09.68]       tenant bravocnry75d01a2da4 administrator (cookie) → GET /api/reports/lists/identity.roles?format=csv&language=ar&numerals=latn&disposition=inline [tenant B asks for every answer shape before tenant A] → 200: response to tenant bravocnry75d01a2da4 contains the attacking tenant's marker Alpha Steel Industries
[xUnit.net 00:18:09.68]       tenant bravocnry75d01a2da4 administrator (bearer) → GET /api/reports/lists/identity.roles?format=csv&language=ar&numerals=latn&disposition=inline [tenant B asks for every answer shape before tenant A] → 200: response to tenant bravocnry75d01a2da4 contains the attacking tenant's marker Alpha Steel Industries
[xUnit.net 00:18:09.68]       tenant bravocnry75d01a2da4 administrator (bearer) → GET /api/reports/lists/identity.roles?format=csv&language=ar&numerals=latn&disposition=attachment&search=bravocnry75d01a2da4 [tenant B asks for every answer shape before tenant A] → 200: response to tenant bravocnry75d01a2da4 contains the attacking tenant's marker Alpha Steel Industries
[xUnit.net 00:18:09.68]       tenant bravocnry75d01a2da4 read-only user (cookie) → GET /api/reports/lists/identity.roles?format=csv&language=ar&numerals=latn&disposition=inline [tenant B asks for every answer shape before tenant A] → 200: response to tenant bravocnry75d01a2da4 contains the attacking tenant's marker Alpha Steel Industries
[xUnit.net 00:18:09.68]       tenant bravocnry75d01a2da4 read-only user (cookie) → GET /api/reports/lists/identity.roles?format=csv&language=ar&numerals=latn&disposition=attachment&search=bravocnry75d01a2da4 [tenant B asks for every answer shape before tenant A] → 200: response to tenant bravocnry75d01a2da4 contains the attacking tenant's marker Alpha Steel Industries
[xUnit.net 00:18:09.68]       tenant bravocnry75d01a2da4 administrator (cookie) → GET /api/reports/lists/identity.roles?format=csv&language=ar&numerals=latn&disposition=inline&search=bravocnry75d01a2da4 [tenant B asks for every answer shape before tenant A] → 200: response to tenant bravocnry75d01a2da4 contains the attacking tenant's marker Alpha Steel Industries
[xUnit.net 00:18:09.68]       tenant bravocnry75d01a2da4 administrator (cookie) → GET /api/reports/lists/identity.roles?format=csv&language=ar&numerals=arab&disposition=attachment [tenant B asks for every answer shape before tenant A] → 200: response to tenant bravocnry75d01a2da4 contains the attacking tenant's marker Alpha Steel Industries
[xUnit.net 00:18:09.68]       tenant bravocnry75d01a2da4 administrator (bearer) → GET /api/reports/lists/identity.roles?format=csv&language=ar&numerals=latn&disposition=inline&search=bravocnry75d01a2da4 [tenant B asks for every answer shape before tenant A] → 200: response to tenant bravocnry75d01a2da4 contains the attacking tenant's marker Alpha Steel Industries
[xUnit.net 00:18:09.68]       tenant bravocnry75d01a2da4 administrator (bearer) → GET /api/reports/lists/identity.roles?format=csv&language=ar&numerals=arab&disposition=attachment [tenant B asks for every answer shape before tenant A] → 200: response to tenant bravocnry75d01a2da4 contains the attacking tenant's marker Alpha Steel Industries
[xUnit.net 00:18:09.68]       tenant bravocnry75d01a2da4 read-only user (cookie) → GET /api/reports/lists/identity.roles?format=csv&language=ar&numerals=latn&disposition=inline&search=bravocnry75d01a2da4 [tenant B asks for every answer shape before tenant A] → 200: response to tenant bravocnry75d01a2da4 contains the attacking tenant's marker Alpha Steel Industries
[xUnit.net 00:18:09.68]       tenant bravocnry75d01a2da4 read-only user (cookie) → GET /api/reports/lists/identity.roles?format=csv&language=ar&numerals=arab&disposition=attachment [tenant B asks for every answer shape before tenant A] → 200: response to tenant bravocnry75d01a2da4 contains the attacking tenant's marker Alpha Steel Industries
[xUnit.net 00:18:09.68]       tenant bravocnry75d01a2da4 administrator (cookie) → GET /api/reports/lists/identity.roles?format=csv&language=ar&numerals=arab&disposition=attachment&search=bravocnry75d01a2da4 [tenant B asks for every answer shape before tenant A] → 200: response to tenant bravocnry75d01a2da4 contains the attacking tenant's marker Alpha Steel Industries
[xUnit.net 00:18:09.68]       tenant bravocnry75d01a2da4 administrator (cookie) → GET /api/reports/lists/identity.roles?format=csv&language=ar&numerals=arab&disposition=inline [tenant B asks for every answer shape before tenant A] → 200: response to tenant bravocnry75d01a2da4 contains the attacking tenant's marker Alpha Steel Industries
[xUnit.net 00:18:09.68]       tenant bravocnry75d01a2da4 administrator (bearer) → GET /api/reports/lists/identity.roles?format=csv&language=ar&numerals=arab&disposition=attachment&search=bravocnry75d01a2da4 [tenant B asks for every answer shape before tenant A] → 200: response to tenant bravocnry75d01a2da4 contains the attacking tenant's marker Alpha Steel Industries
[xUnit.net 00:18:09.68]       tenant bravocnry75d01a2da4 read-only user (cookie) → GET /api/reports/lists/identity.roles?format=csv&language=ar&numerals=arab&disposition=attachment&search=bravocnry75d01a2da4 [tenant B asks for every answer shape before tenant A] → 200: response to tenant bravocnry75d01a2da4 contains the attacking tenant's marker Alpha Steel Industries
[xUnit.net 00:18:09.68]       tenant bravocnry75d01a2da4 administrator (bearer) → GET /api/reports/lists/identity.roles?format=csv&language=ar&numerals=arab&disposition=inline [tenant B asks for every answer shape before tenant A] → 200: response to tenant bravocnry75d01a2da4 contains the attacking tenant's marker Alpha Steel Industries
[xUnit.net 00:18:09.68]       tenant bravocnry75d01a2da4 read-only user (cookie) → GET /api/reports/lists/identity.roles?format=csv&language=ar&numerals=arab&disposition=inline [tenant B asks for every answer shape before tenant A] → 200: response to tenant bravocnry75d01a2da4 contains the attacking tenant's marker Alpha Steel Industries
[xUnit.net 00:18:09.68]       tenant bravocnry75d01a2da4 administrator (cookie) → GET /api/reports/lists/identity.roles?format=csv&language=ar&numerals=arab&disposition=inline&search=bravocnry75d01a2da4 [tenant B asks for every answer shape before tenant A] → 200: response to tenant bravocnry75d01a2da4 contains the attacking tenant's marker Alpha Steel Industries
[xUnit.net 00:18:09.68]       tenant bravocnry75d01a2da4 administrator (bearer) → GET /api/reports/lists/identity.roles?format=csv&language=ar&numerals=arab&disposition=inline&search=bravocnry75d01a2da4 [tenant B asks for every answer shape before tenant A] → 200: response to tenant bravocnry75d01a2da4 contains the attacking tenant's marker Alpha Steel Industries
[xUnit.net 00:18:09.68]       tenant bravocnry75d01a2da4 read-only user (cookie) → GET /api/reports/lists/identity.roles?format=csv&language=ar&numerals=arab&disposition=inline&search=bravocnry75d01a2da4 [tenant B asks for every answer shape before tenant A] → 200: response to tenant bravocnry75d01a2da4 contains the attacking tenant's marker Alpha Steel Industries
[xUnit.net 00:18:09.68]       tenant bravocnry75d01a2da4 administrator (cookie) → GET /api/reports/lists/identity.roles?format=xlsx&language=ar&numerals=latn&disposition=attachment [tenant B asks for every answer shape before tenant A] → 200: response to tenant bravocnry75d01a2da4 contains the attacking tenant's marker Alpha Steel Industries
[xUnit.net 00:18:09.68]       tenant bravocnry75d01a2da4 administrator (bearer) → GET /api/reports/lists/identity.roles?format=xlsx&language=ar&numerals=latn&disposition=attachment [tenant B asks for every answer shape before tenant A] → 200: response to tenant bravocnry75d01a2da4 contains the attacking tenant's marker Alpha Steel Industries
[xUnit.net 00:18:09.68]       Stack Trace:
[xUnit.net 00:18:09.68]         /work/tests/Erp.Gates.Tests/G1/G1HttpIsolationTests.cs(141,0): at Erp.Gates.Tests.G1.G1HttpIsolationTests.Tenant_A_cannot_reach_tenant_B_through_any_endpoint()
[xUnit.net 00:18:09.68]         --- End of stack trace from previous location ---
[xUnit.net 00:18:09.68]       Output:
[xUnit.net 00:18:09.68]         routes, tenant headers and guessed queries: 61152 requests so far, 328.4 s
[xUnit.net 00:18:09.68]         tenant switch inputs: 19 headers, 33 query names, 2 cookies, 35 body names: 72037 requests so far, 390.5 s
[xUnit.net 00:18:09.68]         write after write: 100 pairs over 50 endpoints, 10920 tenant A requests: 72037 requests so far, 503.4 s
[xUnit.net 00:18:09.68]         answer shapes: 10 endpoints, 441 shapes, 1414 tenant B and 841 tenant A requests: 72889 requests so far, 540.0 s
[xUnit.net 00:18:09.68]         tenant B values in route and query parameters: 198776 requests so far, 872.3 s
[xUnit.net 00:18:09.68]         registered lists through their query contract: 12177 attacks, 21881 requests: 220657 requests so far, 909.5 s
[xUnit.net 00:18:09.68]         list answers judged against each tenant's own rows: 552 queries, 161 with different true answers, 6624 rows walked; process-wide state fingerprinted in 387239 lines from 62 roots: 220657 requests so far, 931.4 s
[xUnit.net 00:18:09.68]         tenant B values in body fields: 241772 requests so far, 994.4 s
[xUnit.net 00:18:09.68]         tenant B activity: 72353 requests (27198 concurrent with the attack), 504 successful own writes, 72285 responses judged for tenant A markers: 241772 requests so far, 1008.3 s
[xUnit.net 00:18:09.68]         tenant B: 91 ids (52 sampled), 103 text values, 81 extra markers, 39 probe values
[xUnit.net 00:18:09.68]         306968 tenant bindings and 831655 setting statements judged among 3898155 statements; 306968 tenant values judged, 3088144 statements observed with their parameters; 10885 tenant switch inputs over 19 header names; 183938 responses judged on every header
[xUnit.net 00:18:09.68]         1673 tenant B route values replayed, 2912 tenant B opens of the routes A was about to attack
[xUnit.net 00:18:09.68]         108 endpoints, 252692 requests, 194 tenant B values, 87749 parameter attacks, 21115 body value attacks, 52766 differential checks (2583 values tenant A holds itself not compared), 308616 traced lookups
[xUnit.net 00:18:09.82]   Finished:    Erp.Gates.Tests (ID = 'd67f9af34c5c91feae69a31c7ab81956a411c8cd54ea4942d23c1fd06e059e25')
  Failed Erp.Gates.Tests.G1.G1HttpIsolationTests.Tenant_A_cannot_reach_tenant_B_through_any_endpoint [17 m 48 s]
  Error Message:
   1 isolation checks failed:

1570 leaks:
tenant bravocnry75d01a2da4 administrator (cookie) → GET /api/reports/lists/identity.roles?format=pdf&language=ar&numerals=latn&disposition=attachment [tenant B asks for every answer shape before tenant A] → 200: response to tenant bravocnry75d01a2da4 contains the attacking tenant's marker Alpha Steel Industries
tenant bravocnry75d01a2da4 administrator (bearer) → GET /api/reports/lists/identity.roles?format=pdf&language=ar&numerals=latn&disposition=attachment [tenant B asks for every answer shape before tenant A] → 200: response to tenant bravocnry75d01a2da4 contains the attacking tenant's marker Alpha Steel Industries
tenant bravocnry75d01a2da4 administrator (cookie) → GET /api/reports/lists/identity.roles?format=pdf&language=ar&numerals=latn&disposition=attachment&search=bravocnry75d01a2da4 [tenant B asks for every answer shape before tenant A] → 200: response to tenant bravocnry75d01a2da4 contains the attacking tenant's marker Alpha Steel Industries
tenant bravocnry75d01a2da4 read-only user (cookie) → GET /api/reports/lists/identity.roles?format=pdf&language=ar&numerals=latn&disposition=attachment [tenant B asks for every answer shape before tenant A] → 200: response to tenant bravocnry75d01a2da4 contains the attacking tenant's marker Alpha Steel Industries
tenant bravocnry75d01a2da4 administrator (bearer) → GET /api/reports/lists/identity.roles?format=pdf&language=ar&numerals=latn&disposition=attachment&search=bravocnry75d01a2da4 [tenant B asks for every answer shape before tenant A] → 200: response to tenant bravocnry75d01a2da4 contains the attacking tenant's marker Alpha Steel Industries
tenant bravocnry75d01a2da4 administrator (cookie) → GET /api/reports/lists/identity.roles?format=pdf&language=ar&numerals=latn&disposition=inline [tenant B asks for every answer shape before tenant A] → 200: response to tenant bravocnry75d01a2da4 contains the attacking tenant's marker Alpha Steel Industries
tenant bravocnry75d01a2da4 read-only user (cookie) → GET /api/reports/lists/identity.roles?format=pdf&language=ar&numerals=latn&disposition=attachment&search=bravocnry75d01a2da4 [tenant B asks for every answer shape before tenant A] → 200: response to tenant bravocnry75d01a2da4 contains the attacking tenant's marker Alpha Steel Industries
tenant bravocnry75d01a2da4 administrator (bearer) → GET /api/reports/lists/identity.roles?format=pdf&language=ar&numerals=latn&disposition=inline [tenant B asks for every answer shape before tenant A] → 200: response to tenant bravocnry75d01a2da4 contains the attacking tenant's marker Alpha Steel Industries
tenant bravocnry75d01a2da4 read-only user (cookie) → GET /api/reports/lists/identity.roles?format=pdf&language=ar&numerals=latn&disposition=inline [tenant B asks for every answer shape before tenant A] → 200: response to tenant bravocnry75d01a2da4 contains the attacking tenant's marker Alpha Steel Industries
tenant bravocnry75d01a2da4 administrator (cookie) → GET /api/reports/lists/identity.roles?format=pdf&language=ar&numerals=latn&disposition=inline&search=bravocnry75d01a2da4 [tenant B asks for every answer shape before tenant A] → 200: response to tenant bravocnry75d01a2da4 contains the attacking tenant's marker Alpha Steel Industries
tenant bravocnry75d01a2da4 administrator (cookie) → GET /api/reports/lists/identity.roles?format=pdf&language=ar&numerals=arab&disposition=attachment [tenant B asks for every answer shape before tenant A] → 200: response to tenant bravocnry75d01a2da4 contains the attacking tenant's marker Alpha Steel Industries
tenant bravocnry75d01a2da4 administrator (bearer) → GET /api/reports/lists/identity.roles?format=pdf&language=ar&numerals=arab&disposition=attachment [tenant B asks for every answer shape before tenant A] → 200: response to tenant bravocnry75d01a2da4 contains the attacking tenant's marker Alpha Steel Industries
tenant bravocnry75d01a2da4 administrator (bearer) → GET /api/reports/lists/identity.roles?format=pdf&language=ar&numerals=latn&disposition=inline&search=bravocnry75d01a2da4 [tenant B asks for every answer shape before tenant A] → 200: response to tenant bravocnry75d01a2da4 contains the attacking tenant's marker Alpha Steel Industries
tenant bravocnry75d01a2da4 read-only user (cookie) → GET /api/reports/lists/identity.roles?format=pdf&language=ar&numerals=latn&disposition=inline&search=bravocnry75d01a2da4 [tenant B asks for every answer shape before tenant A] → 200: response to tenant bravocnry75d01a2da4 contains the attacking tenant's marker Alpha Steel Industries
tenant bravocnry75d01a2da4 read-only user (cookie) → GET /api/reports/lists/identity.roles?format=pdf&language=ar&numerals=arab&disposition=attachment [tenant B asks for every answer shape before tenant A] → 200: response to tenant bravocnry75d01a2da4 contains the attacking tenant's marker Alpha Steel Industries
tenant bravocnry75d01a2da4 administrator (cookie) → GET /api/reports/lists/identity.roles?format=pdf&language=ar&numerals=arab&disposition=attachment&search=bravocnry75d01a2da4 [tenant B asks for every answer shape before tenant A] → 200: response to tenant bravocnry75d01a2da4 contains the attacking tenant's marker Alpha Steel Industries
tenant bravocnry75d01a2da4 administrator (cookie) → GET /api/reports/lists/identity.roles?format=pdf&language=ar&numerals=arab&disposition=inline [tenant B asks for every answer shape before tenant A] → 200: response to tenant bravocnry75d01a2da4 contains the attacking tenant's marker Alpha Steel Industries
tenant bravocnry75d01a2da4 administrator (bearer) → GET /api/reports/lists/identity.roles?format=pdf&language=ar&numerals=arab&disposition=attachment&search=bravocnry75d01a2da4 [tenant B asks for every answer shape before tenant A] → 200: response to tenant bravocnry75d01a2da4 contains the attacking tenant's marker Alpha Steel Industries
tenant bravocnry75d01a2da4 administrator (bearer) → GET /api/reports/lists/identity.roles?format=pdf&language=ar&numerals=arab&disposition=inline [tenant B asks for every answer shape before tenant A] → 200: response to tenant bravocnry75d01a2da4 contains the attacking tenant's marker Alpha Steel Industries
tenant bravocnry75d01a2da4 read-only user (cookie) → GET /api/reports/lists/identity.roles?format=pdf&language=ar&numerals=arab&disposition=inline [tenant B asks for every answer shape before tenant A] → 200: response to tenant bravocnry75d01a2da4 contains the attacking tenant's marker Alpha Steel Industries
tenant bravocnry75d01a2da4 read-only user (cookie) → GET /api/reports/lists/identity.roles?format=pdf&language=ar&numerals=arab&disposition=attachment&search=bravocnry75d01a2da4 [tenant B asks for every answer shape before tenant A] → 200: response to tenant bravocnry75d01a2da4 contains the attacking tenant's marker Alpha Steel Industries
tenant bravocnry75d01a2da4 administrator (cookie) → GET /api/reports/lists/identity.roles?format=pdf&language=ar&numerals=arab&disposition=inline&search=bravocnry75d01a2da4 [tenant B asks for every answer shape before tenant A] → 200: response to tenant bravocnry75d01a2da4 contains the attacking tenant's marker Alpha Steel Industries
tenant bravocnry75d01a2da4 administrator (bearer) → GET /api/reports/lists/identity.roles?format=pdf&language=ar&numerals=arab&disposition=inline&search=bravocnry75d01a2da4 [tenant B asks for every answer shape before tenant A] → 200: response to tenant bravocnry75d01a2da4 contains the attacking tenant's marker Alpha Steel Industries
tenant bravocnry75d01a2da4 read-only user (cookie) → GET /api/reports/lists/identity.roles?format=pdf&language=ar&numerals=arab&disposition=inline&search=bravocnry75d01a2da4 [tenant B asks for every answer shape before tenant A] → 200: response to tenant bravocnry75d01a2da4 contains the attacking tenant's marker Alpha Steel Industries
tenant bravocnry75d01a2da4 administrator (cookie) → GET /api/reports/lists/identity.roles?format=csv&language=ar&numerals=latn&disposition=attachment [tenant B asks for every answer shape before tenant A] → 200: response to tenant bravocnry75d01a2da4 contains the attacking tenant's marker Alpha Steel Industries
tenant bravocnry75d01a2da4 administrator (bearer) → GET /api/reports/lists/identity.roles?format=csv&language=ar&numerals=latn&disposition=attachment [tenant B asks for every answer shape before tenant A] → 200: response to tenant bravocnry75d01a2da4 contains the attacking tenant's marker Alpha Steel Industries
tenant bravocnry75d01a2da4 read-only user (cookie) → GET /api/reports/lists/identity.roles?format=csv&language=ar&numerals=latn&disposition=attachment [tenant B asks for every answer shape before tenant A] → 200: response to tenant bravocnry75d01a2da4 contains the attacking tenant's marker Alpha Steel Industries
tenant bravocnry75d01a2da4 administrator (cookie) → GET /api/reports/lists/identity.roles?format=csv&language=ar&numerals=latn&disposition=attachment&search=bravocnry75d01a2da4 [tenant B asks for every answer shape before tenant A] → 200: response to tenant bravocnry75d01a2da4 contains the attacking tenant's marker Alpha Steel Industries
tenant bravocnry75d01a2da4 administrator (cookie) → GET /api/reports/lists/identity.roles?format=csv&language=ar&numerals=latn&disposition=inline [tenant B asks for every answer shape before tenant A] → 200: response to tenant bravocnry75d01a2da4 contains the attacking tenant's marker Alpha Steel Industries
tenant bravocnry75d01a2da4 administrator (bearer) → GET /api/reports/lists/identity.roles?format=csv&language=ar&numerals=latn&disposition=inline [tenant B asks for every answer shape before tenant A] → 200: response to tenant bravocnry75d01a2da4 contains the attacking tenant's marker Alpha Steel Industries
tenant bravocnry75d01a2da4 administrator (bearer) → GET /api/reports/lists/identity.roles?format=csv&language=ar&numerals=latn&disposition=attachment&search=bravocnry75d01a2da4 [tenant B asks for every answer shape before tenant A] → 200: response to tenant bravocnry75d01a2da4 contains the attacking tenant's marker Alpha Steel Industries
tenant bravocnry75d01a2da4 read-only user (cookie) → GET /api/reports/lists/identity.roles?format=csv&language=ar&numerals=latn&disposition=inline [tenant B asks for every answer shape before tenant A] → 200: response to tenant bravocnry75d01a2da4 contains the attacking tenant's marker Alpha Steel Industries
tenant bravocnry75d01a2da4 read-only user (cookie) → GET /api/reports/lists/identity.roles?format=csv&language=ar&numerals=latn&disposition=attachment&search=bravocnry75d01a2da4 [tenant B asks for every answer shape before tenant A] → 200: response to tenant bravocnry75d01a2da4 contains the attacking tenant's marker Alpha Steel Industries
tenant bravocnry75d01a2da4 administrator (cookie) → GET /api/reports/lists/identity.roles?format=csv&language=ar&numerals=latn&disposition=inline&search=bravocnry75d01a2da4 [tenant B asks for every answer shape before tenant A] → 200: response to tenant bravocnry75d01a2da4 contains the attacking tenant's marker Alpha Steel Industries
tenant bravocnry75d01a2da4 administrator (cookie) → GET /api/reports/lists/identity.roles?format=csv&language=ar&numerals=arab&disposition=attachment [tenant B asks for every answer shape before tenant A] → 200: response to tenant bravocnry75d01a2da4 contains the attacking tenant's marker Alpha Steel Industries
tenant bravocnry75d01a2da4 administrator (bearer) → GET /api/reports/lists/identity.roles?format=csv&language=ar&numerals=latn&disposition=inline&search=bravocnry75d01a2da4 [tenant B asks for every answer shape before tenant A] → 200: response to tenant bravocnry75d01a2da4 contains the attacking tenant's marker Alpha Steel Industries
tenant bravocnry75d01a2da4 administrator (bearer) → GET /api/reports/lists/identity.roles?format=csv&language=ar&numerals=arab&disposition=attachment [tenant B asks for every answer shape before tenant A] → 200: response to tenant bravocnry75d01a2da4 contains the attacking tenant's marker Alpha Steel Industries
tenant bravocnry75d01a2da4 read-only user (cookie) → GET /api/reports/lists/identity.roles?format=csv&language=ar&numerals=latn&disposition=inline&search=bravocnry75d01a2da4 [tenant B asks for every answer shape before tenant A] → 200: response to tenant bravocnry75d01a2da4 contains the attacking tenant's marker Alpha Steel Industries
tenant bravocnry75d01a2da4 read-only user (cookie) → GET /api/reports/lists/identity.roles?format=csv&language=ar&numerals=arab&disposition=attachment [tenant B asks for every answer shape before tenant A] → 200: response to tenant bravocnry75d01a2da4 contains the attacking tenant's marker Alpha Steel Industries
tenant bravocnry75d01a2da4 administrator (cookie) → GET /api/reports/lists/identity.roles?format=csv&language=ar&numerals=arab&disposition=attachment&search=bravocnry75d01a2da4 [tenant B asks for every answer shape before tenant A] → 200: response to tenant bravocnry75d01a2da4 contains the attacking tenant's marker Alpha Steel Industries
tenant bravocnry75d01a2da4 administrator (cookie) → GET /api/reports/lists/identity.roles?format=csv&language=ar&numerals=arab&disposition=inline [tenant B asks for every answer shape before tenant A] → 200: response to tenant bravocnry75d01a2da4 contains the attacking tenant's marker Alpha Steel Industries
tenant bravocnry75d01a2da4 administrator (bearer) → GET /api/reports/lists/identity.roles?format=csv&language=ar&numerals=arab&disposition=attachment&search=bravocnry75d01a2da4 [tenant B asks for every answer shape before tenant A] → 200: response to tenant bravocnry75d01a2da4 contains the attacking tenant's marker Alpha Steel Industries
tenant bravocnry75d01a2da4 read-only user (cookie) → GET /api/reports/lists/identity.roles?format=csv&language=ar&numerals=arab&disposition=attachment&search=bravocnry75d01a2da4 [tenant B asks for every answer shape before tenant A] → 200: response to tenant bravocnry75d01a2da4 contains the attacking tenant's marker Alpha Steel Industries
tenant bravocnry75d01a2da4 administrator (bearer) → GET /api/reports/lists/identity.roles?format=csv&language=ar&numerals=arab&disposition=inline [tenant B asks for every answer shape before tenant A] → 200: response to tenant bravocnry75d01a2da4 contains the attacking tenant's marker Alpha Steel Industries
tenant bravocnry75d01a2da4 read-only user (cookie) → GET /api/reports/lists/identity.roles?format=csv&language=ar&numerals=arab&disposition=inline [tenant B asks for every answer shape before tenant A] → 200: response to tenant bravocnry75d01a2da4 contains the attacking tenant's marker Alpha Steel Industries
tenant bravocnry75d01a2da4 administrator (cookie) → GET /api/reports/lists/identity.roles?format=csv&language=ar&numerals=arab&disposition=inline&search=bravocnry75d01a2da4 [tenant B asks for every answer shape before tenant A] → 200: response to tenant bravocnry75d01a2da4 contains the attacking tenant's marker Alpha Steel Industries
tenant bravocnry75d01a2da4 administrator (bearer) → GET /api/reports/lists/identity.roles?format=csv&language=ar&numerals=arab&disposition=inline&search=bravocnry75d01a2da4 [tenant B asks for every answer shape before tenant A] → 200: response to tenant bravocnry75d01a2da4 contains the attacking tenant's marker Alpha Steel Industries
tenant bravocnry75d01a2da4 read-only user (cookie) → GET /api/reports/lists/identity.roles?format=csv&language=ar&numerals=arab&disposition=inline&search=bravocnry75d01a2da4 [tenant B asks for every answer shape before tenant A] → 200: response to tenant bravocnry75d01a2da4 contains the attacking tenant's marker Alpha Steel Industries
tenant bravocnry75d01a2da4 administrator (cookie) → GET /api/reports/lists/identity.roles?format=xlsx&language=ar&numerals=latn&disposition=attachment [tenant B asks for every answer shape before tenant A] → 200: response to tenant bravocnry75d01a2da4 contains the attacking tenant's marker Alpha Steel Industries
tenant bravocnry75d01a2da4 administrator (bearer) → GET /api/reports/lists/identity.roles?format=xlsx&language=ar&numerals=latn&disposition=attachment [tenant B asks for every answer shape before tenant A] → 200: response to tenant bravocnry75d01a2da4 contains the attacking tenant's marker Alpha Steel Industries
  Stack Trace:
     at Erp.Gates.Tests.G1.G1HttpIsolationTests.Tenant_A_cannot_reach_tenant_B_through_any_endpoint() in /work/tests/Erp.Gates.Tests/G1/G1HttpIsolationTests.cs:line 141
--- End of stack trace from previous location ---
  Standard Output Messages:
 routes, tenant headers and guessed queries: 61152 requests so far, 328.4 s
 tenant switch inputs: 19 headers, 33 query names, 2 cookies, 35 body names: 72037 requests so far, 390.5 s
 write after write: 100 pairs over 50 endpoints, 10920 tenant A requests: 72037 requests so far, 503.4 s
 answer shapes: 10 endpoints, 441 shapes, 1414 tenant B and 841 tenant A requests: 72889 requests so far, 540.0 s
 tenant B values in route and query parameters: 198776 requests so far, 872.3 s
 registered lists through their query contract: 12177 attacks, 21881 requests: 220657 requests so far, 909.5 s
 list answers judged against each tenant's own rows: 552 queries, 161 with different true answers, 6624 rows walked; process-wide state fingerprinted in 387239 lines from 62 roots: 220657 requests so far, 931.4 s
 tenant B values in body fields: 241772 requests so far, 994.4 s
 tenant B activity: 72353 requests (27198 concurrent with the attack), 504 successful own writes, 72285 responses judged for tenant A markers: 241772 requests so far, 1008.3 s
 tenant B: 91 ids (52 sampled), 103 text values, 81 extra markers, 39 probe values
 306968 tenant bindings and 831655 setting statements judged among 3898155 statements; 306968 tenant values judged, 3088144 statements observed with their parameters; 10885 tenant switch inputs over 19 header names; 183938 responses judged on every header
 1673 tenant B route values replayed, 2912 tenant B opens of the routes A was about to attack
 108 endpoints, 252692 requests, 194 tenant B values, 87749 parameter attacks, 21115 body value attacks, 52766 differential checks (2583 values tenant A holds itself not compared), 308616 traced lookups



Test Run Failed.
Total tests: 120
     Passed: 119
     Failed: 1
 Total time: 18.1749 Minutes
Results File: /out/gates-L2.trx
exit 1
wall 1123
