
Build succeeded.
    0 Warning(s)
    0 Error(s)

Time Elapsed 00:00:07.73
Test run for /work/tests/Erp.Gates.Tests/bin/Release/net10.0/Erp.Gates.Tests.dll (.NETCoreApp,Version=v10.0)
A total of 1 test files matched the specified pattern.
[xUnit.net 00:00:00.00] xUnit.net VSTest Adapter v3.1.5+1b188a7b0a (64-bit .NET 10.0.12)
[xUnit.net 00:00:00.12]   Discovering: Erp.Gates.Tests
[xUnit.net 00:00:00.30]   Discovered:  Erp.Gates.Tests
[xUnit.net 00:00:00.43]   Starting:    Erp.Gates.Tests
  Passed Erp.Gates.Tests.SelfTests.GateSelfTests.The_database_check_catches_a_unique_index_across_tenants [72 ms]
  Passed Erp.Gates.Tests.SelfTests.GateSelfTests.The_company_grant_check_catches_access_given_without_checking_the_caller_or_the_user [4 s]
  Passed Erp.Gates.Tests.SelfTests.GateSelfTests.The_database_check_catches_a_table_without_row_level_security [67 ms]
  Passed Erp.Gates.Tests.SelfTests.GateSelfTests.The_process_state_check_catches_a_static_cache_and_a_stateful_singleton [66 ms]
  Passed Erp.Gates.Tests.SelfTests.GateSelfTests.The_company_policy_check_catches_a_company_table_without_the_company_scope [56 ms]
  Passed Erp.Gates.Tests.SelfTests.GateSelfTests.The_grant_bearing_record_check_catches_a_role_delete_without_the_grant_check [7 s]
  Passed Erp.Gates.Tests.SelfTests.GateSelfTests.The_grant_bearing_record_check_catches_an_edit_that_skips_the_access_check_when_only_the_email_changes [7 s]
  Passed Erp.Gates.Tests.SelfTests.GateSelfTests.The_grant_escalation_check_catches_an_endpoint_that_grants_any_role [2 s]
  Passed Erp.Gates.Tests.SelfTests.GateSelfTests.The_permission_checks_catch_a_write_guarded_by_a_read_permission_and_a_read_that_writes [135 ms]
  Passed Erp.Gates.Tests.SelfTests.WriteOracleSelfTests.The_write_oracle_check_catches_a_create_that_refuses_another_tenants_address [3 s]
  Passed Erp.Gates.Tests.G2.G2PermissionTests.Every_declared_permission_is_in_the_catalogue_and_every_catalogue_permission_is_used [1 ms]
  Passed Erp.Gates.Tests.G2.G2PermissionTests.Every_endpoint_declares_exactly_one_permission_or_is_reviewed_anonymous [3 ms]
  Passed Erp.Gates.Tests.G2.G2PermissionTests.A_user_whose_roles_grant_nothing_is_denied_everything_and_sees_no_menu [1 s]
  Passed Erp.Gates.Tests.G2.G2PermissionTests.The_host_refuses_to_start_with_an_endpoint_whose_permission_is_not_in_the_catalogue [67 ms]
  Passed Erp.Gates.Tests.G2.G2PermissionTests.Users_cannot_escalate_their_own_privileges [519 ms]
  Passed Erp.Gates.Tests.G2.G2PermissionTests.Creating_a_user_cannot_grant_more_than_the_caller_holds [918 ms]
  Passed Erp.Gates.Tests.G2.G2PermissionTests.Anonymous_callers_get_401_from_every_permissioned_endpoint [38 ms]
  Passed Erp.Gates.Tests.G2.G2PermissionTests.The_reviewed_permission_map_catches_a_weaker_permission_an_unreviewed_endpoint_and_a_stale_line [38 ms]
  Passed Erp.Gates.Tests.G2.G2PermissionTests.Every_registered_list_is_readable_with_its_permission_alone [2 s]
  Passed Erp.Gates.Tests.G2.G2PermissionTests.The_host_refuses_a_list_whose_endpoint_declares_another_permission [30 ms]
  Passed Erp.Gates.Tests.G2.G2PermissionTests.Sharing_a_view_needs_the_share_permission_and_the_lists_own_permission [670 ms]
  Passed Erp.Gates.Tests.G2.G2PermissionTests.Undeclared_endpoints_fall_back_to_deny [11 ms]
  Passed Erp.Gates.Tests.G2.G2PermissionTests.The_host_refuses_to_start_with_an_endpoint_that_declares_no_permission [18 ms]
  Passed Erp.Gates.Tests.G2.G2PermissionTests.Requests_that_only_read_cannot_write [9 ms]
  Passed Erp.Gates.Tests.G2.G2PermissionTests.No_endpoint_grants_more_than_the_caller_holds [1 s]
  Passed Erp.Gates.Tests.G2.G2PermissionTests.Every_module_route_is_under_a_reviewed_map_or_derives_its_permission_from_its_list [5 ms]
  Passed Erp.Gates.Tests.G2.G2PermissionTests.Granting_exactly_one_permission_opens_exactly_the_endpoints_that_declare_it [18 s]
  Passed Erp.Gates.Tests.G2.G2PermissionTests.No_endpoint_that_changes_data_is_guarded_by_a_read_permission [< 1 ms]
  Passed Erp.Gates.Tests.G2.G2PermissionTests.Every_endpoint_under_a_reviewed_prefix_declares_exactly_its_reviewed_permission [1 ms]
  Passed Erp.Gates.Tests.G2.G2PermissionTests.The_declaration_check_catches_AllowAnonymous_stacked_on_a_permission [13 ms]
  Passed Erp.Gates.Tests.G1.G1NonInterferenceTests.What_tenant_A_is_answered_never_depends_on_what_tenant_B_did [1 m 1 s]
  Passed Erp.Gates.Tests.G2.G2AccountTakeoverTests.Acting_on_a_record_that_grants_access_needs_everything_it_grants [5 s]
  Passed Erp.Gates.Tests.G2.G2AccountTakeoverTests.Nobody_resets_their_own_password_or_ends_their_own_access_through_administration [446 ms]
[xUnit.net 00:01:19.83]     Erp.Gates.Tests.G1.G1CompanyIsolationTests.A_user_of_company_X_cannot_reach_company_Y_through_any_endpoint [FAIL]
[xUnit.net 00:01:19.83]       Answers that tell company Y's values apart from values that exist nowhere:
[xUnit.net 00:01:19.83]       company X read-only user → GET /api/reports/lists/identity.roles?search=01a10d68-3291-7d33-b28f-6fbb4431119c: 200 {"key":"identity.roles","title":"Roles","subject":null,"issuer":"Alpha Trading","language":"en","direction":"ltr","numerals":"latn","parameters":[],"facts":[]," but for a value that exists nowhere 200 {"key":"identity.roles","title":"Roles","subject":null,"issuer":"Alpha Trading","language":"en","direction":"ltr","numerals":"latn","parameters":[],"facts":[],"
[xUnit.net 00:01:19.83]       company X read-only user → GET /api/reports/lists/identity.roles?search=0191260e-f484-71ea-b017-3475dc7565b0: 200 {"key":"identity.roles","title":"Roles","subject":null,"issuer":"Alpha Trading","language":"en","direction":"ltr","numerals":"latn","parameters":[],"facts":[]," but for a value that exists nowhere 200 {"key":"identity.roles","title":"Roles","subject":null,"issuer":"Alpha Trading","language":"en","direction":"ltr","numerals":"latn","parameters":[],"facts":[],"
[xUnit.net 00:01:19.83]       company X read-only user → GET /api/reports/lists/identity.roles?search=01a10d68-32a2-7692-bc6b-bfc11df443d3: 200 {"key":"identity.roles","title":"Roles","subject":null,"issuer":"Alpha Trading","language":"en","direction":"ltr","numerals":"latn","parameters":[],"facts":[]," but for a value that exists nowhere 200 {"key":"identity.roles","title":"Roles","subject":null,"issuer":"Alpha Trading","language":"en","direction":"ltr","numerals":"latn","parameters":[],"facts":[],"
[xUnit.net 00:01:19.83]       company X read-only user → GET /api/reports/lists/identity.roles?search=0191260e-f485-7634-95ab-f2e9bae0183a: 200 {"key":"identity.roles","title":"Roles","subject":null,"issuer":"Alpha Trading","language":"en","direction":"ltr","numerals":"latn","parameters":[],"facts":[]," but for a value that exists nowhere 200 {"key":"identity.roles","title":"Roles","subject":null,"issuer":"Alpha Trading","language":"en","direction":"ltr","numerals":"latn","parameters":[],"facts":[],"
[xUnit.net 00:01:19.83]       company X read-only user → GET /api/reports/lists/identity.roles?search=0191260e-f486-7a36-8cef-a2bc895a1464: 200 {"key":"identity.roles","title":"Roles","subject":null,"issuer":"Alpha Trading","language":"en","direction":"ltr","numerals":"latn","parameters":[],"facts":[]," but for a value that exists nowhere 200 {"key":"identity.roles","title":"Roles","subject":null,"issuer":"Alpha Trading","language":"en","direction":"ltr","numerals":"latn","parameters":[],"facts":[],"
[xUnit.net 00:01:19.83]       company X read-only user → GET /api/reports/lists/identity.roles?search=01a10d68-32ad-72cd-ada8-b1ea8072955f: 200 {"key":"identity.roles","title":"Roles","subject":null,"issuer":"Alpha Trading","language":"en","direction":"ltr","numerals":"latn","parameters":[],"facts":[]," but for a value that exists nowhere 200 {"key":"identity.roles","title":"Roles","subject":null,"issuer":"Alpha Trading","language":"en","direction":"ltr","numerals":"latn","parameters":[],"facts":[],"
[xUnit.net 00:01:19.83]       company X read-only user → GET /api/reports/lists/identity.roles?search=01a10d68-32a2-7d7b-951f-0dbb1557f1fb: 200 {"key":"identity.roles","title":"Roles","subject":null,"issuer":"Alpha Trading","language":"en","direction":"ltr","numerals":"latn","parameters":[],"facts":[]," but for a value that exists nowhere 200 {"key":"identity.roles","title":"Roles","subject":null,"issuer":"Alpha Trading","language":"en","direction":"ltr","numerals":"latn","parameters":[],"facts":[],"
[xUnit.net 00:01:19.83]       company X read-only user → GET /api/reports/lists/identity.users?search=01a10d68-3291-7d33-b28f-6fbb4431119c: 200 {"key":"identity.users","title":"Users","subject":null,"issuer":"Alpha Trading","language":"en","direction":"ltr","numerals":"latn","parameters":[],"facts":[]," but for a value that exists nowhere 200 {"key":"identity.users","title":"Users","subject":null,"issuer":"Alpha Trading","language":"en","direction":"ltr","numerals":"latn","parameters":[],"facts":[],"
[xUnit.net 00:01:19.83]       company X read-only user → GET /api/reports/lists/identity.users?search=01a10d68-32a2-7692-bc6b-bfc11df443d3: 200 {"key":"identity.users","title":"Users","subject":null,"issuer":"Alpha Trading","language":"en","direction":"ltr","numerals":"latn","parameters":[],"facts":[]," but for a value that exists nowhere 200 {"key":"identity.users","title":"Users","subject":null,"issuer":"Alpha Trading","language":"en","direction":"ltr","numerals":"latn","parameters":[],"facts":[],"
[xUnit.net 00:01:19.83]       company X read-only user → GET /api/reports/lists/identity.users?search=0191260e-f485-7634-95ab-f2e9bae0183a: 200 {"key":"identity.users","title":"Users","subject":null,"issuer":"Alpha Trading","language":"en","direction":"ltr","numerals":"latn","parameters":[],"facts":[]," but for a value that exists nowhere 200 {"key":"identity.users","title":"Users","subject":null,"issuer":"Alpha Trading","language":"en","direction":"ltr","numerals":"latn","parameters":[],"facts":[],"
[xUnit.net 00:01:19.83]       company X read-only user → GET /api/reports/lists/identity.users?search=01a10d68-32a2-7d7b-951f-0dbb1557f1fb: 200 {"key":"identity.users","title":"Users","subject":null,"issuer":"Alpha Trading","language":"en","direction":"ltr","numerals":"latn","parameters":[],"facts":[]," but for a value that exists nowhere 200 {"key":"identity.users","title":"Users","subject":null,"issuer":"Alpha Trading","language":"en","direction":"ltr","numerals":"latn","parameters":[],"facts":[],"
[xUnit.net 00:01:19.83]       company X read-only user → GET /api/reports/lists/identity.users?search=0191260e-f484-71ea-b017-3475dc7565b0: 200 {"key":"identity.users","title":"Users","subject":null,"issuer":"Alpha Trading","language":"en","direction":"ltr","numerals":"latn","parameters":[],"facts":[]," but for a value that exists nowhere 200 {"key":"identity.users","title":"Users","subject":null,"issuer":"Alpha Trading","language":"en","direction":"ltr","numerals":"latn","parameters":[],"facts":[],"
[xUnit.net 00:01:19.83]       company X read-only user → GET /api/reports/lists/identity.users?search=0191260e-f486-7a36-8cef-a2bc895a1464: 200 {"key":"identity.users","title":"Users","subject":null,"issuer":"Alpha Trading","language":"en","direction":"ltr","numerals":"latn","parameters":[],"facts":[]," but for a value that exists nowhere 200 {"key":"identity.users","title":"Users","subject":null,"issuer":"Alpha Trading","language":"en","direction":"ltr","numerals":"latn","parameters":[],"facts":[],"
[xUnit.net 00:01:19.83]       company X read-only user → GET /api/reports/lists/identity.users?search=01a10d68-32ad-72cd-ada8-b1ea8072955f: 200 {"key":"identity.users","title":"Users","subject":null,"issuer":"Alpha Trading","language":"en","direction":"ltr","numerals":"latn","parameters":[],"facts":[]," but for a value that exists nowhere 200 {"key":"identity.users","title":"Users","subject":null,"issuer":"Alpha Trading","language":"en","direction":"ltr","numerals":"latn","parameters":[],"facts":[],"
[xUnit.net 00:01:19.83]       company X read-only user → GET /api/reports/lists/tenancy.access?search=0191260e-f485-7634-95ab-f2e9bae0183a: 200 {"key":"tenancy.access","title":"Company access","subject":null,"issuer":"Alpha Trading","language":"en","direction":"ltr","numerals":"latn","parameters":[],"fa but for a value that exists nowhere 200 {"key":"tenancy.access","title":"Company access","subject":null,"issuer":"Alpha Trading","language":"en","direction":"ltr","numerals":"latn","parameters":[],"fa
[xUnit.net 00:01:19.83]       company X read-only user → GET /api/reports/lists/tenancy.access?search=01a10d68-32ad-72cd-ada8-b1ea8072955f: 200 {"key":"tenancy.access","title":"Company access","subject":null,"issuer":"Alpha Trading","language":"en","direction":"ltr","numerals":"latn","parameters":[],"fa but for a value that exists nowhere 200 {"key":"tenancy.access","title":"Company access","subject":null,"issuer":"Alpha Trading","language":"en","direction":"ltr","numerals":"latn","parameters":[],"fa
[xUnit.net 00:01:19.83]       company X read-only user → GET /api/reports/lists/tenancy.access?search=01a10d68-32a2-7692-bc6b-bfc11df443d3: 200 {"key":"tenancy.access","title":"Company access","subject":null,"issuer":"Alpha Trading","language":"en","direction":"ltr","numerals":"latn","parameters":[],"fa but for a value that exists nowhere 200 {"key":"tenancy.access","title":"Company access","subject":null,"issuer":"Alpha Trading","language":"en","direction":"ltr","numerals":"latn","parameters":[],"fa
[xUnit.net 00:01:19.83]       company X read-only user → GET /api/reports/lists/tenancy.access?search=0191260e-f484-71ea-b017-3475dc7565b0: 200 {"key":"tenancy.access","title":"Company access","subject":null,"issuer":"Alpha Trading","language":"en","direction":"ltr","numerals":"latn","parameters":[],"fa but for a value that exists nowhere 200 {"key":"tenancy.access","title":"Company access","subject":null,"issuer":"Alpha Trading","language":"en","direction":"ltr","numerals":"latn","parameters":[],"fa
[xUnit.net 00:01:19.83]       company X read-only user → GET /api/reports/lists/tenancy.access?search=0191260e-f486-7a36-8cef-a2bc895a1464: 200 {"key":"tenancy.access","title":"Company access","subject":null,"issuer":"Alpha Trading","language":"en","direction":"ltr","numerals":"latn","parameters":[],"fa but for a value that exists nowhere 200 {"key":"tenancy.access","title":"Company access","subject":null,"issuer":"Alpha Trading","language":"en","direction":"ltr","numerals":"latn","parameters":[],"fa
[xUnit.net 00:01:19.83]       company X read-only user → GET /api/reports/lists/tenancy.access?search=01a10d68-32a2-7d7b-951f-0dbb1557f1fb: 200 {"key":"tenancy.access","title":"Company access","subject":null,"issuer":"Alpha Trading","language":"en","direction":"ltr","numerals":"latn","parameters":[],"fa but for a value that exists nowhere 200 {"key":"tenancy.access","title":"Company access","subject":null,"issuer":"Alpha Trading","language":"en","direction":"ltr","numerals":"latn","parameters":[],"fa
[xUnit.net 00:01:19.83]       company X read-only user → GET /api/reports/lists/tenancy.access?search=01a10d68-3291-7d33-b28f-6fbb4431119c: 200 {"key":"tenancy.access","title":"Company access","subject":null,"issuer":"Alpha Trading","language":"en","direction":"ltr","numerals":"latn","parameters":[],"fa but for a value that exists nowhere 200 {"key":"tenancy.access","title":"Company access","subject":null,"issuer":"Alpha Trading","language":"en","direction":"ltr","numerals":"latn","parameters":[],"fa
[xUnit.net 00:01:19.83]       company X read-only user → GET /api/reports/lists/tenancy.branches?search=01a10d68-32a2-7d7b-951f-0dbb1557f1fb: 200 {"key":"tenancy.branches","title":"Branches","subject":null,"issuer":"Alpha Trading","language":"en","direction":"ltr","numerals":"latn","parameters":[],"facts" but for a value that exists nowhere 200 {"key":"tenancy.branches","title":"Branches","subject":null,"issuer":"Alpha Trading","language":"en","direction":"ltr","numerals":"latn","parameters":[],"facts"
[xUnit.net 00:01:19.83]       company X read-only user → GET /api/reports/lists/tenancy.branches?search=01a10d68-3291-7d33-b28f-6fbb4431119c: 200 {"key":"tenancy.branches","title":"Branches","subject":null,"issuer":"Alpha Trading","language":"en","direction":"ltr","numerals":"latn","parameters":[],"facts" but for a value that exists nowhere 200 {"key":"tenancy.branches","title":"Branches","subject":null,"issuer":"Alpha Trading","language":"en","direction":"ltr","numerals":"latn","parameters":[],"facts"
[xUnit.net 00:01:19.83]       company X read-only user → GET /api/reports/lists/tenancy.branches?search=0191260e-f486-7a36-8cef-a2bc895a1464: 200 {"key":"tenancy.branches","title":"Branches","subject":null,"issuer":"Alpha Trading","language":"en","direction":"ltr","numerals":"latn","parameters":[],"facts" but for a value that exists nowhere 200 {"key":"tenancy.branches","title":"Branches","subject":null,"issuer":"Alpha Trading","language":"en","direction":"ltr","numerals":"latn","parameters":[],"facts"
[xUnit.net 00:01:19.83]       company X read-only user → GET /api/reports/lists/tenancy.branches?search=0191260e-f485-7634-95ab-f2e9bae0183a: 200 {"key":"tenancy.branches","title":"Branches","subject":null,"issuer":"Alpha Trading","language":"en","direction":"ltr","numerals":"latn","parameters":[],"facts" but for a value that exists nowhere 200 {"key":"tenancy.branches","title":"Branches","subject":null,"issuer":"Alpha Trading","language":"en","direction":"ltr","numerals":"latn","parameters":[],"facts"
[xUnit.net 00:01:19.83]       company X read-only user → GET /api/reports/lists/tenancy.branches?search=01a10d68-32a2-7692-bc6b-bfc11df443d3: 200 {"key":"tenancy.branches","title":"Branches","subject":null,"issuer":"Alpha Trading","language":"en","direction":"ltr","numerals":"latn","parameters":[],"facts" but for a value that exists nowhere 200 {"key":"tenancy.branches","title":"Branches","subject":null,"issuer":"Alpha Trading","language":"en","direction":"ltr","numerals":"latn","parameters":[],"facts"
[xUnit.net 00:01:19.83]       company X read-only user → GET /api/reports/lists/tenancy.branches?search=0191260e-f484-71ea-b017-3475dc7565b0: 200 {"key":"tenancy.branches","title":"Branches","subject":null,"issuer":"Alpha Trading","language":"en","direction":"ltr","numerals":"latn","parameters":[],"facts" but for a value that exists nowhere 200 {"key":"tenancy.branches","title":"Branches","subject":null,"issuer":"Alpha Trading","language":"en","direction":"ltr","numerals":"latn","parameters":[],"facts"
[xUnit.net 00:01:19.83]       company X read-only user → GET /api/reports/lists/tenancy.branches?search=01a10d68-32ad-72cd-ada8-b1ea8072955f: 200 {"key":"tenancy.branches","title":"Branches","subject":null,"issuer":"Alpha Trading","language":"en","direction":"ltr","numerals":"latn","parameters":[],"facts" but for a value that exists nowhere 200 {"key":"tenancy.branches","title":"Branches","subject":null,"issuer":"Alpha Trading","language":"en","direction":"ltr","numerals":"latn","parameters":[],"facts"
[xUnit.net 00:01:19.83]       company X read-only user → GET /api/reports/lists/tenancy.companies?search=01a10d68-32a2-7692-bc6b-bfc11df443d3: 200 {"key":"tenancy.companies","title":"Companies","subject":null,"issuer":"Alpha Trading","language":"en","direction":"ltr","numerals":"latn","parameters":[],"fact but for a value that exists nowhere 200 {"key":"tenancy.companies","title":"Companies","subject":null,"issuer":"Alpha Trading","language":"en","direction":"ltr","numerals":"latn","parameters":[],"fact
[xUnit.net 00:01:19.83]       company X read-only user → GET /api/reports/lists/tenancy.companies?search=0191260e-f485-7634-95ab-f2e9bae0183a: 200 {"key":"tenancy.companies","title":"Companies","subject":null,"issuer":"Alpha Trading","language":"en","direction":"ltr","numerals":"latn","parameters":[],"fact but for a value that exists nowhere 200 {"key":"tenancy.companies","title":"Companies","subject":null,"issuer":"Alpha Trading","language":"en","direction":"ltr","numerals":"latn","parameters":[],"fact
[xUnit.net 00:01:19.83]       Stack Trace:
[xUnit.net 00:01:19.83]         /work/tests/Erp.Gates.Tests/G1/G1CompanyIsolationTests.cs(46,0): at Erp.Gates.Tests.G1.G1CompanyIsolationTests.A_user_of_company_X_cannot_reach_company_Y_through_any_endpoint()
[xUnit.net 00:01:19.83]         --- End of stack trace from previous location ---
[xUnit.net 00:01:19.83]       Output:
[xUnit.net 00:01:19.83]         98 endpoints, 50788 requests, 20 company Y markers, 5304 differential checks, 5 write oracle checks
  Failed Erp.Gates.Tests.G1.G1CompanyIsolationTests.A_user_of_company_X_cannot_reach_company_Y_through_any_endpoint [1 m 9 s]
  Error Message:
   Answers that tell company Y's values apart from values that exist nowhere:
company X read-only user → GET /api/reports/lists/identity.roles?search=01a10d68-3291-7d33-b28f-6fbb4431119c: 200 {"key":"identity.roles","title":"Roles","subject":null,"issuer":"Alpha Trading","language":"en","direction":"ltr","numerals":"latn","parameters":[],"facts":[]," but for a value that exists nowhere 200 {"key":"identity.roles","title":"Roles","subject":null,"issuer":"Alpha Trading","language":"en","direction":"ltr","numerals":"latn","parameters":[],"facts":[],"
company X read-only user → GET /api/reports/lists/identity.roles?search=0191260e-f484-71ea-b017-3475dc7565b0: 200 {"key":"identity.roles","title":"Roles","subject":null,"issuer":"Alpha Trading","language":"en","direction":"ltr","numerals":"latn","parameters":[],"facts":[]," but for a value that exists nowhere 200 {"key":"identity.roles","title":"Roles","subject":null,"issuer":"Alpha Trading","language":"en","direction":"ltr","numerals":"latn","parameters":[],"facts":[],"
company X read-only user → GET /api/reports/lists/identity.roles?search=01a10d68-32a2-7692-bc6b-bfc11df443d3: 200 {"key":"identity.roles","title":"Roles","subject":null,"issuer":"Alpha Trading","language":"en","direction":"ltr","numerals":"latn","parameters":[],"facts":[]," but for a value that exists nowhere 200 {"key":"identity.roles","title":"Roles","subject":null,"issuer":"Alpha Trading","language":"en","direction":"ltr","numerals":"latn","parameters":[],"facts":[],"
company X read-only user → GET /api/reports/lists/identity.roles?search=0191260e-f485-7634-95ab-f2e9bae0183a: 200 {"key":"identity.roles","title":"Roles","subject":null,"issuer":"Alpha Trading","language":"en","direction":"ltr","numerals":"latn","parameters":[],"facts":[]," but for a value that exists nowhere 200 {"key":"identity.roles","title":"Roles","subject":null,"issuer":"Alpha Trading","language":"en","direction":"ltr","numerals":"latn","parameters":[],"facts":[],"
company X read-only user → GET /api/reports/lists/identity.roles?search=0191260e-f486-7a36-8cef-a2bc895a1464: 200 {"key":"identity.roles","title":"Roles","subject":null,"issuer":"Alpha Trading","language":"en","direction":"ltr","numerals":"latn","parameters":[],"facts":[]," but for a value that exists nowhere 200 {"key":"identity.roles","title":"Roles","subject":null,"issuer":"Alpha Trading","language":"en","direction":"ltr","numerals":"latn","parameters":[],"facts":[],"
company X read-only user → GET /api/reports/lists/identity.roles?search=01a10d68-32ad-72cd-ada8-b1ea8072955f: 200 {"key":"identity.roles","title":"Roles","subject":null,"issuer":"Alpha Trading","language":"en","direction":"ltr","numerals":"latn","parameters":[],"facts":[]," but for a value that exists nowhere 200 {"key":"identity.roles","title":"Roles","subject":null,"issuer":"Alpha Trading","language":"en","direction":"ltr","numerals":"latn","parameters":[],"facts":[],"
company X read-only user → GET /api/reports/lists/identity.roles?search=01a10d68-32a2-7d7b-951f-0dbb1557f1fb: 200 {"key":"identity.roles","title":"Roles","subject":null,"issuer":"Alpha Trading","language":"en","direction":"ltr","numerals":"latn","parameters":[],"facts":[]," but for a value that exists nowhere 200 {"key":"identity.roles","title":"Roles","subject":null,"issuer":"Alpha Trading","language":"en","direction":"ltr","numerals":"latn","parameters":[],"facts":[],"
company X read-only user → GET /api/reports/lists/identity.users?search=01a10d68-3291-7d33-b28f-6fbb4431119c: 200 {"key":"identity.users","title":"Users","subject":null,"issuer":"Alpha Trading","language":"en","direction":"ltr","numerals":"latn","parameters":[],"facts":[]," but for a value that exists nowhere 200 {"key":"identity.users","title":"Users","subject":null,"issuer":"Alpha Trading","language":"en","direction":"ltr","numerals":"latn","parameters":[],"facts":[],"
company X read-only user → GET /api/reports/lists/identity.users?search=01a10d68-32a2-7692-bc6b-bfc11df443d3: 200 {"key":"identity.users","title":"Users","subject":null,"issuer":"Alpha Trading","language":"en","direction":"ltr","numerals":"latn","parameters":[],"facts":[]," but for a value that exists nowhere 200 {"key":"identity.users","title":"Users","subject":null,"issuer":"Alpha Trading","language":"en","direction":"ltr","numerals":"latn","parameters":[],"facts":[],"
company X read-only user → GET /api/reports/lists/identity.users?search=0191260e-f485-7634-95ab-f2e9bae0183a: 200 {"key":"identity.users","title":"Users","subject":null,"issuer":"Alpha Trading","language":"en","direction":"ltr","numerals":"latn","parameters":[],"facts":[]," but for a value that exists nowhere 200 {"key":"identity.users","title":"Users","subject":null,"issuer":"Alpha Trading","language":"en","direction":"ltr","numerals":"latn","parameters":[],"facts":[],"
company X read-only user → GET /api/reports/lists/identity.users?search=01a10d68-32a2-7d7b-951f-0dbb1557f1fb: 200 {"key":"identity.users","title":"Users","subject":null,"issuer":"Alpha Trading","language":"en","direction":"ltr","numerals":"latn","parameters":[],"facts":[]," but for a value that exists nowhere 200 {"key":"identity.users","title":"Users","subject":null,"issuer":"Alpha Trading","language":"en","direction":"ltr","numerals":"latn","parameters":[],"facts":[],"
company X read-only user → GET /api/reports/lists/identity.users?search=0191260e-f484-71ea-b017-3475dc7565b0: 200 {"key":"identity.users","title":"Users","subject":null,"issuer":"Alpha Trading","language":"en","direction":"ltr","numerals":"latn","parameters":[],"facts":[]," but for a value that exists nowhere 200 {"key":"identity.users","title":"Users","subject":null,"issuer":"Alpha Trading","language":"en","direction":"ltr","numerals":"latn","parameters":[],"facts":[],"
company X read-only user → GET /api/reports/lists/identity.users?search=0191260e-f486-7a36-8cef-a2bc895a1464: 200 {"key":"identity.users","title":"Users","subject":null,"issuer":"Alpha Trading","language":"en","direction":"ltr","numerals":"latn","parameters":[],"facts":[]," but for a value that exists nowhere 200 {"key":"identity.users","title":"Users","subject":null,"issuer":"Alpha Trading","language":"en","direction":"ltr","numerals":"latn","parameters":[],"facts":[],"
company X read-only user → GET /api/reports/lists/identity.users?search=01a10d68-32ad-72cd-ada8-b1ea8072955f: 200 {"key":"identity.users","title":"Users","subject":null,"issuer":"Alpha Trading","language":"en","direction":"ltr","numerals":"latn","parameters":[],"facts":[]," but for a value that exists nowhere 200 {"key":"identity.users","title":"Users","subject":null,"issuer":"Alpha Trading","language":"en","direction":"ltr","numerals":"latn","parameters":[],"facts":[],"
company X read-only user → GET /api/reports/lists/tenancy.access?search=0191260e-f485-7634-95ab-f2e9bae0183a: 200 {"key":"tenancy.access","title":"Company access","subject":null,"issuer":"Alpha Trading","language":"en","direction":"ltr","numerals":"latn","parameters":[],"fa but for a value that exists nowhere 200 {"key":"tenancy.access","title":"Company access","subject":null,"issuer":"Alpha Trading","language":"en","direction":"ltr","numerals":"latn","parameters":[],"fa
company X read-only user → GET /api/reports/lists/tenancy.access?search=01a10d68-32ad-72cd-ada8-b1ea8072955f: 200 {"key":"tenancy.access","title":"Company access","subject":null,"issuer":"Alpha Trading","language":"en","direction":"ltr","numerals":"latn","parameters":[],"fa but for a value that exists nowhere 200 {"key":"tenancy.access","title":"Company access","subject":null,"issuer":"Alpha Trading","language":"en","direction":"ltr","numerals":"latn","parameters":[],"fa
company X read-only user → GET /api/reports/lists/tenancy.access?search=01a10d68-32a2-7692-bc6b-bfc11df443d3: 200 {"key":"tenancy.access","title":"Company access","subject":null,"issuer":"Alpha Trading","language":"en","direction":"ltr","numerals":"latn","parameters":[],"fa but for a value that exists nowhere 200 {"key":"tenancy.access","title":"Company access","subject":null,"issuer":"Alpha Trading","language":"en","direction":"ltr","numerals":"latn","parameters":[],"fa
company X read-only user → GET /api/reports/lists/tenancy.access?search=0191260e-f484-71ea-b017-3475dc7565b0: 200 {"key":"tenancy.access","title":"Company access","subject":null,"issuer":"Alpha Trading","language":"en","direction":"ltr","numerals":"latn","parameters":[],"fa but for a value that exists nowhere 200 {"key":"tenancy.access","title":"Company access","subject":null,"issuer":"Alpha Trading","language":"en","direction":"ltr","numerals":"latn","parameters":[],"fa
company X read-only user → GET /api/reports/lists/tenancy.access?search=0191260e-f486-7a36-8cef-a2bc895a1464: 200 {"key":"tenancy.access","title":"Company access","subject":null,"issuer":"Alpha Trading","language":"en","direction":"ltr","numerals":"latn","parameters":[],"fa but for a value that exists nowhere 200 {"key":"tenancy.access","title":"Company access","subject":null,"issuer":"Alpha Trading","language":"en","direction":"ltr","numerals":"latn","parameters":[],"fa
company X read-only user → GET /api/reports/lists/tenancy.access?search=01a10d68-32a2-7d7b-951f-0dbb1557f1fb: 200 {"key":"tenancy.access","title":"Company access","subject":null,"issuer":"Alpha Trading","language":"en","direction":"ltr","numerals":"latn","parameters":[],"fa but for a value that exists nowhere 200 {"key":"tenancy.access","title":"Company access","subject":null,"issuer":"Alpha Trading","language":"en","direction":"ltr","numerals":"latn","parameters":[],"fa
company X read-only user → GET /api/reports/lists/tenancy.access?search=01a10d68-3291-7d33-b28f-6fbb4431119c: 200 {"key":"tenancy.access","title":"Company access","subject":null,"issuer":"Alpha Trading","language":"en","direction":"ltr","numerals":"latn","parameters":[],"fa but for a value that exists nowhere 200 {"key":"tenancy.access","title":"Company access","subject":null,"issuer":"Alpha Trading","language":"en","direction":"ltr","numerals":"latn","parameters":[],"fa
company X read-only user → GET /api/reports/lists/tenancy.branches?search=01a10d68-32a2-7d7b-951f-0dbb1557f1fb: 200 {"key":"tenancy.branches","title":"Branches","subject":null,"issuer":"Alpha Trading","language":"en","direction":"ltr","numerals":"latn","parameters":[],"facts" but for a value that exists nowhere 200 {"key":"tenancy.branches","title":"Branches","subject":null,"issuer":"Alpha Trading","language":"en","direction":"ltr","numerals":"latn","parameters":[],"facts"
company X read-only user → GET /api/reports/lists/tenancy.branches?search=01a10d68-3291-7d33-b28f-6fbb4431119c: 200 {"key":"tenancy.branches","title":"Branches","subject":null,"issuer":"Alpha Trading","language":"en","direction":"ltr","numerals":"latn","parameters":[],"facts" but for a value that exists nowhere 200 {"key":"tenancy.branches","title":"Branches","subject":null,"issuer":"Alpha Trading","language":"en","direction":"ltr","numerals":"latn","parameters":[],"facts"
company X read-only user → GET /api/reports/lists/tenancy.branches?search=0191260e-f486-7a36-8cef-a2bc895a1464: 200 {"key":"tenancy.branches","title":"Branches","subject":null,"issuer":"Alpha Trading","language":"en","direction":"ltr","numerals":"latn","parameters":[],"facts" but for a value that exists nowhere 200 {"key":"tenancy.branches","title":"Branches","subject":null,"issuer":"Alpha Trading","language":"en","direction":"ltr","numerals":"latn","parameters":[],"facts"
company X read-only user → GET /api/reports/lists/tenancy.branches?search=0191260e-f485-7634-95ab-f2e9bae0183a: 200 {"key":"tenancy.branches","title":"Branches","subject":null,"issuer":"Alpha Trading","language":"en","direction":"ltr","numerals":"latn","parameters":[],"facts" but for a value that exists nowhere 200 {"key":"tenancy.branches","title":"Branches","subject":null,"issuer":"Alpha Trading","language":"en","direction":"ltr","numerals":"latn","parameters":[],"facts"
company X read-only user → GET /api/reports/lists/tenancy.branches?search=01a10d68-32a2-7692-bc6b-bfc11df443d3: 200 {"key":"tenancy.branches","title":"Branches","subject":null,"issuer":"Alpha Trading","language":"en","direction":"ltr","numerals":"latn","parameters":[],"facts" but for a value that exists nowhere 200 {"key":"tenancy.branches","title":"Branches","subject":null,"issuer":"Alpha Trading","language":"en","direction":"ltr","numerals":"latn","parameters":[],"facts"
company X read-only user → GET /api/reports/lists/tenancy.branches?search=0191260e-f484-71ea-b017-3475dc7565b0: 200 {"key":"tenancy.branches","title":"Branches","subject":null,"issuer":"Alpha Trading","language":"en","direction":"ltr","numerals":"latn","parameters":[],"facts" but for a value that exists nowhere 200 {"key":"tenancy.branches","title":"Branches","subject":null,"issuer":"Alpha Trading","language":"en","direction":"ltr","numerals":"latn","parameters":[],"facts"
company X read-only user → GET /api/reports/lists/tenancy.branches?search=01a10d68-32ad-72cd-ada8-b1ea8072955f: 200 {"key":"tenancy.branches","title":"Branches","subject":null,"issuer":"Alpha Trading","language":"en","direction":"ltr","numerals":"latn","parameters":[],"facts" but for a value that exists nowhere 200 {"key":"tenancy.branches","title":"Branches","subject":null,"issuer":"Alpha Trading","language":"en","direction":"ltr","numerals":"latn","parameters":[],"facts"
company X read-only user → GET /api/reports/lists/tenancy.companies?search=01a10d68-32a2-7692-bc6b-bfc11df443d3: 200 {"key":"tenancy.companies","title":"Companies","subject":null,"issuer":"Alpha Trading","language":"en","direction":"ltr","numerals":"latn","parameters":[],"fact but for a value that exists nowhere 200 {"key":"tenancy.companies","title":"Companies","subject":null,"issuer":"Alpha Trading","language":"en","direction":"ltr","numerals":"latn","parameters":[],"fact
company X read-only user → GET /api/reports/lists/tenancy.companies?search=0191260e-f485-7634-95ab-f2e9bae0183a: 200 {"key":"tenancy.companies","title":"Companies","subject":null,"issuer":"Alpha Trading","language":"en","direction":"ltr","numerals":"latn","parameters":[],"fact but for a value that exists nowhere 200 {"key":"tenancy.companies","title":"Companies","subject":null,"issuer":"Alpha Trading","language":"en","direction":"ltr","numerals":"latn","parameters":[],"fact
  Stack Trace:
     at Erp.Gates.Tests.G1.G1CompanyIsolationTests.A_user_of_company_X_cannot_reach_company_Y_through_any_endpoint() in /work/tests/Erp.Gates.Tests/G1/G1CompanyIsolationTests.cs:line 46
--- End of stack trace from previous location ---
  Standard Output Messages:
 98 endpoints, 50788 requests, 20 company Y markers, 5304 differential checks, 5 write oracle checks


  Passed Erp.Gates.Tests.G1.G1ClientStateTests.Every_piece_of_module_level_state_in_the_web_sources_is_reviewed [33 ms]
  Passed Erp.Gates.Tests.G1.G1ClientStateTests.The_inventory_finds_planted_module_state [8 ms]
  Passed Erp.Gates.Tests.SelfTests.ResponseTextSelfTests.Only_a_recent_instant_and_a_short_dated_text_are_scrubbed_as_the_print_stamp [< 1 ms]
  Passed Erp.Gates.Tests.SelfTests.ResponseTextSelfTests.A_compressed_pdf_and_a_zipped_workbook_are_read_for_their_text [229 ms]
  Passed Erp.Gates.Tests.SelfTests.ResponseTextSelfTests.Right_to_left_runs_are_also_given_in_logical_order [< 1 ms]
  Passed Erp.Gates.Tests.G1.G1CompanyScopeTests.Every_company_table_carries_the_standard_company_scope_policy [8 ms]
  Passed Erp.Gates.Tests.G1.G1CompanyScopeTests.The_application_role_sees_and_changes_only_the_bound_companies_in_every_company_table [79 ms]
  Passed Erp.Gates.Tests.G1.G1SignInThrottleTests.Failed_sign_ins_from_one_client_never_lock_the_account_out_for_anyone_else [5 s]
  Passed Erp.Gates.Tests.G2.G2AccountTakeoverTests.Acting_on_a_user_needs_every_permission_that_user_holds [3 s]
  Passed Erp.Gates.Tests.G2.G2AccountTakeoverTests.Creating_from_a_role_cannot_grant_more_than_the_caller_holds [351 ms]
  Passed Erp.Gates.Tests.G1.G1DatabaseIsolationTests.Every_table_is_tenant_owned_or_a_reviewed_platform_table [3 ms]
  Passed Erp.Gates.Tests.G1.G1DatabaseIsolationTests.A_tenant_set_for_the_whole_connection_or_left_by_an_earlier_transaction_is_ignored [7 ms]
  Passed Erp.Gates.Tests.G1.G1CredentialTests.The_function_owner_writes_only_where_reviewed [40 ms]
  Passed Erp.Gates.Tests.G1.G1DatabaseIsolationTests.Application_role_sees_and_changes_only_its_own_tenant_in_every_tenant_table [247 ms]
  Passed Erp.Gates.Tests.G1.G1DatabaseIsolationTests.Foreign_keys_between_tenant_tables_include_the_tenant [5 ms]
  Passed Erp.Gates.Tests.G1.G1DatabaseIsolationTests.Tenant_tables_have_an_id_primary_key [9 ms]
  Passed Erp.Gates.Tests.G1.G1DatabaseIsolationTests.Tenant_tables_enforce_row_level_security_with_the_standard_policy [33 ms]
[xUnit.net 00:01:22.21]       static Erp.Modules.Reports.ReportEndpoints.PrintCache: a read-only field that holds a mutable ConcurrentDictionary<String, ReportDocument>. Make it immutable, scope it to the request, key it by tenant, or review it in tests/Gates/process-state-allowlist.txt.
[xUnit.net 00:01:22.21]       Stack Trace:
[xUnit.net 00:01:22.21]         /work/tests/Erp.Gates.Tests/G1/G1ProcessStateTests.cs(39,0): at Erp.Gates.Tests.G1.G1ProcessStateTests.Process_wide_state_is_immutable_or_reviewed()
[xUnit.net 00:01:22.21]            at System.RuntimeMethodHandle.InvokeMethod(ObjectHandleOnStack target, Void** arguments, ObjectHandleOnStack sig, BOOL isConstructor, ObjectHandleOnStack result)
[xUnit.net 00:01:22.21]            at System.RuntimeMethodHandle.InvokeMethod(ObjectHandleOnStack target, Void** arguments, ObjectHandleOnStack sig, BOOL isConstructor, ObjectHandleOnStack result)
[xUnit.net 00:01:22.21]            at System.Reflection.MethodBaseInvoker.InterpretedInvoke_Method(Object obj, IntPtr* args)
[xUnit.net 00:01:22.21]            at System.Reflection.RuntimeMethodInfo.Invoke(Object obj, BindingFlags invokeAttr, Binder binder, Object[] parameters, CultureInfo culture)
[xUnit.net 00:01:22.21]       Output:
[xUnit.net 00:01:22.21]         348 types, 68 fields, 11 singleton services inspected, 102 endpoint delegates walked (2868 objects) to 13 closures; 7 reviewed findings
[xUnit.net 00:01:22.21]     Erp.Gates.Tests.G1.G1ProcessStateTests.Process_wide_state_is_immutable_or_reviewed [FAIL]
  Passed Erp.Gates.Tests.G1.G1CredentialTests.The_sign_in_lookup_reveals_no_hash_and_no_account_before_the_password_is_proven [75 ms]
  Passed Erp.Gates.Tests.G1.G1DatabaseIsolationTests.Security_definer_functions_are_exactly_the_reviewed_ones [6 ms]
  Passed Erp.Gates.Tests.G1.G1CredentialTests.The_application_role_can_read_no_stored_credential [13 ms]
  Passed Erp.Gates.Tests.G1.G1DatabaseIsolationTests.Leakproof_functions_are_postgres_defaults_or_reviewed [17 ms]
  Passed Erp.Gates.Tests.G1.G1CredentialTests.No_reviewed_function_returns_a_credential_column_or_a_whole_row [7 ms]
  Passed Erp.Gates.Tests.G1.G1DatabaseIsolationTests.Audit_trail_is_append_only_for_the_application [7 ms]
  Passed Erp.Gates.Tests.G1.G1DatabaseIsolationTests.Application_role_cannot_bypass_row_level_security_or_become_a_role_that_can [14 ms]
  Failed Erp.Gates.Tests.G1.G1ProcessStateTests.Process_wide_state_is_immutable_or_reviewed [8 ms]
  Error Message:
   static Erp.Modules.Reports.ReportEndpoints.PrintCache: a read-only field that holds a mutable ConcurrentDictionary<String, ReportDocument>. Make it immutable, scope it to the request, key it by tenant, or review it in tests/Gates/process-state-allowlist.txt.
  Stack Trace:
     at Erp.Gates.Tests.G1.G1ProcessStateTests.Process_wide_state_is_immutable_or_reviewed() in /work/tests/Erp.Gates.Tests/G1/G1ProcessStateTests.cs:line 39
   at System.RuntimeMethodHandle.InvokeMethod(ObjectHandleOnStack target, Void** arguments, ObjectHandleOnStack sig, BOOL isConstructor, ObjectHandleOnStack result)
   at System.RuntimeMethodHandle.InvokeMethod(ObjectHandleOnStack target, Void** arguments, ObjectHandleOnStack sig, BOOL isConstructor, ObjectHandleOnStack result)
   at System.Reflection.MethodBaseInvoker.InterpretedInvoke_Method(Object obj, IntPtr* args)
   at System.Reflection.RuntimeMethodInfo.Invoke(Object obj, BindingFlags invokeAttr, Binder binder, Object[] parameters, CultureInfo culture)
  Standard Output Messages:
 348 types, 68 fields, 11 singleton services inspected, 102 endpoint delegates walked (2868 objects) to 13 closures; 7 reviewed findings


  Passed Erp.Gates.Tests.G1.G1ReviewedLookupTests.Only_reviewed_source_files_name_a_reviewed_function [8 ms]
  Passed Erp.Gates.Tests.G1.G1ReviewedLookupTests.Every_reviewed_function_has_reviewed_callers_and_sources [1 ms]
  Passed Erp.Gates.Tests.G1.G1ReviewedLookupTests.Reviewed_lookups_answer_nothing_inside_a_tenant_bound_transaction [14 ms]
  Passed Erp.Gates.Tests.G1.G1TenantSourceTests.Only_reviewed_files_choose_a_tenant_or_step_around_the_unit_of_work [50 ms]
  Passed Erp.Gates.Tests.G1.G1TenantSourceTests.The_scanner_catches_every_planted_bypass [1 ms]
  Passed Erp.Gates.Tests.G1.G1UniqueIndexTests.Unique_indexes_on_tenant_tables_include_the_tenant [20 ms]
  Passed Erp.Gates.Tests.G1.G1TenantValueRuleTests.Every_shape_of_setting_change_is_read_with_its_value [10 ms]
  Passed Erp.Gates.Tests.G1.G1TenantValueRuleTests.A_request_may_run_its_SQL_only_under_the_tenant_it_may_bind [1 ms]
  Passed Erp.Gates.Tests.G1.G1SignInThrottleTests.Sign_in_failures_give_one_answer_that_states_no_policy [2 s]
  Passed Erp.Gates.Tests.Rules.AuditGateTests.Every_tenant_table_carries_the_audit_trigger_unless_reviewed_exempt [26 ms]
  Passed Erp.Gates.Tests.Rules.AuditGateTests.Changing_ones_own_interface_preferences_is_audited_field_by_field [540 ms]
  Passed Erp.Gates.Tests.Rules.AuditGateTests.Writes_through_the_API_leave_field_level_audit_rows_attributed_to_the_user [162 ms]
  Passed Erp.Gates.Tests.Rules.AuditGateTests.Writes_that_bypass_the_ORM_are_audited_too [19 ms]
  Passed Erp.Gates.Tests.G1.G1WriteOracleTests.Writes_answer_the_same_for_another_tenants_values_as_for_values_that_exist_nowhere [1 s]
  Passed Erp.Gates.Tests.Rules.LicenceGateTests.The_font_check_catches_an_unreviewed_font_changed_bytes_and_a_missing_licence [5 ms]
  Passed Erp.Gates.Tests.Rules.LicenceGateTests.Every_NuGet_package_has_an_allowed_licence [12 ms]
  Passed Erp.Gates.Tests.Rules.AuditGateTests.Passwords_are_redacted_in_the_audit_trail [169 ms]
  Passed Erp.Gates.Tests.Rules.LicenceGateTests.Every_font_file_in_the_repository_is_reviewed_with_its_licence_beside_it [7 ms]
  Passed Erp.Gates.Tests.Rules.LicenceGateTests.Every_npm_package_has_an_allowed_licence [7 ms]
  Passed Erp.Gates.Tests.Rules.BulkTimeoutGateTests.Only_the_seed_runner_and_the_platform_build_the_application_pools [16 ms]
  Passed Erp.Gates.Tests.Rules.BulkTimeoutGateTests.Bulk_code_never_sets_a_literal_command_timeout_or_opens_its_own_connection [7 ms]
  Passed Erp.Gates.Tests.Rules.BulkTimeoutGateTests.The_seed_runner_puts_every_tenant_seed_on_the_bulk_pool [< 1 ms]
  Passed Erp.Gates.Tests.G2.G2CompanyAccessGrantTests.Company_access_is_given_and_taken_only_within_what_the_caller_holds_and_never_from_a_stronger_user [2 s]
  Passed Erp.Gates.Tests.Rules.ListIndexGateTests.Search_fields_and_sortable_columns_of_database_lists_are_indexed [100 ms]
  Passed Erp.Gates.Tests.Rules.ModuleBoundaryGateTests.Modules_use_one_another_only_through_their_contracts [31 ms]
  Passed Erp.Gates.Tests.Rules.ModuleBoundaryGateTests.The_boundary_check_catches_a_module_reaching_into_another_one [< 1 ms]
  Passed Erp.Gates.Tests.Rules.MoneyGateTests.No_floating_point_or_money_columns_in_the_database [2 ms]
  Passed Erp.Gates.Tests.Rules.MoneyGateTests.No_float_or_double_in_server_code [14 ms]
  Passed Erp.Gates.Tests.Rules.MoneyGateTests.No_parseFloat_in_front_end_code [4 ms]
  Passed Erp.Gates.Tests.Rules.RegistrationGateTests.Every_registered_list_is_served_as_a_page_whose_rows_carry_its_columns [58 ms]
  Passed Erp.Gates.Tests.Rules.RegistrationGateTests.Navigation_reaches_every_screen_and_every_menu_entry_opens_a_screen_with_its_permission [5 ms]
  Passed Erp.Gates.Tests.Rules.ShellGateTests.Screens_format_numbers_amounts_and_dates_through_the_kernel_formatter [3 ms]
  Passed Erp.Gates.Tests.Rules.ShellGateTests.Language_and_digit_fields_document_their_allowed_values [48 ms]
  Passed Erp.Gates.Tests.Rules.ShellGateTests.Stylesheets_and_inline_styles_use_logical_directions_only [37 ms]
  Passed Erp.Gates.Tests.Rules.ShellGateTests.Every_navigation_group_has_an_English_and_Arabic_heading [< 1 ms]
  Passed Erp.Gates.Tests.Rules.OpenApiGateTests.OpenApi_document_covers_every_endpoint_with_its_permission [49 ms]
  Passed Erp.Gates.Tests.Rules.OpenApiGateTests.Decimals_are_documented_as_strings [60 ms]
  Passed Erp.Gates.Tests.Rules.StringGateTests.Every_problem_and_validation_code_in_server_code_has_text [14 ms]
  Passed Erp.Gates.Tests.Rules.StringGateTests.Server_string_files_have_matching_English_and_Arabic_keys [9 ms]
  Passed Erp.Gates.Tests.Rules.StringGateTests.Web_string_files_have_matching_English_and_Arabic_keys [3 ms]
  Passed Erp.Gates.Tests.Rules.StringGateTests.Every_permission_module_and_menu_entry_has_labels [7 ms]
  Passed Erp.Gates.Tests.Rules.StringGateTests.Count_messages_use_plural_forms [9 ms]
  Passed Erp.Gates.Tests.G1.G1TenantSettingCodeTests.Only_reviewed_methods_name_the_tenant_setting [30 ms]
  Passed Erp.Gates.Tests.G1.G1TenantSettingCodeTests.The_scan_finds_a_helper_that_names_the_tenant_setting [51 ms]
  Passed Erp.Gates.Tests.Rules.ListContractGateTests.Every_sortable_column_orders_its_list_both_ways_and_keyset_paging_matches_one_page [1 s]
  Passed Erp.Gates.Tests.Rules.ReportGateTests.Every_report_and_printable_list_renders_in_every_format_and_both_languages [2 s]
  Passed Erp.Gates.Tests.Rules.ReportGateTests.Every_list_is_printable_and_every_report_is_well_formed [2 ms]
  Passed Erp.Gates.Tests.Rules.ListContractGateTests.Every_filterable_column_filters_its_list_and_other_columns_are_refused [1 s]
  Passed Erp.Gates.Tests.Rules.ListContractGateTests.Every_registered_list_documents_the_list_query_contract_and_its_definition [165 ms]
  Passed Erp.Gates.Tests.Rules.ListContractGateTests.Every_search_field_is_searched_word_by_word_and_grouping_counts_every_row_once [353 ms]
[xUnit.net 00:05:41.29]     Erp.Gates.Tests.G1.G1HttpIsolationTests.Tenant_A_cannot_reach_tenant_B_through_any_endpoint [FAIL]
[xUnit.net 00:05:41.29]       4500 leaks:
[xUnit.net 00:05:41.29]       tenant A administrator (cookie) → GET /api/reports/lists/identity.roles [TenantHeaders] → 200: response contains tenant B marker CNRY51B3E37EB0
[xUnit.net 00:05:41.29]       tenant A administrator (cookie) → GET /api/reports/lists/identity.roles [Plain] → 200: response contains tenant B marker CNRY51B3E37EB0
[xUnit.net 00:05:41.29]       tenant A administrator (bearer) → GET /api/reports/lists/identity.roles [TenantHeaders] → 200: response contains tenant B marker CNRY51B3E37EB0
[xUnit.net 00:05:41.29]       tenant A administrator (bearer) → GET /api/reports/lists/identity.roles [Plain] → 200: response contains tenant B marker CNRY51B3E37EB0
[xUnit.net 00:05:41.29]       tenant A administrator (bearer) → GET /api/reports/lists/identity.users [Plain] → 200: response contains tenant B marker CNRY51B3E37EB0
[xUnit.net 00:05:41.30]       tenant A administrator (cookie) → GET /api/reports/lists/identity.users [Plain] → 200: response contains tenant B marker CNRY51B3E37EB0
[xUnit.net 00:05:41.30]       tenant A administrator (bearer) → GET /api/reports/lists/identity.users [TenantHeaders] → 200: response contains tenant B marker CNRY51B3E37EB0
[xUnit.net 00:05:41.30]       tenant A administrator (cookie) → GET /api/reports/lists/identity.users [TenantHeaders] → 200: response contains tenant B marker CNRY51B3E37EB0
[xUnit.net 00:05:41.30]       tenant A administrator (bearer) → GET /api/reports/lists/tenancy.access [Plain] → 200: response contains tenant B marker CNRY51B3E37EB0
[xUnit.net 00:05:41.30]       tenant A administrator (bearer) → GET /api/reports/lists/tenancy.access [TenantHeaders] → 200: response contains tenant B marker CNRY51B3E37EB0
[xUnit.net 00:05:41.30]       tenant A administrator (cookie) → GET /api/reports/lists/tenancy.access [TenantHeaders] → 200: response contains tenant B marker CNRY51B3E37EB0
[xUnit.net 00:05:41.30]       tenant A administrator (cookie) → GET /api/reports/lists/tenancy.access [Plain] → 200: response contains tenant B marker CNRY51B3E37EB0
[xUnit.net 00:05:41.30]       tenant A administrator (cookie) → GET /api/reports/lists/tenancy.branches [Plain] → 200: response contains tenant B marker CNRY51B3E37EB0
[xUnit.net 00:05:41.30]       tenant A administrator (cookie) → GET /api/reports/lists/tenancy.branches [TenantHeaders] → 200: response contains tenant B marker CNRY51B3E37EB0
[xUnit.net 00:05:41.30]       tenant A administrator (bearer) → GET /api/reports/lists/tenancy.branches [Plain] → 200: response contains tenant B marker CNRY51B3E37EB0
[xUnit.net 00:05:41.30]       tenant A administrator (bearer) → GET /api/reports/lists/tenancy.branches [TenantHeaders] → 200: response contains tenant B marker CNRY51B3E37EB0
[xUnit.net 00:05:41.30]       tenant A administrator (bearer) → GET /api/reports/lists/tenancy.companies [Plain] → 200: response contains tenant B marker CNRY51B3E37EB0
[xUnit.net 00:05:41.30]       tenant A administrator (cookie) → GET /api/reports/lists/tenancy.companies [Plain] → 200: response contains tenant B marker CNRY51B3E37EB0
[xUnit.net 00:05:41.30]       tenant A administrator (bearer) → GET /api/reports/lists/tenancy.companies [TenantHeaders] → 200: response contains tenant B marker CNRY51B3E37EB0
[xUnit.net 00:05:41.30]       tenant A administrator (cookie) → GET /api/reports/lists/tenancy.companies [TenantHeaders] → 200: response contains tenant B marker CNRY51B3E37EB0
[xUnit.net 00:05:41.30]       tenant A administrator (cookie) → GET /api/reports/lists/identity.roles [header If-Unmodified-Since: 0190a000-0000-7000-8000-00000000000b] → 200: response contains tenant B marker CNRY51B3E37EB0
[xUnit.net 00:05:41.30]       tenant A administrator (cookie) → GET /api/reports/lists/identity.roles [header If-None-Match: 0190a000-0000-7000-8000-00000000000b] → 200: response contains tenant B marker CNRY51B3E37EB0
[xUnit.net 00:05:41.30]       tenant A administrator (cookie) → GET /api/reports/lists/identity.roles [header If-Match: 0190a000-0000-7000-8000-00000000000b] → 200: response contains tenant B marker CNRY51B3E37EB0
[xUnit.net 00:05:41.30]       tenant A administrator (cookie) → GET /api/reports/lists/identity.roles [header User-Agent: 0190a000-0000-7000-8000-00000000000b] → 200: response contains tenant B marker CNRY51B3E37EB0
[xUnit.net 00:05:41.30]       tenant A administrator (cookie) → GET /api/reports/lists/identity.roles [header Accept: 0190a000-0000-7000-8000-00000000000b] → 200: response contains tenant B marker CNRY51B3E37EB0
[xUnit.net 00:05:41.30]       tenant A administrator (cookie) → GET /api/reports/lists/identity.roles [header Accept-Language: 0190a000-0000-7000-8000-00000000000b] → 200: response contains tenant B marker CNRY51B3E37EB0
[xUnit.net 00:05:41.30]       tenant A administrator (cookie) → GET /api/reports/lists/identity.roles [header If-Modified-Since: 0190a000-0000-7000-8000-00000000000b] → 200: response contains tenant B marker CNRY51B3E37EB0
[xUnit.net 00:05:41.30]       tenant A administrator (cookie) → GET /api/reports/lists/identity.roles [header Tenant-Id: 0190a000-0000-7000-8000-00000000000b] → 200: response contains tenant B marker CNRY51B3E37EB0
[xUnit.net 00:05:41.30]       tenant A administrator (cookie) → GET /api/reports/lists/identity.roles [header X-Erp-Printed-At: 0190a000-0000-7000-8000-00000000000b] → 200: response contains tenant B marker CNRY51B3E37EB0
[xUnit.net 00:05:41.30]       tenant A administrator (cookie) → GET /api/reports/lists/identity.roles [header X-Erp-Tenant: 0190a000-0000-7000-8000-00000000000b] → 200: response contains tenant B marker CNRY51B3E37EB0
[xUnit.net 00:05:41.30]       tenant A administrator (cookie) → GET /api/reports/lists/identity.roles [header X-Tenant-Id: 0190a000-0000-7000-8000-00000000000b] → 200: response contains tenant B marker CNRY51B3E37EB0
[xUnit.net 00:05:41.30]       tenant A administrator (cookie) → GET /api/reports/lists/identity.roles [header X-Erp-Workspace: 0190a000-0000-7000-8000-00000000000b] → 200: response contains tenant B marker CNRY51B3E37EB0
[xUnit.net 00:05:41.30]       tenant A administrator (cookie) → GET /api/reports/lists/identity.roles [header X-Forwarded-Host: 0190a000-0000-7000-8000-00000000000b] → 200: response contains tenant B marker CNRY51B3E37EB0
[xUnit.net 00:05:41.30]       tenant A administrator (cookie) → GET /api/reports/lists/identity.roles [header X-Company-Id: 0190a000-0000-7000-8000-00000000000b] → 200: response contains tenant B marker CNRY51B3E37EB0
[xUnit.net 00:05:41.30]       tenant A administrator (cookie) → GET /api/reports/lists/identity.roles [header X-Tenant: 0190a000-0000-7000-8000-00000000000b] → 200: response contains tenant B marker CNRY51B3E37EB0
[xUnit.net 00:05:41.30]       tenant A administrator (cookie) → GET /api/reports/lists/identity.roles [header X-Erp-Request: 0190a000-0000-7000-8000-00000000000b] → 200: response contains tenant B marker CNRY51B3E37EB0
[xUnit.net 00:05:41.30]       tenant A administrator (cookie) → GET /api/reports/lists/identity.roles?companyId=0190a000-0000-7000-8000-00000000000b [query companyId] → 200: response contains tenant B marker CNRY51B3E37EB0
[xUnit.net 00:05:41.30]       tenant A administrator (cookie) → GET /api/reports/lists/identity.roles?code=0190a000-0000-7000-8000-00000000000b [query code] → 200: response contains tenant B marker CNRY51B3E37EB0
[xUnit.net 00:05:41.30]       tenant A administrator (cookie) → GET /api/reports/lists/identity.roles?company=0190a000-0000-7000-8000-00000000000b [query company] → 200: response contains tenant B marker CNRY51B3E37EB0
[xUnit.net 00:05:41.30]       tenant A administrator (cookie) → GET /api/reports/lists/identity.roles?after=0190a000-0000-7000-8000-00000000000b [query after] → 200: response contains tenant B marker CNRY51B3E37EB0
[xUnit.net 00:05:41.30]       tenant A administrator (cookie) → GET /api/reports/lists/identity.roles [header X-Workspace: 0190a000-0000-7000-8000-00000000000b] → 200: response contains tenant B marker CNRY51B3E37EB0
[xUnit.net 00:05:41.30]       tenant A administrator (cookie) → GET /api/reports/lists/identity.roles?documentName=0190a000-0000-7000-8000-00000000000b [query documentName] → 200: response contains tenant B marker CNRY51B3E37EB0
[xUnit.net 00:05:41.30]       tenant A administrator (cookie) → GET /api/reports/lists/identity.roles?includeInactive=0190a000-0000-7000-8000-00000000000b [query includeInactive] → 200: response contains tenant B marker CNRY51B3E37EB0
[xUnit.net 00:05:41.30]       tenant A administrator (cookie) → GET /api/reports/lists/identity.roles?id=0190a000-0000-7000-8000-00000000000b [query id] → 200: response contains tenant B marker CNRY51B3E37EB0
[xUnit.net 00:05:41.30]       tenant A administrator (cookie) → GET /api/reports/lists/identity.roles?emirate=0190a000-0000-7000-8000-00000000000b [query emirate] → 200: response contains tenant B marker CNRY51B3E37EB0
[xUnit.net 00:05:41.30]       tenant A administrator (cookie) → GET /api/reports/lists/identity.roles?email=0190a000-0000-7000-8000-00000000000b [query email] → 200: response contains tenant B marker CNRY51B3E37EB0
[xUnit.net 00:05:41.30]       tenant A administrator (cookie) → GET /api/reports/lists/identity.roles?q=0190a000-0000-7000-8000-00000000000b [query q] → 200: response contains tenant B marker CNRY51B3E37EB0
[xUnit.net 00:05:41.30]       tenant A administrator (cookie) → GET /api/reports/lists/identity.roles?search=0190a000-0000-7000-8000-00000000000b [query search] → 200: response contains tenant B marker CNRY51B3E37EB0
[xUnit.net 00:05:41.30]       tenant A administrator (cookie) → GET /api/reports/lists/identity.roles?name=0190a000-0000-7000-8000-00000000000b [query name] → 200: response contains tenant B marker CNRY51B3E37EB0
[xUnit.net 00:05:41.30]       tenant A administrator (cookie) → GET /api/reports/lists/identity.roles?skip=0190a000-0000-7000-8000-00000000000b [query skip] → 200: response contains tenant B marker CNRY51B3E37EB0
[xUnit.net 00:05:41.30]       Stack Trace:
[xUnit.net 00:05:41.30]         /work/tests/Erp.Gates.Tests/G1/G1HttpIsolationTests.cs(63,0): at Erp.Gates.Tests.G1.G1HttpIsolationTests.Tenant_A_cannot_reach_tenant_B_through_any_endpoint()
[xUnit.net 00:05:41.30]         --- End of stack trace from previous location ---
[xUnit.net 00:05:41.30]       Output:
[xUnit.net 00:05:41.30]         routes, tenant headers and guessed queries: 60444 requests so far, 62.8 s
[xUnit.net 00:05:41.30]         tenant switch inputs: 18 headers, 32 query names, 2 cookies, 34 body names: 70822 requests so far, 86.1 s
[xUnit.net 00:05:41.30]         write after write: 100 pairs over 50 endpoints, 10870 tenant A requests: 70822 requests so far, 143.2 s
[xUnit.net 00:05:41.30]         tenant B values in route and query parameters: 190945 requests so far, 248.0 s
[xUnit.net 00:05:41.30]         registered lists through their query contract: 12175 attacks, 21877 requests: 212822 requests so far, 264.4 s
[xUnit.net 00:05:41.30]         tenant B values in body fields: 233937 requests so far, 299.7 s
[xUnit.net 00:05:41.30]         tenant B activity: 65302 requests (25368 concurrent with the attack), 504 successful own writes, 65234 responses judged for tenant A markers: 233937 requests so far, 307.1 s
[xUnit.net 00:05:41.30]         tenant B: 88 ids (51 sampled), 103 text values, 81 extra markers, 39 probe values
[xUnit.net 00:05:41.30]         289993 tenant bindings and 781414 setting statements judged among 3426885 statements; 289993 tenant values judged, 2820367 statements observed with their parameters; 10378 tenant switch inputs over 18 header names; 180778 responses judged on every header
[xUnit.net 00:05:41.30]         1673 tenant B route values replayed, 2876 tenant B opens of the routes A was about to attack
[xUnit.net 00:05:41.30]         107 endpoints, 244807 requests, 191 tenant B values, 85901 parameter attacks, 21115 body value attacks, 51077 differential checks (2523 values tenant A holds itself not compared), 291641 traced lookups
[xUnit.net 00:05:41.54]   Finished:    Erp.Gates.Tests (ID = 'd67f9af34c5c91feae69a31c7ab81956a411c8cd54ea4942d23c1fd06e059e25')
  Failed Erp.Gates.Tests.G1.G1HttpIsolationTests.Tenant_A_cannot_reach_tenant_B_through_any_endpoint [5 m 30 s]
  Error Message:
   4500 leaks:
tenant A administrator (cookie) → GET /api/reports/lists/identity.roles [TenantHeaders] → 200: response contains tenant B marker CNRY51B3E37EB0
tenant A administrator (cookie) → GET /api/reports/lists/identity.roles [Plain] → 200: response contains tenant B marker CNRY51B3E37EB0
tenant A administrator (bearer) → GET /api/reports/lists/identity.roles [TenantHeaders] → 200: response contains tenant B marker CNRY51B3E37EB0
tenant A administrator (bearer) → GET /api/reports/lists/identity.roles [Plain] → 200: response contains tenant B marker CNRY51B3E37EB0
tenant A administrator (bearer) → GET /api/reports/lists/identity.users [Plain] → 200: response contains tenant B marker CNRY51B3E37EB0
tenant A administrator (cookie) → GET /api/reports/lists/identity.users [Plain] → 200: response contains tenant B marker CNRY51B3E37EB0
tenant A administrator (bearer) → GET /api/reports/lists/identity.users [TenantHeaders] → 200: response contains tenant B marker CNRY51B3E37EB0
tenant A administrator (cookie) → GET /api/reports/lists/identity.users [TenantHeaders] → 200: response contains tenant B marker CNRY51B3E37EB0
tenant A administrator (bearer) → GET /api/reports/lists/tenancy.access [Plain] → 200: response contains tenant B marker CNRY51B3E37EB0
tenant A administrator (bearer) → GET /api/reports/lists/tenancy.access [TenantHeaders] → 200: response contains tenant B marker CNRY51B3E37EB0
tenant A administrator (cookie) → GET /api/reports/lists/tenancy.access [TenantHeaders] → 200: response contains tenant B marker CNRY51B3E37EB0
tenant A administrator (cookie) → GET /api/reports/lists/tenancy.access [Plain] → 200: response contains tenant B marker CNRY51B3E37EB0
tenant A administrator (cookie) → GET /api/reports/lists/tenancy.branches [Plain] → 200: response contains tenant B marker CNRY51B3E37EB0
tenant A administrator (cookie) → GET /api/reports/lists/tenancy.branches [TenantHeaders] → 200: response contains tenant B marker CNRY51B3E37EB0
tenant A administrator (bearer) → GET /api/reports/lists/tenancy.branches [Plain] → 200: response contains tenant B marker CNRY51B3E37EB0
tenant A administrator (bearer) → GET /api/reports/lists/tenancy.branches [TenantHeaders] → 200: response contains tenant B marker CNRY51B3E37EB0
tenant A administrator (bearer) → GET /api/reports/lists/tenancy.companies [Plain] → 200: response contains tenant B marker CNRY51B3E37EB0
tenant A administrator (cookie) → GET /api/reports/lists/tenancy.companies [Plain] → 200: response contains tenant B marker CNRY51B3E37EB0
tenant A administrator (bearer) → GET /api/reports/lists/tenancy.companies [TenantHeaders] → 200: response contains tenant B marker CNRY51B3E37EB0
tenant A administrator (cookie) → GET /api/reports/lists/tenancy.companies [TenantHeaders] → 200: response contains tenant B marker CNRY51B3E37EB0
tenant A administrator (cookie) → GET /api/reports/lists/identity.roles [header If-Unmodified-Since: 0190a000-0000-7000-8000-00000000000b] → 200: response contains tenant B marker CNRY51B3E37EB0
tenant A administrator (cookie) → GET /api/reports/lists/identity.roles [header If-None-Match: 0190a000-0000-7000-8000-00000000000b] → 200: response contains tenant B marker CNRY51B3E37EB0
tenant A administrator (cookie) → GET /api/reports/lists/identity.roles [header If-Match: 0190a000-0000-7000-8000-00000000000b] → 200: response contains tenant B marker CNRY51B3E37EB0
tenant A administrator (cookie) → GET /api/reports/lists/identity.roles [header User-Agent: 0190a000-0000-7000-8000-00000000000b] → 200: response contains tenant B marker CNRY51B3E37EB0
tenant A administrator (cookie) → GET /api/reports/lists/identity.roles [header Accept: 0190a000-0000-7000-8000-00000000000b] → 200: response contains tenant B marker CNRY51B3E37EB0
tenant A administrator (cookie) → GET /api/reports/lists/identity.roles [header Accept-Language: 0190a000-0000-7000-8000-00000000000b] → 200: response contains tenant B marker CNRY51B3E37EB0
tenant A administrator (cookie) → GET /api/reports/lists/identity.roles [header If-Modified-Since: 0190a000-0000-7000-8000-00000000000b] → 200: response contains tenant B marker CNRY51B3E37EB0
tenant A administrator (cookie) → GET /api/reports/lists/identity.roles [header Tenant-Id: 0190a000-0000-7000-8000-00000000000b] → 200: response contains tenant B marker CNRY51B3E37EB0
tenant A administrator (cookie) → GET /api/reports/lists/identity.roles [header X-Erp-Printed-At: 0190a000-0000-7000-8000-00000000000b] → 200: response contains tenant B marker CNRY51B3E37EB0
tenant A administrator (cookie) → GET /api/reports/lists/identity.roles [header X-Erp-Tenant: 0190a000-0000-7000-8000-00000000000b] → 200: response contains tenant B marker CNRY51B3E37EB0
tenant A administrator (cookie) → GET /api/reports/lists/identity.roles [header X-Tenant-Id: 0190a000-0000-7000-8000-00000000000b] → 200: response contains tenant B marker CNRY51B3E37EB0
tenant A administrator (cookie) → GET /api/reports/lists/identity.roles [header X-Erp-Workspace: 0190a000-0000-7000-8000-00000000000b] → 200: response contains tenant B marker CNRY51B3E37EB0
tenant A administrator (cookie) → GET /api/reports/lists/identity.roles [header X-Forwarded-Host: 0190a000-0000-7000-8000-00000000000b] → 200: response contains tenant B marker CNRY51B3E37EB0
tenant A administrator (cookie) → GET /api/reports/lists/identity.roles [header X-Company-Id: 0190a000-0000-7000-8000-00000000000b] → 200: response contains tenant B marker CNRY51B3E37EB0
tenant A administrator (cookie) → GET /api/reports/lists/identity.roles [header X-Tenant: 0190a000-0000-7000-8000-00000000000b] → 200: response contains tenant B marker CNRY51B3E37EB0
tenant A administrator (cookie) → GET /api/reports/lists/identity.roles [header X-Erp-Request: 0190a000-0000-7000-8000-00000000000b] → 200: response contains tenant B marker CNRY51B3E37EB0
tenant A administrator (cookie) → GET /api/reports/lists/identity.roles?companyId=0190a000-0000-7000-8000-00000000000b [query companyId] → 200: response contains tenant B marker CNRY51B3E37EB0
tenant A administrator (cookie) → GET /api/reports/lists/identity.roles?code=0190a000-0000-7000-8000-00000000000b [query code] → 200: response contains tenant B marker CNRY51B3E37EB0
tenant A administrator (cookie) → GET /api/reports/lists/identity.roles?company=0190a000-0000-7000-8000-00000000000b [query company] → 200: response contains tenant B marker CNRY51B3E37EB0
tenant A administrator (cookie) → GET /api/reports/lists/identity.roles?after=0190a000-0000-7000-8000-00000000000b [query after] → 200: response contains tenant B marker CNRY51B3E37EB0
tenant A administrator (cookie) → GET /api/reports/lists/identity.roles [header X-Workspace: 0190a000-0000-7000-8000-00000000000b] → 200: response contains tenant B marker CNRY51B3E37EB0
tenant A administrator (cookie) → GET /api/reports/lists/identity.roles?documentName=0190a000-0000-7000-8000-00000000000b [query documentName] → 200: response contains tenant B marker CNRY51B3E37EB0
tenant A administrator (cookie) → GET /api/reports/lists/identity.roles?includeInactive=0190a000-0000-7000-8000-00000000000b [query includeInactive] → 200: response contains tenant B marker CNRY51B3E37EB0
tenant A administrator (cookie) → GET /api/reports/lists/identity.roles?id=0190a000-0000-7000-8000-00000000000b [query id] → 200: response contains tenant B marker CNRY51B3E37EB0
tenant A administrator (cookie) → GET /api/reports/lists/identity.roles?emirate=0190a000-0000-7000-8000-00000000000b [query emirate] → 200: response contains tenant B marker CNRY51B3E37EB0
tenant A administrator (cookie) → GET /api/reports/lists/identity.roles?email=0190a000-0000-7000-8000-00000000000b [query email] → 200: response contains tenant B marker CNRY51B3E37EB0
tenant A administrator (cookie) → GET /api/reports/lists/identity.roles?q=0190a000-0000-7000-8000-00000000000b [query q] → 200: response contains tenant B marker CNRY51B3E37EB0
tenant A administrator (cookie) → GET /api/reports/lists/identity.roles?search=0190a000-0000-7000-8000-00000000000b [query search] → 200: response contains tenant B marker CNRY51B3E37EB0
tenant A administrator (cookie) → GET /api/reports/lists/identity.roles?name=0190a000-0000-7000-8000-00000000000b [query name] → 200: response contains tenant B marker CNRY51B3E37EB0
tenant A administrator (cookie) → GET /api/reports/lists/identity.roles?skip=0190a000-0000-7000-8000-00000000000b [query skip] → 200: response contains tenant B marker CNRY51B3E37EB0
  Stack Trace:
     at Erp.Gates.Tests.G1.G1HttpIsolationTests.Tenant_A_cannot_reach_tenant_B_through_any_endpoint() in /work/tests/Erp.Gates.Tests/G1/G1HttpIsolationTests.cs:line 63
--- End of stack trace from previous location ---
  Standard Output Messages:
 routes, tenant headers and guessed queries: 60444 requests so far, 62.8 s
 tenant switch inputs: 18 headers, 32 query names, 2 cookies, 34 body names: 70822 requests so far, 86.1 s
 write after write: 100 pairs over 50 endpoints, 10870 tenant A requests: 70822 requests so far, 143.2 s
 tenant B values in route and query parameters: 190945 requests so far, 248.0 s
 registered lists through their query contract: 12175 attacks, 21877 requests: 212822 requests so far, 264.4 s
 tenant B values in body fields: 233937 requests so far, 299.7 s
 tenant B activity: 65302 requests (25368 concurrent with the attack), 504 successful own writes, 65234 responses judged for tenant A markers: 233937 requests so far, 307.1 s
 tenant B: 88 ids (51 sampled), 103 text values, 81 extra markers, 39 probe values
 289993 tenant bindings and 781414 setting statements judged among 3426885 statements; 289993 tenant values judged, 2820367 statements observed with their parameters; 10378 tenant switch inputs over 18 header names; 180778 responses judged on every header
 1673 tenant B route values replayed, 2876 tenant B opens of the routes A was about to attack
 107 endpoints, 244807 requests, 191 tenant B values, 85901 parameter attacks, 21115 body value attacks, 51077 differential checks (2523 values tenant A holds itself not compared), 291641 traced lookups



Total tests: 110
     Passed: 107
     Failed: 3
Test Run Failed.
 Total time: 5.6983 Minutes
Results File: /out/gates.trx
exit 1
