<?xml version="1.0" encoding="utf-8"?>
<TestRun id="d2f41fb3-cb30-4f37-a999-2d411ac857c4" name="@docker-desktop 2026-10-09 13:17:25" xmlns="http://microsoft.com/schemas/VisualStudio/TeamTest/2010">
  <Times creation="2026-10-09T13:17:25.1251162+00:00" queuing="2026-10-09T13:17:25.1251163+00:00" start="2026-10-09T12:58:37.5138024+00:00" finish="2026-10-09T13:17:25.2479692+00:00" />
  <TestSettings name="default" id="1c9997b8-fca4-4a41-ae9c-144ede8bd099">
    <Deployment runDeploymentRoot="_docker-desktop_2026-10-09_13_17_25" />
  </TestSettings>
  <Results>
    <UnitTestResult executionId="ec6a3340-b3da-45de-a749-2045dc010de0" testId="a241cca1-0e6a-ca90-ebcd-182fab1528e2" testName="Erp.Gates.Tests.SelfTests.NonInterferenceSelfTests.The_non_interference_check_catches_shared_state_that_leaks_no_marker" computerName="docker-desktop" duration="00:17:01.7188978" startTime="2026-10-09T13:00:22.3558581+00:00" endTime="2026-10-09T13:17:24.0309915+00:00" testType="13cdc9d9-ddb5-4fa4-a97d-d965ccfc6d4b" outcome="Passed" testListId="8c84fa94-04c1-424b-9868-57a2d4851a1d" relativeResultsDirectory="ec6a3340-b3da-45de-a749-2045dc010de0">
      <Output>
        <StdOut>tenant A: GET /api/leaky/head-count is answered 200 {"letters":1084,"change":-484} in the shared process right after tenant B sent the same request, but 200 {"letters":1084,"change":0} by a fresh process only tenant A has used
tenant B: GET /api/leaky/head-count is answered 200 {"letters":1568,"change":484} in the shared process right after tenant A sent the same request, but 200 {"letters":1568,"change":0} by a fresh process only tenant B has used
tenant A: GET /api/leaky/jump?take=5&amp;skip=5&amp;search=al is answered 200 {"items":[{"id":"018cc3b5-2d80-7c47-ac65-05b92dc7fe3c","displayName":"Fatima Al Falasi","language":"ar"},{"id":"01a120bf-a452-7a91-a634-d4f1bb96200b","displ… in the shared process right after tenant B sent the same request, but 200 {"items":[{"id":"018cc3b5-2d80-7c47-ac65-05b92dc7fe3c","displayName":"Fatima Al Falasi","language":"ar"},{"id":"01a120bf-a452-7a91-a634-d4f1bb96200b","displ… by a fresh process only tenant A has used
tenant B: GET /api/leaky/jump?take=5&amp;skip=5&amp;search=al is answered 200 {"items":[{"id":"018cc3ee-db20-74fc-9d13-6cc051abcf28","displayName":"Ayesha Al Suwaidi CNRY4FA187CB5A","language":"en"},{"id":"018cc3f5-43c0-79c4-b8f8-b606… in the shared process right after tenant A sent the same request, but 200 {"items":[{"id":"018cc3ee-db20-74fc-9d13-6cc051abcf28","displayName":"Ayesha Al Suwaidi CNRY4FA187CB5A","language":"en"},{"id":"018cc3f5-43c0-79c4-b8f8-b606… by a fresh process only tenant B has used
tenant A: GET /api/leaky/jump?take=2&amp;skip=1&amp;search=al is answered 200 {"items":[{"id":"018cc3bb-9620-7cc5-8fa4-932b69c81b98","displayName":"Rashid Al Ketbi","language":"ar"},{"id":"01a120c0-9f94-72dc-9ddb-9eca818feebc","displa… in the shared process right after tenant B sent the same request, but 200 {"items":[{"id":"018cc3bb-9620-7cc5-8fa4-932b69c81b98","displayName":"Rashid Al Ketbi","language":"ar"},{"id":"01a120c0-9f94-72dc-9ddb-9eca818feebc","displa… by a fresh process only tenant A has used
tenant B: GET /api/leaky/jump?take=2&amp;skip=1&amp;search=al is answered 200 {"items":[{"id":"01a120bf-a656-74b3-92cb-caedb2438adb","displayName":"Fatima Al Zaabi CNRY4FA187CB5A","language":"ar"},{"id":"018cc3bb-9620-7718-a9f5-747ac8… in the shared process right after tenant A sent the same request, but 200 {"items":[{"id":"01a120bf-a656-74b3-92cb-caedb2438adb","displayName":"Fatima Al Zaabi CNRY4FA187CB5A","language":"ar"},{"id":"018cc3bb-9620-7718-a9f5-747ac8… by a fresh process only tenant B has used
tenant A: GET /api/leaky/jump?take=5&amp;skip=5&amp;search=e is answered 200 {"items":[{"id":"018cc41b-b780-7b0e-b00e-d1152f35a5b9","displayName":"Sophie Darwish","language":"en"},{"id":"018cc3bb-9620-7cc5-8fa4-932b69c81b98","display… in the shared process right after tenant B sent the same request, but 200 {"items":[{"id":"018cc41b-b780-7b0e-b00e-d1152f35a5b9","displayName":"Sophie Darwish","language":"en"},{"id":"018cc3bb-9620-7cc5-8fa4-932b69c81b98","display… by a fresh process only tenant A has used
tenant B: GET /api/leaky/jump?take=5&amp;skip=5&amp;search=e is answered 200 {"items":[{"id":"018cc3c1-fec0-7185-adcc-adba7b5a157a","displayName":"Khalid Reyes CNRY4FA187CB5A","language":"en"},{"id":"01a120bf-a656-7f5c-bf8f-cdc89c5fe… in the shared process right after tenant A sent the same request, but 200 {"items":[{"id":"018cc3c1-fec0-7185-adcc-adba7b5a157a","displayName":"Khalid Reyes CNRY4FA187CB5A","language":"en"},{"id":"01a120bf-a656-7f5c-bf8f-cdc89c5fe… by a fresh process only tenant B has used
tenant A: GET /api/leaky/jump?take=2&amp;skip=1&amp;search=e is answered 200 {"items":[{"id":"018cc402-1500-7682-bb0b-43d54d4306ed","displayName":"Mark Iyer","language":"en"},{"id":"01a120bf-a452-7033-a3bc-9d90ac8cbcf4","displayName"… in the shared process right after tenant B sent the same request, but 200 {"items":[{"id":"018cc402-1500-7682-bb0b-43d54d4306ed","displayName":"Mark Iyer","language":"en"},{"id":"01a120bf-a452-7033-a3bc-9d90ac8cbcf4","displayName"… by a fresh process only tenant A has used
tenant B: GET /api/leaky/jump?take=2&amp;skip=1&amp;search=e is answered 200 {"items":[{"id":"018cc3d5-38a0-721b-9b25-26af1429f082","displayName":"Hina Iyer CNRY4FA187CB5A","language":"en"},{"id":"018cc415-4ee0-7287-8dbe-b4ff5c4fefc2… in the shared process right after tenant A sent the same request, but 200 {"items":[{"id":"018cc3d5-38a0-721b-9b25-26af1429f082","displayName":"Hina Iyer CNRY4FA187CB5A","language":"en"},{"id":"018cc415-4ee0-7287-8dbe-b4ff5c4fefc2… by a fresh process only tenant B has used
tenant A: GET /api/leaky/jump?take=5&amp;skip=5&amp;search=1 is answered 200 {"items":[],"total":37,"next":null,"groups":null,"ranked":false} in the shared process right after tenant B sent the same request, but 200 {"items":[],"total":3,"next":null,"groups":null,"ranked":false} by a fresh process only tenant A has used
tenant B: GET /api/leaky/jump?take=5&amp;skip=5&amp;search=1 is answered 200 {"items":[{"id":"018cc428-88c0-79e0-a8c2-792f9b530065","displayName":"Jose Khan CNRY4FA187CB5A","language":"en"},{"id":"018cc3c8-6760-7a44-bb67-da231c4205c4… in the shared process right after tenant A sent the same request, but 200 {"items":[{"id":"018cc428-88c0-79e0-a8c2-792f9b530065","displayName":"Jose Khan CNRY4FA187CB5A","language":"en"},{"id":"018cc3c8-6760-7a44-bb67-da231c4205c4… by a fresh process only tenant B has used
tenant A: GET /api/leaky/jump?take=2&amp;skip=1&amp;search=1 is answered 200 {"items":[{"id":"5bce58e7-a81e-4f16-a2fd-b6e067c20ac5","displayName":"Activity alpha 19","language":"en"},{"id":"852ed0ee-5e80-4cb0-81e8-77d5daf5bfd4","disp… in the shared process right after tenant B sent the same request, but 200 {"items":[{"id":"5bce58e7-a81e-4f16-a2fd-b6e067c20ac5","displayName":"Activity alpha 19","language":"en"},{"id":"852ed0ee-5e80-4cb0-81e8-77d5daf5bfd4","disp… by a fresh process only tenant A has used
tenant B: GET /api/leaky/jump?take=2&amp;skip=1&amp;search=1 is answered 200 {"items":[{"id":"552f2cba-725d-4db3-8eff-99c19a605218","displayName":"Activity CNRY4FA187CB5A 19","language":"en"},{"id":"3bd649d8-5e3e-4887-b2fb-f9b902d154… in the shared process right after tenant A sent the same request, but 200 {"items":[{"id":"552f2cba-725d-4db3-8eff-99c19a605218","displayName":"Activity CNRY4FA187CB5A 19","language":"en"},{"id":"3bd649d8-5e3e-4887-b2fb-f9b902d154… by a fresh process only tenant B has used
tenant A: GET /api/leaky/jump?take=5&amp;skip=5&amp;search=ad is answered 200 {"items":[],"total":1,"next":null,"groups":null,"ranked":false} in the shared process right after tenant B sent the same request, but 200 {"items":[],"total":4,"next":null,"groups":null,"ranked":false} by a fresh process only tenant A has used
tenant B: GET /api/leaky/jump?take=5&amp;skip=5&amp;search=ad is answered 200 {"items":[],"total":4,"next":null,"groups":null,"ranked":false} in the shared process right after tenant A sent the same request, but 200 {"items":[],"total":1,"next":null,"groups":null,"ranked":false} by a fresh process only tenant B has used
tenant A: GET /api/leaky/jump?take=2&amp;skip=1&amp;search=ad is answered 200 {"items":[{"id":"018cc3d5-38a0-7663-8845-06022e127af1","displayName":"Fatima Haddad","language":"en"},{"id":"018cc422-2020-7680-9e7a-ec7c2e1e36b0","displayN… in the shared process right after tenant B sent the same request, but 200 {"items":[{"id":"018cc3d5-38a0-7663-8845-06022e127af1","displayName":"Fatima Haddad","language":"en"},{"id":"018cc422-2020-7680-9e7a-ec7c2e1e36b0","displayN… by a fresh process only tenant A has used
tenant B: GET /api/leaky/jump?take=2&amp;skip=1&amp;search=ad is answered 200 {"items":[],"total":4,"next":null,"groups":null,"ranked":false} in the shared process right after tenant A sent the same request, but 200 {"items":[],"total":1,"next":null,"groups":null,"ranked":false} by a fresh process only tenant B has used
tenant A: GET /api/leaky/people?search=al is answered 200 {"items":[{"id":"01a120bf-a452-7a87-b7ac-985ae403c580","displayName":"Fatima Al Zaabi","language":"ar"},{"id":"018cc3bb-9620-7cc5-8fa4-932b69c81b98","displa… in the shared process right after tenant B sent the same request, but 200 {"items":[{"id":"01a120bf-a452-7a87-b7ac-985ae403c580","displayName":"Fatima Al Zaabi","language":"ar"},{"id":"018cc3bb-9620-7cc5-8fa4-932b69c81b98","displa… by a fresh process only tenant A has used
tenant A: GET /api/leaky/people?search=e is answered 200 {"items":[{"id":"eeae6cc4-7f22-4f4e-be9c-d8dcede7f43d","displayName":"activity8@alpha.example","language":"en"},{"id":"018cc402-1500-7682-bb0b-43d54d4306ed"… in the shared process right after tenant B sent the same request, but 200 {"items":[{"id":"eeae6cc4-7f22-4f4e-be9c-d8dcede7f43d","displayName":"activity8@alpha.example","language":"en"},{"id":"018cc402-1500-7682-bb0b-43d54d4306ed"… by a fresh process only tenant A has used
tenant A: GET /api/leaky/people?search=1 is answered 200 {"items":[{"id":"0c56e13e-8ac3-4c56-90cb-e0258554b5be","displayName":"Activity alpha 14","language":"en"},{"id":"5bce58e7-a81e-4f16-a2fd-b6e067c20ac5","disp… in the shared process right after tenant B sent the same request, but 200 {"items":[{"id":"0c56e13e-8ac3-4c56-90cb-e0258554b5be","displayName":"Activity alpha 14","language":"en"},{"id":"5bce58e7-a81e-4f16-a2fd-b6e067c20ac5","disp… by a fresh process only tenant A has used
tenant A: GET /api/leaky/people?search=ad is answered 200 {"items":[{"id":"01a120bf-a452-768d-841d-6c44c1188fa9","displayName":"Omar Haddad","language":"en"},{"id":"018cc3d5-38a0-7663-8845-06022e127af1","displayNam… in the shared process right after tenant B sent the same request, but 200 {"items":[{"id":"01a120bf-a452-768d-841d-6c44c1188fa9","displayName":"Omar Haddad","language":"en"},{"id":"018cc3d5-38a0-7663-8845-06022e127af1","displayNam… by a fresh process only tenant A has used
tenant A: GET /api/leaky/people?take=50&amp;groupBy=language is answered 200 {"items":[{"id":"018cc40e-e640-74b3-b1f0-c9258f1bbd06","displayName":"Abdullah Al Dhaheri","language":"ar"},{"id":"018cc3ee-db20-7cce-8641-6b88deb45728","di… in the shared process right after tenant B sent the same request, but 200 {"items":[{"id":"018cc40e-e640-74b3-b1f0-c9258f1bbd06","displayName":"Abdullah Al Dhaheri","language":"ar"},{"id":"018cc3ee-db20-7cce-8641-6b88deb45728","di… by a fresh process only tenant A has used
tenant A: GET /api/leaky/people?take=50&amp;search=a&amp;groupBy=language is answered 200 {"items":[{"id":"018cc435-5a00-723f-b6bb-227e8115416f","displayName":"Abdullah Reddy","language":"en"},{"id":"018cc3ee-db20-7cce-8641-6b88deb45728","display… in the shared process right after tenant B sent the same request, but 200 {"items":[{"id":"018cc435-5a00-723f-b6bb-227e8115416f","displayName":"Abdullah Reddy","language":"en"},{"id":"018cc3ee-db20-7cce-8641-6b88deb45728","display… by a fresh process only tenant A has used
tenant A: GET /api/leaky/people?take=5&amp;skip=5&amp;search=al is answered 200 {"items":[{"id":"018cc3b5-2d80-7c47-ac65-05b92dc7fe3c","displayName":"Fatima Al Falasi","language":"ar"},{"id":"01a120bf-a452-7a91-a634-d4f1bb96200b","displ… in the shared process right after tenant B sent the same request, but 200 {"items":[{"id":"018cc3b5-2d80-7c47-ac65-05b92dc7fe3c","displayName":"Fatima Al Falasi","language":"ar"},{"id":"01a120bf-a452-7a91-a634-d4f1bb96200b","displ… by a fresh process only tenant A has used
tenant A: GET /api/leaky/people?take=2&amp;skip=1&amp;search=al is answered 200 {"items":[{"id":"018cc3bb-9620-7cc5-8fa4-932b69c81b98","displayName":"Rashid Al Ketbi","language":"ar"},{"id":"01a120c0-9f94-72dc-9ddb-9eca818feebc","displa… in the shared process right after tenant B sent the same request, but 200 {"items":[{"id":"018cc3bb-9620-7cc5-8fa4-932b69c81b98","displayName":"Rashid Al Ketbi","language":"ar"},{"id":"01a120c0-9f94-72dc-9ddb-9eca818feebc","displa… by a fresh process only tenant A has used
tenant A: GET /api/leaky/people?take=5&amp;skip=5&amp;search=e is answered 200 {"items":[{"id":"018cc41b-b780-7b0e-b00e-d1152f35a5b9","displayName":"Sophie Darwish","language":"en"},{"id":"018cc3bb-9620-7cc5-8fa4-932b69c81b98","display… in the shared process right after tenant B sent the same request, but 200 {"items":[{"id":"018cc41b-b780-7b0e-b00e-d1152f35a5b9","displayName":"Sophie Darwish","language":"en"},{"id":"018cc3bb-9620-7cc5-8fa4-932b69c81b98","display… by a fresh process only tenant A has used
tenant A: GET /api/leaky/people?take=2&amp;skip=1&amp;search=e is answered 200 {"items":[{"id":"018cc402-1500-7682-bb0b-43d54d4306ed","displayName":"Mark Iyer","language":"en"},{"id":"01a120bf-a452-7033-a3bc-9d90ac8cbcf4","displayName"… in the shared process right after tenant B sent the same request, but 200 {"items":[{"id":"018cc402-1500-7682-bb0b-43d54d4306ed","displayName":"Mark Iyer","language":"en"},{"id":"01a120bf-a452-7033-a3bc-9d90ac8cbcf4","displayName"… by a fresh process only tenant A has used
tenant A: GET /api/leaky/people?take=5&amp;skip=5&amp;search=1 is answered 200 {"items":[],"total":37,"next":null,"groups":null,"ranked":false} in the shared process right after tenant B sent the same request, but 200 {"items":[],"total":3,"next":null,"groups":null,"ranked":false} by a fresh process only tenant A has used
tenant A: GET /api/leaky/people?take=2&amp;skip=1&amp;search=1 is answered 200 {"items":[{"id":"5bce58e7-a81e-4f16-a2fd-b6e067c20ac5","displayName":"Activity alpha 19","language":"en"},{"id":"852ed0ee-5e80-4cb0-81e8-77d5daf5bfd4","disp… in the shared process right after tenant B sent the same request, but 200 {"items":[{"id":"5bce58e7-a81e-4f16-a2fd-b6e067c20ac5","displayName":"Activity alpha 19","language":"en"},{"id":"852ed0ee-5e80-4cb0-81e8-77d5daf5bfd4","disp… by a fresh process only tenant A has used
tenant A: GET /api/leaky/people?take=5&amp;skip=5&amp;search=ad is answered 200 {"items":[],"total":1,"next":null,"groups":null,"ranked":false} in the shared process right after tenant B sent the same request, but 200 {"items":[],"total":4,"next":null,"groups":null,"ranked":false} by a fresh process only tenant A has used
tenant A: GET /api/leaky/people?take=2&amp;skip=1&amp;search=ad is answered 200 {"items":[{"id":"018cc3d5-38a0-7663-8845-06022e127af1","displayName":"Fatima Haddad","language":"en"},{"id":"018cc422-2020-7680-9e7a-ec7c2e1e36b0","displayN… in the shared process right after tenant B sent the same request, but 200 {"items":[{"id":"018cc3d5-38a0-7663-8845-06022e127af1","displayName":"Fatima Haddad","language":"en"},{"id":"018cc422-2020-7680-9e7a-ec7c2e1e36b0","displayN… by a fresh process only tenant A has used
tenant A: GET /api/leaky/people?take=5&amp;skip=5&amp;groupBy=language is answered 200 {"items":[{"id":"852ed0ee-5e80-4cb0-81e8-77d5daf5bfd4","displayName":"Activity alpha 15 (reset)","language":"en"},{"id":"5bce58e7-a81e-4f16-a2fd-b6e067c20ac… in the shared process right after tenant B sent the same request, but 200 {"items":[{"id":"852ed0ee-5e80-4cb0-81e8-77d5daf5bfd4","displayName":"Activity alpha 15 (reset)","language":"en"},{"id":"5bce58e7-a81e-4f16-a2fd-b6e067c20ac… by a fresh process only tenant A has used
tenant A: GET /api/leaky/people?take=5&amp;skip=5&amp;search=a&amp;groupBy=language is answered 200 {"items":[{"id":"018cc3a1-f3a0-702d-aeb5-4dc1df63e818","displayName":"Abdullah Siddiqui","language":"en"},{"id":"0c56e13e-8ac3-4c56-90cb-e0258554b5be","disp… in the shared process right after tenant B sent the same request, but 200 {"items":[{"id":"018cc3a1-f3a0-702d-aeb5-4dc1df63e818","displayName":"Abdullah Siddiqui","language":"en"},{"id":"0c56e13e-8ac3-4c56-90cb-e0258554b5be","disp… by a fresh process only tenant A has used
tenant A: GET /api/leaky/people-count?search=al is answered 200 {"total":9} in the shared process right after tenant B sent the same request, but 200 {"total":24} by a fresh process only tenant A has used
tenant A: GET /api/leaky/people-count?search=e is answered 200 {"total":16} in the shared process right after tenant B sent the same request, but 200 {"total":15} by a fresh process only tenant A has used
tenant A: GET /api/leaky/people-count?search=1 is answered 200 {"total":37} in the shared process right after tenant B sent the same request, but 200 {"total":3} by a fresh process only tenant A has used
tenant A: GET /api/leaky/people-count?search=ad is answered 200 {"total":1} in the shared process right after tenant B sent the same request, but 200 {"total":4} by a fresh process only tenant A has used
tenant B: GET /api/leaky/people/018cc39b-8b00-7417-9bbd-b63796b4c640/access is answered 200 {"id":"018cc39b-8b00-7417-9bbd-b63796b4c640","displayName":"Samir Darwish","email":"samir.darwish.1@alpha.example","roleIds":[]} in the shared process right after tenant A sent the same request, but 404  by a fresh process only tenant B has used
tenant A: GET /api/leaky/people/018cc39b-8b00-71f0-9595-96eb78b96bb1/access is answered 200 {"id":"018cc39b-8b00-71f0-9595-96eb78b96bb1","displayName":"Samir Nair CNRY4FA187CB5A","email":"samir.nair.1@bravo-cnry4fa187cb5a.example","roleIds":[]} in the shared process right after tenant B sent the same request, but 404  by a fresh process only tenant A has used
tenant A: GET /api/leaky/recent is answered 200 ["Layla Nasser CNRY4FA187CB5A noaccess@bravo-cnry4fa187cb5a.example","Rahul Wilson CNRY4FA187CB5A rahul.wilson.2@bravo-cnry4fa187cb5a.example","Omar Al Marz… in the shared process right after tenant B sent the same request, but 200 ["Layla Nasser noaccess@alpha.example","Abdullah Siddiqui abdullah.siddiqui.2@alpha.example","Fatima Al Mazrouei fatima.almazrouei.3@alpha.example","Khalid … by a fresh process only tenant A has used
tenant B: GET /api/leaky/recent is answered 200 ["Layla Nasser noaccess@alpha.example","Abdullah Siddiqui abdullah.siddiqui.2@alpha.example","Fatima Al Mazrouei fatima.almazrouei.3@alpha.example","Khalid … in the shared process right after tenant A sent the same request, but 200 ["Layla Nasser CNRY4FA187CB5A noaccess@bravo-cnry4fa187cb5a.example","Rahul Wilson CNRY4FA187CB5A rahul.wilson.2@bravo-cnry4fa187cb5a.example","Omar Al Marz… by a fresh process only tenant B has used
tenant A in Arabic: GET /api/leaky/head-count is answered 200 {"letters":1084,"change":-484} in the shared process right after tenant B in Arabic sent the same request, but 200 {"letters":1084,"change":0} by a fresh process only tenant A in Arabic has used
tenant B in Arabic: GET /api/leaky/head-count is answered 200 {"letters":1568,"change":484} in the shared process right after tenant A in Arabic sent the same request, but 200 {"letters":1568,"change":0} by a fresh process only tenant B in Arabic has used
tenant A in Arabic: GET /api/leaky/jump?take=5&amp;skip=5&amp;search=al is answered 200 {"items":[{"id":"018cc3b5-2d80-7c47-ac65-05b92dc7fe3c","displayName":"Fatima Al Falasi","language":"ar"},{"id":"01a120bf-a452-7a91-a634-d4f1bb96200b","displ… in the shared process right after tenant B in Arabic sent the same request, but 200 {"items":[{"id":"018cc3b5-2d80-7c47-ac65-05b92dc7fe3c","displayName":"Fatima Al Falasi","language":"ar"},{"id":"01a120bf-a452-7a91-a634-d4f1bb96200b","displ… by a fresh process only tenant A in Arabic has used
tenant B in Arabic: GET /api/leaky/jump?take=5&amp;skip=5&amp;search=al is answered 200 {"items":[{"id":"018cc3ee-db20-74fc-9d13-6cc051abcf28","displayName":"Ayesha Al Suwaidi CNRY4FA187CB5A","language":"en"},{"id":"018cc3f5-43c0-79c4-b8f8-b606… in the shared process right after tenant A in Arabic sent the same request, but 200 {"items":[{"id":"018cc3ee-db20-74fc-9d13-6cc051abcf28","displayName":"Ayesha Al Suwaidi CNRY4FA187CB5A","language":"en"},{"id":"018cc3f5-43c0-79c4-b8f8-b606… by a fresh process only tenant B in Arabic has used
tenant A in Arabic: GET /api/leaky/jump?take=2&amp;skip=1&amp;search=al is answered 200 {"items":[{"id":"018cc3bb-9620-7cc5-8fa4-932b69c81b98","displayName":"Rashid Al Ketbi","language":"ar"},{"id":"01a120c0-9f94-72dc-9ddb-9eca818feebc","displa… in the shared process right after tenant B in Arabic sent the same request, but 200 {"items":[{"id":"018cc3bb-9620-7cc5-8fa4-932b69c81b98","displayName":"Rashid Al Ketbi","language":"ar"},{"id":"01a120c0-9f94-72dc-9ddb-9eca818feebc","displa… by a fresh process only tenant A in Arabic has used
tenant B in Arabic: GET /api/leaky/jump?take=2&amp;skip=1&amp;search=al is answered 200 {"items":[{"id":"01a120bf-a656-74b3-92cb-caedb2438adb","displayName":"Fatima Al Zaabi CNRY4FA187CB5A","language":"ar"},{"id":"018cc3bb-9620-7718-a9f5-747ac8… in the shared process right after tenant A in Arabic sent the same request, but 200 {"items":[{"id":"01a120bf-a656-74b3-92cb-caedb2438adb","displayName":"Fatima Al Zaabi CNRY4FA187CB5A","language":"ar"},{"id":"018cc3bb-9620-7718-a9f5-747ac8… by a fresh process only tenant B in Arabic has used
tenant A in Arabic: GET /api/leaky/jump?take=5&amp;skip=5&amp;search=e is answered 200 {"items":[{"id":"018cc41b-b780-7b0e-b00e-d1152f35a5b9","displayName":"Sophie Darwish","language":"en"},{"id":"018cc3bb-9620-7cc5-8fa4-932b69c81b98","display… in the shared process right after tenant B in Arabic sent the same request, but 200 {"items":[{"id":"018cc41b-b780-7b0e-b00e-d1152f35a5b9","displayName":"Sophie Darwish","language":"en"},{"id":"018cc3bb-9620-7cc5-8fa4-932b69c81b98","display… by a fresh process only tenant A in Arabic has used
tenant B in Arabic: GET /api/leaky/jump?take=5&amp;skip=5&amp;search=e is answered 200 {"items":[{"id":"018cc3c1-fec0-7185-adcc-adba7b5a157a","displayName":"Khalid Reyes CNRY4FA187CB5A","language":"en"},{"id":"01a120bf-a656-7f5c-bf8f-cdc89c5fe… in the shared process right after tenant A in Arabic sent the same request, but 200 {"items":[{"id":"018cc3c1-fec0-7185-adcc-adba7b5a157a","displayName":"Khalid Reyes CNRY4FA187CB5A","language":"en"},{"id":"01a120bf-a656-7f5c-bf8f-cdc89c5fe… by a fresh process only tenant B in Arabic has used
tenant A in Arabic: GET /api/leaky/jump?take=2&amp;skip=1&amp;search=e is answered 200 {"items":[{"id":"018cc402-1500-7682-bb0b-43d54d4306ed","displayName":"Mark Iyer","language":"en"},{"id":"01a120bf-a452-7033-a3bc-9d90ac8cbcf4","displayName"… in the shared process right after tenant B in Arabic sent the same request, but 200 {"items":[{"id":"018cc402-1500-7682-bb0b-43d54d4306ed","displayName":"Mark Iyer","language":"en"},{"id":"01a120bf-a452-7033-a3bc-9d90ac8cbcf4","displayName"… by a fresh process only tenant A in Arabic has used
tenant B in Arabic: GET /api/leaky/jump?take=2&amp;skip=1&amp;search=e is answered 200 {"items":[{"id":"018cc3d5-38a0-721b-9b25-26af1429f082","displayName":"Hina Iyer CNRY4FA187CB5A","language":"en"},{"id":"018cc415-4ee0-7287-8dbe-b4ff5c4fefc2… in the shared process right after tenant A in Arabic sent the same request, but 200 {"items":[{"id":"018cc3d5-38a0-721b-9b25-26af1429f082","displayName":"Hina Iyer CNRY4FA187CB5A","language":"en"},{"id":"018cc415-4ee0-7287-8dbe-b4ff5c4fefc2… by a fresh process only tenant B in Arabic has used
tenant A in Arabic: GET /api/leaky/jump?take=5&amp;skip=5&amp;search=1 is answered 200 {"items":[],"total":37,"next":null,"groups":null,"ranked":false} in the shared process right after tenant B in Arabic sent the same request, but 200 {"items":[],"total":3,"next":null,"groups":null,"ranked":false} by a fresh process only tenant A in Arabic has used
tenant B in Arabic: GET /api/leaky/jump?take=5&amp;skip=5&amp;search=1 is answered 200 {"items":[{"id":"018cc428-88c0-79e0-a8c2-792f9b530065","displayName":"Jose Khan CNRY4FA187CB5A","language":"en"},{"id":"018cc3c8-6760-7a44-bb67-da231c4205c4… in the shared process right after tenant A in Arabic sent the same request, but 200 {"items":[{"id":"018cc428-88c0-79e0-a8c2-792f9b530065","displayName":"Jose Khan CNRY4FA187CB5A","language":"en"},{"id":"018cc3c8-6760-7a44-bb67-da231c4205c4… by a fresh process only tenant B in Arabic has used
tenant A in Arabic: GET /api/leaky/jump?take=2&amp;skip=1&amp;search=1 is answered 200 {"items":[{"id":"5bce58e7-a81e-4f16-a2fd-b6e067c20ac5","displayName":"Activity alpha 19","language":"en"},{"id":"852ed0ee-5e80-4cb0-81e8-77d5daf5bfd4","disp… in the shared process right after tenant B in Arabic sent the same request, but 200 {"items":[{"id":"5bce58e7-a81e-4f16-a2fd-b6e067c20ac5","displayName":"Activity alpha 19","language":"en"},{"id":"852ed0ee-5e80-4cb0-81e8-77d5daf5bfd4","disp… by a fresh process only tenant A in Arabic has used
tenant B in Arabic: GET /api/leaky/jump?take=2&amp;skip=1&amp;search=1 is answered 200 {"items":[{"id":"552f2cba-725d-4db3-8eff-99c19a605218","displayName":"Activity CNRY4FA187CB5A 19","language":"en"},{"id":"3bd649d8-5e3e-4887-b2fb-f9b902d154… in the shared process right after tenant A in Arabic sent the same request, but 200 {"items":[{"id":"552f2cba-725d-4db3-8eff-99c19a605218","displayName":"Activity CNRY4FA187CB5A 19","language":"en"},{"id":"3bd649d8-5e3e-4887-b2fb-f9b902d154… by a fresh process only tenant B in Arabic has used
tenant A in Arabic: GET /api/leaky/jump?take=5&amp;skip=5&amp;search=ad is answered 200 {"items":[],"total":1,"next":null,"groups":null,"ranked":false} in the shared process right after tenant B in Arabic sent the same request, but 200 {"items":[],"total":4,"next":null,"groups":null,"ranked":false} by a fresh process only tenant A in Arabic has used
tenant B in Arabic: GET /api/leaky/jump?take=5&amp;skip=5&amp;search=ad is answered 200 {"items":[],"total":4,"next":null,"groups":null,"ranked":false} in the shared process right after tenant A in Arabic sent the same request, but 200 {"items":[],"total":1,"next":null,"groups":null,"ranked":false} by a fresh process only tenant B in Arabic has used
tenant A in Arabic: GET /api/leaky/jump?take=2&amp;skip=1&amp;search=ad is answered 200 {"items":[{"id":"018cc3d5-38a0-7663-8845-06022e127af1","displayName":"Fatima Haddad","language":"en"},{"id":"018cc422-2020-7680-9e7a-ec7c2e1e36b0","displayN… in the shared process right after tenant B in Arabic sent the same request, but 200 {"items":[{"id":"018cc3d5-38a0-7663-8845-06022e127af1","displayName":"Fatima Haddad","language":"en"},{"id":"018cc422-2020-7680-9e7a-ec7c2e1e36b0","displayN… by a fresh process only tenant A in Arabic has used
tenant B in Arabic: GET /api/leaky/jump?take=2&amp;skip=1&amp;search=ad is answered 200 {"items":[],"total":4,"next":null,"groups":null,"ranked":false} in the shared process right after tenant A in Arabic sent the same request, but 200 {"items":[],"total":1,"next":null,"groups":null,"ranked":false} by a fresh process only tenant B in Arabic has used
tenant A in Arabic: GET /api/leaky/me/greeting is answered 200 {"greeting":"\u0623\u0647\u0644\u0627\u064B admin.ar@alpha.example (admin.ar@bravo-cnry4fa187cb5a.example)"} in the shared process right after tenant B in Arabic sent the same request, but 200 {"greeting":"\u0623\u0647\u0644\u0627\u064B admin.ar@alpha.example (admin.ar@alpha.example)"} by a fresh process only tenant A in Arabic has used
tenant B in Arabic: GET /api/leaky/me/greeting is answered 200 {"greeting":"\u0623\u0647\u0644\u0627\u064B admin.ar@bravo-cnry4fa187cb5a.example (admin.ar@alpha.example)"} in the shared process right after tenant A in Arabic sent the same request, but 200 {"greeting":"\u0623\u0647\u0644\u0627\u064B admin.ar@bravo-cnry4fa187cb5a.example (admin.ar@bravo-cnry4fa187cb5a.example)"} by a fresh process only tenant B in Arabic has used
tenant A in Arabic: GET /api/leaky/me/greeting-count is answered 200 {"change":-484} in the shared process right after tenant B in Arabic sent the same request, but 200 {"change":0} by a fresh process only tenant A in Arabic has used
tenant B in Arabic: GET /api/leaky/me/greeting-count is answered 200 {"change":484} in the shared process right after tenant A in Arabic sent the same request, but 200 {"change":0} by a fresh process only tenant B in Arabic has used
tenant A in Arabic: GET /api/leaky/people?search=al is answered 200 {"items":[{"id":"01a120bf-a452-7a87-b7ac-985ae403c580","displayName":"Fatima Al Zaabi","language":"ar"},{"id":"018cc3bb-9620-7cc5-8fa4-932b69c81b98","displa… in the shared process right after tenant B in Arabic sent the same request, but 200 {"items":[{"id":"01a120bf-a452-7a87-b7ac-985ae403c580","displayName":"Fatima Al Zaabi","language":"ar"},{"id":"018cc3bb-9620-7cc5-8fa4-932b69c81b98","displa… by a fresh process only tenant A in Arabic has used
tenant A in Arabic: GET /api/leaky/people?search=e is answered 200 {"items":[{"id":"eeae6cc4-7f22-4f4e-be9c-d8dcede7f43d","displayName":"activity8@alpha.example","language":"en"},{"id":"018cc402-1500-7682-bb0b-43d54d4306ed"… in the shared process right after tenant B in Arabic sent the same request, but 200 {"items":[{"id":"eeae6cc4-7f22-4f4e-be9c-d8dcede7f43d","displayName":"activity8@alpha.example","language":"en"},{"id":"018cc402-1500-7682-bb0b-43d54d4306ed"… by a fresh process only tenant A in Arabic has used
tenant A in Arabic: GET /api/leaky/people?search=1 is answered 200 {"items":[{"id":"0c56e13e-8ac3-4c56-90cb-e0258554b5be","displayName":"Activity alpha 14","language":"en"},{"id":"5bce58e7-a81e-4f16-a2fd-b6e067c20ac5","disp… in the shared process right after tenant B in Arabic sent the same request, but 200 {"items":[{"id":"0c56e13e-8ac3-4c56-90cb-e0258554b5be","displayName":"Activity alpha 14","language":"en"},{"id":"5bce58e7-a81e-4f16-a2fd-b6e067c20ac5","disp… by a fresh process only tenant A in Arabic has used
tenant A in Arabic: GET /api/leaky/people?search=ad is answered 200 {"items":[{"id":"01a120bf-a452-768d-841d-6c44c1188fa9","displayName":"Omar Haddad","language":"en"},{"id":"018cc3d5-38a0-7663-8845-06022e127af1","displayNam… in the shared process right after tenant B in Arabic sent the same request, but 200 {"items":[{"id":"01a120bf-a452-768d-841d-6c44c1188fa9","displayName":"Omar Haddad","language":"en"},{"id":"018cc3d5-38a0-7663-8845-06022e127af1","displayNam… by a fresh process only tenant A in Arabic has used
tenant A in Arabic: GET /api/leaky/people?take=50&amp;groupBy=language is answered 200 {"items":[{"id":"018cc40e-e640-74b3-b1f0-c9258f1bbd06","displayName":"Abdullah Al Dhaheri","language":"ar"},{"id":"018cc3ee-db20-7cce-8641-6b88deb45728","di… in the shared process right after tenant B in Arabic sent the same request, but 200 {"items":[{"id":"018cc40e-e640-74b3-b1f0-c9258f1bbd06","displayName":"Abdullah Al Dhaheri","language":"ar"},{"id":"018cc3ee-db20-7cce-8641-6b88deb45728","di… by a fresh process only tenant A in Arabic has used
tenant A in Arabic: GET /api/leaky/people?take=50&amp;search=a&amp;groupBy=language is answered 200 {"items":[{"id":"018cc435-5a00-723f-b6bb-227e8115416f","displayName":"Abdullah Reddy","language":"en"},{"id":"018cc3ee-db20-7cce-8641-6b88deb45728","display… in the shared process right after tenant B in Arabic sent the same request, but 200 {"items":[{"id":"018cc435-5a00-723f-b6bb-227e8115416f","displayName":"Abdullah Reddy","language":"en"},{"id":"018cc3ee-db20-7cce-8641-6b88deb45728","display… by a fresh process only tenant A in Arabic has used
tenant A in Arabic: GET /api/leaky/people?take=5&amp;skip=5&amp;search=al is answered 200 {"items":[{"id":"018cc3b5-2d80-7c47-ac65-05b92dc7fe3c","displayName":"Fatima Al Falasi","language":"ar"},{"id":"01a120bf-a452-7a91-a634-d4f1bb96200b","displ… in the shared process right after tenant B in Arabic sent the same request, but 200 {"items":[{"id":"018cc3b5-2d80-7c47-ac65-05b92dc7fe3c","displayName":"Fatima Al Falasi","language":"ar"},{"id":"01a120bf-a452-7a91-a634-d4f1bb96200b","displ… by a fresh process only tenant A in Arabic has used
tenant A in Arabic: GET /api/leaky/people?take=2&amp;skip=1&amp;search=al is answered 200 {"items":[{"id":"018cc3bb-9620-7cc5-8fa4-932b69c81b98","displayName":"Rashid Al Ketbi","language":"ar"},{"id":"01a120c0-9f94-72dc-9ddb-9eca818feebc","displa… in the shared process right after tenant B in Arabic sent the same request, but 200 {"items":[{"id":"018cc3bb-9620-7cc5-8fa4-932b69c81b98","displayName":"Rashid Al Ketbi","language":"ar"},{"id":"01a120c0-9f94-72dc-9ddb-9eca818feebc","displa… by a fresh process only tenant A in Arabic has used
tenant A in Arabic: GET /api/leaky/people?take=5&amp;skip=5&amp;search=e is answered 200 {"items":[{"id":"018cc41b-b780-7b0e-b00e-d1152f35a5b9","displayName":"Sophie Darwish","language":"en"},{"id":"018cc3bb-9620-7cc5-8fa4-932b69c81b98","display… in the shared process right after tenant B in Arabic sent the same request, but 200 {"items":[{"id":"018cc41b-b780-7b0e-b00e-d1152f35a5b9","displayName":"Sophie Darwish","language":"en"},{"id":"018cc3bb-9620-7cc5-8fa4-932b69c81b98","display… by a fresh process only tenant A in Arabic has used
tenant A in Arabic: GET /api/leaky/people?take=2&amp;skip=1&amp;search=e is answered 200 {"items":[{"id":"018cc402-1500-7682-bb0b-43d54d4306ed","displayName":"Mark Iyer","language":"en"},{"id":"01a120bf-a452-7033-a3bc-9d90ac8cbcf4","displayName"… in the shared process right after tenant B in Arabic sent the same request, but 200 {"items":[{"id":"018cc402-1500-7682-bb0b-43d54d4306ed","displayName":"Mark Iyer","language":"en"},{"id":"01a120bf-a452-7033-a3bc-9d90ac8cbcf4","displayName"… by a fresh process only tenant A in Arabic has used
tenant A in Arabic: GET /api/leaky/people?take=5&amp;skip=5&amp;search=1 is answered 200 {"items":[],"total":37,"next":null,"groups":null,"ranked":false} in the shared process right after tenant B in Arabic sent the same request, but 200 {"items":[],"total":3,"next":null,"groups":null,"ranked":false} by a fresh process only tenant A in Arabic has used
tenant A in Arabic: GET /api/leaky/people?take=2&amp;skip=1&amp;search=1 is answered 200 {"items":[{"id":"5bce58e7-a81e-4f16-a2fd-b6e067c20ac5","displayName":"Activity alpha 19","language":"en"},{"id":"852ed0ee-5e80-4cb0-81e8-77d5daf5bfd4","disp… in the shared process right after tenant B in Arabic sent the same request, but 200 {"items":[{"id":"5bce58e7-a81e-4f16-a2fd-b6e067c20ac5","displayName":"Activity alpha 19","language":"en"},{"id":"852ed0ee-5e80-4cb0-81e8-77d5daf5bfd4","disp… by a fresh process only tenant A in Arabic has used
tenant A in Arabic: GET /api/leaky/people?take=5&amp;skip=5&amp;search=ad is answered 200 {"items":[],"total":1,"next":null,"groups":null,"ranked":false} in the shared process right after tenant B in Arabic sent the same request, but 200 {"items":[],"total":4,"next":null,"groups":null,"ranked":false} by a fresh process only tenant A in Arabic has used
tenant A in Arabic: GET /api/leaky/people?take=2&amp;skip=1&amp;search=ad is answered 200 {"items":[{"id":"018cc3d5-38a0-7663-8845-06022e127af1","displayName":"Fatima Haddad","language":"en"},{"id":"018cc422-2020-7680-9e7a-ec7c2e1e36b0","displayN… in the shared process right after tenant B in Arabic sent the same request, but 200 {"items":[{"id":"018cc3d5-38a0-7663-8845-06022e127af1","displayName":"Fatima Haddad","language":"en"},{"id":"018cc422-2020-7680-9e7a-ec7c2e1e36b0","displayN… by a fresh process only tenant A in Arabic has used
tenant A in Arabic: GET /api/leaky/people?take=5&amp;skip=5&amp;groupBy=language is answered 200 {"items":[{"id":"852ed0ee-5e80-4cb0-81e8-77d5daf5bfd4","displayName":"Activity alpha 15 (reset)","language":"en"},{"id":"5bce58e7-a81e-4f16-a2fd-b6e067c20ac… in the shared process right after tenant B in Arabic sent the same request, but 200 {"items":[{"id":"852ed0ee-5e80-4cb0-81e8-77d5daf5bfd4","displayName":"Activity alpha 15 (reset)","language":"en"},{"id":"5bce58e7-a81e-4f16-a2fd-b6e067c20ac… by a fresh process only tenant A in Arabic has used
tenant A in Arabic: GET /api/leaky/people?take=5&amp;skip=5&amp;search=a&amp;groupBy=language is answered 200 {"items":[{"id":"018cc3a1-f3a0-702d-aeb5-4dc1df63e818","displayName":"Abdullah Siddiqui","language":"en"},{"id":"0c56e13e-8ac3-4c56-90cb-e0258554b5be","disp… in the shared process right after tenant B in Arabic sent the same request, but 200 {"items":[{"id":"018cc3a1-f3a0-702d-aeb5-4dc1df63e818","displayName":"Abdullah Siddiqui","language":"en"},{"id":"0c56e13e-8ac3-4c56-90cb-e0258554b5be","disp… by a fresh process only tenant A in Arabic has used
tenant A in Arabic: GET /api/leaky/people-count?search=al is answered 200 {"total":9} in the shared process right after tenant B in Arabic sent the same request, but 200 {"total":24} by a fresh process only tenant A in Arabic has used
tenant A in Arabic: GET /api/leaky/people-count?search=e is answered 200 {"total":16} in the shared process right after tenant B in Arabic sent the same request, but 200 {"total":15} by a fresh process only tenant A in Arabic has used
tenant A in Arabic: GET /api/leaky/people-count?search=1 is answered 200 {"total":37} in the shared process right after tenant B in Arabic sent the same request, but 200 {"total":3} by a fresh process only tenant A in Arabic has used
tenant A in Arabic: GET /api/leaky/people-count?search=ad is answered 200 {"total":1} in the shared process right after tenant B in Arabic sent the same request, but 200 {"total":4} by a fresh process only tenant A in Arabic has used
tenant B in Arabic: GET /api/leaky/people/018cc39b-8b00-7417-9bbd-b63796b4c640/access is answered 200 {"id":"018cc39b-8b00-7417-9bbd-b63796b4c640","displayName":"Samir Darwish","email":"samir.darwish.1@alpha.example","roleIds":[]} in the shared process right after tenant A in Arabic sent the same request, but 404  by a fresh process only tenant B in Arabic has used
tenant A in Arabic: GET /api/leaky/people/018cc39b-8b00-71f0-9595-96eb78b96bb1/access is answered 200 {"id":"018cc39b-8b00-71f0-9595-96eb78b96bb1","displayName":"Samir Nair CNRY4FA187CB5A","email":"samir.nair.1@bravo-cnry4fa187cb5a.example","roleIds":[]} in the shared process right after tenant B in Arabic sent the same request, but 404  by a fresh process only tenant A in Arabic has used
tenant A in Arabic: GET /api/leaky/recent is answered 200 ["Layla Nasser CNRY4FA187CB5A noaccess@bravo-cnry4fa187cb5a.example","Rahul Wilson CNRY4FA187CB5A rahul.wilson.2@bravo-cnry4fa187cb5a.example","Omar Al Marz… in the shared process right after tenant B in Arabic sent the same request, but 200 ["Layla Nasser noaccess@alpha.example","Abdullah Siddiqui abdullah.siddiqui.2@alpha.example","Fatima Al Mazrouei fatima.almazrouei.3@alpha.example","Khalid … by a fresh process only tenant A in Arabic has used
tenant B in Arabic: GET /api/leaky/recent is answered 200 ["Layla Nasser noaccess@alpha.example","Abdullah Siddiqui abdullah.siddiqui.2@alpha.example","Fatima Al Mazrouei fatima.almazrouei.3@alpha.example","Khalid … in the shared process right after tenant A in Arabic sent the same request, but 200 ["Layla Nasser CNRY4FA187CB5A noaccess@bravo-cnry4fa187cb5a.example","Rahul Wilson CNRY4FA187CB5A rahul.wilson.2@bravo-cnry4fa187cb5a.example","Omar Al Marz… by a fresh process only tenant B in Arabic has used
tenant A: PUT /api/leaky/me/density (density="compact") is answered 200 {"displayName":"admin@alpha.example (after admin@bravo-cnry4fa187cb5a.example)","density":"compact"} in the shared process right after tenant B made the same write, but 200 {"displayName":"admin@alpha.example (after admin@alpha.example)","density":"compact"} by a fresh process only tenant A has used
tenant B: PUT /api/leaky/me/density (density="compact") is answered 200 {"displayName":"admin@bravo-cnry4fa187cb5a.example (after admin@alpha.example)","density":"compact"} in the shared process right after tenant A made the same write, but 200 {"displayName":"admin@bravo-cnry4fa187cb5a.example (after admin@bravo-cnry4fa187cb5a.example)","density":"compact"} by a fresh process only tenant B has used
tenant A: PUT /api/leaky/me/density (density="roomy") is answered 200 {"displayName":"admin@alpha.example (after admin@bravo-cnry4fa187cb5a.example)","density":"roomy"} in the shared process right after tenant B made the same write, but 200 {"displayName":"admin@alpha.example (after admin@alpha.example)","density":"roomy"} by a fresh process only tenant A has used
tenant B: PUT /api/leaky/me/density (density="roomy") is answered 200 {"displayName":"admin@bravo-cnry4fa187cb5a.example (after admin@alpha.example)","density":"roomy"} in the shared process right after tenant A made the same write, but 200 {"displayName":"admin@bravo-cnry4fa187cb5a.example (after admin@bravo-cnry4fa187cb5a.example)","density":"roomy"} by a fresh process only tenant B has used
tenant A: PUT /api/leaky/me/density (density="compact") is answered 200 {"displayName":"admin@alpha.example (after admin@bravo-cnry4fa187cb5a.example)","density":"compact"} in the shared process right after tenant B made the same write, but 200 {"displayName":"admin@alpha.example (after admin@alpha.example)","density":"compact"} by a fresh process only tenant A has used
tenant B: PUT /api/leaky/me/density (density="compact") is answered 200 {"displayName":"admin@bravo-cnry4fa187cb5a.example (after admin@alpha.example)","density":"compact"} in the shared process right after tenant A made the same write, but 200 {"displayName":"admin@bravo-cnry4fa187cb5a.example (after admin@bravo-cnry4fa187cb5a.example)","density":"compact"} by a fresh process only tenant B has used
tenant A in Arabic: PUT /api/leaky/me/density (density="roomy") is answered 200 {"displayName":"admin.ar@alpha.example (after admin.ar@bravo-cnry4fa187cb5a.example)","density":"roomy"} in the shared process right after tenant B in Arabic made the same write, but 200 {"displayName":"admin.ar@alpha.example (after admin.ar@alpha.example)","density":"roomy"} by a fresh process only tenant A in Arabic has used
tenant B in Arabic: PUT /api/leaky/me/density (density="roomy") is answered 200 {"displayName":"admin.ar@bravo-cnry4fa187cb5a.example (after admin.ar@alpha.example)","density":"roomy"} in the shared process right after tenant A in Arabic made the same write, but 200 {"displayName":"admin.ar@bravo-cnry4fa187cb5a.example (after admin.ar@bravo-cnry4fa187cb5a.example)","density":"roomy"} by a fresh process only tenant B in Arabic has used
tenant A: PUT /api/leaky/me/digits (numerals="arab") is answered 200 {"displayName":"admin@alpha.example (also using these digits: admin@bravo-cnry4fa187cb5a.example)","numerals":"arab"} in the shared process right after tenant B made the same write, but 200 {"displayName":"admin@alpha.example (also using these digits: admin@alpha.example)","numerals":"arab"} by a fresh process only tenant A has used
tenant B: PUT /api/leaky/me/digits (numerals="arab") is answered 200 {"displayName":"admin@bravo-cnry4fa187cb5a.example (also using these digits: admin@alpha.example)","numerals":"arab"} in the shared process right after tenant A made the same write, but 200 {"displayName":"admin@bravo-cnry4fa187cb5a.example (also using these digits: admin@bravo-cnry4fa187cb5a.example)","numerals":"arab"} by a fresh process only tenant B has used
tenant A in Arabic: PUT /api/leaky/me/digits (numerals="arab") is answered 200 {"displayName":"admin.ar@alpha.example (also using these digits: admin.ar@bravo-cnry4fa187cb5a.example)","numerals":"arab"} in the shared process right after tenant B in Arabic made the same write, but 200 {"displayName":"admin.ar@alpha.example (also using these digits: admin.ar@alpha.example)","numerals":"arab"} by a fresh process only tenant A in Arabic has used
tenant B in Arabic: PUT /api/leaky/me/digits (numerals="arab") is answered 200 {"displayName":"admin.ar@bravo-cnry4fa187cb5a.example (also using these digits: admin.ar@alpha.example)","numerals":"arab"} in the shared process right after tenant A in Arabic made the same write, but 200 {"displayName":"admin.ar@bravo-cnry4fa187cb5a.example (also using these digits: admin.ar@bravo-cnry4fa187cb5a.example)","numerals":"arab"} by a fresh process only tenant B in Arabic has used
tenant A: PUT /api/leaky/me/script (language="ar") is answered 200 {"language":"ar","change":-499} in the shared process right after tenant B made the same write, but 200 {"language":"ar","change":0} by a fresh process only tenant A has used
tenant B: PUT /api/leaky/me/script (language="ar") is answered 200 {"language":"ar","change":499} in the shared process right after tenant A made the same write, but 200 {"language":"ar","change":0} by a fresh process only tenant B has used
tenant A in Arabic: PUT /api/leaky/me/script (language="ar") is answered 200 {"language":"ar","change":-499} in the shared process right after tenant B in Arabic made the same write, but 200 {"language":"ar","change":0} by a fresh process only tenant A in Arabic has used
tenant B in Arabic: PUT /api/leaky/me/script (language="ar") is answered 200 {"language":"ar","change":499} in the shared process right after tenant A in Arabic made the same write, but 200 {"language":"ar","change":0} by a fresh process only tenant B in Arabic has used</StdOut>
      </Output>
    </UnitTestResult>
    <UnitTestResult executionId="4a365452-79aa-4c92-9482-150e12cbf566" testId="d7030cee-9472-39d7-4647-9a04bb7ea71a" testName="Erp.Gates.Tests.SelfTests.NonInterferenceSelfTests.The_non_interference_check_ignores_only_times_and_trace_ids" computerName="docker-desktop" duration="00:00:00.0002850" startTime="2026-10-09T13:17:24.0603979+00:00" endTime="2026-10-09T13:17:24.0607387+00:00" testType="13cdc9d9-ddb5-4fa4-a97d-d965ccfc6d4b" outcome="Passed" testListId="8c84fa94-04c1-424b-9868-57a2d4851a1d" relativeResultsDirectory="4a365452-79aa-4c92-9482-150e12cbf566" />
    <UnitTestResult executionId="42f0e43d-b2c6-4951-a3ee-c83b0aab291b" testId="037709f9-0467-0a04-8587-0c0e1961791d" testName="Erp.Gates.Tests.SelfTests.NonInterferenceSelfTests.The_write_comparison_also_ignores_only_versions" computerName="docker-desktop" duration="00:00:00.0065231" startTime="2026-10-09T13:17:24.0525358+00:00" endTime="2026-10-09T13:17:24.0595809+00:00" testType="13cdc9d9-ddb5-4fa4-a97d-d965ccfc6d4b" outcome="Passed" testListId="8c84fa94-04c1-424b-9868-57a2d4851a1d" relativeResultsDirectory="42f0e43d-b2c6-4951-a3ee-c83b0aab291b" />
  </Results>
  <TestDefinitions>
    <UnitTest name="Erp.Gates.Tests.SelfTests.NonInterferenceSelfTests.The_non_interference_check_ignores_only_times_and_trace_ids" storage="/work/tests/erp.gates.tests/bin/release/net10.0/erp.gates.tests.dll" id="d7030cee-9472-39d7-4647-9a04bb7ea71a">
      <Execution id="4a365452-79aa-4c92-9482-150e12cbf566" />
      <TestMethod codeBase="/work/tests/Erp.Gates.Tests/bin/Release/net10.0/Erp.Gates.Tests.dll" adapterTypeName="executor://xunit/VsTestRunner3/netcore/" className="Erp.Gates.Tests.SelfTests.NonInterferenceSelfTests" name="The_non_interference_check_ignores_only_times_and_trace_ids" />
    </UnitTest>
    <UnitTest name="Erp.Gates.Tests.SelfTests.NonInterferenceSelfTests.The_write_comparison_also_ignores_only_versions" storage="/work/tests/erp.gates.tests/bin/release/net10.0/erp.gates.tests.dll" id="037709f9-0467-0a04-8587-0c0e1961791d">
      <Execution id="42f0e43d-b2c6-4951-a3ee-c83b0aab291b" />
      <TestMethod codeBase="/work/tests/Erp.Gates.Tests/bin/Release/net10.0/Erp.Gates.Tests.dll" adapterTypeName="executor://xunit/VsTestRunner3/netcore/" className="Erp.Gates.Tests.SelfTests.NonInterferenceSelfTests" name="The_write_comparison_also_ignores_only_versions" />
    </UnitTest>
    <UnitTest name="Erp.Gates.Tests.SelfTests.NonInterferenceSelfTests.The_non_interference_check_catches_shared_state_that_leaks_no_marker" storage="/work/tests/erp.gates.tests/bin/release/net10.0/erp.gates.tests.dll" id="a241cca1-0e6a-ca90-ebcd-182fab1528e2">
      <Execution id="ec6a3340-b3da-45de-a749-2045dc010de0" />
      <TestMethod codeBase="/work/tests/Erp.Gates.Tests/bin/Release/net10.0/Erp.Gates.Tests.dll" adapterTypeName="executor://xunit/VsTestRunner3/netcore/" className="Erp.Gates.Tests.SelfTests.NonInterferenceSelfTests" name="The_non_interference_check_catches_shared_state_that_leaks_no_marker" />
    </UnitTest>
  </TestDefinitions>
  <TestEntries>
    <TestEntry testId="a241cca1-0e6a-ca90-ebcd-182fab1528e2" executionId="ec6a3340-b3da-45de-a749-2045dc010de0" testListId="8c84fa94-04c1-424b-9868-57a2d4851a1d" />
    <TestEntry testId="d7030cee-9472-39d7-4647-9a04bb7ea71a" executionId="4a365452-79aa-4c92-9482-150e12cbf566" testListId="8c84fa94-04c1-424b-9868-57a2d4851a1d" />
    <TestEntry testId="037709f9-0467-0a04-8587-0c0e1961791d" executionId="42f0e43d-b2c6-4951-a3ee-c83b0aab291b" testListId="8c84fa94-04c1-424b-9868-57a2d4851a1d" />
  </TestEntries>
  <TestLists>
    <TestList name="Results Not in a List" id="8c84fa94-04c1-424b-9868-57a2d4851a1d" />
    <TestList name="All Loaded Results" id="19431567-8539-422a-85d7-44ee4e166bda" />
  </TestLists>
  <ResultSummary outcome="Completed">
    <Counters total="3" executed="3" passed="3" failed="0" error="0" timeout="0" aborted="0" inconclusive="0" passedButRunAborted="0" notRunnable="0" notExecuted="0" disconnected="0" warning="0" completed="0" inProgress="0" pending="0" />
    <Output>
      <StdOut>[xUnit.net 00:00:00.01] xUnit.net VSTest Adapter v3.1.5+1b188a7b0a (64-bit .NET 10.0.12)
[xUnit.net 00:00:02.46]   Discovering: Erp.Gates.Tests
[xUnit.net 00:00:04.81]   Discovered:  Erp.Gates.Tests
[xUnit.net 00:00:06.21]   Starting:    Erp.Gates.Tests
[xUnit.net 00:18:45.00]   Finished:    Erp.Gates.Tests (ID = 'd67f9af34c5c91feae69a31c7ab81956a411c8cd54ea4942d23c1fd06e059e25')
</StdOut>
    </Output>
  </ResultSummary>
</TestRun>