<?xml version="1.0" encoding="utf-8"?>
<TestRun id="3f4ce5a7-7554-4284-9e94-2cf22f9f142f" name="@docker-desktop 2026-10-09 12:59:34" xmlns="http://microsoft.com/schemas/VisualStudio/TeamTest/2010">
  <Times creation="2026-10-09T12:59:34.2541111+00:00" queuing="2026-10-09T12:59:34.2541111+00:00" start="2026-10-09T12:58:42.9490396+00:00" finish="2026-10-09T12:59:40.4529818+00:00" />
  <TestSettings name="default" id="49826fc4-ecc6-4523-bbe8-59af85b4cb46">
    <Deployment runDeploymentRoot="_docker-desktop_2026-10-09_12_59_34" />
  </TestSettings>
  <Results>
    <UnitTestResult executionId="8e3baae4-7588-41df-a1c9-3391793006a3" testId="f985510e-24ad-1037-306c-85a5842ee2be" testName="Erp.Modules.Lists.Tests.SavedViewsTests.One_default_per_owner_and_names_unique_per_owner" computerName="docker-desktop" duration="00:00:01.2404112" startTime="2026-10-09T12:59:37.8092262+00:00" endTime="2026-10-09T12:59:39.0497268+00:00" testType="13cdc9d9-ddb5-4fa4-a97d-d965ccfc6d4b" outcome="Passed" testListId="8c84fa94-04c1-424b-9868-57a2d4851a1d" relativeResultsDirectory="8e3baae4-7588-41df-a1c9-3391793006a3" />
    <UnitTestResult executionId="7ac03227-84ad-4fd3-b2bd-e1a18f4a3257" testId="765ad618-7675-1d66-23f1-013872e268a4" testName="Erp.Modules.Lists.Tests.SavedViewsTests.Every_field_is_validated_against_the_list_in_the_users_language" computerName="docker-desktop" duration="00:00:01.0628244" startTime="2026-10-09T12:59:35.0870086+00:00" endTime="2026-10-09T12:59:36.1498998+00:00" testType="13cdc9d9-ddb5-4fa4-a97d-d965ccfc6d4b" outcome="Passed" testListId="8c84fa94-04c1-424b-9868-57a2d4851a1d" relativeResultsDirectory="7ac03227-84ad-4fd3-b2bd-e1a18f4a3257" />
    <UnitTestResult executionId="bf9cbba7-2e65-4614-a499-3c088c2af959" testId="9ab3c442-b051-1789-7017-90fd671760b1" testName="Erp.Modules.Lists.Tests.SavedViewsTests.The_definition_describes_columns_operators_choices_presets_and_sharing" computerName="docker-desktop" duration="00:00:00.7818851" startTime="2026-10-09T12:59:37.0268336+00:00" endTime="2026-10-09T12:59:37.8087892+00:00" testType="13cdc9d9-ddb5-4fa4-a97d-d965ccfc6d4b" outcome="Passed" testListId="8c84fa94-04c1-424b-9868-57a2d4851a1d" relativeResultsDirectory="bf9cbba7-2e65-4614-a499-3c088c2af959" />
    <UnitTestResult executionId="49db2c95-f12b-48ae-bc8a-a13eca28c143" testId="0518a6a8-d49d-272f-6e46-c09a1497b5bb" testName="Erp.Modules.Lists.Tests.SavedViewsTests.Personal_views_are_private_to_their_owner" computerName="docker-desktop" duration="00:00:01.2937234" startTime="2026-10-09T12:59:33.7937671+00:00" endTime="2026-10-09T12:59:35.0864035+00:00" testType="13cdc9d9-ddb5-4fa4-a97d-d965ccfc6d4b" outcome="Passed" testListId="8c84fa94-04c1-424b-9868-57a2d4851a1d" relativeResultsDirectory="49db2c95-f12b-48ae-bc8a-a13eca28c143" />
    <UnitTestResult executionId="edea053c-e668-420a-ae87-c34638488b99" testId="5b72f318-8cad-bd0b-5ab7-0be1a79914e7" testName="Erp.Modules.Lists.Tests.SavedViewsTests.Shared_views_reach_every_reader_and_only_sharers_change_them" computerName="docker-desktop" duration="00:00:00.6989594" startTime="2026-10-09T12:59:36.3268904+00:00" endTime="2026-10-09T12:59:37.0259241+00:00" testType="13cdc9d9-ddb5-4fa4-a97d-d965ccfc6d4b" outcome="Passed" testListId="8c84fa94-04c1-424b-9868-57a2d4851a1d" relativeResultsDirectory="edea053c-e668-420a-ae87-c34638488b99" />
    <UnitTestResult executionId="1ae54913-95ef-4c53-9c3a-31b512bf5b63" testId="0a2b44ef-a32c-7822-b578-9479acff6a5a" testName="Erp.Modules.Lists.Tests.SavedViewsTests.Every_change_to_a_view_is_audited_with_its_author" computerName="docker-desktop" duration="00:00:04.5647863" startTime="2026-10-09T12:59:29.1576186+00:00" endTime="2026-10-09T12:59:33.7634688+00:00" testType="13cdc9d9-ddb5-4fa4-a97d-d965ccfc6d4b" outcome="Passed" testListId="8c84fa94-04c1-424b-9868-57a2d4851a1d" relativeResultsDirectory="1ae54913-95ef-4c53-9c3a-31b512bf5b63" />
  </Results>
  <TestDefinitions>
    <UnitTest name="Erp.Modules.Lists.Tests.SavedViewsTests.The_definition_describes_columns_operators_choices_presets_and_sharing" storage="/work/tests/erp.modules.lists.tests/bin/release/net10.0/erp.modules.lists.tests.dll" id="9ab3c442-b051-1789-7017-90fd671760b1">
      <Execution id="bf9cbba7-2e65-4614-a499-3c088c2af959" />
      <TestMethod codeBase="/work/tests/Erp.Modules.Lists.Tests/bin/Release/net10.0/Erp.Modules.Lists.Tests.dll" adapterTypeName="executor://xunit/VsTestRunner3/netcore/" className="Erp.Modules.Lists.Tests.SavedViewsTests" name="The_definition_describes_columns_operators_choices_presets_and_sharing" />
    </UnitTest>
    <UnitTest name="Erp.Modules.Lists.Tests.SavedViewsTests.Every_change_to_a_view_is_audited_with_its_author" storage="/work/tests/erp.modules.lists.tests/bin/release/net10.0/erp.modules.lists.tests.dll" id="0a2b44ef-a32c-7822-b578-9479acff6a5a">
      <Execution id="1ae54913-95ef-4c53-9c3a-31b512bf5b63" />
      <TestMethod codeBase="/work/tests/Erp.Modules.Lists.Tests/bin/Release/net10.0/Erp.Modules.Lists.Tests.dll" adapterTypeName="executor://xunit/VsTestRunner3/netcore/" className="Erp.Modules.Lists.Tests.SavedViewsTests" name="Every_change_to_a_view_is_audited_with_its_author" />
    </UnitTest>
    <UnitTest name="Erp.Modules.Lists.Tests.SavedViewsTests.One_default_per_owner_and_names_unique_per_owner" storage="/work/tests/erp.modules.lists.tests/bin/release/net10.0/erp.modules.lists.tests.dll" id="f985510e-24ad-1037-306c-85a5842ee2be">
      <Execution id="8e3baae4-7588-41df-a1c9-3391793006a3" />
      <TestMethod codeBase="/work/tests/Erp.Modules.Lists.Tests/bin/Release/net10.0/Erp.Modules.Lists.Tests.dll" adapterTypeName="executor://xunit/VsTestRunner3/netcore/" className="Erp.Modules.Lists.Tests.SavedViewsTests" name="One_default_per_owner_and_names_unique_per_owner" />
    </UnitTest>
    <UnitTest name="Erp.Modules.Lists.Tests.SavedViewsTests.Every_field_is_validated_against_the_list_in_the_users_language" storage="/work/tests/erp.modules.lists.tests/bin/release/net10.0/erp.modules.lists.tests.dll" id="765ad618-7675-1d66-23f1-013872e268a4">
      <Execution id="7ac03227-84ad-4fd3-b2bd-e1a18f4a3257" />
      <TestMethod codeBase="/work/tests/Erp.Modules.Lists.Tests/bin/Release/net10.0/Erp.Modules.Lists.Tests.dll" adapterTypeName="executor://xunit/VsTestRunner3/netcore/" className="Erp.Modules.Lists.Tests.SavedViewsTests" name="Every_field_is_validated_against_the_list_in_the_users_language" />
    </UnitTest>
    <UnitTest name="Erp.Modules.Lists.Tests.SavedViewsTests.Shared_views_reach_every_reader_and_only_sharers_change_them" storage="/work/tests/erp.modules.lists.tests/bin/release/net10.0/erp.modules.lists.tests.dll" id="5b72f318-8cad-bd0b-5ab7-0be1a79914e7">
      <Execution id="edea053c-e668-420a-ae87-c34638488b99" />
      <TestMethod codeBase="/work/tests/Erp.Modules.Lists.Tests/bin/Release/net10.0/Erp.Modules.Lists.Tests.dll" adapterTypeName="executor://xunit/VsTestRunner3/netcore/" className="Erp.Modules.Lists.Tests.SavedViewsTests" name="Shared_views_reach_every_reader_and_only_sharers_change_them" />
    </UnitTest>
    <UnitTest name="Erp.Modules.Lists.Tests.SavedViewsTests.Personal_views_are_private_to_their_owner" storage="/work/tests/erp.modules.lists.tests/bin/release/net10.0/erp.modules.lists.tests.dll" id="0518a6a8-d49d-272f-6e46-c09a1497b5bb">
      <Execution id="49db2c95-f12b-48ae-bc8a-a13eca28c143" />
      <TestMethod codeBase="/work/tests/Erp.Modules.Lists.Tests/bin/Release/net10.0/Erp.Modules.Lists.Tests.dll" adapterTypeName="executor://xunit/VsTestRunner3/netcore/" className="Erp.Modules.Lists.Tests.SavedViewsTests" name="Personal_views_are_private_to_their_owner" />
    </UnitTest>
  </TestDefinitions>
  <TestEntries>
    <TestEntry testId="f985510e-24ad-1037-306c-85a5842ee2be" executionId="8e3baae4-7588-41df-a1c9-3391793006a3" testListId="8c84fa94-04c1-424b-9868-57a2d4851a1d" />
    <TestEntry testId="765ad618-7675-1d66-23f1-013872e268a4" executionId="7ac03227-84ad-4fd3-b2bd-e1a18f4a3257" testListId="8c84fa94-04c1-424b-9868-57a2d4851a1d" />
    <TestEntry testId="9ab3c442-b051-1789-7017-90fd671760b1" executionId="bf9cbba7-2e65-4614-a499-3c088c2af959" testListId="8c84fa94-04c1-424b-9868-57a2d4851a1d" />
    <TestEntry testId="0518a6a8-d49d-272f-6e46-c09a1497b5bb" executionId="49db2c95-f12b-48ae-bc8a-a13eca28c143" testListId="8c84fa94-04c1-424b-9868-57a2d4851a1d" />
    <TestEntry testId="5b72f318-8cad-bd0b-5ab7-0be1a79914e7" executionId="edea053c-e668-420a-ae87-c34638488b99" testListId="8c84fa94-04c1-424b-9868-57a2d4851a1d" />
    <TestEntry testId="0a2b44ef-a32c-7822-b578-9479acff6a5a" executionId="1ae54913-95ef-4c53-9c3a-31b512bf5b63" testListId="8c84fa94-04c1-424b-9868-57a2d4851a1d" />
  </TestEntries>
  <TestLists>
    <TestList name="Results Not in a List" id="8c84fa94-04c1-424b-9868-57a2d4851a1d" />
    <TestList name="All Loaded Results" id="19431567-8539-422a-85d7-44ee4e166bda" />
  </TestLists>
  <ResultSummary outcome="Completed">
    <Counters total="6" executed="6" passed="6" failed="0" error="0" timeout="0" aborted="0" inconclusive="0" passedButRunAborted="0" notRunnable="0" notExecuted="0" disconnected="0" warning="0" completed="0" inProgress="0" pending="0" />
    <Output>
      <StdOut>[xUnit.net 00:00:00.00] xUnit.net VSTest Adapter v3.1.5+1b188a7b0a (64-bit .NET 10.0.12)
[xUnit.net 00:00:00.43]   Discovering: Erp.Modules.Lists.Tests
[xUnit.net 00:00:01.05]   Discovered:  Erp.Modules.Lists.Tests
[xUnit.net 00:00:01.69]   Starting:    Erp.Modules.Lists.Tests
[xUnit.net 00:00:53.77]   Finished:    Erp.Modules.Lists.Tests (ID = '3ab372e8c1b058abe35539ecb2b78dba197b5a9f0242af81daadb3c7868d679e')
</StdOut>
    </Output>
  </ResultSummary>
</TestRun>