TAP version 13
# Subtest: add-rate: the Odoo baseline was produced by the current driver and its counts follow from its steps
ok 1 - add-rate: the Odoo baseline was produced by the current driver and its counts follow from its steps
  ---
  duration_ms: 14.532979
  type: 'test'
  ...
# Subtest: api-update-user: the Odoo baseline was produced by the current driver and its counts follow from its steps
ok 2 - api-update-user: the Odoo baseline was produced by the current driver and its counts follow from its steps
  ---
  duration_ms: 5.142342
  type: 'test'
  ...
# Subtest: arabic-report: the Odoo baseline was produced by the current driver and its counts follow from its steps
ok 3 - arabic-report: the Odoo baseline was produced by the current driver and its counts follow from its steps
  ---
  duration_ms: 5.394924
  type: 'test'
  ...
# Subtest: attach-file: the Odoo baseline was produced by the current driver and its counts follow from its steps
ok 4 - attach-file: the Odoo baseline was produced by the current driver and its counts follow from its steps
  ---
  duration_ms: 2.446007
  type: 'test'
  ...
# Subtest: configure-sequence: the Odoo baseline was produced by the current driver and its counts follow from its steps
ok 5 - configure-sequence: the Odoo baseline was produced by the current driver and its counts follow from its steps
  ---
  duration_ms: 5.220741
  type: 'test'
  ...
# Subtest: create-company-branch: the Odoo baseline was produced by the current driver and its counts follow from its steps
ok 6 - create-company-branch: the Odoo baseline was produced by the current driver and its counts follow from its steps
  ---
  duration_ms: 3.761458
  type: 'test'
  ...
# Subtest: create-restricted-user: the Odoo baseline was produced by the current driver and its counts follow from its steps
ok 7 - create-restricted-user: the Odoo baseline was produced by the current driver and its counts follow from its steps
  ---
  duration_ms: 2.015926
  type: 'test'
  ...
# Subtest: custom-field-filter: the Odoo baseline was produced by the current driver and its counts follow from its steps
ok 8 - custom-field-filter: the Odoo baseline was produced by the current driver and its counts follow from its steps
  ---
  duration_ms: 2.608176
  type: 'test'
  ...
# Subtest: edit-and-save: the Odoo baseline was produced by the current driver and its counts follow from its steps
ok 9 - edit-and-save: the Odoo baseline was produced by the current driver and its counts follow from its steps
  ---
  duration_ms: 1.924552
  type: 'test'
  ...
# Subtest: export-filtered-list: the Odoo baseline was produced by the current driver and its counts follow from its steps
ok 10 - export-filtered-list: the Odoo baseline was produced by the current driver and its counts follow from its steps
  ---
  duration_ms: 2.688991
  type: 'test'
  ...
# Subtest: find-record: the Odoo baseline was produced by the current driver and its counts follow from its steps
ok 11 - find-record: the Odoo baseline was produced by the current driver and its counts follow from its steps
  ---
  duration_ms: 2.947634
  type: 'test'
  ...
# Subtest: find-user: the Odoo baseline was produced by the current driver and its counts follow from its steps
ok 12 - find-user: the Odoo baseline was produced by the current driver and its counts follow from its steps
  ---
  duration_ms: 3.062512
  type: 'test'
  ...
# Subtest: follow-approval: the Odoo baseline was produced by the current driver and its counts follow from its steps
ok 13 - follow-approval: the Odoo baseline was produced by the current driver and its counts follow from its steps
  ---
  duration_ms: 1.995207
  type: 'test'
  ...
# Subtest: import-5000: the Odoo baseline was produced by the current driver and its counts follow from its steps
ok 14 - import-5000: the Odoo baseline was produced by the current driver and its counts follow from its steps
  ---
  duration_ms: 2.415449
  type: 'test'
  ...
# Subtest: keyboard-navigation: the Odoo baseline was produced by the current driver and its counts follow from its steps
ok 15 - keyboard-navigation: the Odoo baseline was produced by the current driver and its counts follow from its steps
  ---
  duration_ms: 4.664771
  type: 'test'
  ...
# Subtest: print-list-arabic: the Odoo baseline was produced by the current driver and its counts follow from its steps
ok 16 - print-list-arabic: the Odoo baseline was produced by the current driver and its counts follow from its steps
  ---
  duration_ms: 2.506182
  type: 'test'
  ...
# Subtest: reach-screen-keyboard: the Odoo baseline was produced by the current driver and its counts follow from its steps
ok 17 - reach-screen-keyboard: the Odoo baseline was produced by the current driver and its counts follow from its steps
  ---
  duration_ms: 2.55753
  type: 'test'
  ...
# Subtest: see-and-rerun-job: the Odoo baseline was produced by the current driver and its counts follow from its steps
ok 18 - see-and-rerun-job: the Odoo baseline was produced by the current driver and its counts follow from its steps
  ---
  duration_ms: 1.649066
  type: 'test'
  ...
# Subtest: sign-in: the Odoo baseline was produced by the current driver and its counts follow from its steps
ok 19 - sign-in: the Odoo baseline was produced by the current driver and its counts follow from its steps
  ---
  duration_ms: 1.744008
  type: 'test'
  ...
# Subtest: switch-company: the Odoo baseline was produced by the current driver and its counts follow from its steps
ok 20 - switch-company: the Odoo baseline was produced by the current driver and its counts follow from its steps
  ---
  duration_ms: 2.234603
  type: 'test'
  ...
# Subtest: switch-to-arabic: the Odoo baseline was produced by the current driver and its counts follow from its steps
ok 21 - switch-to-arabic: the Odoo baseline was produced by the current driver and its counts follow from its steps
  ---
  duration_ms: 2.726051
  type: 'test'
  ...
# Subtest: who-changed-field: the Odoo baseline was produced by the current driver and its counts follow from its steps
ok 22 - who-changed-field: the Odoo baseline was produced by the current driver and its counts follow from its steps
  ---
  duration_ms: 1.880007
  type: 'test'
  ...
# Subtest: screenshot names are random and never name a product
ok 23 - screenshot names are random and never name a product
  ---
  duration_ms: 5.656762
  type: 'test'
  ...
# Subtest: revealsProduct catches product names in any case
ok 24 - revealsProduct catches product names in any case
  ---
  duration_ms: 0.300484
  type: 'test'
  ...
# Subtest: both products have a branding profile; extra brand words are added
ok 25 - both products have a branding profile; extra brand words are added
  ---
  duration_ms: 0.836977
  type: 'test'
  ...
# Subtest: the demo data's company names and codes are masked in both products (round 3 blindness finding)
ok 26 - the demo data's company names and codes are masked in both products (round 3 blindness finding)
  ---
  duration_ms: 0.181396
  type: 'test'
  ...
# Subtest: letters A and B are assigned at random
ok 27 - letters A and B are assigned at random
  ---
  duration_ms: 1.403117
  type: 'test'
  ...
# Subtest: committed Odoo baseline screenshots have neutral names and the key lives outside the shots folder
ok 28 - committed Odoo baseline screenshots have neutral names and the key lives outside the shots folder
  ---
  duration_ms: 0.527807
  type: 'test'
  ...
# Subtest: the blind review page shows neutral captions, never the moments a driver named
ok 29 - the blind review page shows neutral captions, never the moments a driver named
  ---
  duration_ms: 9.738791
  type: 'test'
  ...
# Subtest: a placeholder naming the vendor is cleared, not painted over
ok 30 - a placeholder naming the vendor is cleared, not painted over
  ---
  duration_ms: 0.16224
  type: 'test'
  ...
# Subtest: a side-by-side folder keeps the blind part (shots, review page) apart from the key and results
ok 31 - a side-by-side folder keeps the blind part (shots, review page) apart from the key and results
  ---
  duration_ms: 273.290337
  type: 'test'
  ...
# Subtest: side by side, the products run in a random order per task
ok 32 - side by side, the products run in a random order per task
  ---
  duration_ms: 1.008555
  type: 'test'
  ...
# Subtest: identity codes are masked wherever they stand in a text: a workspace label, an e-mail domain (round 5 blindness finding)
ok 33 - identity codes are masked wherever they stand in a text: a workspace label, an e-mail domain (round 5 blindness finding)
  ---
  duration_ms: 1126.926598
  type: 'test'
  ...
# Subtest: every product's shots mask every product's demo names and codes (round 7: the same sign-in showed in one product and was masked in the other)
ok 34 - every product's shots mask every product's demo names and codes (round 7: the same sign-in showed in one product and was masked in the other)
  ---
  duration_ms: 710.381314
  type: 'test'
  ...
# Subtest: a name cut short by its list cell is painted over within the cell, not across the next column, and every masked cell edge to edge (round 7, p02 critic: rows looked misaligned around a masked name)
ok 35 - a name cut short by its list cell is painted over within the cell, not across the next column, and every masked cell edge to edge (round 7, p02 critic: rows looked misaligned around a masked name)
  ---
  duration_ms: 711.825188
  type: 'test'
  ...
# Subtest: --list prints every task
ok 36 - --list prints every task
  ---
  duration_ms: 444.847035
  type: 'test'
  ...
# Subtest: bad arguments fail with usage
ok 37 - bad arguments fail with usage
  ---
  duration_ms: 785.938756
  type: 'test'
  ...
# Subtest: one command runs a task on our product and writes a result JSON
ok 38 - one command runs a task on our product and writes a result JSON
  ---
  duration_ms: 2821.544174
  type: 'test'
  ...
# Subtest: the blind review page shows A and B only and keeps the mapping in key.json
ok 39 - the blind review page shows A and B only and keeps the mapping in key.json
  ---
  duration_ms: 13.227012
  type: 'test'
  ...
# Subtest: ours wins only when strictly lower on every metric
ok 40 - ours wins only when strictly lower on every metric
  ---
  duration_ms: 1.609753
  type: 'test'
  ...
# Subtest: a tie is a loss
ok 41 - a tie is a loss
  ---
  duration_ms: 0.426352
  type: 'test'
  ...
# Subtest: zero rule: a count metric on which both score exactly 0 is left out, neither a tie nor a win; the rest decides
ok 42 - zero rule: a count metric on which both score exactly 0 is left out, neither a tie nor a win; the rest decides
  ---
  duration_ms: 1.16181
  type: 'test'
  ...
# Subtest: zero rule: only both exactly 0; 0 against anything else is compared as usual
ok 43 - zero rule: only both exactly 0; 0 against anything else is compared as usual
  ---
  duration_ms: 0.428617
  type: 'test'
  ...
# Subtest: zero rule: count metrics only; a time metric equal on both sides still ties, even at 0, and the tie is a loss
ok 44 - zero rule: count metrics only; a time metric equal on both sides still ties, even at 0, and the tie is a loss
  ---
  duration_ms: 0.375905
  type: 'test'
  ...
# Subtest: zero rule: any other tie is still a loss, beside a metric left out
ok 45 - zero rule: any other tie is still a loss, beside a metric left out
  ---
  duration_ms: 0.243931
  type: 'test'
  ...
# Subtest: zero rule: when every metric ties the task is a loss, with or without metrics left out
ok 46 - zero rule: when every metric ties the task is a loss, with or without metrics left out
  ---
  duration_ms: 0.291192
  type: 'test'
  ...
# Subtest: zero rule: the comparison output names the metrics left out, in its fields and in words
ok 47 - zero rule: the comparison output names the metrics left out, in its fields and in words
  ---
  duration_ms: 0.480837
  type: 'test'
  ...
# Subtest: whole paths: ours wins only when one of its paths beats the reference on every metric by itself
ok 48 - whole paths: ours wins only when one of its paths beats the reference on every metric by itself
  ---
  duration_ms: 0.775546
  type: 'test'
  ...
# Subtest: whole paths: over repeats each path is judged on the medians of its own times
ok 49 - whole paths: over repeats each path is judged on the medians of its own times
  ---
  duration_ms: 0.818188
  type: 'test'
  ...
# Subtest: an unbuilt or failed product is never a win
ok 50 - an unbuilt or failed product is never a win
  ---
  duration_ms: 0.300299
  type: 'test'
  ...
# Subtest: median of repeated runs uses the median machine seconds
ok 51 - median of repeated runs uses the median machine seconds
  ---
  duration_ms: 0.2023
  type: 'test'
  ...
# Subtest: the generator is deterministic: a fresh run reproduces the shared files byte for byte
ok 52 - the generator is deterministic: a fresh run reproduces the shared files byte for byte
  ---
  duration_ms: 1832.650981
  type: 'test'
  ...
# Subtest: volumes match the bar: 100,000 contacts, users and rates; 5,000 import rows
ok 53 - volumes match the bar: 100,000 contacts, users and rates; 5,000 import rows
  ---
  duration_ms: 238.460399
  type: 'test'
  ...
# Subtest: the needle name occurs exactly once and the import file has plain headers
ok 54 - the needle name occurs exactly once and the import file has plain headers
  ---
  duration_ms: 99.279218
  type: 'test'
  ...
# Subtest: the generator keeps rates as fixed six-decimal strings
ok 55 - the generator keeps rates as fixed six-decimal strings
  ---
  duration_ms: 6.932849
  type: 'test'
  ...
# Subtest: the random source is seeded
ok 56 - the random source is seeded
  ---
  duration_ms: 0.282625
  type: 'test'
  ...
# Subtest: every driver imports only the fixture clients and Node file helpers, and runs no unreadable code
ok 57 - every driver imports only the fixture clients and Node file helpers, and runs no unreadable code
  ---
  duration_ms: 102.877492
  type: 'test'
  ...
# Subtest: the driver lint catches planted escapes
ok 58 - the driver lint catches planted escapes
  ---
  duration_ms: 3.9103
  type: 'test'
  ...
# Subtest: an error before the measured part keeps the address, the console and a screenshot outside blind/
ok 59 - an error before the measured part keeps the address, the console and a screenshot outside blind/
  ---
  duration_ms: 2210.057071
  type: 'test'
  ...
# Subtest: an error in the reference folder records the address and console but writes no screenshot there
ok 60 - an error in the reference folder records the address and console but writes no screenshot there
  ---
  duration_ms: 2015.595467
  type: 'test'
  ...
# Subtest: a verified run records no failure capture
ok 61 - a verified run records no failure capture
  ---
  duration_ms: 2051.809593
  type: 'test'
  ...
# Subtest: control: an honest driver verifies; reading and locating are allowed while measured
ok 62 - control: an honest driver verifies; reading and locating are allowed while measured
  ---
  duration_ms: 1887.78547
  type: 'test'
  ...
# Subtest: plant: typing through ctx.page.keyboard -> the run is invalid, never verified
ok 63 - plant: typing through ctx.page.keyboard -> the run is invalid, never verified
  ---
  duration_ms: 1452.670144
  type: 'test'
  ...
# Subtest: plant: pressing a key through op.page.keyboard -> the run is invalid, never verified
ok 64 - plant: pressing a key through op.page.keyboard -> the run is invalid, never verified
  ---
  duration_ms: 1421.768859
  type: 'test'
  ...
# Subtest: plant: clicking a locator directly -> the run is invalid, never verified
ok 65 - plant: clicking a locator directly -> the run is invalid, never verified
  ---
  duration_ms: 1582.987099
  type: 'test'
  ...
# Subtest: plant: filling a field directly -> the run is invalid, never verified
ok 66 - plant: filling a field directly -> the run is invalid, never verified
  ---
  duration_ms: 1613.693511
  type: 'test'
  ...
# Subtest: plant: the mouse -> the run is invalid, never verified
ok 67 - plant: the mouse -> the run is invalid, never verified
  ---
  duration_ms: 1505.897889
  type: 'test'
  ...
# Subtest: plant: a deep link (goto) -> the run is invalid, never verified
ok 68 - plant: a deep link (goto) -> the run is invalid, never verified
  ---
  duration_ms: 1597.587187
  type: 'test'
  ...
# Subtest: plant: a reload -> the run is invalid, never verified
ok 69 - plant: a reload -> the run is invalid, never verified
  ---
  duration_ms: 1414.249261
  type: 'test'
  ...
# Subtest: plant: page script that clicks (evaluate) -> the run is invalid, never verified
ok 70 - plant: page script that clicks (evaluate) -> the run is invalid, never verified
  ---
  duration_ms: 1427.499094
  type: 'test'
  ...
# Subtest: plant: locator script that clicks (locator.evaluate) -> the run is invalid, never verified
ok 71 - plant: locator script that clicks (locator.evaluate) -> the run is invalid, never verified
  ---
  duration_ms: 1556.891202
  type: 'test'
  ...
# Subtest: plant: a condition that clicks -> the run is invalid, never verified
ok 72 - plant: a condition that clicks -> the run is invalid, never verified
  ---
  duration_ms: 1544.811227
  type: 'test'
  ...
# Subtest: plant: a condition that sets a value -> the run is invalid, never verified
ok 73 - plant: a condition that sets a value -> the run is invalid, never verified
  ---
  duration_ms: 1508.112901
  type: 'test'
  ...
# Subtest: plant: a condition that changes the page -> the run is invalid, never verified
ok 74 - plant: a condition that changes the page -> the run is invalid, never verified
  ---
  duration_ms: 1325.702459
  type: 'test'
  ...
# Subtest: plant: a condition that defers an action (setTimeout) -> the run is invalid, never verified
ok 75 - plant: a condition that defers an action (setTimeout) -> the run is invalid, never verified
  ---
  duration_ms: 1327.654542
  type: 'test'
  ...
# Subtest: plant: an asynchronous condition -> the run is invalid, never verified
ok 76 - plant: an asynchronous condition -> the run is invalid, never verified
  ---
  duration_ms: 1487.348141
  type: 'test'
  ...
# Subtest: plant: a condition that navigates -> the run is invalid, never verified
ok 77 - plant: a condition that navigates -> the run is invalid, never verified
  ---
  duration_ms: 1440.175646
  type: 'test'
  ...
# Subtest: plant: a condition that calls the back end from the page -> the run is invalid, never verified
ok 78 - plant: a condition that calls the back end from the page -> the run is invalid, never verified
  ---
  duration_ms: 1661.316294
  type: 'test'
  ...
# Subtest: plant: a back-end call from the harness (fetch) -> the run is invalid, never verified
ok 79 - plant: a back-end call from the harness (fetch) -> the run is invalid, never verified
  ---
  duration_ms: 1452.808716
  type: 'test'
  ...
# Subtest: plant: a back-end call from the harness (http.request) -> the run is invalid, never verified
ok 80 - plant: a back-end call from the harness (http.request) -> the run is invalid, never verified
  ---
  duration_ms: 1630.17786
  type: 'test'
  ...
# Subtest: plant: a second page in the same context -> the run is invalid, never verified
ok 81 - plant: a second page in the same context -> the run is invalid, never verified
  ---
  duration_ms: 1519.94602
  type: 'test'
  ...
# Subtest: plant: a new browser context -> the run is invalid, never verified
ok 82 - plant: a new browser context -> the run is invalid, never verified
  ---
  duration_ms: 1547.576835
  type: 'test'
  ...
# Subtest: plant: the page request context (page.request) -> the run is invalid, never verified
ok 83 - plant: the page request context (page.request) -> the run is invalid, never verified
  ---
  duration_ms: 1469.233527
  type: 'test'
  ...
# Subtest: plant: reaching a browser-driver internal (_mainFrame) -> the run is invalid, never verified
ok 84 - plant: reaching a browser-driver internal (_mainFrame) -> the run is invalid, never verified
  ---
  duration_ms: 1491.628514
  type: 'test'
  ...
# Subtest: plant: closing the page (Symbol.asyncDispose) -> the run is invalid, never verified
ok 85 - plant: closing the page (Symbol.asyncDispose) -> the run is invalid, never verified
  ---
  duration_ms: 1407.503083
  type: 'test'
  ...
# Subtest: plant: an action whose refusal the driver swallows -> the run is invalid, never verified
ok 86 - plant: an action whose refusal the driver swallows -> the run is invalid, never verified
  ---
  duration_ms: 1698.060343
  type: 'test'
  ...
# Subtest: plant: a keyboard kept from set-up and used while measured is refused
ok 87 - plant: a keyboard kept from set-up and used while measured is refused
  ---
  duration_ms: 1425.541062
  type: 'test'
  ...
# Subtest: plant: an internal channel kept from set-up is refused there too
ok 88 - plant: an internal channel kept from set-up is refused there too
  ---
  duration_ms: 1701.724487
  type: 'test'
  ...
# Subtest: plant: a driver cannot stop the clock, drop steps or reach the raw page
ok 89 - plant: a driver cannot stop the clock, drop steps or reach the raw page
  ---
  duration_ms: 1616.257903
  type: 'test'
  ...
# Subtest: plant: browserKey refuses an action passed by the driver
ok 90 - plant: browserKey refuses an action passed by the driver
  ---
  duration_ms: 1469.680011
  type: 'test'
  ...
# Subtest: plant: the guard controls cannot be claimed by a driver
ok 91 - plant: the guard controls cannot be claimed by a driver
  ---
  duration_ms: 0.921704
  type: 'test'
  ...
# Subtest: set-up may act on the product but never run page script; verify() only reads
ok 92 - set-up may act on the product but never run page script; verify() only reads
  ---
  duration_ms: 1726.652462
  type: 'test'
  ...
# Subtest: plant U1 (round 3): page script installed during sign-in to act in the measured part -> invalid
ok 93 - plant U1 (round 3): page script installed during sign-in to act in the measured part -> invalid
  ---
  duration_ms: 4630.443277
  type: 'test'
  ...
# Subtest: plant U1b (round 3): a listener installed through a locator in set-up -> invalid
ok 94 - plant U1b (round 3): a listener installed through a locator in set-up -> invalid
  ---
  duration_ms: 1691.854768
  type: 'test'
  ...
# Subtest: plant U2 (round 3): an init script added to the context in set-up (an F9 that does the task) -> invalid
ok 95 - plant U2 (round 3): an init script added to the context in set-up (an F9 that does the task) -> invalid
  ---
  duration_ms: 4642.246455
  type: 'test'
  ...
# Subtest: plant U2b (round 3): exposed functions, routes and extra headers made in set-up -> invalid
ok 96 - plant U2b (round 3): exposed functions, routes and extra headers made in set-up -> invalid
  ---
  duration_ms: 7260.320719
  type: 'test'
  ...
# Subtest: plant U3 (round 3): even a script that escaped the guard would not survive: the start page is a fresh context
ok 97 - plant U3 (round 3): even a script that escaped the guard would not survive: the start page is a fresh context
  ---
  duration_ms: 3695.355911
  type: 'test'
  ...
# Subtest: plant H2 (round 3): the start state is checked: a field the product refills from what sign-in typed -> invalid
ok 98 - plant H2 (round 3): the start state is checked: a field the product refills from what sign-in typed -> invalid
  ---
  duration_ms: 1231.581463
  type: 'test'
  ...
# Subtest: plant H2b (round 3): a start screen that carries state in its address -> invalid
ok 99 - plant H2b (round 3): a start screen that carries state in its address -> invalid
  ---
  duration_ms: 452.405457
  type: 'test'
  ...
# Subtest: plant H2c (round 3): a task already done by set-up before the clock -> invalid
ok 100 - plant H2c (round 3): a task already done by set-up before the clock -> invalid
  ---
  duration_ms: 1270.225762
  type: 'test'
  ...
# Subtest: plant V1 (round 3): verify() that acts on the page -> invalid
ok 101 - plant V1 (round 3): verify() that acts on the page -> invalid
  ---
  duration_ms: 1832.049374
  type: 'test'
  ...
# Subtest: plant V2 (round 3): verify() that changes the product through the back end -> invalid
ok 102 - plant V2 (round 3): verify() that changes the product through the back end -> invalid
  ---
  duration_ms: 2101.271492
  type: 'test'
  ...
# Subtest: plant S1 (round 3): a newline inside op.type (Enter without a step) -> invalid
ok 103 - plant S1 (round 3): a newline inside op.type (Enter without a step) -> invalid
  ---
  duration_ms: 1906.386278
  type: 'test'
  ...
# Subtest: plant K1 (round 3): a driver that declares chain to drop mental preparation -> invalid
ok 104 - plant K1 (round 3): a driver that declares chain to drop mental preparation -> invalid
  ---
  duration_ms: 1766.853624
  type: 'test'
  ...
# Subtest: plant T1 (round 3): screenshots while the product works neither hide its time nor go undeclared
ok 105 - plant T1 (round 3): screenshots while the product works neither hide its time nor go undeclared
  ---
  duration_ms: 5827.524251
  type: 'test'
  ...
# Subtest: the real ours sign-in driver verifies on a stand-in sign-in page
ok 106 - the real ours sign-in driver verifies on a stand-in sign-in page
  ---
  duration_ms: 8936.965928
  type: 'test'
  ...
# Subtest: the whole-e-mail path fails on a sign-in screen that does not move on by itself (no password typed into the e-mail field)
ok 107 - the whole-e-mail path fails on a sign-in screen that does not move on by itself (no password typed into the e-mail field)
  ---
  duration_ms: 7891.575696
  type: 'test'
  ...
# Subtest: plant H1 (round 2): the ours sign-in driver types the password through ctx.page.keyboard -> invalid
ok 108 - plant H1 (round 2): the ours sign-in driver types the password through ctx.page.keyboard -> invalid
  ---
  duration_ms: 8708.446264
  type: 'test'
  ...
# Subtest: plant K1 (round 3, the real driver): the ours sign-in driver with every step declared chained -> invalid
ok 109 - plant K1 (round 3, the real driver): the ours sign-in driver with every step declared chained -> invalid
  ---
  duration_ms: 7987.201962
  type: 'test'
  ...
# Subtest: the real ours find-user driver verifies on a stand-in users screen
ok 110 - the real ours find-user driver verifies on a stand-in users screen
  ---
  duration_ms: 3514.477944
  type: 'test'
  ...
# Subtest: plant H2 (round 3, the real driver): ours find-user signs in, opens Users and types the name before the clock -> never a 1-step win
ok 111 - plant H2 (round 3, the real driver): ours find-user signs in, opens Users and types the name before the clock -> never a 1-step win
  ---
  duration_ms: 12091.453929
  type: 'test'
  ...
# Subtest: an API task counts each request, and its screenshots show the neutral request transcript
ok 112 - an API task counts each request, and its screenshots show the neutral request transcript
  ---
  duration_ms: 2751.216477
  type: 'test'
  ...
# Subtest: plant: signing in to the API inside the measured part is refused
ok 113 - plant: signing in to the API inside the measured part is refused
  ---
  duration_ms: 1728.293985
  type: 'test'
  ...
# Subtest: plant P1 (round 4): an action left pending in a second browser context from set-up -> never verified
ok 114 - plant P1 (round 4): an action left pending in a second browser context from set-up -> never verified
  ---
  duration_ms: 7282.289241
  type: 'test'
  ...
# Subtest: plant P2 (round 4): launching another browser in set-up -> invalid
ok 115 - plant P2 (round 4): launching another browser in set-up -> invalid
  ---
  duration_ms: 820.771941
  type: 'test'
  ...
# Subtest: plant P3 (round 4): a browser-wide debugging session or trace from set-up -> invalid
ok 116 - plant P3 (round 4): a browser-wide debugging session or trace from set-up -> invalid
  ---
  duration_ms: 1738.711025
  type: 'test'
  ...
# Subtest: plant L1 (round 4): set-up changes where the product opens (a home preference) -> invalid
ok 117 - plant L1 (round 4): set-up changes where the product opens (a home preference) -> invalid
  ---
  duration_ms: 2253.126471
  type: 'test'
  ...
# Subtest: plant L2 (round 4): a list start whose address names the task's data -> invalid
ok 118 - plant L2 (round 4): a list start whose address names the task's data -> invalid
  ---
  duration_ms: 4172.87494
  type: 'test'
  ...
# Subtest: control (round 4): a home start that lands on the home, with set-up contexts of its own, still verifies
ok 119 - control (round 4): a home start that lands on the home, with set-up contexts of its own, still verifies
  ---
  duration_ms: 3546.495367
  type: 'test'
  ...
# Subtest: plant C1 (round 4): text copied to the clipboard in set-up and pasted while measured -> invalid
ok 120 - plant C1 (round 4): text copied to the clipboard in set-up and pasted while measured -> invalid
  ---
  duration_ms: 10331.404248
  type: 'test'
  ...
# Subtest: control (round 4): text copied inside the measured part may be pasted
ok 121 - control (round 4): text copied inside the measured part may be pasted
  ---
  duration_ms: 2595.428119
  type: 'test'
  ...
# Subtest: control (round 5): the honest path on the slow page waits for the 2 s answer
ok 122 - control (round 5): the honest path on the slow page waits for the 2 s answer
  ---
  duration_ms: 4781.206977
  type: 'test'
  ...
# Subtest: plant T2 (round 5): run() returns after the click and verify() waits for the end state -> invalid
ok 123 - plant T2 (round 5): run() returns after the click and verify() waits for the end state -> invalid
  ---
  duration_ms: 3518.707372
  type: 'test'
  ...
# Subtest: plant T2b (round 5): run() returns after the click and verify() reads once -> the screen is frozen as the clock stopped
ok 124 - plant T2b (round 5): run() returns after the click and verify() reads once -> the screen is frozen as the clock stopped
  ---
  duration_ms: 8086.339119
  type: 'test'
  ...
# Subtest: plant T2g (round 5): run() returns while a save is still under way and verify() reads the back end -> the save is on the clock
ok 125 - plant T2g (round 5): run() returns while a save is still under way and verify() reads the back end -> the save is on the clock
  ---
  duration_ms: 4786.104168
  type: 'test'
  ...
# Subtest: control (round 5): images and reads still loading when run() returns are not waited for
ok 126 - control (round 5): images and reads still loading when run() returns are not waited for
  ---
  duration_ms: 2594.770491
  type: 'test'
  ...
# Subtest: plant T2c (round 5): a save committed after its answer, and verify() polls the back end until it shows -> invalid
ok 127 - plant T2c (round 5): a save committed after its answer, and verify() polls the back end until it shows -> invalid
  ---
  duration_ms: 2645.008791
  type: 'test'
  ...
# Subtest: plant T2d (round 5): a request the page sends 600 ms after the click cannot finish after the clock stops
ok 128 - plant T2d (round 5): a request the page sends 600 ms after the click cannot finish after the clock stops
  ---
  duration_ms: 7793.95206
  type: 'test'
  ...
# Subtest: plant T2h (round 6): verify() that polls is refused on arrival, before the clock as well as after it -> invalid, quickly
ok 129 - plant T2h (round 6): verify() that polls is refused on arrival, before the clock as well as after it -> invalid, quickly
  ---
  duration_ms: 3179.042853
  type: 'test'
  ...
# Subtest: plant T2f (round 5): verify() that sleeps on a timer, or polls a slow read with varied requests -> invalid
ok 130 - plant T2f (round 5): verify() that sleeps on a timer, or polls a slow read with varied requests -> invalid
  ---
  duration_ms: 9063.430108
  type: 'test'
  ...
# Subtest: plant T2e (round 5): verify() that waits with ctx.until or waitForURL -> invalid
ok 131 - plant T2e (round 5): verify() that waits with ctx.until or waitForURL -> invalid
  ---
  duration_ms: 5679.606184
  type: 'test'
  ...
# Subtest: plant U4 (round 5): a fetch captured when the driver module loads, used while measured -> invalid
ok 132 - plant U4 (round 5): a fetch captured when the driver module loads, used while measured -> invalid
  ---
  duration_ms: 2108.734135
  type: 'test'
  ...
# Subtest: plant U5 (round 5): process.getBuiltinModule reaches child_process or net while measured -> invalid, nothing sent
ok 133 - plant U5 (round 5): process.getBuiltinModule reaches child_process or net while measured -> invalid, nothing sent
  ---
  duration_ms: 8738.413981
  type: 'test'
  ...
# Subtest: plant U5b (round 5): every other way out of the driver process is refused, in set-up too -> invalid
ok 134 - plant U5b (round 5): every other way out of the driver process is refused, in set-up too -> invalid
  ---
  duration_ms: 25497.424984
  type: 'test'
  ...
# Subtest: plant U5c (round 5): the driver process cannot write outside its scratch folder, itself or through the harness
ok 135 - plant U5c (round 5): the driver process cannot write outside its scratch folder, itself or through the harness
  ---
  duration_ms: 5669.226152
  type: 'test'
  ...
# Subtest: plant U5d (round 5): a timer left by set-up that calls the back end while measured -> invalid
ok 136 - plant U5d (round 5): a timer left by set-up that calls the back end while measured -> invalid
  ---
  duration_ms: 5180.600067
  type: 'test'
  ...
# Subtest: plant U5h (round 5): a slow back-end call set-up leaves running lands before the clock, never inside it -> invalid
ok 137 - plant U5h (round 5): a slow back-end call set-up leaves running lands before the clock, never inside it -> invalid
  ---
  duration_ms: 2876.362329
  type: 'test'
  ...
# Subtest: plant U5i (round 5): page script smuggled as a crafted function text cannot run outside the sentinel -> invalid
ok 138 - plant U5i (round 5): page script smuggled as a crafted function text cannot run outside the sentinel -> invalid
  ---
  duration_ms: 3434.793562
  type: 'test'
  ...
# Subtest: plant U5j (round 5): set-up leaves a request of Playwright's own HTTP client running -> invalid
ok 139 - plant U5j (round 5): set-up leaves a request of Playwright's own HTTP client running -> invalid
  ---
  duration_ms: 2075.867058
  type: 'test'
  ...
# Subtest: plant U5k (round 5): an API session with a header that changes what a typed request does -> invalid
ok 140 - plant U5k (round 5): an API session with a header that changes what a typed request does -> invalid
  ---
  duration_ms: 547.654564
  type: 'test'
  ...
# Subtest: plant U5e (round 5): no driver module runs in the harness process, and its clock is out of the driver's reach
ok 141 - plant U5e (round 5): no driver module runs in the harness process, and its clock is out of the driver's reach
  ---
  duration_ms: 4301.589019
  type: 'test'
  ...
# Subtest: plant U5f (round 5): a driver object handed straight to execute() is refused, never measured
ok 142 - plant U5f (round 5): a driver object handed straight to execute() is refused, never measured
  ---
  duration_ms: 1.68647
  type: 'test'
  ...
# Subtest: plant U5g (round 5, the real driver): ours api-update-user sends its PUT through a child process -> invalid, nothing sent
ok 143 - plant U5g (round 5, the real driver): ours api-update-user sends its PUT through a child process -> invalid, nothing sent
  ---
  duration_ms: 2466.371421
  type: 'test'
  ...
# Subtest: plant C2 (round 5): ControlOrMeta+v: text copied in set-up is pasted while measured -> invalid
ok 144 - plant C2 (round 5): ControlOrMeta+v: text copied in set-up is pasted while measured -> invalid
  ---
  duration_ms: 1761.880951
  type: 'test'
  ...
# Subtest: plant C3 (round 5): an empty copy, then Control+v: text copied in set-up is pasted while measured -> invalid
ok 145 - plant C3 (round 5): an empty copy, then Control+v: text copied in set-up is pasted while measured -> invalid
  ---
  duration_ms: 1684.23785
  type: 'test'
  ...
# Subtest: plant C4 (round 5): Control+KeyV: text copied in set-up is pasted while measured -> invalid
ok 146 - plant C4 (round 5): Control+KeyV: text copied in set-up is pasted while measured -> invalid
  ---
  duration_ms: 1801.85606
  type: 'test'
  ...
# Subtest: plant C5 (round 5): control+V written in other cases: text copied in set-up is pasted while measured -> invalid
ok 147 - plant C5 (round 5): control+V written in other cases: text copied in set-up is pasted while measured -> invalid
  ---
  duration_ms: 2093.741976
  type: 'test'
  ...
# Subtest: plant C6 (round 5): Shift+Control+v: text copied in set-up is pasted while measured -> invalid
ok 148 - plant C6 (round 5): Shift+Control+v: text copied in set-up is pasted while measured -> invalid
  ---
  duration_ms: 1996.384575
  type: 'test'
  ...
# Subtest: control (round 5): the clipboard is empty at the start, whatever set-up copied
ok 149 - control (round 5): the clipboard is empty at the start, whatever set-up copied
  ---
  duration_ms: 2022.927237
  type: 'test'
  ...
# Subtest: KLM (round 5): typing right after an Enter that opened a new screen starts with a mental step
ok 150 - KLM (round 5): typing right after an Enter that opened a new screen starts with a mental step
  ---
  duration_ms: 2379.8902
  type: 'test'
  ...
# Subtest: operator times are the published Card, Moran and Newell averages
ok 151 - operator times are the published Card, Moran and Newell averages
  ---
  duration_ms: 2.681358
  type: 'test'
  ...
# Subtest: typing counts one key per character plus Shift for capitals and symbols
ok 152 - typing counts one key per character plus Shift for capitals and symbols
  ---
  duration_ms: 0.491585
  type: 'test'
  ...
# Subtest: a chord counts each key in it
ok 153 - a chord counts each key in it
  ---
  duration_ms: 0.266469
  type: 'test'
  ...
# Subtest: a click is M + P + BB, with homing when the hand comes from the keyboard
ok 154 - a click is M + P + BB, with homing when the hand comes from the keyboard
  ---
  duration_ms: 0.45924
  type: 'test'
  ...
# Subtest: a chained step has no mental preparation
ok 155 - a chained step has no mental preparation
  ---
  duration_ms: 0.201417
  type: 'test'
  ...
# Subtest: the operator starts with the hand on the mouse
ok 156 - the operator starts with the hand on the mouse
  ---
  duration_ms: 0.183482
  type: 'test'
  ...
# Subtest: file picks are modelled as a double click
ok 157 - file picks are modelled as a double click
  ---
  duration_ms: 0.230106
  type: 'test'
  ...
# Subtest: totals for a short path add up
ok 158 - totals for a short path add up
  ---
  duration_ms: 0.54829
  type: 'test'
  ...
# Subtest: unknown step kinds are rejected
ok 159 - unknown step kinds are rejected
  ---
  duration_ms: 0.728184
  type: 'test'
  ...
# Subtest: a scroll is a mouse step modelled like a click
ok 160 - a scroll is a mouse step modelled like a click
  ---
  duration_ms: 0.570555
  type: 'test'
  ...
# Subtest: continuation is derived from the steps: typing after a click on its field, after a key; Enter after typing or an arrow
ok 161 - continuation is derived from the steps: typing after a click on its field, after a key; Enter after typing or an arrow
  ---
  duration_ms: 0.571477
  type: 'test'
  ...
# Subtest: plant K1 (round 3): a chain flag written on a step changes nothing; only the sequence counts
ok 162 - plant K1 (round 3): a chain flag written on a step changes nothing; only the sequence counts
  ---
  duration_ms: 0.303795
  type: 'test'
  ...
# Subtest: round 5: no step continues one that began on another screen (a key that opened a new screen, then typing)
ok 163 - round 5: no step continues one that began on another screen (a key that opened a new screen, then typing)
  ---
  duration_ms: 0.326972
  type: 'test'
  ...
# Subtest: every npm dependency of the harness is under an allowed licence
ok 164 - every npm dependency of the harness is under an allowed licence
  ---
  duration_ms: 1.333399
  type: 'test'
  ...
# Subtest: dependencies are pinned to exact versions
ok 165 - dependencies are pinned to exact versions
  ---
  duration_ms: 0.423697
  type: 'test'
  ...
# Subtest: steps, keystrokes and waits are counted the same way every time
ok 166 - steps, keystrokes and waits are counted the same way every time
  ---
  duration_ms: 940.365252
  type: 'test'
  ...
# Subtest: choosing a file counts the dialog click and the pick
ok 167 - choosing a file counts the dialog click and the pick
  ---
  duration_ms: 389.662766
  type: 'test'
  ...
# Subtest: a step before start() is refused
ok 168 - a step before start() is refused
  ---
  duration_ms: 323.275024
  type: 'test'
  ...
# Subtest: blind screenshots paint branding over, go grey, and leave title and favicon neutral
ok 169 - blind screenshots paint branding over, go grey, and leave title and favicon neutral
  ---
  duration_ms: 1003.635365
  type: 'test'
  ...
# Subtest: a screenshot after the end of a task never shortens the measured time
ok 170 - a screenshot after the end of a task never shortens the measured time
  ---
  duration_ms: 537.966252
  type: 'test'
  ...
# Subtest: round 3 fault T1: a screenshot taken while measuring stays on the clock (it cannot hide the product working)
ok 171 - round 3 fault T1: a screenshot taken while measuring stays on the clock (it cannot hide the product working)
  ---
  duration_ms: 908.250904
  type: 'test'
  ...
# Subtest: round 2 fault: the done screenshot after finish() leaves machine seconds unchanged
ok 172 - round 2 fault: the done screenshot after finish() leaves machine seconds unchanged
  ---
  duration_ms: 1315.963174
  type: 'test'
  ...
# Subtest: while measuring, only the moments the task declares are shot, each once; their time stays on the clock
ok 173 - while measuring, only the moments the task declares are shot, each once; their time stays on the clock
  ---
  duration_ms: 825.427122
  type: 'test'
  ...
# Subtest: round 3 fault S1: op.type refuses control characters (a newline would press Enter without a step)
ok 174 - round 3 fault S1: op.type refuses control characters (a newline would press Enter without a step)
  ---
  duration_ms: 723.43543
  type: 'test'
  ...
# Subtest: round 3 fault K1: a driver cannot declare continuation (chain) or pass options that act uncounted
ok 175 - round 3 fault K1: a driver cannot declare continuation (chain) or pass options that act uncounted
  ---
  duration_ms: 435.42075
  type: 'test'
  ...
# Subtest: an API request is one step whose keystrokes are the request typed plus Enter
ok 176 - an API request is one step whose keystrokes are the request typed plus Enter
  ---
  duration_ms: 226.029498
  type: 'test'
  ...
# Subtest: a wait condition works on a page whose content security policy forbids eval (our product)
ok 177 - a wait condition works on a page whose content security policy forbids eval (our product)
  ---
  duration_ms: 492.70112
  type: 'test'
  ...
# Subtest: round 5: paste and copy chords are read as the keys they press, whatever their spelling
ok 178 - round 5: paste and copy chords are read as the keys they press, whatever their spelling
  ---
  duration_ms: 0.925744
  type: 'test'
  ...
# Subtest: a screenshot the browser fails to take ends the run: it is tried once, never again on the clock (round 6)
ok 179 - a screenshot the browser fails to take ends the run: it is tried once, never again on the clock (round 6)
  ---
  duration_ms: 336.46132
  type: 'test'
  ...
# Subtest: every driver imports only the fixture clients and Node file helpers, and runs no unreadable code
ok 180 - every driver imports only the fixture clients and Node file helpers, and runs no unreadable code
  ---
  duration_ms: 468.086271
  type: 'test'
  ...
# Subtest: the driver lint catches planted escapes
ok 181 - the driver lint catches planted escapes
  ---
  duration_ms: 3.276191
  type: 'test'
  ...
# Subtest: the source check accepts page functions that only read, every driver's among them
ok 182 - the source check accepts page functions that only read, every driver's among them
  ---
  duration_ms: 76.119593
  type: 'test'
  ...
# Subtest: the source check refuses a page function that acts or can act later: an async function (S1)
ok 183 - the source check refuses a page function that acts or can act later: an async function (S1)
  ---
  duration_ms: 1.462741
  type: 'test'
  ...
# Subtest: the source check refuses a page function that acts or can act later: an async function inside a reader (S1, as the critic wrote it)
ok 184 - the source check refuses a page function that acts or can act later: an async function inside a reader (S1, as the critic wrote it)
  ---
  duration_ms: 0.639747
  type: 'test'
  ...
# Subtest: the source check refuses a page function that acts or can act later: a generator
ok 185 - the source check refuses a page function that acts or can act later: a generator
  ---
  duration_ms: 0.81175
  type: 'test'
  ...
# Subtest: the source check refuses a page function that acts or can act later: a property write (S2: onfinish)
ok 186 - the source check refuses a page function that acts or can act later: a property write (S2: onfinish)
  ---
  duration_ms: 0.595143
  type: 'test'
  ...
# Subtest: the source check refuses a page function that acts or can act later: a value write
ok 187 - the source check refuses a page function that acts or can act later: a value write
  ---
  duration_ms: 0.683099
  type: 'test'
  ...
# Subtest: the source check refuses a page function that acts or can act later: a text write
ok 188 - the source check refuses a page function that acts or can act later: a text write
  ---
  duration_ms: 0.728314
  type: 'test'
  ...
# Subtest: the source check refuses a page function that acts or can act later: a write to the address
ok 189 - the source check refuses a page function that acts or can act later: a write to the address
  ---
  duration_ms: 0.69336
  type: 'test'
  ...
# Subtest: the source check refuses a page function that acts or can act later: an assignment to location itself
ok 190 - the source check refuses a page function that acts or can act later: an assignment to location itself
  ---
  duration_ms: 0.37971
  type: 'test'
  ...
# Subtest: the source check refuses a page function that acts or can act later: location.assign
ok 191 - the source check refuses a page function that acts or can act later: location.assign
  ---
  duration_ms: 0.483639
  type: 'test'
  ...
# Subtest: the source check refuses a page function that acts or can act later: location.replace with a javascript: address
ok 192 - the source check refuses a page function that acts or can act later: location.replace with a javascript: address
  ---
  duration_ms: 0.400473
  type: 'test'
  ...
# Subtest: the source check refuses a page function that acts or can act later: document.location
ok 193 - the source check refuses a page function that acts or can act later: document.location
  ---
  duration_ms: 0.296886
  type: 'test'
  ...
# Subtest: the source check refuses a page function that acts or can act later: the address object kept in a name
ok 194 - the source check refuses a page function that acts or can act later: the address object kept in a name
  ---
  duration_ms: 0.372054
  type: 'test'
  ...
# Subtest: the source check refuses a page function that acts or can act later: window
ok 195 - the source check refuses a page function that acts or can act later: window
  ---
  duration_ms: 0.341129
  type: 'test'
  ...
# Subtest: the source check refuses a page function that acts or can act later: globalThis
ok 196 - the source check refuses a page function that acts or can act later: globalThis
  ---
  duration_ms: 0.249826
  type: 'test'
  ...
# Subtest: the source check refuses a page function that acts or can act later: self, top, parent, frames
ok 197 - the source check refuses a page function that acts or can act later: self, top, parent, frames
  ---
  duration_ms: 0.349136
  type: 'test'
  ...
# Subtest: the source check refuses a page function that acts or can act later: this
ok 198 - the source check refuses a page function that acts or can act later: this
  ---
  duration_ms: 0.388819
  type: 'test'
  ...
# Subtest: the source check refuses a page function that acts or can act later: an iframe's window
ok 199 - the source check refuses a page function that acts or can act later: an iframe's window
  ---
  duration_ms: 0.28002
  type: 'test'
  ...
# Subtest: the source check refuses a page function that acts or can act later: the document's window
ok 200 - the source check refuses a page function that acts or can act later: the document's window
  ---
  duration_ms: 0.208248
  type: 'test'
  ...
# Subtest: the source check refuses a page function that acts or can act later: a computed member name
ok 201 - the source check refuses a page function that acts or can act later: a computed member name
  ---
  duration_ms: 0.333813
  type: 'test'
  ...
# Subtest: the source check refuses a page function that acts or can act later: a computed member name (template)
ok 202 - the source check refuses a page function that acts or can act later: a computed member name (template)
  ---
  duration_ms: 0.232891
  type: 'test'
  ...
# Subtest: the source check refuses a page function that acts or can act later: a destructured address
ok 203 - the source check refuses a page function that acts or can act later: a destructured address
  ---
  duration_ms: 0.456241
  type: 'test'
  ...
# Subtest: the source check refuses a page function that acts or can act later: Object.values (reaches the address)
ok 204 - the source check refuses a page function that acts or can act later: Object.values (reaches the address)
  ---
  duration_ms: 0.3559
  type: 'test'
  ...
# Subtest: the source check refuses a page function that acts or can act later: Object.getOwnPropertyDescriptor
ok 205 - the source check refuses a page function that acts or can act later: Object.getOwnPropertyDescriptor
  ---
  duration_ms: 0.34664
  type: 'test'
  ...
# Subtest: the source check refuses a page function that acts or can act later: JSON.stringify with a replacer
ok 206 - the source check refuses a page function that acts or can act later: JSON.stringify with a replacer
  ---
  duration_ms: 0.420927
  type: 'test'
  ...
# Subtest: the source check refuses a page function that acts or can act later: Reflect
ok 207 - the source check refuses a page function that acts or can act later: Reflect
  ---
  duration_ms: 0.388448
  type: 'test'
  ...
# Subtest: the source check refuses a page function that acts or can act later: eval
ok 208 - the source check refuses a page function that acts or can act later: eval
  ---
  duration_ms: 0.330927
  type: 'test'
  ...
# Subtest: the source check refuses a page function that acts or can act later: Function
ok 209 - the source check refuses a page function that acts or can act later: Function
  ---
  duration_ms: 0.373537
  type: 'test'
  ...
# Subtest: the source check refuses a page function that acts or can act later: a constructor reached through a function
ok 210 - the source check refuses a page function that acts or can act later: a constructor reached through a function
  ---
  duration_ms: 0.315264
  type: 'test'
  ...
# Subtest: the source check refuses a page function that acts or can act later: a prototype
ok 211 - the source check refuses a page function that acts or can act later: a prototype
  ---
  duration_ms: 0.274558
  type: 'test'
  ...
# Subtest: the source check refuses a page function that acts or can act later: a promise continuation
ok 212 - the source check refuses a page function that acts or can act later: a promise continuation
  ---
  duration_ms: 0.352763
  type: 'test'
  ...
# Subtest: the source check refuses a page function that acts or can act later: an object that is a promise
ok 213 - the source check refuses a page function that acts or can act later: an object that is a promise
  ---
  duration_ms: 0.44663
  type: 'test'
  ...
# Subtest: the source check refuses a page function that acts or can act later: an observer (S3)
ok 214 - the source check refuses a page function that acts or can act later: an observer (S3)
  ---
  duration_ms: 0.599002
  type: 'test'
  ...
# Subtest: the source check refuses a page function that acts or can act later: a promise
ok 215 - the source check refuses a page function that acts or can act later: a promise
  ---
  duration_ms: 0.509889
  type: 'test'
  ...
# Subtest: the source check refuses a page function that acts or can act later: an image (it loads an address)
ok 216 - the source check refuses a page function that acts or can act later: an image (it loads an address)
  ---
  duration_ms: 0.423913
  type: 'test'
  ...
# Subtest: the source check refuses a page function that acts or can act later: a class
ok 217 - the source check refuses a page function that acts or can act later: a class
  ---
  duration_ms: 1.099581
  type: 'test'
  ...
# Subtest: the source check refuses a page function that acts or can act later: a tagged template
ok 218 - the source check refuses a page function that acts or can act later: a tagged template
  ---
  duration_ms: 0.479229
  type: 'test'
  ...
# Subtest: the source check refuses a page function that acts or can act later: an import
ok 219 - the source check refuses a page function that acts or can act later: an import
  ---
  duration_ms: 0.292446
  type: 'test'
  ...
# Subtest: the source check refuses a page function that acts or can act later: with
ok 220 - the source check refuses a page function that acts or can act later: with
  ---
  duration_ms: 0.475461
  type: 'test'
  ...
# Subtest: the source check refuses a page function that acts or can act later: delete
ok 221 - the source check refuses a page function that acts or can act later: delete
  ---
  duration_ms: 0.558626
  type: 'test'
  ...
# Subtest: the source check refuses a page function that acts or can act later: an update of a global
ok 222 - the source check refuses a page function that acts or can act later: an update of a global
  ---
  duration_ms: 0.377265
  type: 'test'
  ...
# Subtest: the source check refuses a page function that acts or can act later: a debugger statement
ok 223 - the source check refuses a page function that acts or can act later: a debugger statement
  ---
  duration_ms: 0.47473
  type: 'test'
  ...
# Subtest: the source check refuses text that is not exactly one function expression
ok 224 - the source check refuses text that is not exactly one function expression
  ---
  duration_ms: 0.497508
  type: 'test'
  ...
# Subtest: the read world sees the document but not the page's own script world
ok 225 - the read world sees the document but not the page's own script world
  ---
  duration_ms: 366.546763
  type: 'test'
  ...
# Subtest: the read world refuses and reports a click (the product's handler never runs)
ok 226 - the read world refuses and reports a click (the product's handler never runs)
  ---
  duration_ms: 678.975444
  type: 'test'
  ...
# Subtest: the read world refuses and reports focus
ok 227 - the read world refuses and reports focus
  ---
  duration_ms: 706.621132
  type: 'test'
  ...
# Subtest: the read world refuses and reports a value
ok 228 - the read world refuses and reports a value
  ---
  duration_ms: 737.265104
  type: 'test'
  ...
# Subtest: the read world refuses and reports a text change
ok 229 - the read world refuses and reports a text change
  ---
  duration_ms: 806.529392
  type: 'test'
  ...
# Subtest: the read world refuses and reports an attribute (a javascript: address on a link)
ok 230 - the read world refuses and reports an attribute (a javascript: address on a link)
  ---
  duration_ms: 787.507474
  type: 'test'
  ...
# Subtest: the read world refuses and reports a new element
ok 231 - the read world refuses and reports a new element
  ---
  duration_ms: 697.928393
  type: 'test'
  ...
# Subtest: the read world refuses and reports an event
ok 232 - the read world refuses and reports an event
  ---
  duration_ms: 779.133822
  type: 'test'
  ...
# Subtest: the read world refuses and reports a form submit
ok 233 - the read world refuses and reports a form submit
  ---
  duration_ms: 719.718074
  type: 'test'
  ...
# Subtest: the read world refuses and reports the network
ok 234 - the read world refuses and reports the network
  ---
  duration_ms: 713.004999
  type: 'test'
  ...
# Subtest: the read world refuses and reports a timer
ok 235 - the read world refuses and reports a timer
  ---
  duration_ms: 688.370276
  type: 'test'
  ...
# Subtest: the read world refuses and reports a promise continuation
ok 236 - the read world refuses and reports a promise continuation
  ---
  duration_ms: 742.226898
  type: 'test'
  ...
# Subtest: the read world refuses and reports a promise of a thenable
ok 237 - the read world refuses and reports a promise of a thenable
  ---
  duration_ms: 808.299273
  type: 'test'
  ...
# Subtest: the read world refuses and reports an observer
ok 238 - the read world refuses and reports an observer
  ---
  duration_ms: 734.698498
  type: 'test'
  ...
# Subtest: the read world refuses and reports an animation (S2)
ok 239 - the read world refuses and reports an animation (S2)
  ---
  duration_ms: 734.375086
  type: 'test'
  ...
# Subtest: the read world refuses and reports a listener
ok 240 - the read world refuses and reports a listener
  ---
  duration_ms: 741.891062
  type: 'test'
  ...
# Subtest: the read world refuses and reports a handler property
ok 241 - the read world refuses and reports a handler property
  ---
  duration_ms: 728.880358
  type: 'test'
  ...
# Subtest: the read world refuses and reports storage
ok 242 - the read world refuses and reports storage
  ---
  duration_ms: 729.307697
  type: 'test'
  ...
# Subtest: the read world refuses and reports history
ok 243 - the read world refuses and reports history
  ---
  duration_ms: 747.021917
  type: 'test'
  ...
# Subtest: the read world refuses and reports property values by enumeration (the address among them)
ok 244 - the read world refuses and reports property values by enumeration (the address among them)
  ---
  duration_ms: 740.508422
  type: 'test'
  ...
# Subtest: the read world refuses and reports a replacer that sees every value
ok 245 - the read world refuses and reports a replacer that sees every value
  ---
  duration_ms: 704.547872
  type: 'test'
  ...
# Subtest: the read world refuses and reports eval
ok 246 - the read world refuses and reports eval
  ---
  duration_ms: 792.241723
  type: 'test'
  ...
# Subtest: the read world refuses and reports the Function constructor through a function
ok 247 - the read world refuses and reports the Function constructor through a function
  ---
  duration_ms: 756.162144
  type: 'test'
  ...
# Subtest: the read world refuses and reports another window through the document
ok 248 - the read world refuses and reports another window through the document
  ---
  duration_ms: 712.327697
  type: 'test'
  ...
# Subtest: the read world refuses and reports an iframe's own script world
ok 249 - the read world refuses and reports an iframe's own script world
  ---
  duration_ms: 678.574675
  type: 'test'
  ...
# Subtest: the read world refuses and reports a selection change
ok 250 - the read world refuses and reports a selection change
  ---
  duration_ms: 718.918726
  type: 'test'
  ...
# Subtest: the read world refuses and reports a document write
ok 251 - the read world refuses and reports a document write
  ---
  duration_ms: 705.971915
  type: 'test'
  ...
# Subtest: the read world stays armed after a call returns: what a function scheduled finds every action refused (S1 at its root)
ok 252 - the read world stays armed after a call returns: what a function scheduled finds every action refused (S1 at its root)
  ---
  duration_ms: 881.103248
  type: 'test'
  ...
# Subtest: the read world cannot be re-armed or patched: its prototypes are frozen
ok 253 - the read world cannot be re-armed or patched: its prototypes are frozen
  ---
  duration_ms: 372.668385
  type: 'test'
  ...
# Subtest: the read world lets every kind of read through: queries, XPath, walkers, styles, ranges, text
ok 254 - the read world lets every kind of read through: queries, XPath, walkers, styles, ranges, text
  ---
  duration_ms: 331.293181
  type: 'test'
  ...
# Subtest: the read world reports a change it cannot refuse (a data attribute) as a change to the page
ok 255 - the read world reports a change it cannot refuse (a data attribute) as a change to the page
  ---
  duration_ms: 322.679612
  type: 'test'
  ...
# Subtest: a new document gets a new, armed read world
ok 256 - a new document gets a new, armed read world
  ---
  duration_ms: 382.385573
  type: 'test'
  ...
# Subtest: a page function that runs too long is ended
ok 257 - a page function that runs too long is ended
  ---
  duration_ms: 648.097229
  type: 'test'
  ...
# Subtest: the screen fingerprint sees the text, attributes, values and focus, but not what the blind shot empties
ok 258 - the screen fingerprint sees the text, attributes, values and focus, but not what the blind shot empties
  ---
  duration_ms: 386.735209
  type: 'test'
  ...
# Subtest: the freeze holds the screen as it was for longer than the product's answer: no late answer, no timer
ok 259 - the freeze holds the screen as it was for longer than the product's answer: no late answer, no timer
  ---
  duration_ms: 3414.912605
  type: 'test'
  ...
# Subtest: control: the honest path verifies (3 steps, 10 keys)
ok 260 - control: the honest path verifies (3 steps, 10 keys)
  ---
  duration_ms: 2292.394367
  type: 'test'
  ...
# Subtest: plant S1: a reader whose native-await continuation fills and saves -> invalid, nothing done
ok 261 - plant S1: a reader whose native-await continuation fills and saves -> invalid, nothing done
  ---
  duration_ms: 3595.726892
  type: 'test'
  ...
# Subtest: plant S2: a condition that schedules the work through an animation callback -> invalid, nothing done
ok 262 - plant S2: a condition that schedules the work through an animation callback -> invalid, nothing done
  ---
  duration_ms: 3431.143005
  type: 'test'
  ...
# Subtest: plant S3: a reader that leaves an observer to act on the next change -> invalid, nothing done
ok 263 - plant S3: a reader that leaves an observer to act on the next change -> invalid, nothing done
  ---
  duration_ms: 4144.869845
  type: 'test'
  ...
# Subtest: plant a javascript: address set by a condition (it would run later in the page's own world) -> invalid, nothing done
ok 264 - plant a javascript: address set by a condition (it would run later in the page's own world) -> invalid, nothing done
  ---
  duration_ms: 3571.770498
  type: 'test'
  ...
# Subtest: plant location.replace with a javascript: address -> invalid, nothing done
ok 265 - plant location.replace with a javascript: address -> invalid, nothing done
  ---
  duration_ms: 3918.252823
  type: 'test'
  ...
# Subtest: plant the address object reached by enumerating the document -> invalid, nothing done
ok 266 - plant the address object reached by enumerating the document -> invalid, nothing done
  ---
  duration_ms: 3627.801657
  type: 'test'
  ...
# Subtest: plant Object kept under another name (the source check cannot see it; the world refuses it) -> invalid, nothing done
ok 267 - plant Object kept under another name (the source check cannot see it; the world refuses it) -> invalid, nothing done
  ---
  duration_ms: 3707.237769
  type: 'test'
  ...
# Subtest: plant a condition that clicks (the source check allows a call; the world refuses it) -> invalid, nothing done
ok 268 - plant a condition that clicks (the source check allows a call; the world refuses it) -> invalid, nothing done
  ---
  duration_ms: 3430.666122
  type: 'test'
  ...
# Subtest: plant a condition that animates -> invalid, nothing done
ok 269 - plant a condition that animates -> invalid, nothing done
  ---
  duration_ms: 3606.940873
  type: 'test'
  ...
# Subtest: plant a condition that reaches an iframe's own script world -> invalid, nothing done
ok 270 - plant a condition that reaches an iframe's own script world -> invalid, nothing done
  ---
  duration_ms: 3499.713748
  type: 'test'
  ...
# Subtest: plant a reader whose result is a promise-like object -> invalid, nothing done
ok 271 - plant a reader whose result is a promise-like object -> invalid, nothing done
  ---
  duration_ms: 3538.127122
  type: 'test'
  ...
# Subtest: plant a reader handed a page object as its argument -> invalid, nothing done
ok 272 - plant a reader handed a page object as its argument -> invalid, nothing done
  ---
  duration_ms: 3421.018221
  type: 'test'
  ...
# Subtest: plant T3 (round 6): run() returns before a 2 s answer and verify() reads the page in short reads -> never verified
ok 273 - plant T3 (round 6): run() returns before a 2 s answer and verify() reads the page in short reads -> never verified
  ---
  duration_ms: 7288.465243
  type: 'test'
  ...
# Subtest: plant T4: the answer is fast but the page shows it by a timer 1.2 s later; run() returns at once -> never verified
ok 274 - plant T4: the answer is fast but the page shows it by a timer 1.2 s later; run() returns at once -> never verified
  ---
  duration_ms: 5266.210959
  type: 'test'
  ...
# Subtest: plant T6: a read aborted at the clock whose failure writes the end state -> invalid (the screen changed after the clock)
ok 275 - plant T6: a read aborted at the clock whose failure writes the end state -> invalid (the screen changed after the clock)
  ---
  duration_ms: 1638.791488
  type: 'test'
  ...
# Subtest: control: an honest product with a live ticker on screen still verifies; the freeze holds its screen still through verify()
ok 276 - control: an honest product with a live ticker on screen still verifies; the freeze holds its screen still through verify()
  ---
  duration_ms: 3067.804345
  type: 'test'
  ...
# Subtest: a document still loading when run() returns stays on the clock (round 7: the reference's client reloading after a save)
ok 277 - a document still loading when run() returns stays on the clock (round 7: the reference's client reloading after a save)
  ---
  duration_ms: 3412.584823
  type: 'test'
  ...
# Subtest: plant S1 (round 6, the real driver): the critic's plant in ours edit-and-save is caught in review by the lint
ok 278 - plant S1 (round 6, the real driver): the critic's plant in ours edit-and-save is caught in review by the lint
  ---
  duration_ms: 3.956362
  type: 'test'
  ...
# Subtest: a variant's own set-up and sign-in run before its measured part (round 6: only the base driver's did)
ok 279 - a variant's own set-up and sign-in run before its measured part (round 6: only the base driver's did)
  ---
  duration_ms: 3545.996013
  type: 'test'
  ...
# Subtest: ratchet.json has every comparison minimum
ok 280 - ratchet.json has every comparison minimum
  ---
  duration_ms: 1.324479
  type: 'test'
  ...
# Subtest: tasks and named tasks never go below their minimum
ok 281 - tasks and named tasks never go below their minimum
  ---
  duration_ms: 92.638687
  type: 'test'
  ...
# Subtest: built Odoo drivers never go below their minimum
ok 282 - built Odoo drivers never go below their minimum
  ---
  duration_ms: 32.793041
  type: 'test'
  ...
# Subtest: built drivers for our product never go below their minimum
ok 283 - built drivers for our product never go below their minimum
  ---
  duration_ms: 26.328497
  type: 'test'
  ...
# Subtest: verified Odoo baselines never go below their minimum, and each is complete
ok 284 - verified Odoo baselines never go below their minimum, and each is complete
  ---
  duration_ms: 3.633525
  type: 'test'
  ...
# Subtest: the recorded reference volume never goes below the minimum per main list
ok 285 - the recorded reference volume never goes below the minimum per main list
  ---
  duration_ms: 0.544598
  type: 'test'
  ...
# Subtest: harness tests never go below their minimum (live rig checks counted apart)
ok 286 - harness tests never go below their minimum (live rig checks counted apart)
  ---
  duration_ms: 11.880378
  type: 'test'
  ...
# Subtest: planted uncounted-action drivers never go below their minimum
ok 287 - planted uncounted-action drivers never go below their minimum
  ---
  duration_ms: 0.708945
  type: 'test'
  ...
# Subtest: page-function plants never go below their minimum (round 7)
ok 288 - page-function plants never go below their minimum (round 7)
  ---
  duration_ms: 0.759111
  type: 'test'
  ...
# Subtest: API tasks never go below their minimum
ok 289 - API tasks never go below their minimum
  ---
  duration_ms: 8.444062
  type: 'test'
  ...
# Subtest: instrument mutations never go below their minimum, and each still finds what it mutates
ok 290 - instrument mutations never go below their minimum, and each still finds what it mutates
  ---
  duration_ms: 2.267424
  type: 'test'
  ...
# Subtest: the mutation check reads each test by name, and runs one control per test file for all its patterns
ok 291 - the mutation check reads each test by name, and runs one control per test file for all its patterns
  ---
  duration_ms: 2
  type: 'test'
  ...
# Subtest: rig volume: every main list is asked for its 100,000th row
ok 292 - rig volume: every main list is asked for its 100,000th row
  ---
  duration_ms: 1.882674
  type: 'test'
  ...
# Subtest: rig volume: a list one row short is reported by name with the top-up command
ok 293 - rig volume: a list one row short is reported by name with the top-up command
  ---
  duration_ms: 118.948112
  type: 'test'
  ...
# Subtest: run.mjs refuses an Odoo run when the live rig is short of a main list, and records nothing
ok 294 - run.mjs refuses an Odoo run when the live rig is short of a main list, and records nothing
  ---
  duration_ms: 1138.917836
  type: 'test'
  ...
# Subtest: run.mjs refuses an Odoo run when the rig cannot be checked
ok 295 - run.mjs refuses an Odoo run when the rig cannot be checked
  ---
  duration_ms: 436.07143
  type: 'test'
  ...
# Subtest: run.mjs checks the rig before an Odoo run and goes on when every list holds 100,000 rows
ok 296 - run.mjs checks the rig before an Odoo run and goes on when every list holds 100,000 rows
  ---
  duration_ms: 530.135913
  type: 'test'
  ...
# Subtest: the driver process starts under the permission model with the network lockdown preloaded
ok 297 - the driver process starts under the permission model with the network lockdown preloaded
  ---
  duration_ms: 6.049525
  type: 'test'
  ...
# Subtest: inside the driver process: no child process, no worker, no writes outside the scratch folder, no socket
ok 298 - inside the driver process: no child process, no worker, no writes outside the scratch folder, no socket
  ---
  duration_ms: 1938.334345
  type: 'test'
  ...
# Subtest: inside the driver process: every way to open a socket is refused by its own lock (round 7, critic mutation M4)
ok 299 - inside the driver process: every way to open a socket is refused by its own lock (round 7, critic mutation M4)
  ---
  duration_ms: 1619.492555
  type: 'test'
  ...
# Subtest: the stand-ins a driver holds behave like Playwright objects: sync reads, locators, listeners, ready
ok 300 - the stand-ins a driver holds behave like Playwright objects: sync reads, locators, listeners, ready
  ---
  duration_ms: 1912.927258
  type: 'test'
  ...
# Subtest: the harness reads drivers and tasks through the driver process and never imports them
ok 301 - the harness reads drivers and tasks through the driver process and never imports them
  ---
  duration_ms: 3.637144
  type: 'test'
  ...
# Subtest: a driver process that stops answering is stopped, and the next run gets a new one
ok 302 - a driver process that stops answering is stopped, and the next run gets a new one
  ---
  duration_ms: 6145.376937
  type: 'test'
  ...
# Subtest: plant X1 (round 6): every run has a driver process of its own, so a driver cannot slow or steer the next run (the other product's included)
ok 303 - plant X1 (round 6): every run has a driver process of its own, so a driver cannot slow or steer the next run (the other product's included)
  ---
  duration_ms: 33266.622752
  type: 'test'
  ...
# Subtest: our product declares its sign-in limit; Odoo has none
ok 304 - our product declares its sign-in limit; Odoo has none
  ---
  duration_ms: 5.171397
  type: 'test'
  ...
# Subtest: an API sign-in from the driver process is paced by the harness and waits out a 429
ok 305 - an API sign-in from the driver process is paced by the harness and waits out a 429
  ---
  duration_ms: 2745.317359
  type: 'test'
  ...
# Subtest: a browser sign-in refused with 429 is tried again in a fresh context, after the abandoned one ended
ok 306 - a browser sign-in refused with 429 is tried again in a fresh context, after the abandoned one ended
  ---
  duration_ms: 2491.922364
  type: 'test'
  ...
# Subtest: a browser sign-in refused every time ends the run in an error, never a measurement
ok 307 - a browser sign-in refused every time ends the run in an error, never a measurement
  ---
  duration_ms: 1478.93738
  type: 'test'
  ...
# Subtest: a sign-in the harness paces inside verify() is not charged to the pass (the meter reports it apart)
ok 308 - a sign-in the harness paces inside verify() is not charged to the pass (the meter reports it apart)
  ---
  duration_ms: 12742.496449
  type: 'test'
  ...
# Subtest: every task the bar names is defined and marked as named
ok 309 - every task the bar names is defined and marked as named
  ---
  duration_ms: 80.383876
  type: 'test'
  ...
# Subtest: task definitions are product-neutral and complete
ok 310 - task definitions are product-neutral and complete
  ---
  duration_ms: 6.312823
  type: 'test'
  ...
# Subtest: every task declares where the runner starts it and the moments every driver shoots (instrument 4)
ok 311 - every task declares where the runner starts it and the moments every driver shoots (instrument 4)
  ---
  duration_ms: 48.746214
  type: 'test'
  ...
# Subtest: every task has a driver for each product
ok 312 - every task has a driver for each product
  ---
  duration_ms: 17.509842
  type: 'test'
  ...
# Subtest: every Odoo driver is built; placeholders in task text resolve from the dataset
ok 313 - every Odoo driver is built; placeholders in task text resolve from the dataset
  ---
  duration_ms: 73.53828
  type: 'test'
  ...
# Subtest: an unbuilt driver reports "not built" without touching a browser
ok 314 - an unbuilt driver reports "not built" without touching a browser
  ---
  duration_ms: 85.928917
  type: 'test'
  ...
# Subtest: print-list-arabic (routed from p06): the ours driver takes its menu words from the product's own strings, which hold them in both languages
ok 315 - print-list-arabic (routed from p06): the ours driver takes its menu words from the product's own strings, which hold them in both languages
  ---
  duration_ms: 7.860458
  type: 'test'
  ...
1..315
# tests 315
# suites 0
# pass 315
# fail 0
# cancelled 0
# skipped 0
# todo 0
# duration_ms 516506.145938
