✔ the rig holds at least 100,000 rows in every main list right now (7808.843402ms)
✔ the rig serves Arabic and the apps the tasks need (711.094731ms)
✔ Odoo driver for add-rate completes and verifies on the rig (16828.236811ms)
✔ Odoo driver for api-update-user completes and verifies on the rig (2787.616414ms)
✔ Odoo driver for arabic-report completes and verifies on the rig (14769.917231ms)
✔ Odoo driver for attach-file completes and verifies on the rig (7886.089717ms)
✔ Odoo driver for configure-sequence completes and verifies on the rig (19845.937181ms)
✔ Odoo driver for create-company-branch completes and verifies on the rig (23114.080332ms)
✔ Odoo driver for create-restricted-user completes and verifies on the rig (53641.307787ms)
✔ Odoo driver for custom-field-filter completes and verifies on the rig (11510.386219ms)
✔ Odoo driver for edit-and-save completes and verifies on the rig (15578.868383ms)
✔ Odoo driver for export-filtered-list completes and verifies on the rig (11792.472526ms)
✔ Odoo driver for find-record completes and verifies on the rig (12896.087625ms)
✔ Odoo driver for find-user completes and verifies on the rig (24026.394863ms)
✔ Odoo driver for follow-approval completes and verifies on the rig (10199.769332ms)
✔ Odoo driver for import-5000 completes and verifies on the rig (87830.893051ms)
✔ Odoo driver for keyboard-navigation completes and verifies on the rig (5516.124389ms)
✔ Odoo driver for print-list-arabic completes and verifies on the rig (16402.921107ms)
✔ Odoo driver for reach-screen-keyboard completes and verifies on the rig (5288.448019ms)
✔ Odoo driver for see-and-rerun-job completes and verifies on the rig (8881.317903ms)
✔ Odoo driver for sign-in completes and verifies on the rig (26737.966679ms)
✔ Odoo driver for switch-company completes and verifies on the rig (4769.109334ms)
✔ Odoo driver for switch-to-arabic completes and verifies on the rig (18326.123077ms)
✔ Odoo driver for who-changed-field completes and verifies on the rig (14446.504164ms)
ℹ tests 24
ℹ suites 0
ℹ pass 24
ℹ fail 0
ℹ cancelled 0
ℹ skipped 0
ℹ todo 0
ℹ duration_ms 427046.201291
rc=0 secs=427
