switch-to-arabic         odoo  verified  steps 6  keys 1  machine 4.733s  human 15.28s  human+wait 18.205s  -> ../../evidence-staging/p04-shell/r3/compare/results/switch-to-arabic-20261003T222603-ade8.json
switch-to-arabic         odoo  verified  steps 6  keys 1  machine 3.699s  human 15.28s  human+wait 18.18s  -> ../../evidence-staging/p04-shell/r3/compare/results/switch-to-arabic-20261003T222626-db38.json
switch-to-arabic         odoo  verified  steps 6  keys 1  machine 4.619s  human 15.28s  human+wait 17.91s  -> ../../evidence-staging/p04-shell/r3/compare/results/switch-to-arabic-20261003T222646-52c1.json
switch-to-arabic         ours  verified  steps 1  keys 0  machine 0.164s  human 2.65s  human+wait 2.656s  -> ../../evidence-staging/p04-shell/r3/compare/results/switch-to-arabic-20261003T222706-a6de.json
switch-to-arabic         ours  verified  steps 1  keys 0  machine 0.112s  human 2.65s  human+wait 2.655s  -> ../../evidence-staging/p04-shell/r3/compare/results/switch-to-arabic-20261003T222712-becb.json
switch-to-arabic         ours  verified  steps 1  keys 0  machine 0.105s  human 2.65s  human+wait 2.654s  -> ../../evidence-staging/p04-shell/r3/compare/results/switch-to-arabic-20261003T222716-773a.json
switch-to-arabic         verdict win
reach-screen-keyboard    ours  verified  steps 2  keys 3  machine 0.163s  human 2.59s  human+wait 2.72s  -> ../../evidence-staging/p04-shell/r3/compare/results/reach-screen-keyboard-20261003T222720-f63e.json
reach-screen-keyboard    ours  verified  steps 2  keys 3  machine 0.183s  human 2.59s  human+wait 2.696s  -> ../../evidence-staging/p04-shell/r3/compare/results/reach-screen-keyboard-20261003T222726-2af1.json
reach-screen-keyboard    ours  verified  steps 2  keys 3  machine 0.166s  human 2.59s  human+wait 2.683s  -> ../../evidence-staging/p04-shell/r3/compare/results/reach-screen-keyboard-20261003T222732-1fa0.json
reach-screen-keyboard    odoo  verified  steps 3  keys 8  machine 2.063s  human 3.99s  human+wait 5.635s  -> ../../evidence-staging/p04-shell/r3/compare/results/reach-screen-keyboard-20261003T222737-0c73.json
reach-screen-keyboard    odoo  verified  steps 3  keys 8  machine 1.012s  human 3.99s  human+wait 4.932s  -> ../../evidence-staging/p04-shell/r3/compare/results/reach-screen-keyboard-20261003T222743-b89b.json
reach-screen-keyboard    odoo  verified  steps 3  keys 8  machine 1.17s  human 3.99s  human+wait 5.043s  -> ../../evidence-staging/p04-shell/r3/compare/results/reach-screen-keyboard-20261003T222748-adb9.json
reach-screen-keyboard    verdict win
open-third-user-keyboard ours  verified  steps 6  keys 7  machine 0.352s  human 5.06s  human+wait 5.26s  -> ../../evidence-staging/p04-shell/r3/compare/results/open-third-user-keyboard-20261003T222753-d163.json
open-third-user-keyboard ours  verified  steps 6  keys 7  machine 0.305s  human 5.06s  human+wait 5.263s  -> ../../evidence-staging/p04-shell/r3/compare/results/open-third-user-keyboard-20261003T222756-251f.json
open-third-user-keyboard ours  verified  steps 6  keys 7  machine 0.32s  human 5.06s  human+wait 5.246s  -> ../../evidence-staging/p04-shell/r3/compare/results/open-third-user-keyboard-20261003T222759-5948.json
open-third-user-keyboard odoo  verified  steps 8  keys 13  machine 2.303s  human 6.74s  human+wait 8.876s  -> ../../evidence-staging/p04-shell/r3/compare/results/open-third-user-keyboard-20261003T222803-3297.json
open-third-user-keyboard odoo  verified  steps 8  keys 13  machine 2.035s  human 6.74s  human+wait 8.504s  -> ../../evidence-staging/p04-shell/r3/compare/results/open-third-user-keyboard-20261003T222809-a866.json
open-third-user-keyboard odoo  verified  steps 8  keys 13  machine 1.716s  human 6.74s  human+wait 8.259s  -> ../../evidence-staging/p04-shell/r3/compare/results/open-third-user-keyboard-20261003T222815-087c.json
open-third-user-keyboard verdict win
keyboard-navigation      odoo  verified  steps 9  keys 10  machine 2.201s  human 7.25s  human+wait 9.174s  -> ../../evidence-staging/p04-shell/r3/compare/results/keyboard-navigation-20261003T222820-9a6a.json
keyboard-navigation      odoo  verified  steps 9  keys 10  machine 1.678s  human 7.25s  human+wait 8.729s  -> ../../evidence-staging/p04-shell/r3/compare/results/keyboard-navigation-20261003T222826-cf35.json
keyboard-navigation      odoo  verified  steps 9  keys 10  machine 2.021s  human 7.25s  human+wait 8.932s  -> ../../evidence-staging/p04-shell/r3/compare/results/keyboard-navigation-20261003T222831-ab4c.json
keyboard-navigation      ours  not_built  (not built yet: waits for p04 (English/Arabic app shell) with p16 (contacts))  -> ../../evidence-staging/p04-shell/r3/compare/results/keyboard-navigation-20261003T222836-2350.json
keyboard-navigation      ours  not_built  (not built yet: waits for p04 (English/Arabic app shell) with p16 (contacts))  -> ../../evidence-staging/p04-shell/r3/compare/results/keyboard-navigation-20261003T222836-2b0c.json
keyboard-navigation      ours  not_built  (not built yet: waits for p04 (English/Arabic app shell) with p16 (contacts))  -> ../../evidence-staging/p04-shell/r3/compare/results/keyboard-navigation-20261003T222836-a10b.json
keyboard-navigation      verdict not_built
blind review page: ../../../../evidence-staging/p04-shell/r3/compare/blind/review.html
output: ../../../../evidence-staging/p04-shell/r3/compare
