
Running 45 tests using 1 worker

client isolation: 12 steps per tenant judged on 7 markers in 8 carriers; canary.za2ycxcx@alnoor.example (A) and canary.zbzkesyt@gulfsteel.example (B)
  ✓   1 [chromium] › specs/client-isolation.spec.ts:174:7 › G1 in the browser: one tab, tenant B then tenant A › after B signs out, the tab holds nothing of B, and A sees nothing of B on any screen, in storage or in memory (10.2s)
  ✓   2 [chromium] › specs/client-isolation.spec.ts:233:7 › G1 in the browser: one tab, tenant B then tenant A › after signing out, Back does not bring the signed-out person's screens back (2.1s)
  ✓   3 [chromium] › specs/client-isolation.spec.ts:251:7 › G1 in the browser: one tab, tenant B then tenant A › signing out in one tab ends the session in every other tab of the browser at once (2.8s)
  ✓   4 [chromium] › specs/client-isolation.spec.ts:269:7 › G1 in the browser: one tab, tenant B then tenant A › the judges' self-test: a marker planted in each carrier of the tab is found (1.7s)
  ✓   5 [chromium] › specs/identity.spec.ts:7:7 › users, roles and permissions › an administrator creates a user with a restricted role from the keyboard, and that user sees and can do only what it grants (6.1s)
  ✓   6 [chromium] › specs/identity.spec.ts:74:7 › users, roles and permissions › a role is built in the permission matrix with search and a bulk toggle, then copied and deleted (2.3s)
  ✓   7 [chromium] › specs/identity.spec.ts:103:7 › users, roles and permissions › a user who may change roles but not delete them sees no Delete role, and a role granting more than they hold is read-only (3.1s)
  ✓   8 [chromium] › specs/identity.spec.ts:148:7 › users, roles and permissions › an invitation sent to a mistyped address is corrected, and a user who never signed in is deleted (1.9s)
  ✓   9 [chromium] › specs/identity.spec.ts:177:7 › users, roles and permissions › the Administrator role and the matrix read right to left in Arabic (1.3s)
  ✓  10 [chromium] › specs/lists.spec.ts:17:7 › list framework › finds one user by keyboard: the search box has focus, words in any order, Enter opens the only match (2.1s)
  ✓  11 [chromium] › specs/lists.spec.ts:37:7 › list framework › moves through rows with the arrow keys, selects with Space and opens with Enter (1.7s)
  ✓  12 [chromium] › specs/lists.spec.ts:63:7 › list framework › sorts from a header and filters from the column menu; the address keeps the state (2.1s)
  ✓  13 [chromium] › specs/lists.spec.ts:93:7 › list framework › groups by a column with counts and opens a group's rows (1.8s)
  ✓  14 [chromium] › specs/lists.spec.ts:108:7 › list framework › chooses columns and saves a personal default view that opens next time (2.7s)
  ✓  15 [chromium] › specs/lists.spec.ts:138:7 › list framework › a read-only user keeps personal views but is not offered sharing (1.5s)
  ✓  16 [chromium] › specs/lists.spec.ts:152:7 › list framework › the list works right to left in Arabic with Arabic counts and headers (1.7s)
  ✓  17 [chromium] › specs/navigation.spec.ts:24:7 › navigation reaches every screen › an administrator opens every menu entry in English and each screen loads (1.7s)
  ✓  18 [chromium] › specs/navigation.spec.ts:30:7 › navigation reaches every screen › an administrator opens every menu entry in Arabic, right to left, and each screen loads (1.7s)
  ✓  19 [chromium] › specs/permissions.spec.ts:5:7 › screens hide what the user cannot do › a user whose roles grant nothing sees no menu and cannot open a screen by address (1.2s)
  ✓  20 [chromium] › specs/permissions.spec.ts:15:7 › screens hide what the user cannot do › a read-only user can browse users, and the list is server-paged and searchable (1.3s)
  ✓  21 [chromium] › specs/permissions.spec.ts:27:7 › screens hide what the user cannot do › counts take the right plural form in Arabic (1.7s)
  ✓  22 [chromium] › specs/permissions.spec.ts:40:7 › screens hide what the user cannot do › signing out returns to the sign-in screen and the session is gone (1.2s)
  ✓  23 [chromium] › specs/shell.spec.ts:13:7 › app shell › a fresh visit, with or without a stale session cookie, logs no error and no failed request (587ms)
switch to Arabic on the users list: 123 ms
  ✓  24 [chromium] › specs/shell.spec.ts:26:7 › app shell › switch to Arabic in one click on a working screen: everything mirrors at once, records stay, and it survives an immediate reload (10.4s)
palette to the Roles screen: 145 ms, 3 steps, 6 keystrokes
  ✓  25 [chromium] › specs/shell.spec.ts:58:7 › app shell › keyboard only: the palette reaches any screen, Alt+M walks the navigation, ? lists every shortcut (3.3s)
  ✓  26 [chromium] › specs/shell.spec.ts:94:7 › app shell › shortcuts work with an Arabic keyboard layout (matched by key position) (3.8s)
  ✓  27 [chromium] › specs/shell.spec.ts:107:7 › app shell › the palette finds a record and opens it (2.5s)
  ✓  28 [chromium] › specs/shell.spec.ts:123:7 › app shell › the palette leads from a few record matches to the list of every match (3.0s)
  ✓  29 [chromium] › specs/shell.spec.ts:141:9 › app shell › at phone width nothing is wider than the window (en) (954ms)
  ✓  30 [chromium] › specs/shell.spec.ts:141:9 › app shell › at phone width nothing is wider than the window (ar) (6.3s)
  ✓  31 [chromium] › specs/shell.spec.ts:162:7 › app shell › the palette offers a user with no roles nothing they cannot open (2.6s)
  ✓  32 [chromium] › specs/shell.spec.ts:176:7 › app shell › Arabic-Indic digits are a per-user choice that follows the user (2.9s)
  ✓  33 [chromium] › specs/shell.spec.ts:206:7 › app shell › printing shows the screen's content with a letterhead and none of the app's chrome (2.0s)
  ✓  34 [chromium] › specs/shell.spec.ts:226:7 › app shell › a printed list screen is a document: no buttons, menus, selection boxes, sort marks or key hints (1.6s)
  ✓  35 [chromium] › specs/shell.spec.ts:262:9 › app shell › the status line stays in view on every screen and the page never scrolls (1366x768) (1.9s)
  ✓  36 [chromium] › specs/shell.spec.ts:262:9 › app shell › the status line stays in view on every screen and the page never scrolls (1280x720) (1.7s)
  ✓  37 [chromium] › specs/shell.spec.ts:262:9 › app shell › the status line stays in view on every screen and the page never scrolls (1920x1080) (2.3s)
  ✓  38 [chromium] › specs/shell.spec.ts:286:7 › app shell › Arabic text renders in the bundled Arabic font on screen and in print, whatever the device has (2.1s)
  ✓  39 [chromium] › specs/shell.spec.ts:315:9 › app shell › every shell screen and dialog meets the accessibility basics (en) (2.9s)
  ✓  40 [chromium] › specs/shell.spec.ts:315:9 › app shell › every shell screen and dialog meets the accessibility basics (ar) (2.3s)
sign-in to workspace: 1045 ms
  ✓  41 [chromium] › specs/sign-in.spec.ts:5:7 › sign in to an empty workspace › keyboard only, in English, lands in the workspace with its menu (1.6s)
  ✓  42 [chromium] › specs/sign-in.spec.ts:17:7 › sign in to an empty workspace › in Arabic, right to left, from the first screen (1.2s)
  ✓  43 [chromium] › specs/sign-in.spec.ts:33:7 › sign in to an empty workspace › a wrong password shows one message in the screen's language and clears the password (840ms)
  ✓  44 [chromium] › specs/sign-in.spec.ts:41:7 › sign in to an empty workspace › empty fields are explained without a round trip (541ms)
  ✓  45 [chromium] › specs/sign-in.spec.ts:47:7 › sign in to an empty workspace › the device remembers the e-mail, so the next sign-in is password then Enter; signing out forgets it (2.5s)

  45 passed (1.9m)
EXIT 0 SECONDS 116
