[1mBuilding the application image[0m
 Image erp-app:c-p04-shell-r3 Building 
#1 [internal] load local bake definitions
#1 reading from stdin 612B done
#1 DONE 0.0s

#2 [internal] load build definition from Dockerfile
#2 transferring dockerfile: 1.73kB done
#2 DONE 0.0s

#3 resolve image config for docker-image://docker.io/docker/dockerfile:1
#3 DONE 1.0s

#4 docker-image://docker.io/docker/dockerfile:1@sha256:4edf897a3ffa55b89f906fc8cc78afdb3f1834cc9c7083565e611a8a7d5fe99e
#4 resolve docker.io/docker/dockerfile:1@sha256:4edf897a3ffa55b89f906fc8cc78afdb3f1834cc9c7083565e611a8a7d5fe99e 0.0s done
#4 DONE 0.0s

#4 docker-image://docker.io/docker/dockerfile:1@sha256:4edf897a3ffa55b89f906fc8cc78afdb3f1834cc9c7083565e611a8a7d5fe99e
#4 CACHED

#5 [internal] load metadata for mcr.microsoft.com/dotnet/sdk:10.0
#5 ...

#6 [internal] load metadata for mcr.microsoft.com/dotnet/aspnet:10.0
#6 DONE 0.6s

#5 [internal] load metadata for mcr.microsoft.com/dotnet/sdk:10.0
#5 DONE 0.6s

#7 [internal] load metadata for docker.io/library/node:22-alpine
#7 DONE 0.6s

#8 [internal] load .dockerignore
#8 transferring context: 187B done
#8 DONE 0.1s

#9 [web 1/6] FROM docker.io/library/node:22-alpine@sha256:0a7108bf6c7bf5de370ffb1a3ed6be93d405b43ff159f681a8d18c0e2bc2e402
#9 resolve docker.io/library/node:22-alpine@sha256:0a7108bf6c7bf5de370ffb1a3ed6be93d405b43ff159f681a8d18c0e2bc2e402 0.0s done
#9 DONE 0.0s

#10 [stage-2 1/4] FROM mcr.microsoft.com/dotnet/aspnet:10.0@sha256:222759b391a1aaf241166672c8f99b2d4ada452e7b5319f3c6e8f265a37b5ad4
#10 resolve mcr.microsoft.com/dotnet/aspnet:10.0@sha256:222759b391a1aaf241166672c8f99b2d4ada452e7b5319f3c6e8f265a37b5ad4 0.1s done
#10 DONE 0.1s

#11 [build 1/6] FROM mcr.microsoft.com/dotnet/sdk:10.0@sha256:e70cdb7f80b0348f5cb85f19a8f670fca061f033d57eed12fa003d58b0e06317
#11 resolve mcr.microsoft.com/dotnet/sdk:10.0@sha256:e70cdb7f80b0348f5cb85f19a8f670fca061f033d57eed12fa003d58b0e06317 0.1s done
#11 DONE 0.1s

#12 [internal] load build context
#12 transferring context: 1.16MB 0.1s done
#12 DONE 0.1s

#13 [web 2/6] WORKDIR /web
#13 CACHED

#14 [web 3/6] COPY web/package.json web/package-lock.json ./
#14 CACHED

#15 [web 4/6] RUN --mount=type=secret,id=extra_ca,target=/run/secrets/extra_ca --mount=type=cache,target=/root/.npm     if [ -s /run/secrets/extra_ca ]; then export NODE_EXTRA_CA_CERTS=/run/secrets/extra_ca; fi;     npm ci --no-audit --no-fund
#15 CACHED

#16 [web 5/6] COPY web/ ./
#16 DONE 0.1s

#17 [web 6/6] RUN npm run check && npm run build
#17 1.581 
#17 1.581 > erp-web@0.1.0 check
#17 1.581 > node scripts/check-strings.mjs && node scripts/check-a11y.mjs
#17 1.581 
#17 3.612 String check passed: 48 source files, 361 keys in English and Arabic, 36 plural messages.
#17 5.786 Accessibility check passed: 636 JSX elements checked.
#17 6.175 
#17 6.175 > erp-web@0.1.0 build
#17 6.175 > tsc -b && vite build
#17 6.175 
#17 21.40 vite v7.3.6 building client environment for production...
#17 21.53 transforming...
#17 25.67 ✓ 83 modules transformed.
#17 26.10 rendering chunks...
#17 26.13 computing gzip size...
#17 26.18 dist/index.html                                                   0.49 kB │ gzip:   0.30 kB
#17 26.18 dist/assets/noto-sans-arabic-arabic-wght-normal-BhzieyvS.woff2  165.96 kB
#17 26.18 dist/assets/index-CHcdBxR4.css                                   23.43 kB │ gzip:   5.51 kB
#17 26.18 dist/assets/index-BxIVDfbX.js                                   388.74 kB │ gzip: 115.52 kB
#17 26.18 ✓ built in 4.74s
#17 DONE 26.3s

#18 [stage-2 3/4] COPY --from=build /app ./
#18 CACHED

#19 [stage-2 2/4] WORKDIR /app
#19 CACHED

#20 [build 2/6] WORKDIR /src
#20 CACHED

#21 [build 3/6] COPY global.json Directory.Build.props Directory.Packages.props ./
#21 CACHED

#22 [build 4/6] COPY src/ src/
#22 CACHED

#23 [build 5/6] RUN --mount=type=secret,id=extra_ca,target=/run/secrets/extra_ca --mount=type=cache,target=/root/.nuget/packages     if [ -s /run/secrets/extra_ca ]; then cat /run/secrets/extra_ca >>/etc/ssl/certs/ca-certificates.crt; fi;     dotnet restore src/Host/Erp.Host/Erp.Host.csproj
#23 CACHED

#24 [build 6/6] RUN --mount=type=cache,target=/root/.nuget/packages dotnet publish src/Host/Erp.Host/Erp.Host.csproj -c Release -o /app --no-restore
#24 CACHED

#25 [stage-2 4/4] COPY --from=web /web/dist ./wwwroot
#25 CACHED

#26 exporting to image
#26 exporting layers 0.0s done
#26 exporting manifest sha256:9cbdb5fe2e1326d563a00b4d3543c5f433fc5236058e35fbf0b36ea4c44b9dc1 done
#26 exporting config sha256:42784d0db45df0eb8e1972227416e9f70e871400edec3b9f77697cbe577a1037 done
#26 exporting attestation manifest sha256:2cdbaa239c0054e8cd1a3e425da21922a2296240d1d3d6705a640e31249872e1 0.0s done
#26 exporting manifest list sha256:86ab65be021f6d94225ae8e75af37ab1537d2c6370b62933e541ce9b394f5d12 done
#26 naming to docker.io/library/erp-app:c-p04-shell-r3 done
#26 unpacking to docker.io/library/erp-app:c-p04-shell-r3 0.1s done
#26 DONE 0.2s

#27 resolving provenance for metadata file
#27 DONE 0.0s
 Image erp-app:c-p04-shell-r3 Built 
[1mStarting PostgreSQL, setting up the database (roles, migrations, seed: 100000 users) and serving[0m
 Network c-p04-shell-r3_default Creating 
 Network c-p04-shell-r3_default Created 
 Volume c-p04-shell-r3_db-data Creating 
 Volume c-p04-shell-r3_db-data Created 
 Container c-p04-shell-r3-db-1 Creating 
 Container c-p04-shell-r3-db-1 Created 
 Container c-p04-shell-r3-db-1 Starting 
 Container c-p04-shell-r3-db-1 Started 
 Container c-p04-shell-r3-db-1 Waiting 
 Container c-p04-shell-r3-db-1 Healthy 
 Container c-p04-shell-r3-db-1 Running 
 Container c-p04-shell-r3-setup-1 Creating 
 Container c-p04-shell-r3-setup-1 Created 
Attaching to setup-1
 Container c-p04-shell-r3-db-1 Waiting 
 Container c-p04-shell-r3-db-1 Healthy 
 Container c-p04-shell-r3-setup-1 Starting 
 Container c-p04-shell-r3-setup-1 Started 
setup-1  | info: Erp.Kernel.Data.DatabaseBootstrap[0]
setup-1  |       Creating database erp
setup-1  | info: Erp.Kernel.Data.DatabaseMigrator[0]
setup-1  |       Migrating KernelDbContext: 3 pending
setup-1  | info: Erp.Kernel.Data.DatabaseMigrator[0]
setup-1  |       Migrating TenancyDbContext: 1 pending
setup-1  | info: Erp.Kernel.Data.DatabaseMigrator[0]
setup-1  |       Migrating IdentityDbContext: 6 pending
setup-1  | info: Erp.Kernel.Data.DatabaseMigrator[0]
setup-1  |       Migrating ListsDbContext: 1 pending
setup-1  | info: Erp.Kernel.Seeding.SeedRunner[0]
setup-1  |       Seeded tenant alnoor (Demo) in 45136 ms
setup-1  | info: Erp.Kernel.Seeding.SeedRunner[0]
setup-1  |       Seeded tenant gulfsteel (Demo) in 843 ms
[Ksetup-1 exited with code 0
 Compose Stopping Aborting on container exit...
 Container c-p04-shell-r3-setup-1 Stopping 
 Container c-p04-shell-r3-setup-1 Stopped 
 Container c-p04-shell-r3-db-1 Running 
 Container c-p04-shell-r3-app-1 Creating 
 Container c-p04-shell-r3-app-1 Created 
 Container c-p04-shell-r3-db-1 Waiting 
 Container c-p04-shell-r3-db-1 Healthy 
 Container c-p04-shell-r3-setup-1 Starting 
 Container c-p04-shell-r3-setup-1 Started 
 Container c-p04-shell-r3-setup-1 Waiting 
 Container c-p04-shell-r3-setup-1 Exited 
 Container c-p04-shell-r3-app-1 Starting 
 Container c-p04-shell-r3-app-1 Started 

[1mThe demo is running (92 s): http://localhost:20450[0m

  Sign in (password for every demo user: Demo-Pass-2026)
    admin@alnoor.example       Administrator, English
    admin.ar@alnoor.example    Administrator, Arabic
    viewer@alnoor.example      Read-only role
    noaccess@alnoor.example    No roles (sees nothing)
    admin@gulfsteel.example    Administrator of the second workspace

  API description: http://localhost:20450/api/openapi/v1.json
  Database:        localhost:20451 (./erp psql)
  Stop:            ./erp down        (add --volumes to delete the data)
EXIT 0 SECONDS 92
