add-rate                 odoo  verified  steps 10  keys 8  machine 2.824s  human 22.08s  human+wait 23.94s  -> ../../evidence-staging/p01-odoo-rig/r3/compare-odoo-all/results/add-rate-20261003T065024-5dd8.json
api-update-user          odoo  verified  steps 2  keys 184  machine 1.037s  human 54.62s  human+wait 55.656s  -> ../../evidence-staging/p01-odoo-rig/r3/compare-odoo-all/results/api-update-user-20261003T065039-f3a7.json
arabic-report            odoo  verified  steps 6  keys 0  machine 5.156s  human 15.9s  human+wait 20.629s  -> ../../evidence-staging/p01-odoo-rig/r3/compare-odoo-all/results/arabic-report-20261003T065042-2754.json
attach-file              odoo  verified  steps 3  keys 0  machine 0.238s  human 6.8s  human+wait 6.895s  -> ../../evidence-staging/p01-odoo-rig/r3/compare-odoo-all/results/attach-file-20261003T065054-3278.json
configure-sequence       odoo  verified  steps 17  keys 32  machine 3.316s  human 40.72s  human+wait 43.356s  -> ../../evidence-staging/p01-odoo-rig/r3/compare-odoo-all/results/configure-sequence-20261003T065100-98f5.json
create-company-branch    odoo  verified  steps 12  keys 72  machine 4.415s  human 48.53s  human+wait 53.166s  -> ../../evidence-staging/p01-odoo-rig/r3/compare-odoo-all/results/create-company-branch-20261003T065113-dd59.json
create-restricted-user   odoo  verified  steps 10  keys 46  machine 7.555s  human 30.05s  human+wait 37.275s  -> ../../evidence-staging/p01-odoo-rig/r3/compare-odoo-all/results/create-restricted-user-20261003T065134-5844.json
custom-field-filter      odoo  verified  steps 17  keys 61  machine 4.139s  human 54.83s  human+wait 57.183s  -> ../../evidence-staging/p01-odoo-rig/r3/compare-odoo-all/results/custom-field-filter-20261003T065215-1104.json
edit-and-save            odoo  verified  steps 4  keys 19  machine 0.438s  human 10.28s  human+wait 10.587s  -> ../../evidence-staging/p01-odoo-rig/r3/compare-odoo-all/results/edit-and-save-20261003T065222-3687.json
export-filtered-list     odoo  verified  steps 9  keys 11  machine 4.153s  human 26.43s  human+wait 29.463s  -> ../../evidence-staging/p01-odoo-rig/r3/compare-odoo-all/results/export-filtered-list-20261003T065233-d75b.json
find-record              odoo  verified  steps 5  keys 30  machine 1.786s  human 17.91s  human+wait 19.872s  -> ../../evidence-staging/p01-odoo-rig/r3/compare-odoo-all/results/find-record-20261003T065241-90f0.json
find-user                odoo  verified  steps 6  keys 21  machine 2.888s  human 14.55s  human+wait 17.464s  -> ../../evidence-staging/p01-odoo-rig/r3/compare-odoo-all/results/find-user-20261003T065251-9437.json
follow-approval          odoo  verified  steps 4  keys 0  machine 2.87s  human 10.6s  human+wait 13.132s  -> ../../evidence-staging/p01-odoo-rig/r3/compare-odoo-all/results/follow-approval-20261003T065305-3349.json
import-5000              odoo  verified  steps 7  keys 0  machine 14.919s  human 17.4s  human+wait 31.05s  -> ../../evidence-staging/p01-odoo-rig/r3/compare-odoo-all/results/import-5000-20261003T065314-5324.json
keyboard-navigation      odoo  verified  steps 9  keys 10  machine 1.519s  human 7.25s  human+wait 8.609s  -> ../../evidence-staging/p01-odoo-rig/r3/compare-odoo-all/results/keyboard-navigation-20261003T065357-2eb8.json
see-and-rerun-job        odoo  error     steps 9  keys 31  machine 121.703s  human 28.98s  human+wait 30.004s  (page.waitForFunction: Timeout 120000ms exceeded.)  -> ../../evidence-staging/p01-odoo-rig/r3/compare-odoo-all/results/see-and-rerun-job-20261003T065400-d54f.json
sign-in                  odoo  verified  steps 4  keys 57  machine 1.371s  human 19.06s  human+wait 20.308s  -> ../../evidence-staging/p01-odoo-rig/r3/compare-odoo-all/results/sign-in-20261003T065605-b317.json
switch-company           odoo  verified  steps 2  keys 0  machine 0.172s  human 5.3s  human+wait 5.355s  -> ../../evidence-staging/p01-odoo-rig/r3/compare-odoo-all/results/switch-company-20261003T065626-0318.json
switch-to-arabic         odoo  verified  steps 6  keys 1  machine 2.791s  human 15.28s  human+wait 17.068s  -> ../../evidence-staging/p01-odoo-rig/r3/compare-odoo-all/results/switch-to-arabic-20261003T065630-3fb9.json
who-changed-field        odoo  verified  steps 5  keys 30  machine 2.308s  human 18.5s  human+wait 20.282s  -> ../../evidence-staging/p01-odoo-rig/r3/compare-odoo-all/results/who-changed-field-20261003T065644-6d12.json
output: ../../../../evidence-staging/p01-odoo-rig/r3/compare-odoo-all
rc=1 seconds=392
