[1m[1/3] Builds, unit, integration and gate tests[0m

[1m== Copying sources (without build output)[0m

[1m== Web: install, type-check, string gate, unit tests, build[0m

added 58 packages in 2s
String check passed: 46 source files, 350 keys in English and Arabic, 34 plural messages.
Accessibility check passed: 616 JSX elements checked.

[1m[46m RUN [49m[22m [36mv4.0.18 [39m[90m/work/web[39m

 [32m✓[39m src/modules/identity/screens.test.tsx [2m([22m[2m5 tests[22m[2m)[22m[33m 558[2mms[22m[39m
     [33m[2m✓[22m[39m creates an invited user from the keyboard: n, local part only, a role by filter, Ctrl+Enter, and shows the set-up code once [33m 365[2mms[22m[39m
 [32m✓[39m src/kernel/lists/ListView.test.tsx [2m([22m[2m6 tests[22m[2m)[22m[33m 885[2mms[22m[39m
     [33m[2m✓[22m[39m searches as the user types and opens the only match with Enter [33m 356[2mms[22m[39m
 [32m✓[39m src/kernel/lists/model.test.ts [2m([22m[2m9 tests[22m[2m)[22m[32m 9[2mms[22m[39m
 [32m✓[39m src/modules/shell/AppShell.test.tsx [2m([22m[2m13 tests[22m[2m)[22m[33m 1236[2mms[22m[39m
     [33m[2m✓[22m[39m shows Arabic-Indic digits on Arabic screens when the user chooses them [33m 320[2mms[22m[39m
 [32m✓[39m src/modules/shell/SignInPage.test.tsx [2m([22m[2m6 tests[22m[2m)[22m[32m 163[2mms[22m[39m
 [32m✓[39m src/kernel/shortcuts.test.tsx [2m([22m[2m8 tests[22m[2m)[22m[32m 37[2mms[22m[39m
 [32m✓[39m src/modules/identity/model.test.ts [2m([22m[2m5 tests[22m[2m)[22m[32m 6[2mms[22m[39m
 [32m✓[39m src/kernel/format.test.ts [2m([22m[2m8 tests[22m[2m)[22m[32m 33[2mms[22m[39m
 [32m✓[39m src/kernel/preferences.test.ts [2m([22m[2m6 tests[22m[2m)[22m[32m 15[2mms[22m[39m
 [32m✓[39m src/kernel/print.test.tsx [2m([22m[2m2 tests[22m[2m)[22m[32m 40[2mms[22m[39m
 [32m✓[39m src/kernel/extensions.test.ts [2m([22m[2m4 tests[22m[2m)[22m[32m 13[2mms[22m[39m
 [32m✓[39m src/kernel/i18n.test.ts [2m([22m[2m5 tests[22m[2m)[22m[32m 20[2mms[22m[39m
 [32m✓[39m src/kernel/messageFormat.test.ts [2m([22m[2m5 tests[22m[2m)[22m[32m 25[2mms[22m[39m
 [32m✓[39m src/modules/shell/paletteSearch.test.ts [2m([22m[2m4 tests[22m[2m)[22m[32m 5[2mms[22m[39m
 [32m✓[39m src/kernel/api.test.ts [2m([22m[2m2 tests[22m[2m)[22m[32m 6[2mms[22m[39m
 [32m✓[39m src/kernel/router.test.ts [2m([22m[2m1 test[22m[2m)[22m[32m 2[2mms[22m[39m

[2m Test Files [22m [1m[32m16 passed[39m[22m[90m (16)[39m
[2m      Tests [22m [1m[32m89 passed[39m[22m[90m (89)[39m
[2m   Start at [22m 06:29:48
[2m   Duration [22m 3.91s[2m (transform 1.33s, setup 0ms, import 2.12s, tests 3.05s, environment 3.83s)[22m

JSON report written to /out/vitest.json
vite v7.3.6 building client environment for production...
transforming...
✓ 80 modules transformed.
rendering chunks...
computing gzip size...
dist/index.html                   0.49 kB │ gzip:   0.30 kB
dist/assets/index-Ns94djNL.css   20.82 kB │ gzip:   4.87 kB
dist/assets/index-C8ezMVVB.js   379.48 kB │ gzip: 112.94 kB
✓ built in 2.24s

[1m== Comparison harness (gauntlet/compare): install and unit tests[0m

added 1 package in 355ms
✔ add-rate: the Odoo baseline was produced by the current driver and its counts follow from its steps (5.365833ms)
✔ api-update-user: the Odoo baseline was produced by the current driver and its counts follow from its steps (1.456868ms)
✔ arabic-report: the Odoo baseline was produced by the current driver and its counts follow from its steps (1.470069ms)
✔ attach-file: the Odoo baseline was produced by the current driver and its counts follow from its steps (1.90728ms)
✔ configure-sequence: the Odoo baseline was produced by the current driver and its counts follow from its steps (1.789586ms)
✔ create-company-branch: the Odoo baseline was produced by the current driver and its counts follow from its steps (2.068286ms)
✔ create-restricted-user: the Odoo baseline was produced by the current driver and its counts follow from its steps (2.144663ms)
✔ custom-field-filter: the Odoo baseline was produced by the current driver and its counts follow from its steps (1.195155ms)
✔ edit-and-save: the Odoo baseline was produced by the current driver and its counts follow from its steps (2.05201ms)
✔ export-filtered-list: the Odoo baseline was produced by the current driver and its counts follow from its steps (2.732945ms)
✔ find-record: the Odoo baseline was produced by the current driver and its counts follow from its steps (1.258832ms)
✔ find-user: the Odoo baseline was produced by the current driver and its counts follow from its steps (1.321206ms)
✔ follow-approval: the Odoo baseline was produced by the current driver and its counts follow from its steps (1.304115ms)
✔ import-5000: the Odoo baseline was produced by the current driver and its counts follow from its steps (1.004932ms)
✔ keyboard-navigation: the Odoo baseline was produced by the current driver and its counts follow from its steps (1.511737ms)
✔ see-and-rerun-job: the Odoo baseline was produced by the current driver and its counts follow from its steps (1.175393ms)
✔ sign-in: the Odoo baseline was produced by the current driver and its counts follow from its steps (2.082629ms)
✔ switch-company: the Odoo baseline was produced by the current driver and its counts follow from its steps (1.749817ms)
✔ switch-to-arabic: the Odoo baseline was produced by the current driver and its counts follow from its steps (0.868087ms)
✔ who-changed-field: the Odoo baseline was produced by the current driver and its counts follow from its steps (0.82405ms)
✔ screenshot names are random and never name a product (6.487933ms)
✔ revealsProduct catches product names in any case (0.267928ms)
✔ both products have a branding profile; extra brand words are added (0.372986ms)
✔ letters A and B are assigned at random (0.711128ms)
✔ committed Odoo baseline screenshots have neutral names and the key lives outside the shots folder (0.920574ms)
✔ the blind review page shows neutral captions, never the moments a driver named (7.976731ms)
✔ a placeholder naming the vendor is cleared, not painted over (0.219101ms)
✔ a side-by-side folder keeps the blind part (shots, review page) apart from the key and results (240.567729ms)
✔ side by side, the products run in a random order per task (0.608194ms)
✔ --list prints every task (309.828674ms)
✔ bad arguments fail with usage (664.229305ms)
✔ one command runs a task on our product and writes a result JSON (2043.333517ms)
✔ the blind review page shows A and B only and keeps the mapping in key.json (8.893552ms)
✔ ours wins only when strictly lower on every metric (0.891984ms)
✔ a tie is a loss (0.273318ms)
✔ an unbuilt or failed product is never a win (0.172675ms)
✔ median of repeated runs uses the median machine seconds (0.264744ms)
✔ the generator is deterministic: a fresh run reproduces the shared files byte for byte (1442.266576ms)
✔ volumes match the bar: 100,000 contacts, users and rates; 5,000 import rows (211.790792ms)
✔ the needle name occurs exactly once and the import file has plain headers (108.76329ms)
✔ the generator keeps rates as fixed six-decimal strings (6.404662ms)
✔ the random source is seeded (0.20944ms)
✔ every driver imports only the fixture clients and Node file helpers, and runs no unreadable code (4.826408ms)
✔ the driver lint catches planted escapes (0.238867ms)
✔ control: an honest driver verifies; reading and locating are allowed while measured (953.013258ms)
✔ plant: typing through ctx.page.keyboard -> the run is invalid, never verified (693.277959ms)
✔ plant: pressing a key through op.page.keyboard -> the run is invalid, never verified (719.48789ms)
✔ plant: clicking a locator directly -> the run is invalid, never verified (530.916292ms)
✔ plant: filling a field directly -> the run is invalid, never verified (558.314481ms)
✔ plant: the mouse -> the run is invalid, never verified (735.409966ms)
✔ plant: a deep link (goto) -> the run is invalid, never verified (716.056533ms)
✔ plant: a reload -> the run is invalid, never verified (608.359735ms)
✔ plant: page script that clicks (evaluate) -> the run is invalid, never verified (588.362626ms)
✔ plant: locator script that clicks (locator.evaluate) -> the run is invalid, never verified (635.469794ms)
✔ plant: a condition that clicks -> the run is invalid, never verified (628.813715ms)
✔ plant: a condition that sets a value -> the run is invalid, never verified (684.666176ms)
✔ plant: a condition that changes the page -> the run is invalid, never verified (623.284409ms)
✔ plant: a condition that defers an action (setTimeout) -> the run is invalid, never verified (617.470667ms)
✔ plant: an asynchronous condition -> the run is invalid, never verified (729.371289ms)
✔ plant: a condition that navigates -> the run is invalid, never verified (934.642578ms)
✔ plant: a condition that calls the back end from the page -> the run is invalid, never verified (2215.16153ms)
✔ plant: a back-end call from the harness (fetch) -> the run is invalid, never verified (2007.323122ms)
✔ plant: a back-end call from the harness (http.request) -> the run is invalid, never verified (995.750817ms)
✔ plant: a second page in the same context -> the run is invalid, never verified (1255.009698ms)
✔ plant: a new browser context -> the run is invalid, never verified (1371.013196ms)
✔ plant: the page request context (page.request) -> the run is invalid, never verified (793.79376ms)
✔ plant: reaching a browser-driver internal (_mainFrame) -> the run is invalid, never verified (1168.380369ms)
✔ plant: closing the page (Symbol.asyncDispose) -> the run is invalid, never verified (1055.536814ms)
✔ plant: an action whose refusal the driver swallows -> the run is invalid, never verified (1103.907312ms)
✔ plant: a keyboard kept from set-up and used while measured is refused (972.032574ms)
✔ plant: an internal channel kept from set-up is refused there too (1058.691085ms)
✔ plant: a driver cannot stop the clock, drop steps or reach the raw page (1028.972037ms)
✔ plant: browserKey refuses an action passed by the driver (992.104811ms)
✔ plant: the guard controls cannot be claimed by a driver (0.949566ms)
✔ outside the measured part the same guarded page does everything (set-up, verification) (1394.961253ms)
✔ the real ours sign-in driver verifies on a stand-in sign-in page (3445.136601ms)
✔ plant H1 (round 2): the ours sign-in driver types the password through ctx.page.keyboard -> invalid (1820.832801ms)
✔ an API task counts each request, and its screenshots show the neutral request transcript (1063.740352ms)
✔ plant: signing in to the API inside the measured part is refused (786.736099ms)
✔ operator times are the published Card, Moran and Newell averages (1.264305ms)
✔ typing counts one key per character plus Shift for capitals and symbols (0.442705ms)
✔ a chord counts each key in it (1.310604ms)
✔ a click is M + P + BB, with homing when the hand comes from the keyboard (0.454389ms)
✔ a chained step has no mental preparation (0.148681ms)
✔ the operator starts with the hand on the mouse (0.129197ms)
✔ file picks are modelled as a double click (0.113988ms)
✔ totals for a short path add up (0.33511ms)
✔ unknown step kinds are rejected (0.996696ms)
✔ a scroll is a mouse step modelled like a click (0.415192ms)
✔ every npm dependency of the harness is under an allowed licence (1.02883ms)
✔ dependencies are pinned to exact versions (0.300249ms)
✔ steps, keystrokes and waits are counted the same way every time (1065.850795ms)
✔ choosing a file counts the dialog click and the pick (361.963969ms)
✔ a step before start() is refused (235.905348ms)
✔ blind screenshots paint branding over, go grey, and leave title and favicon neutral (634.542448ms)
✔ a screenshot after the end of a task never shortens the measured time (456.077383ms)
✔ screenshot time is not counted as product time (651.513444ms)
✔ round 2 fault: the done screenshot after finish() leaves machine seconds unchanged (850.072562ms)
✔ a shot in the middle of the measured part is taken out of the clock and of later step times (382.782582ms)
✔ an API request is one step whose keystrokes are the request typed plus Enter (256.801178ms)
✔ a wait condition works on a page whose content security policy forbids eval (our product) (578.015982ms)
✔ ratchet.json has every comparison minimum (5.038711ms)
✔ tasks and named tasks never go below their minimum (55.742745ms)
✔ built Odoo drivers never go below their minimum (14.264913ms)
✔ built drivers for our product never go below their minimum (7.707828ms)
✔ verified Odoo baselines never go below their minimum, and each is complete (2.755947ms)
✔ the recorded reference volume never goes below the minimum per main list (0.378123ms)
✔ harness tests never go below their minimum (live rig checks counted apart) (2.733586ms)
✔ planted uncounted-action drivers never go below their minimum (0.391802ms)
✔ API tasks never go below their minimum (1.052897ms)
✔ every task the bar names is defined and marked as named (11.336942ms)
✔ task definitions are product-neutral and complete (2.510318ms)
✔ every task has a driver for each product (20.382825ms)
✔ every Odoo driver is built; placeholders in task text resolve from the dataset (67.965596ms)
✔ an unbuilt driver reports "not built" without touching a browser (101.739159ms)
ℹ tests 115
ℹ suites 0
ℹ pass 115
ℹ fail 0
ℹ cancelled 0
ℹ skipped 0
ℹ todo 0
ℹ duration_ms 49067.656553

[1m== .NET: restore and build (warnings are errors)[0m

Build succeeded.
    0 Warning(s)
    0 Error(s)

Time Elapsed 00:00:29.02

[1m== .NET: unit, integration (Testcontainers PostgreSQL) and gate tests[0m
Test run for /work/tests/Erp.Kernel.Tests/bin/Release/net10.0/Erp.Kernel.Tests.dll (.NETCoreApp,Version=v10.0)
Test run for /work/tests/Erp.Gates.Tests/bin/Release/net10.0/Erp.Gates.Tests.dll (.NETCoreApp,Version=v10.0)
Test run for /work/tests/Erp.Modules.Identity.Tests/bin/Release/net10.0/Erp.Modules.Identity.Tests.dll (.NETCoreApp,Version=v10.0)
A total of 1 test files matched the specified pattern.
Test run for /work/tests/Erp.Modules.Lists.Tests/bin/Release/net10.0/Erp.Modules.Lists.Tests.dll (.NETCoreApp,Version=v10.0)
A total of 1 test files matched the specified pattern.
A total of 1 test files matched the specified pattern.
A total of 1 test files matched the specified pattern.
[xUnit.net 00:00:00.00] xUnit.net VSTest Adapter v3.1.5+1b188a7b0a (64-bit .NET 10.0.12)
[xUnit.net 00:00:00.00] xUnit.net VSTest Adapter v3.1.5+1b188a7b0a (64-bit .NET 10.0.12)
[xUnit.net 00:00:00.01] xUnit.net VSTest Adapter v3.1.5+1b188a7b0a (64-bit .NET 10.0.12)
[xUnit.net 00:00:00.97]   Discovering: Erp.Kernel.Tests
[xUnit.net 00:00:00.56]   Discovering: Erp.Gates.Tests
[xUnit.net 00:00:00.87]   Discovering: Erp.Modules.Identity.Tests
[xUnit.net 00:00:00.00] xUnit.net VSTest Adapter v3.1.5+1b188a7b0a (64-bit .NET 10.0.12)
[xUnit.net 00:00:01.86]   Discovered:  Erp.Kernel.Tests
[xUnit.net 00:00:01.56]   Discovered:  Erp.Gates.Tests
[xUnit.net 00:00:01.65]   Discovered:  Erp.Modules.Identity.Tests
[xUnit.net 00:00:01.38]   Discovering: Erp.Modules.Lists.Tests
[xUnit.net 00:00:03.54]   Starting:    Erp.Kernel.Tests
[xUnit.net 00:00:02.96]   Starting:    Erp.Gates.Tests
[xUnit.net 00:00:02.16]   Discovered:  Erp.Modules.Lists.Tests
[xUnit.net 00:00:03.63]   Starting:    Erp.Modules.Identity.Tests
  Passed Erp.Kernel.Tests.ModuleListTests.A_valid_list_has_no_problems [367 ms]
  Passed Erp.Kernel.Tests.MoneyTests.Currency_codes_are_three_upper_case_letters(code: "A1D") [305 ms]
  Passed Erp.Kernel.Tests.MoneyTests.Currency_codes_are_three_upper_case_letters(code: "AEDX") [< 1 ms]
  Passed Erp.Kernel.Tests.MoneyTests.Currency_codes_are_three_upper_case_letters(code: "aed") [< 1 ms]
  Passed Erp.Kernel.Tests.MoneyTests.Currency_codes_are_three_upper_case_letters(code: "AE") [< 1 ms]
  Passed Erp.Kernel.Tests.ModuleListTests.A_list_must_belong_to_its_module_and_name_real_columns [42 ms]
  Passed Erp.Kernel.Tests.SecurityTests.Email_validation(value: "a@.example", valid: False) [43 ms]
  Passed Erp.Kernel.Tests.SecurityTests.Email_validation(value: "a b@c.example", valid: False) [< 1 ms]
  Passed Erp.Kernel.Tests.SecurityTests.Email_validation(value: "a@@b.example", valid: False) [< 1 ms]
  Passed Erp.Kernel.Tests.SecurityTests.Email_validation(value: "a@b.example", valid: True) [< 1 ms]
  Passed Erp.Kernel.Tests.SecurityTests.Email_validation(value: "first.last+tag@sub.domain.ae", valid: True) [< 1 ms]
  Passed Erp.Kernel.Tests.SecurityTests.Email_validation(value: "no-at.example", valid: False) [< 1 ms]
  Passed Erp.Kernel.Tests.SecurityTests.Email_validation(value: "a@b", valid: False) [< 1 ms]
  Passed Erp.Kernel.Tests.SecurityTests.Permission_keys_are_module_resource_action(key: "identity.users", valid: False) [16 ms]
  Passed Erp.Kernel.Tests.SecurityTests.Permission_keys_are_module_resource_action(key: "identity.users.read", valid: True) [< 1 ms]
  Passed Erp.Kernel.Tests.SecurityTests.Permission_keys_are_module_resource_action(key: "identity..read", valid: False) [< 1 ms]
  Passed Erp.Kernel.Tests.SecurityTests.Permission_keys_are_module_resource_action(key: "identity.userRoles.assignAll", valid: True) [< 1 ms]
  Passed Erp.Kernel.Tests.SecurityTests.Permission_keys_are_module_resource_action(key: "Identity.users.read", valid: False) [11 ms]
  Passed Erp.Kernel.Tests.SecurityTests.Permission_keys_are_module_resource_action(key: "identity.users.read.extra", valid: False) [< 1 ms]
  Passed Erp.Kernel.Tests.MoneyTests.Money_travels_as_decimal_strings_in_json [317 ms]
  Passed Erp.Kernel.Tests.MoneyTests.Only_same_currency_and_rate_can_be_added [< 1 ms]
  Passed Erp.Kernel.Tests.MoneyTests.Amount_must_fit_the_currency_minor_units [8 ms]
  Passed Erp.Kernel.Tests.MoneyTests.Base_currency_amounts_use_rate_one_and_rates_are_positive [< 1 ms]
  Passed Erp.Kernel.Tests.MoneyTests.Base_amount_is_rounded_half_away_from_zero_to_the_base_currency [< 1 ms]
  Passed Erp.Kernel.Tests.SecurityTests.Forwarded_headers_are_trusted_only_from_configured_proxies [99 ms]
  Passed Erp.Kernel.Tests.UnitOfWorkTests.Problems_inside_typed_unions_count_as_failures [30 ms]
  Passed Erp.Kernel.Tests.UnitOfWorkTests.Plain_results_report_their_own_status [< 1 ms]
  Passed Erp.Kernel.Tests.LocalizationTests.Plural_categories_follow_the_CLDR_rules(language: "en", number: 1, expected: "one") [49 ms]
  Passed Erp.Kernel.Tests.LocalizationTests.Plural_categories_follow_the_CLDR_rules(language: "ar", number: 99, expected: "many") [< 1 ms]
  Passed Erp.Kernel.Tests.LocalizationTests.Plural_categories_follow_the_CLDR_rules(language: "ar", number: 10, expected: "few") [< 1 ms]
  Passed Erp.Kernel.Tests.LocalizationTests.Plural_categories_follow_the_CLDR_rules(language: "en", number: 0, expected: "other") [< 1 ms]
  Passed Erp.Kernel.Tests.LocalizationTests.Plural_categories_follow_the_CLDR_rules(language: "en", number: 2, expected: "other") [< 1 ms]
  Passed Erp.Kernel.Tests.LocalizationTests.Plural_categories_follow_the_CLDR_rules(language: "ar", number: 3, expected: "few") [< 1 ms]
  Passed Erp.Kernel.Tests.LocalizationTests.Plural_categories_follow_the_CLDR_rules(language: "ar", number: 100, expected: "other") [< 1 ms]
  Passed Erp.Kernel.Tests.LocalizationTests.Plural_categories_follow_the_CLDR_rules(language: "ar", number: 103, expected: "few") [< 1 ms]
  Passed Erp.Kernel.Tests.LocalizationTests.Plural_categories_follow_the_CLDR_rules(language: "ar", number: 11, expected: "many") [< 1 ms]
  Passed Erp.Kernel.Tests.LocalizationTests.Plural_categories_follow_the_CLDR_rules(language: "ar", number: 0, expected: "zero") [< 1 ms]
  Passed Erp.Kernel.Tests.LocalizationTests.Plural_categories_follow_the_CLDR_rules(language: "ar", number: 1, expected: "one") [< 1 ms]
  Passed Erp.Kernel.Tests.LocalizationTests.Plural_categories_follow_the_CLDR_rules(language: "ar", number: 2, expected: "two") [< 1 ms]
  Passed Erp.Kernel.Tests.LocalizationTests.Plural_categories_follow_the_CLDR_rules(language: "ar", number: 102, expected: "other") [< 1 ms]
  Passed Erp.Kernel.Tests.LocalizationTests.Plural_categories_follow_the_CLDR_rules(language: "ar", number: 1.5, expected: "other") [< 1 ms]
  Passed Erp.Kernel.Tests.SecurityTests.Weaker_hashes_still_verify_and_ask_to_be_upgraded [98 ms]
  Passed Erp.Kernel.Tests.LocalizationTests.Request_language_comes_from_accept_language_when_not_signed_in(header: "de", expected: "en") [45 ms]
  Passed Erp.Kernel.Tests.LocalizationTests.Request_language_comes_from_accept_language_when_not_signed_in(header: "", expected: "en") [< 1 ms]
  Passed Erp.Kernel.Tests.LocalizationTests.Request_language_comes_from_accept_language_when_not_signed_in(header: "ar-AE,ar;q=0.9,en;q=0.8", expected: "ar") [< 1 ms]
  Passed Erp.Kernel.Tests.LocalizationTests.Request_language_comes_from_accept_language_when_not_signed_in(header: "fr-FR,ar;q=0.5", expected: "ar") [< 1 ms]
  Passed Erp.Kernel.Tests.LocalizationTests.Request_language_comes_from_accept_language_when_not_signed_in(header: "en-GB,en;q=0.9", expected: "en") [< 1 ms]
  Passed Erp.Kernel.Tests.LocalizationTests.Messages_fill_named_placeholders_and_exact_plural_branches [6 ms]
  Passed Erp.Kernel.Tests.LocalizationTests.A_key_without_a_translation_stops_the_catalog_from_loading [12 ms]
[xUnit.net 00:00:03.33]   Starting:    Erp.Modules.Lists.Tests
  Passed Erp.Kernel.Tests.LocalizationTests.Kernel_strings_exist_in_both_languages_and_format_arguments [1 ms]
  Passed Erp.Kernel.Tests.ListEngineTests.A_cursor_belongs_to_one_sort [903 ms]
  Passed Erp.Kernel.Tests.ListEngineTests.Bad_filters_name_the_problem(text: "seen eq '2026-09-01 08:00'", code: "list.valueDateTime") [198 ms]
  Passed Erp.Kernel.Tests.ListEngineTests.Bad_filters_name_the_problem(text: "day eq '2026-13-01'", code: "list.valueDate") [< 1 ms]
  Passed Erp.Kernel.Tests.ListEngineTests.Bad_filters_name_the_problem(text: "name gt null", code: "list.filterSyntax") [< 1 ms]
  Passed Erp.Kernel.Tests.ListEngineTests.Bad_filters_name_the_problem(text: "name eq 'x' and", code: "list.filterSyntax") [< 1 ms]
  Passed Erp.Kernel.Tests.ListEngineTests.Bad_filters_name_the_problem(text: "active eq 1", code: "list.valueBoolean") [< 1 ms]
  Passed Erp.Kernel.Tests.ListEngineTests.Bad_filters_name_the_problem(text: "name in ()", code: "list.filterSyntax") [< 1 ms]
  Passed Erp.Kernel.Tests.ListEngineTests.Bad_filters_name_the_problem(text: "((name eq 'x')", code: "list.filterSyntax") [< 1 ms]
  Passed Erp.Kernel.Tests.ListEngineTests.Bad_filters_name_the_problem(text: "name in ('a', null)", code: "list.filterSyntax") [< 1 ms]
  Passed Erp.Kernel.Tests.ListEngineTests.Bad_filters_name_the_problem(text: "nosuch eq 1", code: "list.unknownColumn") [< 1 ms]
  Passed Erp.Kernel.Tests.ListEngineTests.Bad_filters_name_the_problem(text: "kind eq 'other'", code: "list.valueChoice") [< 1 ms]
  Passed Erp.Kernel.Tests.ListEngineTests.Bad_filters_name_the_problem(text: "name gt 'a'", code: "list.operatorNotAllowed") [< 1 ms]
  Passed Erp.Kernel.Tests.ListEngineTests.Bad_filters_name_the_problem(text: "1.2.3 eq 1", code: "list.filterSyntax") [< 1 ms]
  Passed Erp.Kernel.Tests.ListEngineTests.Bad_filters_name_the_problem(text: "name eq", code: "list.filterSyntax") [< 1 ms]
  Passed Erp.Kernel.Tests.ListEngineTests.Bad_filters_name_the_problem(text: "name = 'x'", code: "list.filterSyntax") [< 1 ms]
  Passed Erp.Kernel.Tests.ListEngineTests.Bad_filters_name_the_problem(text: "quantity eq 'many'", code: "list.valueNumber") [< 1 ms]
  Passed Erp.Kernel.Tests.ListEngineTests.Bad_filters_name_the_problem(text: "active contains 'a'", code: "list.operatorNotAllowed") [< 1 ms]
  Passed Erp.Kernel.Tests.ListEngineTests.Bad_requests_become_400_problems_naming_the_parameter(parameter: "groupBy", value: "name", code: "list.notGroupable") [15 ms]
  Passed Erp.Kernel.Tests.ListEngineTests.Bad_requests_become_400_problems_naming_the_parameter(parameter: "sort", value: "kind", code: "list.notSortable") [13 ms]
  Passed Erp.Kernel.Tests.ListEngineTests.Bad_requests_become_400_problems_naming_the_parameter(parameter: "sort", value: "-", code: "list.sortSyntax") [189 ms]
  Passed Erp.Kernel.Tests.ListEngineTests.Bad_requests_become_400_problems_naming_the_parameter(parameter: "search", value: "a b c d e f g h i", code: "list.searchTooManyWords") [4 ms]
  Passed Erp.Kernel.Tests.ListEngineTests.Bad_requests_become_400_problems_naming_the_parameter(parameter: "sort", value: "a,b,c,d,e", code: "list.sortTooMany") [1 ms]
  Passed Erp.Kernel.Tests.ListEngineTests.Bad_requests_become_400_problems_naming_the_parameter(parameter: "after", value: "eyJzIjoibmFtZSJ9", code: "list.invalidCursor") [27 ms]
  Passed Erp.Kernel.Tests.ListEngineTests.Keyset_pages_return_every_row_once_in_the_order_of_one_page(sort: "-seen") [622 ms]
  Passed Erp.Kernel.Tests.ListEngineTests.Keyset_pages_return_every_row_once_in_the_order_of_one_page(sort: "name") [759 ms]
  Passed Erp.Kernel.Tests.ListEngineTests.Keyset_pages_return_every_row_once_in_the_order_of_one_page(sort: "code") [113 ms]
  Passed Erp.Kernel.Tests.ListEngineTests.Keyset_pages_return_every_row_once_in_the_order_of_one_page(sort: "-quantity,code") [226 ms]
  Passed Erp.Kernel.Tests.ListEngineTests.Keyset_pages_return_every_row_once_in_the_order_of_one_page(sort: "seen") [62 ms]
  Passed Erp.Kernel.Tests.ListEngineTests.Keyset_pages_return_every_row_once_in_the_order_of_one_page(sort: "-name") [70 ms]
  Passed Erp.Kernel.Tests.ListEngineTests.Keyset_pages_return_every_row_once_in_the_order_of_one_page(sort: "-code") [125 ms]
  Passed Erp.Kernel.Tests.ListEngineTests.Keyset_pages_return_every_row_once_in_the_order_of_one_page(sort: "active,-quantity") [188 ms]
  Passed Erp.Kernel.Tests.ListEngineTests.Registration_refuses_definitions_and_bindings_that_cannot_keep_their_promises [64 ms]
  Passed Erp.Kernel.Tests.ListEngineTests.Filters_parse_and_format_back_to_an_equivalent_text(text: "name eq 'x'") [< 1 ms]
  Passed Erp.Kernel.Tests.ListEngineTests.Filters_parse_and_format_back_to_an_equivalent_text(text: "kind in ('raw', 'finished') and seen ge '2026-09-0"···) [< 1 ms]
  Passed Erp.Kernel.Tests.ListEngineTests.Filters_parse_and_format_back_to_an_equivalent_text(text: "(name eq 'it''s' or code is null) and not quantity"···) [4 ms]
  Passed Erp.Kernel.Tests.ListEngineTests.Filters_parse_and_format_back_to_an_equivalent_text(text: "amount lt -1.5 and active ne false and code starts"···) [< 1 ms]
  Passed Erp.Kernel.Tests.ListEngineTests.Search_filters_and_groups_select_the_right_rows [149 ms]
  Passed Erp.Kernel.Tests.ListEngineTests.Filters_are_bounded_in_length_and_complexity [< 1 ms]
  Passed Erp.Kernel.Tests.SecurityTests.A_proof_from_the_challenge_equals_the_stored_hash_only_for_the_right_password [5 s]
  Passed Erp.Kernel.Tests.SecurityTests.Session_tokens_are_256_bit_base64url_and_stored_as_sha256 [< 1 ms]
  Passed Erp.Kernel.Tests.SecurityTests.Password_hashes_verify_only_the_right_password_and_use_unique_salts [1 s]
  Passed Erp.Kernel.Tests.KernelDataTests.Bulk_insert_requires_a_bound_tenant [52 ms]
  Passed Erp.Modules.Identity.Tests.AuthTests.The_session_probe_always_answers_200_even_with_a_stale_or_malformed_session_cookie [2 s]
  Passed Erp.Kernel.Tests.KernelDataTests.Bulk_insert_loads_100000_rows_through_row_level_security_quickly [3 s]
  Passed Erp.Modules.Identity.Tests.UserLifecycleTests.The_permission_catalogue_carries_what_the_matrix_needs [3 s]
  Passed Erp.Modules.Lists.Tests.SavedViewsTests.Every_change_to_a_view_is_audited_with_its_author [3 s]
  Passed Erp.Kernel.Tests.KernelDataTests.Migrations_and_seeding_are_idempotent [533 ms]
  Passed Erp.Kernel.Tests.KernelDataTests.A_unit_of_work_cannot_switch_tenants [22 ms]
  Passed Erp.Kernel.Tests.KernelDataTests.Bulk_insert_cannot_smuggle_rows_into_another_tenant [69 ms]
  Passed Erp.Kernel.Tests.KernelDataTests.Using_a_module_context_before_binding_a_tenant_fails_loudly [183 ms]
  Passed Erp.Kernel.Tests.KernelDataTests.EF_refuses_to_write_a_row_for_another_tenant [224 ms]
  Passed Erp.Kernel.Tests.KernelDataTests.The_query_filter_is_a_second_layer_on_every_tenant_entity [200 ms]
  Passed Erp.Modules.Identity.Tests.UsersAndRolesTests.User_search_finds_by_name_or_email_and_escapes_wildcards [4 s]
  Passed Erp.Modules.Identity.Tests.RateLimitTests.Sign_in_attempts_beyond_the_limit_get_429_with_a_localized_problem [4 s]
[xUnit.net 00:00:33.23]   Finished:    Erp.Kernel.Tests (ID = '1ac195ec15f33ab4788e3de64df3053333a57179a8cf50eb11a1918a6450c228')
  Passed Erp.Modules.Identity.Tests.UsersAndRolesTests.The_administrator_role_cannot_be_changed_or_deleted_and_grants_every_permission [1 s]
  Passed Erp.Modules.Identity.Tests.UsersAndRolesTests.Permission_catalogue_is_labelled_in_the_users_language [914 ms]
Results File: /out/trx/_vm_2026-10-03_06_31_29_net10.0.trx

Test Run Successful.
Total tests: 99
     Passed: 99
 Total time: 35.2873 Seconds
  Passed Erp.Modules.Identity.Tests.UsersAndRolesTests.Changing_the_language_preference_follows_the_user [2 s]
  Passed Erp.Gates.Tests.Rules.MoneyGateTests.No_floating_point_or_money_columns_in_the_database [750 ms]
  Passed Erp.Gates.Tests.Rules.ShellGateTests.Screens_format_numbers_amounts_and_dates_through_the_kernel_formatter [779 ms]
  Passed Erp.Gates.Tests.Rules.LicenceGateTests.Every_NuGet_package_has_an_allowed_licence [1 s]
  Passed Erp.Gates.Tests.Rules.LicenceGateTests.Every_npm_package_has_an_allowed_licence [170 ms]
  Passed Erp.Gates.Tests.Rules.MoneyGateTests.No_float_or_double_in_server_code [278 ms]
  Passed Erp.Gates.Tests.Rules.MoneyGateTests.No_parseFloat_in_front_end_code [6 ms]
  Passed Erp.Gates.Tests.Rules.ShellGateTests.Stylesheets_and_inline_styles_use_logical_directions_only [308 ms]
Test run for /work/tests/Erp.Modules.Tenancy.Tests/bin/Release/net10.0/Erp.Modules.Tenancy.Tests.dll (.NETCoreApp,Version=v10.0)
  Passed Erp.Modules.Lists.Tests.SavedViewsTests.Personal_views_are_private_to_their_owner [5 s]
  Passed Erp.Gates.Tests.Rules.ShellGateTests.Every_navigation_group_has_an_English_and_Arabic_heading [1 ms]
A total of 1 test files matched the specified pattern.
  Passed Erp.Modules.Lists.Tests.SavedViewsTests.Every_field_is_validated_against_the_list_in_the_users_language [2 s]
  Passed Erp.Modules.Identity.Tests.AuthTests.The_pause_ends_by_itself_when_the_failures_leave_the_window [10 s]
[xUnit.net 00:00:00.00] xUnit.net VSTest Adapter v3.1.5+1b188a7b0a (64-bit .NET 10.0.12)
  Passed Erp.Modules.Identity.Tests.UserLifecycleTests.An_administrator_resets_a_password_and_the_user_is_signed_out_everywhere [11 s]
[xUnit.net 00:00:01.78]   Discovering: Erp.Modules.Tenancy.Tests
  Passed Erp.Modules.Lists.Tests.SavedViewsTests.Shared_views_reach_every_reader_and_only_sharers_change_them [3 s]
[xUnit.net 00:00:02.69]   Discovered:  Erp.Modules.Tenancy.Tests
  Passed Erp.Modules.Identity.Tests.UsersAndRolesTests.The_digits_preference_follows_the_user_and_leaves_the_language_alone [8 s]
[xUnit.net 00:00:03.99]   Starting:    Erp.Modules.Tenancy.Tests
  Passed Erp.Modules.Lists.Tests.SavedViewsTests.The_definition_describes_columns_operators_choices_presets_and_sharing [2 s]
  Passed Erp.Modules.Identity.Tests.UserLifecycleTests.Copying_a_role_keeps_its_permissions_under_a_new_name [2 s]
  Passed Erp.Modules.Identity.Tests.UsersAndRolesTests.Saving_over_someone_elses_change_is_refused [793 ms]
  Passed Erp.Modules.Identity.Tests.UsersAndRolesTests.Validation_errors_name_each_field_in_the_requested_language [1 s]
  Passed Erp.Modules.Lists.Tests.SavedViewsTests.One_default_per_owner_and_names_unique_per_owner [2 s]
  Passed Erp.Modules.Identity.Tests.UsersAndRolesTests.Duplicate_email_in_the_same_workspace_is_a_conflict [1 s]
  Passed Erp.Modules.Identity.Tests.UserLifecycleTests.The_access_view_says_what_a_user_can_do_and_which_role_grants_it [4 s]
  Passed Erp.Modules.Identity.Tests.AuthTests.Five_failures_pause_that_client_without_saying_so_until_an_administrator_unblocks [9 s]
  Passed Erp.Gates.Tests.Rules.ListContractGateTests.Every_sortable_column_orders_its_list_both_ways_and_keyset_paging_matches_one_page [14 s]
[xUnit.net 00:00:48.52]   Finished:    Erp.Modules.Lists.Tests (ID = '3ab372e8c1b058abe35539ecb2b78dba197b5a9f0242af81daadb3c7868d679e')
Results File: /out/trx/_vm_2026-10-03_06_31_56_net10.0.trx

Test Run Successful.
Total tests: 6
     Passed: 6
 Total time: 50.7736 Seconds
  Passed Erp.Modules.Identity.Tests.AuthTests.A_suspended_workspace_cannot_be_signed_in_to [1 s]
  Passed Erp.Modules.Identity.Tests.SharedDatasetSeedTests.Demo_seed_loads_the_shared_dataset_users_into_the_main_tenant [19 s]
  Passed Erp.Modules.Identity.Tests.UserLifecycleTests.Signed_in_users_change_their_password_by_proving_the_current_one_and_other_sessions_end [6 s]
  Passed Erp.Gates.Tests.Rules.ListContractGateTests.Every_filterable_column_filters_its_list_and_other_columns_are_refused [8 s]
  Passed Erp.Gates.Tests.Rules.ListContractGateTests.Every_registered_list_documents_the_list_query_contract_and_its_definition [2 s]
  Passed Erp.Gates.Tests.G2.G2AccountTakeoverTests.Nobody_resets_their_own_password_or_ends_their_own_access_through_administration [10 s]
  Passed Erp.Modules.Identity.Tests.UserLifecycleTests.An_invited_user_signs_in_once_with_the_set_up_code_and_chooses_a_password [7 s]
  Passed Erp.Gates.Tests.Rules.ListContractGateTests.Every_search_field_is_searched_word_by_word_and_grouping_counts_every_row_once [3 s]
  Passed Erp.Modules.Identity.Tests.AuthTests.The_same_email_in_two_workspaces_asks_which_one_only_when_both_passwords_match [15 s]
  Passed Erp.Modules.Identity.Tests.UserLifecycleTests.An_expired_set_up_code_fails_like_a_wrong_password [2 s]
  Passed Erp.Modules.Identity.Tests.PlatformHttpTests.Server_errors_reveal_nothing_but_a_trace_id [897 ms]
  Passed Erp.Modules.Identity.Tests.PlatformHttpTests.Unknown_api_paths_answer_404_problems_not_the_app_shell [15 ms]
  Passed Erp.Modules.Identity.Tests.PlatformHttpTests.Health_is_public_and_checks_the_database [35 ms]
  Passed Erp.Modules.Identity.Tests.PlatformHttpTests.Responses_carry_security_headers_and_api_responses_are_not_cached [136 ms]
  Passed Erp.Modules.Identity.Tests.UsersListTests.Bad_queries_are_refused_naming_the_parameter(parameter: "filter", value: "isActive eq 'yes'", code: "list.valueBoolean") [1 s]
  Passed Erp.Modules.Identity.Tests.UsersListTests.Bad_queries_are_refused_naming_the_parameter(parameter: "filter", value: "language eq 'ar", code: "list.filterSyntax") [544 ms]
  Passed Erp.Modules.Identity.Tests.AuthTests.Cookie_requests_that_change_data_need_the_request_header [2 s]
  Passed Erp.Modules.Identity.Tests.UsersListTests.Bad_queries_are_refused_naming_the_parameter(parameter: "filter", value: "language eq", code: "list.filterSyntax") [1 s]
  Passed Erp.Modules.Identity.Tests.AuthTests.Expired_sessions_and_malformed_tokens_are_refused [2 s]
  Passed Erp.Modules.Identity.Tests.UsersListTests.Bad_queries_are_refused_naming_the_parameter(parameter: "filter", value: "(language eq 'ar'", code: "list.filterSyntax") [1 s]
  Passed Erp.Modules.Identity.Tests.UsersListTests.Bad_queries_are_refused_naming_the_parameter(parameter: "after", value: "not-a-cursor", code: "list.invalidCursor") [1 s]
  Passed Erp.Modules.Identity.Tests.AuthTests.Signing_in_returns_the_session_and_sets_a_strict_http_only_cookie [1 s]
  Passed Erp.Modules.Identity.Tests.UsersListTests.Bad_queries_are_refused_naming_the_parameter(parameter: "filter", value: "displayName eq 5", code: "list.valueText") [799 ms]
  Passed Erp.Modules.Identity.Tests.UsersListTests.Bad_queries_are_refused_naming_the_parameter(parameter: "filter", value: "createdAt ge 'yesterday'", code: "list.valueDateTime") [1 s]
  Passed Erp.Modules.Identity.Tests.UsersListTests.Bad_queries_are_refused_naming_the_parameter(parameter: "filter", value: "isActive gt true", code: "list.operatorNotAllowed") [520 ms]
  Passed Erp.Modules.Identity.Tests.UsersListTests.Bad_queries_are_refused_naming_the_parameter(parameter: "filter", value: "language eq 'ar' and", code: "list.filterSyntax") [1 s]
  Passed Erp.Modules.Identity.Tests.UsersListTests.Bad_queries_are_refused_naming_the_parameter(parameter: "groupBy", value: "nosuch", code: "list.unknownColumn") [853 ms]
  Passed Erp.Modules.Identity.Tests.AuthTests.Deactivating_a_user_ends_their_sessions [5 s]
  Passed Erp.Gates.Tests.G2.G2AccountTakeoverTests.Acting_on_a_user_needs_every_permission_that_user_holds [17 s]
  Passed Erp.Modules.Identity.Tests.UsersListTests.Bad_queries_are_refused_naming_the_parameter(parameter: "filter", value: "language = 'ar'", code: "list.filterSyntax") [2 s]
  Passed Erp.Modules.Identity.Tests.AuthTests.Wrong_password_and_unknown_email_get_the_same_answer [2 s]
  Passed Erp.Modules.Identity.Tests.UsersListTests.Bad_queries_are_refused_naming_the_parameter(parameter: "groupBy", value: "displayName", code: "list.notGroupable") [1 s]
  Passed Erp.Gates.Tests.G2.G2AccountTakeoverTests.Creating_from_a_role_cannot_grant_more_than_the_caller_holds [2 s]
  Passed Erp.Modules.Tenancy.Tests.TenantTests.Reading_and_renaming_need_their_permissions [5 s]
  Passed Erp.Modules.Identity.Tests.AuthTests.Signing_out_revokes_the_session_for_good [1 s]
  Passed Erp.Modules.Identity.Tests.UsersListTests.Bad_queries_are_refused_naming_the_parameter(parameter: "filter", value: "language eq 'fr'", code: "list.valueChoice") [2 s]
  Passed Erp.Gates.Tests.G1.G1ProcessStateTests.Process_wide_state_is_immutable_or_reviewed [14 ms]
  Passed Erp.Gates.Tests.Rules.StringGateTests.Every_problem_and_validation_code_in_server_code_has_text [145 ms]
  Passed Erp.Gates.Tests.Rules.StringGateTests.Server_string_files_have_matching_English_and_Arabic_keys [11 ms]
  Passed Erp.Gates.Tests.Rules.StringGateTests.Web_string_files_have_matching_English_and_Arabic_keys [26 ms]
  Passed Erp.Gates.Tests.Rules.StringGateTests.Every_permission_module_and_menu_entry_has_labels [12 ms]
  Passed Erp.Gates.Tests.Rules.StringGateTests.Count_messages_use_plural_forms [65 ms]
  Passed Erp.Modules.Tenancy.Tests.TenantTests.Each_user_reads_their_own_workspace [2 s]
  Passed Erp.Modules.Identity.Tests.UsersListTests.Bad_queries_are_refused_naming_the_parameter(parameter: "sort", value: "display name", code: "list.sortSyntax") [3 s]
  Passed Erp.Modules.Identity.Tests.UsersListTests.Bad_queries_are_refused_naming_the_parameter(parameter: "filter", value: "language gt 'ar'", code: "list.operatorNotAllowed") [427 ms]
  Passed Erp.Modules.Identity.Tests.UsersListTests.Bad_queries_are_refused_naming_the_parameter(parameter: "sort", value: "nosuch", code: "list.unknownColumn") [901 ms]
  Passed Erp.Modules.Identity.Tests.UsersListTests.Bad_queries_are_refused_naming_the_parameter(parameter: "sort", value: "language", code: "list.notSortable") [750 ms]
  Passed Erp.Modules.Tenancy.Tests.TenantTests.Renaming_needs_both_names_and_the_version_and_refuses_a_stale_version [3 s]
[xUnit.net 00:00:49.54]   Finished:    Erp.Modules.Tenancy.Tests (ID = '7c336b43d696105a19512de164fe1230cb02ef2c7773107fd16d0ceb1101f39a')
  Passed Erp.Modules.Identity.Tests.UsersListTests.Bad_queries_are_refused_naming_the_parameter(parameter: "filter", value: "nosuch eq 'x'", code: "list.unknownColumn") [889 ms]
  Passed Erp.Modules.Identity.Tests.UsersListTests.Bad_queries_are_refused_naming_the_parameter(parameter: "sort", value: "displayName,displayName", code: "list.sortSyntax") [593 ms]
  Passed Erp.Modules.Identity.Tests.UsersListTests.Sorting_orders_by_the_column_with_nulls_last_ascending_and_first_descending [917 ms]
Results File: /out/trx/_vm_2026-10-03_06_32_47_net10.0.trx

Test Run Successful.
Total tests: 3
     Passed: 3
 Total time: 53.1428 Seconds
  Passed Erp.Modules.Identity.Tests.UsersListTests.Keyset_paging_returns_the_same_rows_in_the_same_order_as_one_page(sort: "-displayName") [2 s]
  Passed Erp.Modules.Identity.Tests.UsersListTests.Keyset_paging_returns_the_same_rows_in_the_same_order_as_one_page(sort: "displayName") [2 s]
  Passed Erp.Modules.Identity.Tests.UsersListTests.Keyset_paging_returns_the_same_rows_in_the_same_order_as_one_page(sort: "createdAt") [2 s]
  Passed Erp.Modules.Identity.Tests.UsersListTests.Keyset_paging_returns_the_same_rows_in_the_same_order_as_one_page(sort: "lastSignInAt,-displayName") [1 s]
  Passed Erp.Modules.Identity.Tests.UsersListTests.Keyset_paging_returns_the_same_rows_in_the_same_order_as_one_page(sort: "-createdAt") [1 s]
  Passed Erp.Gates.Tests.G1.G1CredentialTests.The_function_owner_writes_only_where_reviewed [34 ms]
  Passed Erp.Gates.Tests.G1.G1CredentialTests.The_sign_in_lookup_reveals_no_hash_and_no_account_before_the_password_is_proven [409 ms]
  Passed Erp.Gates.Tests.G1.G1CredentialTests.The_application_role_can_read_no_stored_credential [253 ms]
  Passed Erp.Gates.Tests.G1.G1CredentialTests.No_reviewed_function_returns_a_credential_column_or_a_whole_row [25 ms]
  Passed Erp.Gates.Tests.Rules.RegistrationGateTests.Every_registered_list_is_served_as_a_page_whose_rows_carry_its_columns [1 s]
  Passed Erp.Gates.Tests.Rules.RegistrationGateTests.Navigation_reaches_every_screen_and_every_menu_entry_opens_a_screen_with_its_permission [5 ms]
  Passed Erp.Gates.Tests.Rules.ListIndexGateTests.Search_fields_and_sortable_columns_of_database_lists_are_indexed [589 ms]
  Passed Erp.Gates.Tests.G1.G1DatabaseIsolationTests.Every_table_is_tenant_owned_or_a_reviewed_platform_table [106 ms]
  Passed Erp.Gates.Tests.G1.G1DatabaseIsolationTests.A_tenant_set_for_the_whole_connection_or_left_by_an_earlier_transaction_is_ignored [497 ms]
  Passed Erp.Modules.Identity.Tests.UsersListTests.Keyset_paging_returns_the_same_rows_in_the_same_order_as_one_page(sort: "email") [4 s]
  Passed Erp.Gates.Tests.G1.G1DatabaseIsolationTests.Application_role_sees_and_changes_only_its_own_tenant_in_every_tenant_table [1 s]
  Passed Erp.Gates.Tests.G1.G1DatabaseIsolationTests.Foreign_keys_between_tenant_tables_include_the_tenant [36 ms]
  Passed Erp.Gates.Tests.G1.G1DatabaseIsolationTests.Tenant_tables_have_an_id_primary_key [42 ms]
  Passed Erp.Gates.Tests.G1.G1DatabaseIsolationTests.Tenant_tables_enforce_row_level_security_with_the_standard_policy [34 ms]
  Passed Erp.Gates.Tests.G1.G1DatabaseIsolationTests.Security_definer_functions_are_exactly_the_reviewed_ones [325 ms]
  Passed Erp.Gates.Tests.G1.G1DatabaseIsolationTests.Leakproof_functions_are_postgres_defaults_or_reviewed [125 ms]
  Passed Erp.Gates.Tests.G1.G1DatabaseIsolationTests.Audit_trail_is_append_only_for_the_application [15 ms]
  Passed Erp.Modules.Identity.Tests.UsersListTests.Keyset_paging_returns_the_same_rows_in_the_same_order_as_one_page(sort: "-lastSignInAt") [2 s]
  Passed Erp.Gates.Tests.G1.G1DatabaseIsolationTests.Application_role_cannot_bypass_row_level_security_or_become_a_role_that_can [482 ms]
  Passed Erp.Gates.Tests.Rules.OpenApiGateTests.OpenApi_document_covers_every_endpoint_with_its_permission [122 ms]
  Passed Erp.Gates.Tests.Rules.OpenApiGateTests.Decimals_are_documented_as_strings [263 ms]
  Passed Erp.Gates.Tests.G1.G1ReviewedLookupTests.Only_reviewed_source_files_name_a_reviewed_function [6 ms]
  Passed Erp.Gates.Tests.G1.G1ReviewedLookupTests.Every_reviewed_function_has_reviewed_callers_and_sources [2 ms]
  Passed Erp.Gates.Tests.G1.G1ReviewedLookupTests.Reviewed_lookups_answer_nothing_inside_a_tenant_bound_transaction [126 ms]
  Passed Erp.Modules.Identity.Tests.UsersListTests.Keyset_paging_returns_the_same_rows_in_the_same_order_as_one_page(sort: "lastSignInAt") [2 s]
  Passed Erp.Gates.Tests.G1.G1SignInThrottleTests.Failed_sign_ins_from_one_client_never_lock_the_account_out_for_anyone_else [38 s]
  Passed Erp.Modules.Identity.Tests.UsersListTests.Filters_select_exactly_the_matching_rows [4 s]
  Passed Erp.Gates.Tests.G2.G2PermissionTests.Every_declared_permission_is_in_the_catalogue_and_every_catalogue_permission_is_used [17 ms]
  Passed Erp.Gates.Tests.G2.G2PermissionTests.Every_endpoint_declares_exactly_one_permission_or_is_reviewed_anonymous [2 ms]
  Passed Erp.Modules.Identity.Tests.UsersListTests.Search_matches_every_word_in_any_search_field_ignoring_case_and_order [2 s]
  Passed Erp.Modules.Identity.Tests.UsersListTests.A_cursor_belongs_to_its_sort_and_cannot_be_combined_with_skip [1 s]
  Passed Erp.Modules.Identity.Tests.UsersListTests.Grouping_counts_every_matching_row_once [1 s]
  Passed Erp.Gates.Tests.G2.G2PermissionTests.A_user_whose_roles_grant_nothing_is_denied_everything_and_sees_no_menu [4 s]
  Passed Erp.Gates.Tests.G2.G2PermissionTests.The_host_refuses_to_start_with_an_endpoint_whose_permission_is_not_in_the_catalogue [1 s]
  Passed Erp.Modules.Identity.Tests.UsersListTests.The_roles_list_serves_the_same_contract_in_memory [1 s]
  Passed Erp.Gates.Tests.G2.G2PermissionTests.Users_cannot_escalate_their_own_privileges [5 s]
  Passed Erp.Gates.Tests.G2.G2PermissionTests.Creating_a_user_cannot_grant_more_than_the_caller_holds [5 s]
  Passed Erp.Gates.Tests.G2.G2PermissionTests.Anonymous_callers_get_401_from_every_permissioned_endpoint [39 ms]
  Passed Erp.Gates.Tests.G2.G2PermissionTests.Every_registered_list_is_readable_with_its_permission_alone [16 s]
  Passed Erp.Gates.Tests.G2.G2PermissionTests.The_host_refuses_a_list_whose_endpoint_declares_another_permission [45 ms]
  Passed Erp.Gates.Tests.G1.G1SignInThrottleTests.Sign_in_failures_give_one_answer_that_states_no_policy [38 s]
  Passed Erp.Gates.Tests.G2.G2PermissionTests.Sharing_a_view_needs_the_share_permission_and_the_lists_own_permission [5 s]
  Passed Erp.Gates.Tests.G2.G2PermissionTests.Undeclared_endpoints_fall_back_to_deny [1 ms]
  Passed Erp.Gates.Tests.G2.G2PermissionTests.The_host_refuses_to_start_with_an_endpoint_that_declares_no_permission [26 ms]
  Passed Erp.Modules.Identity.Tests.UsersListVolumeTests.Word_search_is_served_by_the_trigram_index_not_a_table_scan [127 ms]
  Passed Erp.Gates.Tests.Rules.AuditGateTests.Every_tenant_table_carries_the_audit_trigger_unless_reviewed_exempt [93 ms]
  Passed Erp.Modules.Identity.Tests.UsersListVolumeTests.One_user_is_found_among_100000_in_well_under_a_second [4 s]
  Passed Erp.Gates.Tests.G2.G2PermissionTests.No_endpoint_grants_more_than_the_caller_holds [8 s]
  Passed Erp.Gates.Tests.Rules.AuditGateTests.Changing_ones_own_interface_preferences_is_audited_field_by_field [2 s]
  Passed Erp.Gates.Tests.Rules.AuditGateTests.Writes_through_the_API_leave_field_level_audit_rows_attributed_to_the_user [1 s]
  Passed Erp.Gates.Tests.Rules.AuditGateTests.Writes_that_bypass_the_ORM_are_audited_too [130 ms]
  Passed Erp.Gates.Tests.Rules.AuditGateTests.Passwords_are_redacted_in_the_audit_trail [1 s]
  Passed Erp.Modules.Identity.Tests.UsersListVolumeTests.Sorted_filtered_grouped_and_deep_keyset_pages_stay_within_budget [10 s]
[xUnit.net 00:02:54.04]   Finished:    Erp.Modules.Identity.Tests (ID = 'c22946a00a079b5bd17fa697d59967873c784c899ebaee038a5706484c46b106')
Results File: /out/trx/_vm_2026-10-03_06_31_54_net10.0.trx

Test Run Successful.
Total tests: 68
     Passed: 68
 Total time: 2.9240 Minutes
  Passed Erp.Gates.Tests.G2.G2PermissionTests.Granting_exactly_one_permission_opens_exactly_the_endpoints_that_declare_it [25 s]
  Passed Erp.Gates.Tests.G1.G1HttpIsolationTests.Tenant_A_cannot_reach_tenant_B_through_any_endpoint [8 m 55 s]
  Passed Erp.Gates.Tests.SelfTests.GateSelfTests.The_HTTP_attack_catches_planted_header_route_and_body_leaks [10 m 13 s]
  Passed Erp.Gates.Tests.SelfTests.GateSelfTests.The_database_check_catches_a_table_without_row_level_security [50 ms]
  Passed Erp.Gates.Tests.SelfTests.GateSelfTests.The_process_state_check_catches_a_static_cache_and_a_stateful_singleton [5 ms]
  Passed Erp.Gates.Tests.SelfTests.GateSelfTests.The_grant_escalation_check_catches_an_endpoint_that_grants_any_role [2 s]
[xUnit.net 00:11:11.57]   Finished:    Erp.Gates.Tests (ID = 'd67f9af34c5c91feae69a31c7ab81956a411c8cd54ea4942d23c1fd06e059e25')
Results File: /out/trx/_vm_2026-10-03_06_32_01_net10.0.trx

Test Run Successful.
Total tests: 69
     Passed: 69
 Total time: 11.2119 Minutes
[1m[2/3] Clean stack: build, migrate, seed, serve (project c-p01-odoo-rig-r3-verify, port 20160)[0m
[1mBuilding the application image[0m
 Image erp-app:c-p01-odoo-rig-r3-verify Building 
#1 [internal] load local bake definitions
#1 reading from stdin 638B done
#1 DONE 0.0s

#2 [internal] load build definition from Dockerfile
#2 transferring dockerfile: 1.73kB done
#2 DONE 0.0s

#3 resolve image config for docker-image://docker.io/docker/dockerfile:1
#3 DONE 0.9s

#4 docker-image://docker.io/docker/dockerfile:1@sha256:4edf897a3ffa55b89f906fc8cc78afdb3f1834cc9c7083565e611a8a7d5fe99e
#4 resolve docker.io/docker/dockerfile:1@sha256:4edf897a3ffa55b89f906fc8cc78afdb3f1834cc9c7083565e611a8a7d5fe99e 0.1s done
#4 CACHED

#5 [internal] load metadata for mcr.microsoft.com/dotnet/aspnet:10.0
#5 DONE 0.4s

#6 [internal] load metadata for docker.io/library/node:22-alpine
#6 DONE 0.5s

#7 [internal] load metadata for mcr.microsoft.com/dotnet/sdk:10.0
#7 DONE 0.5s

#8 [internal] load .dockerignore
#8 transferring context: 187B done
#8 DONE 0.0s

#9 [web 1/6] FROM docker.io/library/node:22-alpine@sha256:0a7108bf6c7bf5de370ffb1a3ed6be93d405b43ff159f681a8d18c0e2bc2e402
#9 resolve docker.io/library/node:22-alpine@sha256:0a7108bf6c7bf5de370ffb1a3ed6be93d405b43ff159f681a8d18c0e2bc2e402 0.0s done
#9 DONE 0.0s

#10 [stage-2 1/4] FROM mcr.microsoft.com/dotnet/aspnet:10.0@sha256:222759b391a1aaf241166672c8f99b2d4ada452e7b5319f3c6e8f265a37b5ad4
#10 resolve mcr.microsoft.com/dotnet/aspnet:10.0@sha256:222759b391a1aaf241166672c8f99b2d4ada452e7b5319f3c6e8f265a37b5ad4 0.0s done
#10 DONE 0.0s

#11 [build 1/6] FROM mcr.microsoft.com/dotnet/sdk:10.0@sha256:e70cdb7f80b0348f5cb85f19a8f670fca061f033d57eed12fa003d58b0e06317
#11 resolve mcr.microsoft.com/dotnet/sdk:10.0@sha256:e70cdb7f80b0348f5cb85f19a8f670fca061f033d57eed12fa003d58b0e06317 0.0s done
#11 DONE 0.0s

#12 [internal] load build context
#12 transferring context: 1.04MB 0.1s done
#12 DONE 0.1s

#13 [web 5/6] COPY web/ ./
#13 CACHED

#14 [web 4/6] RUN --mount=type=secret,id=extra_ca,target=/run/secrets/extra_ca --mount=type=cache,target=/root/.npm     if [ -s /run/secrets/extra_ca ]; then export NODE_EXTRA_CA_CERTS=/run/secrets/extra_ca; fi;     npm ci --no-audit --no-fund
#14 CACHED

#15 [build 4/6] COPY src/ src/
#15 CACHED

#16 [web 6/6] RUN npm run check && npm run build
#16 CACHED

#17 [build 3/6] COPY global.json Directory.Build.props Directory.Packages.props ./
#17 CACHED

#18 [build 5/6] RUN --mount=type=secret,id=extra_ca,target=/run/secrets/extra_ca --mount=type=cache,target=/root/.nuget/packages     if [ -s /run/secrets/extra_ca ]; then cat /run/secrets/extra_ca >>/etc/ssl/certs/ca-certificates.crt; fi;     dotnet restore src/Host/Erp.Host/Erp.Host.csproj
#18 CACHED

#19 [stage-2 3/4] COPY --from=build /app ./
#19 CACHED

#20 [stage-2 2/4] WORKDIR /app
#20 CACHED

#21 [web 3/6] COPY web/package.json web/package-lock.json ./
#21 CACHED

#22 [build 2/6] WORKDIR /src
#22 CACHED

#23 [web 2/6] WORKDIR /web
#23 CACHED

#24 [build 6/6] RUN --mount=type=cache,target=/root/.nuget/packages dotnet publish src/Host/Erp.Host/Erp.Host.csproj -c Release -o /app --no-restore
#24 CACHED

#25 [stage-2 4/4] COPY --from=web /web/dist ./wwwroot
#25 CACHED

#26 exporting to image
#26 exporting layers done
#26 exporting manifest sha256:c5ab41f6380267bcf428bc7c768f9e6c0130f2a37547f4e95901dc473a0191d6 done
#26 exporting config sha256:4958b75e919865b00399610a4984dd15dd1404c4e071e89124b1155132ca4d8b done
#26 exporting attestation manifest sha256:b88af84457dbccdbc22a0236ef7496bf6bd9c963c533240df295a88a41063814 done
#26 exporting manifest list sha256:0a86c7dc15d572a27b59b275d6ac05b4aed63da8d6667c1f2a5735c4d1cf07d6 done
#26 naming to docker.io/library/erp-app:c-p01-odoo-rig-r3-verify
#26 naming to docker.io/library/erp-app:c-p01-odoo-rig-r3-verify done
#26 unpacking to docker.io/library/erp-app:c-p01-odoo-rig-r3-verify 0.0s done
#26 DONE 0.1s

#27 resolving provenance for metadata file
#27 DONE 0.0s
 Image erp-app:c-p01-odoo-rig-r3-verify Built 
[1mStarting PostgreSQL, setting up the database (roles, migrations, seed: 2000 users) and serving[0m
 Network c-p01-odoo-rig-r3-verify_default Creating 
 Network c-p01-odoo-rig-r3-verify_default Created 
 Volume c-p01-odoo-rig-r3-verify_db-data Creating 
 Volume c-p01-odoo-rig-r3-verify_db-data Created 
 Container c-p01-odoo-rig-r3-verify-db-1 Creating 
 Container c-p01-odoo-rig-r3-verify-db-1 Created 
 Container c-p01-odoo-rig-r3-verify-db-1 Starting 
 Container c-p01-odoo-rig-r3-verify-db-1 Started 
 Container c-p01-odoo-rig-r3-verify-db-1 Waiting 
 Container c-p01-odoo-rig-r3-verify-db-1 Healthy 
 Container c-p01-odoo-rig-r3-verify-db-1 Running 
 Container c-p01-odoo-rig-r3-verify-setup-1 Creating 
 Container c-p01-odoo-rig-r3-verify-setup-1 Created 
Attaching to setup-1
 Container c-p01-odoo-rig-r3-verify-db-1 Waiting 
 Container c-p01-odoo-rig-r3-verify-db-1 Healthy 
 Container c-p01-odoo-rig-r3-verify-setup-1 Starting 
 Container c-p01-odoo-rig-r3-verify-setup-1 Started 
setup-1  | info: Erp.Kernel.Data.DatabaseBootstrap[0]
setup-1  |       Creating database erp
setup-1  | info: Erp.Kernel.Data.DatabaseMigrator[0]
setup-1  |       Migrating KernelDbContext: 3 pending
setup-1  | info: Erp.Kernel.Data.DatabaseMigrator[0]
setup-1  |       Migrating TenancyDbContext: 1 pending
setup-1  | info: Erp.Kernel.Data.DatabaseMigrator[0]
setup-1  |       Migrating IdentityDbContext: 5 pending
setup-1  | info: Erp.Kernel.Data.DatabaseMigrator[0]
setup-1  |       Migrating ListsDbContext: 1 pending
setup-1  | info: Erp.Kernel.Seeding.SeedRunner[0]
setup-1  |       Seeded tenant alnoor (Demo) in 2448 ms
setup-1  | info: Erp.Kernel.Seeding.SeedRunner[0]
setup-1  |       Seeded tenant gulfsteel (Demo) in 654 ms
[Ksetup-1 exited with code 0
 Compose Stopping Aborting on container exit...
 Container c-p01-odoo-rig-r3-verify-setup-1 Stopping 
 Container c-p01-odoo-rig-r3-verify-setup-1 Stopped 
 Container c-p01-odoo-rig-r3-verify-db-1 Running 
 Container c-p01-odoo-rig-r3-verify-app-1 Creating 
 Container c-p01-odoo-rig-r3-verify-app-1 Created 
 Container c-p01-odoo-rig-r3-verify-db-1 Waiting 
 Container c-p01-odoo-rig-r3-verify-db-1 Healthy 
 Container c-p01-odoo-rig-r3-verify-setup-1 Starting 
 Container c-p01-odoo-rig-r3-verify-setup-1 Started 
 Container c-p01-odoo-rig-r3-verify-setup-1 Waiting 
 Container c-p01-odoo-rig-r3-verify-setup-1 Exited 
 Container c-p01-odoo-rig-r3-verify-app-1 Starting 
 Container c-p01-odoo-rig-r3-verify-app-1 Started 
[1m[3/3] End-to-end tests in Chromium[0m

[1m== Copying sources (without build output)[0m

[1m== End-to-end: Playwright against http://localhost:20160[0m

added 3 packages in 576ms

Running 31 tests using 1 worker

  ✓   1 [chromium] › specs/identity.spec.ts:7:7 › users, roles and permissions › an administrator creates a user with a restricted role from the keyboard, and that user sees and can do only what it grants (8.3s)
  ✓   2 [chromium] › specs/identity.spec.ts:74:7 › users, roles and permissions › a role is built in the permission matrix with search and a bulk toggle, then copied and deleted (1.8s)
  ✓   3 [chromium] › specs/identity.spec.ts:103:7 › users, roles and permissions › the Administrator role and the matrix read right to left in Arabic (1.1s)
  ✓   4 [chromium] › specs/lists.spec.ts:17:7 › list framework › finds one user by keyboard: the search box has focus, words in any order, Enter opens the only match (1.8s)
  ✓   5 [chromium] › specs/lists.spec.ts:37:7 › list framework › moves through rows with the arrow keys, selects with Space and opens with Enter (1.4s)
  ✓   6 [chromium] › specs/lists.spec.ts:63:7 › list framework › sorts from a header and filters from the column menu; the address keeps the state (1.9s)
  ✓   7 [chromium] › specs/lists.spec.ts:93:7 › list framework › groups by a column with counts and opens a group's rows (1.5s)
  ✓   8 [chromium] › specs/lists.spec.ts:108:7 › list framework › chooses columns and saves a personal default view that opens next time (2.0s)
  ✓   9 [chromium] › specs/lists.spec.ts:138:7 › list framework › a read-only user keeps personal views but is not offered sharing (1.6s)
  ✓  10 [chromium] › specs/lists.spec.ts:152:7 › list framework › the list works right to left in Arabic with Arabic counts and headers (1.7s)
  ✓  11 [chromium] › specs/navigation.spec.ts:24:7 › navigation reaches every screen › an administrator opens every menu entry in English and each screen loads (1.4s)
  ✓  12 [chromium] › specs/navigation.spec.ts:30:7 › navigation reaches every screen › an administrator opens every menu entry in Arabic, right to left, and each screen loads (1.3s)
  ✓  13 [chromium] › specs/permissions.spec.ts:5:7 › screens hide what the user cannot do › a user whose roles grant nothing sees no menu and cannot open a screen by address (1.0s)
  ✓  14 [chromium] › specs/permissions.spec.ts:15:7 › screens hide what the user cannot do › a read-only user can browse users, and the list is server-paged and searchable (1.4s)
  ✓  15 [chromium] › specs/permissions.spec.ts:27:7 › screens hide what the user cannot do › counts take the right plural form in Arabic (1.4s)
  ✓  16 [chromium] › specs/permissions.spec.ts:40:7 › screens hide what the user cannot do › signing out returns to the sign-in screen and the session is gone (929ms)
  ✓  17 [chromium] › specs/shell.spec.ts:13:7 › app shell › a fresh visit, with or without a stale session cookie, logs no error and no failed request (331ms)
switch to Arabic on the users list: 144 ms
  ✓  18 [chromium] › specs/shell.spec.ts:26:7 › app shell › switch to Arabic in one click on a working screen: everything mirrors at once, records stay, and it survives an immediate reload (1.5s)
palette to the Roles screen: 136 ms, 3 steps, 6 keystrokes
  ✓  19 [chromium] › specs/shell.spec.ts:58:7 › app shell › keyboard only: the palette reaches any screen, Alt+M walks the navigation, ? lists every shortcut (1.1s)
  ✓  20 [chromium] › specs/shell.spec.ts:94:7 › app shell › shortcuts work with an Arabic keyboard layout (matched by key position) (965ms)
  ✓  21 [chromium] › specs/shell.spec.ts:107:7 › app shell › the palette finds a record and opens it (1.2s)
  ✓  22 [chromium] › specs/shell.spec.ts:121:7 › app shell › the palette offers a user with no roles nothing they cannot open (903ms)
  ✓  23 [chromium] › specs/shell.spec.ts:135:7 › app shell › Arabic-Indic digits are a per-user choice that follows the user (2.1s)
  ✓  24 [chromium] › specs/shell.spec.ts:163:7 › app shell › printing shows the screen's content with a letterhead and none of the app's chrome (2.1s)
  ✓  25 [chromium] › specs/shell.spec.ts:180:9 › app shell › every shell screen and dialog meets the accessibility basics (en) (21.7s)
  ✓  26 [chromium] › specs/shell.spec.ts:180:9 › app shell › every shell screen and dialog meets the accessibility basics (ar) (8.4s)
sign-in to workspace: 573 ms
  ✓  27 [chromium] › specs/sign-in.spec.ts:5:7 › sign in to an empty workspace › keyboard only, in English, lands in the workspace with its menu (1.0s)
  ✓  28 [chromium] › specs/sign-in.spec.ts:17:7 › sign in to an empty workspace › in Arabic, right to left, from the first screen (1.2s)
  ✓  29 [chromium] › specs/sign-in.spec.ts:33:7 › sign in to an empty workspace › a wrong password shows one message in the screen's language and clears the password (1.8s)
  ✓  30 [chromium] › specs/sign-in.spec.ts:41:7 › sign in to an empty workspace › empty fields are explained without a round trip (432ms)
  ✓  31 [chromium] › specs/sign-in.spec.ts:47:7 › sign in to an empty workspace › the device remembers the e-mail, so the next sign-in is password then Enter (1.5s)

  31 passed (1.3m)

Test counts this run:
  suite.dotnetTests      passed   245  failed 0  skipped 0  (minimum 221)
  suite.webUnitTests     passed    89  failed 0  skipped 0  (minimum 64)
  suite.e2eTests         passed    31  failed 0  skipped 0  (minimum 21)
  suite.compareTests     passed   115  failed 0  skipped 0  (minimum 114)
Ratchet check passed.
[1mverify passed in 882 s[0m
rc=0 seconds=883
