{
 "requests": 1016,
 "leaks": 0,
 "writes_on_b_ids_accepted": 0,
 "b_ids": {
  "users": [
   "018cd9b6-6ae0-712c-82bb-b94e7efec743",
   "018cd84f-87e0-7c2b-870b-2773b5c52dd2",
   "018cd849-1f40-7446-a503-1215bb48a63a"
  ],
  "roles": [
   "01a125b0-b373-7086-b192-8fc6670e50c3",
   "01a125b0-b59f-700c-82d2-6e0f686ba740",
   "01a125b0-b373-7031-ba8b-3b2601a13c68"
  ],
  "companies": [
   "018f6605-b084-7b28-85d0-e7ae73605405",
   "018f6605-b081-72e9-a6ed-a4077aff39e3"
  ],
  "branches": [
   "018f6605-b085-7925-ae28-27ca2addceeb",
   "018f6605-b083-7f50-897a-4722881f150f",
   "018f6605-b082-7165-bdfd-0e088ad15571"
  ]
 },
 "b_views": []
}
