2026-10-08T19:40:58Z
[1mBuilding the application image[0m
 Image erp-app:c-p03-identity-r6 Building 
#1 [internal] load local bake definitions
#1 reading from stdin 655B done
#1 DONE 0.0s

#2 [internal] load build definition from Dockerfile
#2 transferring dockerfile: 2.14kB done
#2 DONE 0.0s

#3 resolve image config for docker-image://docker.io/docker/dockerfile:1
#3 DONE 0.4s

#4 docker-image://docker.io/docker/dockerfile:1@sha256:4edf897a3ffa55b89f906fc8cc78afdb3f1834cc9c7083565e611a8a7d5fe99e
#4 resolve docker.io/docker/dockerfile:1@sha256:4edf897a3ffa55b89f906fc8cc78afdb3f1834cc9c7083565e611a8a7d5fe99e 0.0s done
#4 CACHED

#5 [internal] load metadata for mcr.microsoft.com/dotnet/aspnet:10.0
#5 ...

#6 [internal] load metadata for mcr.microsoft.com/dotnet/sdk:10.0
#6 DONE 0.2s

#5 [internal] load metadata for mcr.microsoft.com/dotnet/aspnet:10.0
#5 DONE 0.2s

#7 [internal] load metadata for docker.io/library/node:22-alpine
#7 DONE 0.3s

#8 [internal] load .dockerignore
#8 transferring context: 187B done
#8 DONE 0.0s

#9 [internal] load build context
#9 DONE 0.0s

#10 [stage-3 1/4] FROM mcr.microsoft.com/dotnet/aspnet:10.0@sha256:222759b391a1aaf241166672c8f99b2d4ada452e7b5319f3c6e8f265a37b5ad4
#10 resolve mcr.microsoft.com/dotnet/aspnet:10.0@sha256:222759b391a1aaf241166672c8f99b2d4ada452e7b5319f3c6e8f265a37b5ad4 0.1s done
#10 DONE 0.1s

#11 [web 1/6] FROM docker.io/library/node:22-alpine@sha256:0a7108bf6c7bf5de370ffb1a3ed6be93d405b43ff159f681a8d18c0e2bc2e402
#11 resolve docker.io/library/node:22-alpine@sha256:0a7108bf6c7bf5de370ffb1a3ed6be93d405b43ff159f681a8d18c0e2bc2e402
#11 resolve docker.io/library/node:22-alpine@sha256:0a7108bf6c7bf5de370ffb1a3ed6be93d405b43ff159f681a8d18c0e2bc2e402 0.1s done
#11 DONE 0.1s

#12 [build 1/7] FROM mcr.microsoft.com/dotnet/sdk:10.0@sha256:e70cdb7f80b0348f5cb85f19a8f670fca061f033d57eed12fa003d58b0e06317
#12 resolve mcr.microsoft.com/dotnet/sdk:10.0@sha256:e70cdb7f80b0348f5cb85f19a8f670fca061f033d57eed12fa003d58b0e06317 0.1s done
#12 DONE 0.1s

#9 [internal] load build context
#9 transferring context: 24.08kB 0.0s done
#9 DONE 0.0s

#13 [web 6/6] RUN npm run check && npm run build
#13 CACHED

#14 [build 2/7] WORKDIR /src
#14 CACHED

#15 [web 4/6] RUN --mount=type=secret,id=extra_ca,target=/run/secrets/extra_ca --mount=type=cache,target=/root/.npm     if [ -s /run/secrets/extra_ca ]; then export NODE_EXTRA_CA_CERTS=/run/secrets/extra_ca; fi;     npm ci --no-audit --no-fund
#15 CACHED

#16 [web 5/6] COPY web/ ./
#16 CACHED

#17 [stage-3 2/4] WORKDIR /app
#17 CACHED

#18 [build 7/7] RUN --mount=type=cache,target=/root/.nuget/packages dotnet publish src/Host/Erp.Host/Erp.Host.csproj -c Release -o /app --no-restore
#18 CACHED

#19 [strings 2/3] COPY web/src/modules/ /modules/
#19 CACHED

#20 [stage-3 3/4] COPY --from=build /app ./
#20 CACHED

#21 [build 4/7] COPY src/ src/
#21 CACHED

#22 [web 2/6] WORKDIR /web
#22 CACHED

#23 [build 3/7] COPY global.json Directory.Build.props Directory.Packages.props ./
#23 CACHED

#24 [build 6/7] COPY --from=strings /strings/ web/src/modules/
#24 CACHED

#25 [web 3/6] COPY web/package.json web/package-lock.json ./
#25 CACHED

#26 [build 5/7] RUN --mount=type=secret,id=extra_ca,target=/run/secrets/extra_ca --mount=type=cache,target=/root/.nuget/packages     if [ -s /run/secrets/extra_ca ]; then cat /run/secrets/extra_ca >>/etc/ssl/certs/ca-certificates.crt; fi;     dotnet restore src/Host/Erp.Host/Erp.Host.csproj
#26 CACHED

#27 [strings 3/3] RUN cd /modules && mkdir /strings && for d in */i18n; do mkdir -p "/strings/$d" && cp "$d"/*.json "/strings/$d/"; done
#27 CACHED

#28 [stage-3 4/4] COPY --from=web /web/dist ./wwwroot
#28 CACHED

#29 exporting to image
#29 exporting layers done
#29 exporting manifest sha256:566724806f4b6fc5a071d62c8cfac03bf66bff8219ee5d209da868aa6c49c7fe 0.0s done
#29 exporting config sha256:668d1fafda6357aa09b6a6d09728bcdad5d88acb405504c8d555452a297b1a15
#29 exporting config sha256:668d1fafda6357aa09b6a6d09728bcdad5d88acb405504c8d555452a297b1a15 0.0s done
#29 exporting attestation manifest sha256:35e812e12cdf2c8a13f658d342fb833a64634b80ea45bcf9d919d4436f1781d4 0.1s done
#29 exporting manifest list sha256:030adce8c9ceece2d4ea8fcf7687e435b5dfdbbb65182914fa2c3a75d7467c33
#29 exporting manifest list sha256:030adce8c9ceece2d4ea8fcf7687e435b5dfdbbb65182914fa2c3a75d7467c33 0.0s done
#29 naming to docker.io/library/erp-app:c-p03-identity-r6 done
#29 unpacking to docker.io/library/erp-app:c-p03-identity-r6 0.0s done
#29 DONE 0.3s

#30 resolving provenance for metadata file
#30 DONE 0.0s
 Image erp-app:c-p03-identity-r6 Built 
[1mStarting PostgreSQL, setting up the database (roles, migrations, seed: 100000 users) and serving[0m
 Network c-p03-identity-r6_default Creating 
 Network c-p03-identity-r6_default Created 
 Volume c-p03-identity-r6_db-data Creating 
 Volume c-p03-identity-r6_db-data Created 
 Container c-p03-identity-r6-db-1 Creating 
 Container c-p03-identity-r6-db-1 Created 
 Container c-p03-identity-r6-db-1 Starting 
 Container c-p03-identity-r6-db-1 Started 
 Container c-p03-identity-r6-db-1 Waiting 
 Container c-p03-identity-r6-db-1 Healthy 
 Container c-p03-identity-r6-db-1 Running 
 Container c-p03-identity-r6-setup-1 Creating 
 Container c-p03-identity-r6-setup-1 Created 
Attaching to setup-1
 Container c-p03-identity-r6-db-1 Waiting 
 Container c-p03-identity-r6-db-1 Healthy 
 Container c-p03-identity-r6-setup-1 Starting 
 Container c-p03-identity-r6-setup-1 Started 
setup-1  | info: Erp.Kernel.Data.DatabaseBootstrap[0]
setup-1  |       Creating database erp
setup-1  | info: Erp.Kernel.Data.DatabaseMigrator[0]
setup-1  |       Migrating KernelDbContext: 4 pending
setup-1  | info: Erp.Kernel.Data.DatabaseMigrator[0]
setup-1  |       Migrating TenancyDbContext: 4 pending
setup-1  | info: Erp.Kernel.Data.DatabaseMigrator[0]
setup-1  |       Migrating IdentityDbContext: 7 pending
setup-1  | info: Erp.Kernel.Data.DatabaseMigrator[0]
setup-1  |       Migrating ListsDbContext: 1 pending
setup-1  | info: Erp.Kernel.Seeding.SeedRunner[0]
setup-1  |       Seeded tenant alnoor (Demo) in 58108 ms
setup-1  | info: Erp.Kernel.Seeding.SeedRunner[0]
setup-1  |       Seeded tenant gulfsteel (Demo) in 2279 ms
setup-1  | info: Erp.Kernel.Data.DatabaseMigrator[0]
setup-1  |       Refreshed statistics and index lists in 3067 ms
[Ksetup-1 exited with code 0
 Compose Stopping Aborting on container exit...
 Container c-p03-identity-r6-setup-1 Stopping 
 Container c-p03-identity-r6-setup-1 Stopped 
 Container c-p03-identity-r6-db-1 Running 
 Container c-p03-identity-r6-app-1 Creating 
 Container c-p03-identity-r6-app-1 Created 
 Container c-p03-identity-r6-db-1 Waiting 
 Container c-p03-identity-r6-db-1 Healthy 
 Container c-p03-identity-r6-setup-1 Starting 
 Container c-p03-identity-r6-setup-1 Started 
 Container c-p03-identity-r6-setup-1 Waiting 
 Container c-p03-identity-r6-setup-1 Exited 
 Container c-p03-identity-r6-app-1 Starting 
 Container c-p03-identity-r6-app-1 Started 

[1mThe demo is running (112 s): http://localhost:20350[0m

  Sign in (password for every demo user: Demo-Pass-2026)
    admin@alnoor.example       Administrator, English
    admin.ar@alnoor.example    Administrator, Arabic
    viewer@alnoor.example      Read-only role
    noaccess@alnoor.example    No roles (sees nothing)
    admin@gulfsteel.example    Administrator of the second workspace

  Team sign-in addresses (the e-mail domain is filled in: type the part before "@", Enter, password, Enter)
    http://localhost:20350/?domain=alnoor.example
    http://localhost:20350/?domain=gulfsteel.example

  API description: http://localhost:20350/api/openapi/v1.json
  Database:        localhost:20351 (./erp psql)
  Stop:            ./erp down        (add --volumes to delete the data)

real	1m52.340s
user	0m0.898s
sys	0m1.044s
rc=0
