warn: Microsoft.AspNetCore.StaticFiles.StaticFileMiddleware[16]
      The WebRootPath was not found: /home/user/critic/p02-tenancy-r2/src/Host/Erp.Host/bin/Release/net10.0/wwwroot. Static files may be unavailable.
warn: Microsoft.AspNetCore.StaticFiles.StaticFileMiddleware[16]
      The WebRootPath was not found: /home/user/critic/p02-tenancy-r2/src/Host/Erp.Host/bin/Release/net10.0/wwwroot. Static files may be unavailable.
info: Microsoft.Hosting.Lifetime[14]
      Now listening on: http://127.0.0.1:20252
info: Microsoft.Hosting.Lifetime[0]
      Application started. Press Ctrl+C to shut down.
info: Microsoft.Hosting.Lifetime[0]
      Hosting environment: Production
info: Microsoft.Hosting.Lifetime[0]
      Content root path: /home/user/critic/p02-tenancy-r2/src/Host/Erp.Host/bin/Release/net10.0
info: Erp.Modules.Identity.Auth.SignInService[0]
      User 01a10596-d184-77d6-baba-b4e897015b67 signed in to tenant 0190a000-0000-7000-8000-000000000001
info: Erp.Modules.Identity.Auth.SignInService[0]
      User 01a10598-6a6a-7047-b449-7c0b7fa79a48 signed in to tenant 0190a000-0000-7000-8000-000000000001
info: Erp.Modules.Identity.Auth.SignInService[0]
      User 01a10598-6a6a-7047-b449-7c0b7fa79a48 signed in to tenant 0190a000-0000-7000-8000-000000000001
info: Erp.Modules.Identity.Auth.SignInService[0]
      User 01a10596-d184-77d6-baba-b4e897015b67 signed in to tenant 0190a000-0000-7000-8000-000000000001
info: Microsoft.Hosting.Lifetime[0]
      Application is shutting down...
