Test run for /home/shan/critic/p02-tenancy-r6-plants/tests/Erp.Modules.Tenancy.Tests/bin/Release/net10.0/Erp.Modules.Tenancy.Tests.dll (.NETCoreApp,Version=v10.0)
VSTest version 18.0.2 (x64)

Starting test execution, please wait...
A total of 1 test files matched the specified pattern.
[xUnit.net 00:00:00.00] xUnit.net VSTest Adapter v3.1.5+1b188a7b0a (64-bit .NET 10.0.12)
[xUnit.net 00:00:00.28]   Discovering: Erp.Modules.Tenancy.Tests
[xUnit.net 00:00:00.56]   Discovered:  Erp.Modules.Tenancy.Tests
[xUnit.net 00:00:00.81]   Starting:    Erp.Modules.Tenancy.Tests
  Passed Erp.Modules.Tenancy.Tests.CompanyScopeTests.System_work_sees_every_company_and_a_user_sees_none_until_bound [126 ms]
  Passed Erp.Modules.Tenancy.Tests.CompanyScopeTests.A_bound_scope_shows_only_its_companies_cannot_be_widened_and_refuses_writes_elsewhere [121 ms]
  Passed Erp.Modules.Tenancy.Tests.CompanyTests.Validation_names_every_bad_field_in_the_callers_language [1 s]
  Passed Erp.Modules.Tenancy.Tests.CompanyTests.The_same_logo_in_two_companies_has_a_different_tag_in_each [728 ms]
  Passed Erp.Modules.Tenancy.Tests.CompanyTests.The_companies_list_never_reads_logo_bytes_and_still_searches_filters_sorts_and_groups [586 ms]
  Passed Erp.Modules.Tenancy.Tests.CompanyTests.Changes_need_the_version_read_and_a_company_can_be_deactivated_and_reactivated [466 ms]
  Passed Erp.Modules.Tenancy.Tests.CompanyTests.An_administrator_creates_a_company_works_in_it_and_reads_it_back [455 ms]
  Passed Erp.Modules.Tenancy.Tests.AccessTests.A_new_user_works_in_no_company_until_given_access_and_then_only_in_the_companies_given [2 s]
  Passed Erp.Modules.Tenancy.Tests.CompanyTests.A_company_with_no_arabic_legal_name_is_headed_by_its_english_name_in_an_arabic_profile [413 ms]
  Passed Erp.Modules.Tenancy.Tests.CompanyTests.Logos_must_be_real_images_of_the_stated_type_and_are_served_back [363 ms]
  Passed Erp.Modules.Tenancy.Tests.AccessTests.The_access_list_keeps_the_list_contract_and_needs_only_its_own_permission [866 ms]
  Passed Erp.Modules.Tenancy.Tests.GrantRulesTests.A_user_holding_only_the_access_permission_cannot_take_access_from_the_administrator [1 s]
[xUnit.net 00:00:20.78]     Erp.Modules.Tenancy.Tests.GrantRulesTests.A_branch_limited_administrator_sees_reads_changes_and_gives_only_their_own_branch [FAIL]
[xUnit.net 00:00:20.78]       Assert.Equal() Failure: Collections differ
[xUnit.net 00:00:20.78]       Expected: Guid[]                                       [0191260e-f482-720f-9714-0f72b1d978eb]
[xUnit.net 00:00:20.78]       Actual:   IEnumerableSelectIterator<JsonElement, Guid> [0191260e-f482-720f-9714-0f72b1d978eb, 0191260e-f483-79c2-a9ae-4a9a404c588b]
[xUnit.net 00:00:20.78]                                                                                                     ↑ (pos 1)
[xUnit.net 00:00:20.78]       Stack Trace:
[xUnit.net 00:00:20.79]         /home/shan/critic/p02-tenancy-r6-plants/tests/Erp.Modules.Tenancy.Tests/GrantRulesTests.cs(132,0): at Erp.Modules.Tenancy.Tests.GrantRulesTests.A_branch_limited_administrator_sees_reads_changes_and_gives_only_their_own_branch()
[xUnit.net 00:00:20.79]         --- End of stack trace from previous location ---
  Passed Erp.Modules.Tenancy.Tests.CompanyTests.Branches_belong_to_one_company_and_codes_are_unique_within_it [553 ms]
  Passed Erp.Modules.Tenancy.Tests.CompanyTests.A_company_or_branch_needs_only_a_name_and_gets_a_code_made_from_it [385 ms]
  Passed Erp.Modules.Tenancy.Tests.TenantTests.Renaming_needs_both_names_and_the_version_and_refuses_a_stale_version [997 ms]
  Passed Erp.Modules.Tenancy.Tests.TenantTests.Each_user_reads_their_own_workspace [304 ms]
  Passed Erp.Modules.Tenancy.Tests.TenantTests.Reading_and_renaming_need_their_permissions [326 ms]
  Failed Erp.Modules.Tenancy.Tests.GrantRulesTests.A_branch_limited_administrator_sees_reads_changes_and_gives_only_their_own_branch [1 s]
  Error Message:
   Assert.Equal() Failure: Collections differ
Expected: Guid[]                                       [0191260e-f482-720f-9714-0f72b1d978eb]
Actual:   IEnumerableSelectIterator<JsonElement, Guid> [0191260e-f482-720f-9714-0f72b1d978eb, 0191260e-f483-79c2-a9ae-4a9a404c588b]
                                                                                              ↑ (pos 1)
  Stack Trace:
     at Erp.Modules.Tenancy.Tests.GrantRulesTests.A_branch_limited_administrator_sees_reads_changes_and_gives_only_their_own_branch() in /home/shan/critic/p02-tenancy-r6-plants/tests/Erp.Modules.Tenancy.Tests/GrantRulesTests.cs:line 132
--- End of stack trace from previous location ---
  Passed Erp.Modules.Tenancy.Tests.AccessTests.Administrators_give_only_their_own_companies_and_never_change_their_own_access [1 s]
  Passed Erp.Modules.Tenancy.Tests.AccessTests.The_access_list_pages_users_with_their_companies [221 ms]
  Passed Erp.Modules.Tenancy.Tests.GrantRulesTests.Only_someone_who_works_in_every_company_creates_a_company_or_changes_a_company_code [731 ms]
  Passed Erp.Modules.Tenancy.Tests.AccessTests.The_working_company_is_kept_across_sessions_and_falls_back_when_access_is_removed [957 ms]
  Passed Erp.Modules.Tenancy.Tests.GrantRulesTests.A_new_company_is_given_to_every_administrator_of_the_whole_workspace_and_to_nobody_holding_less [1 s]
  Passed Erp.Modules.Tenancy.Tests.GrantRulesTests.Saving_access_needs_the_version_read_and_two_saves_never_overwrite_each_other [1 s]
  Passed Erp.Modules.Tenancy.Tests.GrantRulesTests.The_access_version_tells_nothing_about_companies_the_caller_cannot_see [1 s]
  Passed Erp.Modules.Tenancy.Tests.ProvisioningTests.Workspace_settings_are_validated_and_kept [817 ms]
  Passed Erp.Modules.Tenancy.Tests.ProvisioningTests.Suspending_a_workspace_ends_its_sessions_and_activating_it_restores_sign_in [626 ms]
[xUnit.net 00:00:29.05]   Finished:    Erp.Modules.Tenancy.Tests (ID = '7c91f91cb4b4baa64e27175155e92132a81f64f3f82b414727930026e04cd496')
  Passed Erp.Modules.Tenancy.Tests.ProvisioningTests.An_operator_provisions_a_workspace_with_its_first_company_branch_and_administrator [454 ms]

Test Run Failed.
Total tests: 28
     Passed: 27
     Failed: 1
 Total time: 29.8048 Seconds
