Test run for /home/shan/critic/p02-tenancy-r6-plants/tests/Erp.Gates.Tests/bin/Release/net10.0/Erp.Gates.Tests.dll (.NETCoreApp,Version=v10.0)
VSTest version 18.0.2 (x64)

Starting test execution, please wait...
A total of 1 test files matched the specified pattern.
[xUnit.net 00:00:00.00] xUnit.net VSTest Adapter v3.1.5+1b188a7b0a (64-bit .NET 10.0.12)
[xUnit.net 00:00:01.00]   Discovering: Erp.Gates.Tests
[xUnit.net 00:00:01.94]   Discovered:  Erp.Gates.Tests
[xUnit.net 00:00:02.35]   Starting:    Erp.Gates.Tests
[xUnit.net 00:01:04.48]     Erp.Gates.Tests.G1.G1BranchScopeAttackTests.A_user_limited_to_one_branch_cannot_reach_another_branch_of_the_company_through_any_endpoint [FAIL]
[xUnit.net 00:01:04.48]       Writes to company X's shared records by an administrator limited to one of its branches:
[xUnit.net 00:01:04.48]       branch-limited administrator → PUT /api/tenancy/companies/{id:guid} [legalNameEn]: refused only by the last layer (the kernel's company-wide row guard); the endpoint itself does not check that the caller works in every branch of company X
[xUnit.net 00:01:04.48]       branch-limited administrator → PUT /api/tenancy/companies/{id:guid} [legalNameAr]: refused only by the last layer (the kernel's company-wide row guard); the endpoint itself does not check that the caller works in every branch of company X
[xUnit.net 00:01:04.48]       branch-limited administrator → PUT /api/tenancy/companies/{id:guid} [tradeLicenceNumber]: refused only by the last layer (the kernel's company-wide row guard); the endpoint itself does not check that the caller works in every branch of company X
[xUnit.net 00:01:04.48]       branch-limited administrator → PUT /api/tenancy/companies/{id:guid} [tradeLicenceAuthority]: refused only by the last layer (the kernel's company-wide row guard); the endpoint itself does not check that the caller works in every branch of company X
[xUnit.net 00:01:04.48]       branch-limited administrator → PUT /api/tenancy/companies/{id:guid} [taxRegistrationNumber]: refused only by the last layer (the kernel's company-wide row guard); the endpoint itself does not check that the caller works in every branch of company X
[xUnit.net 00:01:04.48]       branch-limited administrator → PUT /api/tenancy/companies/{id:guid} [fiscalYearStartMonth]: refused only by the last layer (the kernel's company-wide row guard); the endpoint itself does not check that the caller works in every branch of company X
[xUnit.net 00:01:04.48]       branch-limited administrator → PUT /api/tenancy/companies/{id:guid} [fiscalYearStartDay]: refused only by the last layer (the kernel's company-wide row guard); the endpoint itself does not check that the caller works in every branch of company X
[xUnit.net 00:01:04.48]       branch-limited administrator → PUT /api/tenancy/companies/{id:guid} [addressLine1]: refused only by the last layer (the kernel's company-wide row guard); the endpoint itself does not check that the caller works in every branch of company X
[xUnit.net 00:01:04.48]       branch-limited administrator → PUT /api/tenancy/companies/{id:guid} [city]: refused only by the last layer (the kernel's company-wide row guard); the endpoint itself does not check that the caller works in every branch of company X
[xUnit.net 00:01:04.48]       branch-limited administrator → PUT /api/tenancy/companies/{id:guid} [poBox]: refused only by the last layer (the kernel's company-wide row guard); the endpoint itself does not check that the caller works in every branch of company X
[xUnit.net 00:01:04.48]       branch-limited administrator → PUT /api/tenancy/companies/{id:guid} [addressAr]: refused only by the last layer (the kernel's company-wide row guard); the endpoint itself does not check that the caller works in every branch of company X
[xUnit.net 00:01:04.48]       branch-limited administrator → PUT /api/tenancy/companies/{id:guid} [email]: refused only by the last layer (the kernel's company-wide row guard); the endpoint itself does not check that the caller works in every branch of company X
[xUnit.net 00:01:04.48]       branch-limited administrator → PUT /api/tenancy/companies/{id:guid} [isActive]: refused only by the last layer (the kernel's company-wide row guard); the endpoint itself does not check that the caller works in every branch of company X
[xUnit.net 00:01:04.48]       Stack Trace:
[xUnit.net 00:01:04.48]         /home/shan/critic/p02-tenancy-r6-plants/tests/Erp.Gates.Tests/G1/G1BranchScopeAttackTests.cs(59,0): at Erp.Gates.Tests.G1.G1BranchScopeAttackTests.A_user_limited_to_one_branch_cannot_reach_another_branch_of_the_company_through_any_endpoint()
[xUnit.net 00:01:04.48]         --- End of stack trace from previous location ---
[xUnit.net 00:01:04.48]       Output:
[xUnit.net 00:01:04.48]         99 endpoints, 11406 requests, 4 branch Z markers, 906 differential checks, 5 write oracle checks
[xUnit.net 00:01:04.48]         shared records: tenancy.companies; 30 writes to company X by the branch-limited administrator:
[xUnit.net 00:01:04.48]           DELETE /api/identity/roles/{id:guid} [-]
[xUnit.net 00:01:04.48]           DELETE /api/identity/users/{id:guid} [-]
[xUnit.net 00:01:04.48]           DELETE /api/lists/identity.roles/shared-views/{id:guid} [-]
[xUnit.net 00:01:04.48]           DELETE /api/lists/identity.roles/views/{id:guid} [-]
[xUnit.net 00:01:04.48]           DELETE /api/lists/identity.users/shared-views/{id:guid} [-]
[xUnit.net 00:01:04.48]           DELETE /api/lists/identity.users/views/{id:guid} [-]
[xUnit.net 00:01:04.48]           DELETE /api/lists/tenancy.access/shared-views/{id:guid} [-]
[xUnit.net 00:01:04.48]           DELETE /api/lists/tenancy.access/views/{id:guid} [-]
[xUnit.net 00:01:04.48]           DELETE /api/lists/tenancy.branches/shared-views/{id:guid} [-]
[xUnit.net 00:01:04.48]           DELETE /api/lists/tenancy.branches/views/{id:guid} [-]
[xUnit.net 00:01:04.48]           DELETE /api/lists/tenancy.companies/shared-views/{id:guid} [-]
[xUnit.net 00:01:04.48]           DELETE /api/lists/tenancy.companies/views/{id:guid} [-]
[xUnit.net 00:01:04.48]           DELETE /api/tenancy/companies/{id:guid}/logo [-]
[xUnit.net 00:01:04.48]           POST /api/identity/users/{id:guid}/sessions/revoke [-]
[xUnit.net 00:01:04.48]           POST /api/identity/users/{id:guid}/unblock [-]
[xUnit.net 00:01:04.48]           PUT /api/tenancy/companies/{id:guid} [addressAr]
[xUnit.net 00:01:04.48]           PUT /api/tenancy/companies/{id:guid} [addressLine1]
[xUnit.net 00:01:04.48]           PUT /api/tenancy/companies/{id:guid} [city]
[xUnit.net 00:01:04.48]           PUT /api/tenancy/companies/{id:guid} [code]
[xUnit.net 00:01:04.48]           PUT /api/tenancy/companies/{id:guid} [email]
[xUnit.net 00:01:04.48]           PUT /api/tenancy/companies/{id:guid} [fiscalYearStartDay]
[xUnit.net 00:01:04.48]           PUT /api/tenancy/companies/{id:guid} [fiscalYearStartMonth]
[xUnit.net 00:01:04.48]           PUT /api/tenancy/companies/{id:guid} [isActive]
[xUnit.net 00:01:04.48]           PUT /api/tenancy/companies/{id:guid} [legalNameAr]
[xUnit.net 00:01:04.48]           PUT /api/tenancy/companies/{id:guid} [legalNameEn]
[xUnit.net 00:01:04.49]           PUT /api/tenancy/companies/{id:guid} [poBox]
[xUnit.net 00:01:04.49]           PUT /api/tenancy/companies/{id:guid} [taxRegistrationNumber]
[xUnit.net 00:01:04.49]           PUT /api/tenancy/companies/{id:guid} [tradeLicenceAuthority]
[xUnit.net 00:01:04.49]           PUT /api/tenancy/companies/{id:guid} [tradeLicenceNumber]
[xUnit.net 00:01:04.49]           PUT /api/tenancy/companies/{id:guid}/logo [-]
  Failed Erp.Gates.Tests.G1.G1BranchScopeAttackTests.A_user_limited_to_one_branch_cannot_reach_another_branch_of_the_company_through_any_endpoint [40 s]
  Error Message:
   Writes to company X's shared records by an administrator limited to one of its branches:
branch-limited administrator → PUT /api/tenancy/companies/{id:guid} [legalNameEn]: refused only by the last layer (the kernel's company-wide row guard); the endpoint itself does not check that the caller works in every branch of company X
branch-limited administrator → PUT /api/tenancy/companies/{id:guid} [legalNameAr]: refused only by the last layer (the kernel's company-wide row guard); the endpoint itself does not check that the caller works in every branch of company X
branch-limited administrator → PUT /api/tenancy/companies/{id:guid} [tradeLicenceNumber]: refused only by the last layer (the kernel's company-wide row guard); the endpoint itself does not check that the caller works in every branch of company X
branch-limited administrator → PUT /api/tenancy/companies/{id:guid} [tradeLicenceAuthority]: refused only by the last layer (the kernel's company-wide row guard); the endpoint itself does not check that the caller works in every branch of company X
branch-limited administrator → PUT /api/tenancy/companies/{id:guid} [taxRegistrationNumber]: refused only by the last layer (the kernel's company-wide row guard); the endpoint itself does not check that the caller works in every branch of company X
branch-limited administrator → PUT /api/tenancy/companies/{id:guid} [fiscalYearStartMonth]: refused only by the last layer (the kernel's company-wide row guard); the endpoint itself does not check that the caller works in every branch of company X
branch-limited administrator → PUT /api/tenancy/companies/{id:guid} [fiscalYearStartDay]: refused only by the last layer (the kernel's company-wide row guard); the endpoint itself does not check that the caller works in every branch of company X
branch-limited administrator → PUT /api/tenancy/companies/{id:guid} [addressLine1]: refused only by the last layer (the kernel's company-wide row guard); the endpoint itself does not check that the caller works in every branch of company X
branch-limited administrator → PUT /api/tenancy/companies/{id:guid} [city]: refused only by the last layer (the kernel's company-wide row guard); the endpoint itself does not check that the caller works in every branch of company X
branch-limited administrator → PUT /api/tenancy/companies/{id:guid} [poBox]: refused only by the last layer (the kernel's company-wide row guard); the endpoint itself does not check that the caller works in every branch of company X
branch-limited administrator → PUT /api/tenancy/companies/{id:guid} [addressAr]: refused only by the last layer (the kernel's company-wide row guard); the endpoint itself does not check that the caller works in every branch of company X
branch-limited administrator → PUT /api/tenancy/companies/{id:guid} [email]: refused only by the last layer (the kernel's company-wide row guard); the endpoint itself does not check that the caller works in every branch of company X
branch-limited administrator → PUT /api/tenancy/companies/{id:guid} [isActive]: refused only by the last layer (the kernel's company-wide row guard); the endpoint itself does not check that the caller works in every branch of company X
  Stack Trace:
     at Erp.Gates.Tests.G1.G1BranchScopeAttackTests.A_user_limited_to_one_branch_cannot_reach_another_branch_of_the_company_through_any_endpoint() in /home/shan/critic/p02-tenancy-r6-plants/tests/Erp.Gates.Tests/G1/G1BranchScopeAttackTests.cs:line 59
--- End of stack trace from previous location ---
  Standard Output Messages:
 99 endpoints, 11406 requests, 4 branch Z markers, 906 differential checks, 5 write oracle checks
 shared records: tenancy.companies; 30 writes to company X by the branch-limited administrator:
   DELETE /api/identity/roles/{id:guid} [-]
   DELETE /api/identity/users/{id:guid} [-]
   DELETE /api/lists/identity.roles/shared-views/{id:guid} [-]
   DELETE /api/lists/identity.roles/views/{id:guid} [-]
   DELETE /api/lists/identity.users/shared-views/{id:guid} [-]
   DELETE /api/lists/identity.users/views/{id:guid} [-]
   DELETE /api/lists/tenancy.access/shared-views/{id:guid} [-]
   DELETE /api/lists/tenancy.access/views/{id:guid} [-]
   DELETE /api/lists/tenancy.branches/shared-views/{id:guid} [-]
   DELETE /api/lists/tenancy.branches/views/{id:guid} [-]
   DELETE /api/lists/tenancy.companies/shared-views/{id:guid} [-]
   DELETE /api/lists/tenancy.companies/views/{id:guid} [-]
   DELETE /api/tenancy/companies/{id:guid}/logo [-]
   POST /api/identity/users/{id:guid}/sessions/revoke [-]
   POST /api/identity/users/{id:guid}/unblock [-]
   PUT /api/tenancy/companies/{id:guid} [addressAr]
   PUT /api/tenancy/companies/{id:guid} [addressLine1]
   PUT /api/tenancy/companies/{id:guid} [city]
   PUT /api/tenancy/companies/{id:guid} [code]
   PUT /api/tenancy/companies/{id:guid} [email]
   PUT /api/tenancy/companies/{id:guid} [fiscalYearStartDay]
   PUT /api/tenancy/companies/{id:guid} [fiscalYearStartMonth]
   PUT /api/tenancy/companies/{id:guid} [isActive]
   PUT /api/tenancy/companies/{id:guid} [legalNameAr]
   PUT /api/tenancy/companies/{id:guid} [legalNameEn]
   PUT /api/tenancy/companies/{id:guid} [poBox]
   PUT /api/tenancy/companies/{id:guid} [taxRegistrationNumber]
   PUT /api/tenancy/companies/{id:guid} [tradeLicenceAuthority]
   PUT /api/tenancy/companies/{id:guid} [tradeLicenceNumber]
   PUT /api/tenancy/companies/{id:guid}/logo [-]


[xUnit.net 00:01:04.77]   Finished:    Erp.Gates.Tests (ID = '451ec3f5f7e3e128ee46d748fccba099b97caff14fc6f18c906df4fda118ceed')

Test Run Failed.
Total tests: 1
     Failed: 1
 Total time: 1.0964 Minutes
P2 rc=1
