[1mBuilding the application image[0m
 Image erp-app:c-p02-tenancy-r6-plant Building 
#1 [internal] load local bake definitions
#1 reading from stdin 683B done
#1 DONE 0.0s

#2 [internal] load build definition from Dockerfile
#2 transferring dockerfile: 2.14kB done
#2 DONE 0.0s

#3 resolve image config for docker-image://docker.io/docker/dockerfile:1
#3 DONE 0.8s

#4 docker-image://docker.io/docker/dockerfile:1@sha256:4edf897a3ffa55b89f906fc8cc78afdb3f1834cc9c7083565e611a8a7d5fe99e
#4 resolve docker.io/docker/dockerfile:1@sha256:4edf897a3ffa55b89f906fc8cc78afdb3f1834cc9c7083565e611a8a7d5fe99e 0.0s done
#4 CACHED

#5 [internal] load metadata for mcr.microsoft.com/dotnet/sdk:10.0
#5 DONE 0.3s

#6 [internal] load metadata for docker.io/library/node:22-alpine
#6 ...

#7 [internal] load metadata for mcr.microsoft.com/dotnet/aspnet:10.0
#7 DONE 0.3s

#6 [internal] load metadata for docker.io/library/node:22-alpine
#6 DONE 0.7s

#8 [internal] load .dockerignore
#8 transferring context: 187B done
#8 DONE 0.0s

#9 [internal] load build context
#9 DONE 0.0s

#10 [web 1/6] FROM docker.io/library/node:22-alpine@sha256:0a7108bf6c7bf5de370ffb1a3ed6be93d405b43ff159f681a8d18c0e2bc2e402
#10 resolve docker.io/library/node:22-alpine@sha256:0a7108bf6c7bf5de370ffb1a3ed6be93d405b43ff159f681a8d18c0e2bc2e402 0.1s done
#10 DONE 0.1s

#11 [build 1/7] FROM mcr.microsoft.com/dotnet/sdk:10.0@sha256:e70cdb7f80b0348f5cb85f19a8f670fca061f033d57eed12fa003d58b0e06317
#11 resolve mcr.microsoft.com/dotnet/sdk:10.0@sha256:e70cdb7f80b0348f5cb85f19a8f670fca061f033d57eed12fa003d58b0e06317 0.1s done
#11 DONE 0.1s

#12 [stage-3 1/4] FROM mcr.microsoft.com/dotnet/aspnet:10.0@sha256:222759b391a1aaf241166672c8f99b2d4ada452e7b5319f3c6e8f265a37b5ad4
#12 resolve mcr.microsoft.com/dotnet/aspnet:10.0@sha256:222759b391a1aaf241166672c8f99b2d4ada452e7b5319f3c6e8f265a37b5ad4 0.1s done
#12 DONE 0.1s

#9 [internal] load build context
#9 transferring context: 97.01kB 0.0s done
#9 DONE 0.1s

#13 [build 2/7] WORKDIR /src
#13 CACHED

#14 [build 3/7] COPY global.json Directory.Build.props Directory.Packages.props ./
#14 CACHED

#15 [strings 2/3] COPY web/src/modules/ /modules/
#15 CACHED

#16 [strings 3/3] RUN cd /modules && mkdir /strings && for d in */i18n; do mkdir -p "/strings/$d" && cp "$d"/*.json "/strings/$d/"; done
#16 CACHED

#17 [build 4/7] COPY src/ src/
#17 DONE 0.1s

#18 [build 5/7] RUN --mount=type=secret,id=extra_ca,target=/run/secrets/extra_ca --mount=type=cache,target=/root/.nuget/packages     if [ -s /run/secrets/extra_ca ]; then cat /run/secrets/extra_ca >>/etc/ssl/certs/ca-certificates.crt; fi;     dotnet restore src/Host/Erp.Host/Erp.Host.csproj
#18 1.356   Determining projects to restore...
#18 3.039   Restored /src/src/Modules/Lists/Erp.Modules.Lists.Contracts/Erp.Modules.Lists.Contracts.csproj (in 189 ms).
#18 3.045   Restored /src/src/Modules/Reports/Erp.Modules.Reports.Contracts/Erp.Modules.Reports.Contracts.csproj (in 193 ms).
#18 3.045   Restored /src/src/Modules/Tenancy/Erp.Modules.Tenancy.Contracts/Erp.Modules.Tenancy.Contracts.csproj (in 198 ms).
#18 4.213   Restored /src/src/Modules/Identity/Erp.Modules.Identity.Contracts/Erp.Modules.Identity.Contracts.csproj (in 1.41 sec).
#18 4.218   Restored /src/src/Modules/Reports/Erp.Modules.Reports/Erp.Modules.Reports.csproj (in 1.41 sec).
#18 4.221   Restored /src/src/Host/Erp.Host/Erp.Host.csproj (in 1.41 sec).
#18 4.276   Restored /src/src/Modules/Tenancy/Erp.Modules.Tenancy/Erp.Modules.Tenancy.csproj (in 1.45 sec).
#18 4.276   Restored /src/src/Modules/Lists/Erp.Modules.Lists/Erp.Modules.Lists.csproj (in 1.46 sec).
#18 4.276   Restored /src/src/Kernel/Erp.Kernel/Erp.Kernel.csproj (in 1.45 sec).
#18 4.276   Restored /src/src/Modules/Identity/Erp.Modules.Identity/Erp.Modules.Identity.csproj (in 1.45 sec).
#18 DONE 4.4s

#19 [build 6/7] COPY --from=strings /strings/ web/src/modules/
#19 DONE 0.1s

#20 [build 7/7] RUN --mount=type=cache,target=/root/.nuget/packages dotnet publish src/Host/Erp.Host/Erp.Host.csproj -c Release -o /app --no-restore
#20 5.138   Erp.Modules.Lists.Contracts -> /src/src/Modules/Lists/Erp.Modules.Lists.Contracts/bin/Release/net10.0/Erp.Modules.Lists.Contracts.dll
#20 5.156   Erp.Modules.Tenancy.Contracts -> /src/src/Modules/Tenancy/Erp.Modules.Tenancy.Contracts/bin/Release/net10.0/Erp.Modules.Tenancy.Contracts.dll
#20 5.171   Erp.Modules.Reports.Contracts -> /src/src/Modules/Reports/Erp.Modules.Reports.Contracts/bin/Release/net10.0/Erp.Modules.Reports.Contracts.dll
#20 7.401   Erp.Kernel -> /src/src/Kernel/Erp.Kernel/bin/Release/net10.0/Erp.Kernel.dll
#20 8.173   Erp.Modules.Identity.Contracts -> /src/src/Modules/Identity/Erp.Modules.Identity.Contracts/bin/Release/net10.0/Erp.Modules.Identity.Contracts.dll
#20 9.152   Erp.Modules.Lists -> /src/src/Modules/Lists/Erp.Modules.Lists/bin/Release/net10.0/Erp.Modules.Lists.dll
#20 13.44   Erp.Modules.Reports -> /src/src/Modules/Reports/Erp.Modules.Reports/bin/Release/net10.0/Erp.Modules.Reports.dll
#20 13.52   Erp.Modules.Tenancy -> /src/src/Modules/Tenancy/Erp.Modules.Tenancy/bin/Release/net10.0/Erp.Modules.Tenancy.dll
#20 13.55   Erp.Modules.Identity -> /src/src/Modules/Identity/Erp.Modules.Identity/bin/Release/net10.0/Erp.Modules.Identity.dll
#20 15.07   Erp.Host -> /src/src/Host/Erp.Host/bin/Release/net10.0/Erp.Host.dll
#20 15.38   Erp.Host -> /app/
#20 DONE 15.8s

#21 [stage-3 2/4] WORKDIR /app
#21 CACHED

#22 [web 3/6] COPY web/package.json web/package-lock.json ./
#22 CACHED

#23 [web 4/6] RUN --mount=type=secret,id=extra_ca,target=/run/secrets/extra_ca --mount=type=cache,target=/root/.npm     if [ -s /run/secrets/extra_ca ]; then export NODE_EXTRA_CA_CERTS=/run/secrets/extra_ca; fi;     npm ci --no-audit --no-fund
#23 CACHED

#24 [web 2/6] WORKDIR /web
#24 CACHED

#25 [web 5/6] COPY web/ ./
#25 CACHED

#26 [web 6/6] RUN npm run check && npm run build
#26 CACHED

#27 [stage-3 3/4] COPY --from=build /app ./
#27 DONE 0.2s

#28 [stage-3 4/4] COPY --from=web /web/dist ./wwwroot
#28 DONE 0.1s

#29 exporting to image
#29 exporting layers
#29 exporting layers 4.0s done
#29 exporting manifest sha256:2c39fc1ac03992590ad61fc760d619182762fed15425d75848ff3a2d4b4b22d1
#29 exporting manifest sha256:2c39fc1ac03992590ad61fc760d619182762fed15425d75848ff3a2d4b4b22d1 0.0s done
#29 exporting config sha256:cc2b3166765ecb5abbdf028bcbaff176dfb6c95499d2fcfc64a9fca1dc551188 0.0s done
#29 exporting attestation manifest sha256:e5a9af68385270ced5b031438460067bc4afdc19a2eb357f28d9ff96c48be081 0.1s done
#29 exporting manifest list sha256:4122fc5374ecbfa5cd13538945436388b26210461b397b5e318ced61015a1200
#29 exporting manifest list sha256:4122fc5374ecbfa5cd13538945436388b26210461b397b5e318ced61015a1200 0.0s done
#29 naming to docker.io/library/erp-app:c-p02-tenancy-r6-plant done
#29 unpacking to docker.io/library/erp-app:c-p02-tenancy-r6-plant
#29 unpacking to docker.io/library/erp-app:c-p02-tenancy-r6-plant 0.6s done
#29 DONE 4.8s

#30 resolving provenance for metadata file
#30 DONE 0.0s
 Image erp-app:c-p02-tenancy-r6-plant Built 
[1mStarting PostgreSQL, setting up the database (roles, migrations, seed: 1000 users) and serving[0m
 Network c-p02-tenancy-r6-plant_default Creating 
 Network c-p02-tenancy-r6-plant_default Created 
 Volume c-p02-tenancy-r6-plant_db-data Creating 
 Volume c-p02-tenancy-r6-plant_db-data Created 
 Container c-p02-tenancy-r6-plant-db-1 Creating 
 Container c-p02-tenancy-r6-plant-db-1 Created 
 Container c-p02-tenancy-r6-plant-db-1 Starting 
 Container c-p02-tenancy-r6-plant-db-1 Started 
 Container c-p02-tenancy-r6-plant-db-1 Waiting 
 Container c-p02-tenancy-r6-plant-db-1 Healthy 
 Container c-p02-tenancy-r6-plant-db-1 Running 
 Container c-p02-tenancy-r6-plant-setup-1 Creating 
 Container c-p02-tenancy-r6-plant-setup-1 Created 
Attaching to setup-1
 Container c-p02-tenancy-r6-plant-db-1 Waiting 
 Container c-p02-tenancy-r6-plant-db-1 Healthy 
 Container c-p02-tenancy-r6-plant-setup-1 Starting 
 Container c-p02-tenancy-r6-plant-setup-1 Started 
setup-1  | info: Erp.Kernel.Data.DatabaseBootstrap[0]
setup-1  |       Creating database erp
setup-1  | info: Erp.Kernel.Data.DatabaseMigrator[0]
setup-1  |       Migrating KernelDbContext: 4 pending
setup-1  | info: Erp.Kernel.Data.DatabaseMigrator[0]
setup-1  |       Migrating TenancyDbContext: 4 pending
setup-1  | info: Erp.Kernel.Data.DatabaseMigrator[0]
setup-1  |       Migrating IdentityDbContext: 6 pending
setup-1  | info: Erp.Kernel.Data.DatabaseMigrator[0]
setup-1  |       Migrating ListsDbContext: 1 pending
setup-1  | info: Erp.Kernel.Seeding.SeedRunner[0]
setup-1  |       Seeded tenant alnoor (Demo) in 2203 ms
setup-1  | info: Erp.Kernel.Seeding.SeedRunner[0]
setup-1  |       Seeded tenant gulfsteel (Demo) in 802 ms
setup-1  | info: Erp.Kernel.Data.DatabaseMigrator[0]
setup-1  |       Refreshed statistics and index lists in 358 ms
[Ksetup-1 exited with code 0
 Compose Stopping Aborting on container exit...
 Container c-p02-tenancy-r6-plant-setup-1 Stopping 
 Container c-p02-tenancy-r6-plant-setup-1 Stopped 
 Container c-p02-tenancy-r6-plant-db-1 Running 
 Container c-p02-tenancy-r6-plant-app-1 Creating 
 Container c-p02-tenancy-r6-plant-app-1 Created 
 Container c-p02-tenancy-r6-plant-db-1 Waiting 
 Container c-p02-tenancy-r6-plant-db-1 Healthy 
 Container c-p02-tenancy-r6-plant-setup-1 Starting 
 Container c-p02-tenancy-r6-plant-setup-1 Started 
 Container c-p02-tenancy-r6-plant-setup-1 Waiting 
 Container c-p02-tenancy-r6-plant-setup-1 Exited 
 Container c-p02-tenancy-r6-plant-app-1 Starting 
 Container c-p02-tenancy-r6-plant-app-1 Started 

[1mThe demo is running (53 s): http://localhost:20270[0m

  Sign in (password for every demo user: Demo-Pass-2026)
    admin@alnoor.example       Administrator, English
    admin.ar@alnoor.example    Administrator, Arabic
    viewer@alnoor.example      Read-only role
    noaccess@alnoor.example    No roles (sees nothing)
    admin@gulfsteel.example    Administrator of the second workspace

  API description: http://localhost:20270/api/openapi/v1.json
  Database:        localhost:20271 (./erp psql)
  Stop:            ./erp down        (add --volumes to delete the data)
