Test run for /home/user/critic/p04-plant/repo-s1/tests/Erp.Gates.Tests/bin/Release/net10.0/Erp.Gates.Tests.dll (.NETCoreApp,Version=v10.0)
A total of 1 test files matched the specified pattern.
[xUnit.net 00:00:00.00] xUnit.net VSTest Adapter v3.1.5+1b188a7b0a (64-bit .NET 10.0.12)
[xUnit.net 00:00:00.36]   Discovering: Erp.Gates.Tests
[xUnit.net 00:00:00.82]   Discovered:  Erp.Gates.Tests
[xUnit.net 00:00:01.08]   Starting:    Erp.Gates.Tests
  Passed Erp.Gates.Tests.G1.G1ClientStateTests.Every_piece_of_module_level_state_in_the_web_sources_is_reviewed [116 ms]
  Passed Erp.Gates.Tests.G1.G1TenantSourceTests.The_scanner_catches_every_planted_bypass [155 ms]
  Passed Erp.Gates.Tests.G1.G1ClientStateTests.The_inventory_finds_planted_module_state [29 ms]
  Passed Erp.Gates.Tests.G1.G1TenantSourceTests.Only_reviewed_files_choose_a_tenant_or_step_around_the_unit_of_work [119 ms]
  Passed Erp.Gates.Tests.Rules.ShellGateTests.Every_navigation_group_has_an_English_and_Arabic_heading [8 ms]
  Passed Erp.Gates.Tests.Rules.ShellGateTests.Language_and_digit_fields_document_their_allowed_values [487 ms]
  Passed Erp.Gates.Tests.Rules.ShellGateTests.Screens_format_numbers_amounts_and_dates_through_the_kernel_formatter [6 ms]
  Passed Erp.Gates.Tests.Rules.OpenApiGateTests.OpenApi_document_covers_every_endpoint_with_its_permission [946 ms]
  Passed Erp.Gates.Tests.Rules.OpenApiGateTests.Decimals_are_documented_as_strings [602 ms]
  Passed Erp.Gates.Tests.Rules.ShellGateTests.Stylesheets_and_inline_styles_use_logical_directions_only [755 ms]
  Passed Erp.Gates.Tests.Rules.StringGateTests.Server_string_files_have_matching_English_and_Arabic_keys [11 ms]
  Passed Erp.Gates.Tests.Rules.StringGateTests.Every_permission_module_and_menu_entry_has_labels [9 ms]
  Passed Erp.Gates.Tests.Rules.StringGateTests.Web_string_files_have_matching_English_and_Arabic_keys [11 ms]
  Passed Erp.Gates.Tests.Rules.StringGateTests.Every_problem_and_validation_code_in_server_code_has_text [12 ms]
  Passed Erp.Gates.Tests.Rules.StringGateTests.Count_messages_use_plural_forms [3 ms]
  Passed Erp.Gates.Tests.G1.G1ProcessStateTests.Process_wide_state_is_immutable_or_reviewed [28 ms]
  Passed Erp.Gates.Tests.G1.G1DatabaseIsolationTests.Application_role_cannot_bypass_row_level_security_or_become_a_role_that_can [379 ms]
  Passed Erp.Gates.Tests.G1.G1DatabaseIsolationTests.Tenant_tables_have_an_id_primary_key [219 ms]
  Passed Erp.Gates.Tests.G1.G1DatabaseIsolationTests.Audit_trail_is_append_only_for_the_application [36 ms]
  Passed Erp.Gates.Tests.G1.G1DatabaseIsolationTests.Every_table_is_tenant_owned_or_a_reviewed_platform_table [11 ms]
  Passed Erp.Gates.Tests.G1.G1DatabaseIsolationTests.A_tenant_set_for_the_whole_connection_or_left_by_an_earlier_transaction_is_ignored [53 ms]
  Passed Erp.Gates.Tests.G1.G1DatabaseIsolationTests.Security_definer_functions_are_exactly_the_reviewed_ones [10 ms]
  Passed Erp.Gates.Tests.G1.G1DatabaseIsolationTests.Application_role_sees_and_changes_only_its_own_tenant_in_every_tenant_table [396 ms]
  Passed Erp.Gates.Tests.G1.G1DatabaseIsolationTests.Foreign_keys_between_tenant_tables_include_the_tenant [9 ms]
  Passed Erp.Gates.Tests.G1.G1DatabaseIsolationTests.Leakproof_functions_are_postgres_defaults_or_reviewed [39 ms]
  Passed Erp.Gates.Tests.G1.G1DatabaseIsolationTests.Tenant_tables_enforce_row_level_security_with_the_standard_policy [69 ms]
  Passed Erp.Gates.Tests.G2.G2PermissionTests.Anonymous_callers_get_401_from_every_permissioned_endpoint [601 ms]
  Passed Erp.Gates.Tests.G2.G2PermissionTests.A_user_whose_roles_grant_nothing_is_denied_everything_and_sees_no_menu [1 s]
  Passed Erp.Gates.Tests.G2.G2PermissionTests.Undeclared_endpoints_fall_back_to_deny [1 ms]
  Passed Erp.Gates.Tests.G2.G2PermissionTests.No_endpoint_that_changes_data_is_guarded_by_a_read_permission [6 ms]
  Passed Erp.Gates.Tests.SelfTests.GateSelfTests.The_permission_checks_catch_a_write_guarded_by_a_read_permission_and_a_read_that_writes [620 ms]
  Passed Erp.Gates.Tests.G2.G2PermissionTests.Sharing_a_view_needs_the_share_permission_and_the_lists_own_permission [3 s]
  Passed Erp.Gates.Tests.G2.G2PermissionTests.Every_endpoint_declares_exactly_one_permission_or_is_reviewed_anonymous [4 ms]
  Passed Erp.Gates.Tests.G2.G2PermissionTests.The_host_refuses_to_start_with_an_endpoint_that_declares_no_permission [120 ms]
  Passed Erp.Gates.Tests.Rules.AuditGateTests.Passwords_are_redacted_in_the_audit_trail [2 s]
  Passed Erp.Gates.Tests.G2.G2PermissionTests.The_host_refuses_to_start_with_an_endpoint_whose_permission_is_not_in_the_catalogue [325 ms]
  Passed Erp.Gates.Tests.G1.G1CredentialTests.The_function_owner_writes_only_where_reviewed [42 ms]
  Passed Erp.Gates.Tests.G1.G1CredentialTests.The_application_role_can_read_no_stored_credential [62 ms]
  Passed Erp.Gates.Tests.G1.G1CredentialTests.No_reviewed_function_returns_a_credential_column_or_a_whole_row [26 ms]
  Passed Erp.Gates.Tests.G1.G1CredentialTests.The_sign_in_lookup_reveals_no_hash_and_no_account_before_the_password_is_proven [245 ms]
  Passed Erp.Gates.Tests.Rules.AuditGateTests.Writes_through_the_API_leave_field_level_audit_rows_attributed_to_the_user [1 s]
  Passed Erp.Gates.Tests.Rules.AuditGateTests.Changing_ones_own_interface_preferences_is_audited_field_by_field [469 ms]
  Passed Erp.Gates.Tests.Rules.AuditGateTests.Writes_that_bypass_the_ORM_are_audited_too [63 ms]
  Passed Erp.Gates.Tests.Rules.AuditGateTests.Every_tenant_table_carries_the_audit_trigger_unless_reviewed_exempt [60 ms]
  Passed Erp.Gates.Tests.Rules.LicenceGateTests.Every_npm_package_has_an_allowed_licence [61 ms]
  Passed Erp.Gates.Tests.Rules.LicenceGateTests.Every_NuGet_package_has_an_allowed_licence [90 ms]
  Passed Erp.Gates.Tests.Rules.MoneyGateTests.No_float_or_double_in_server_code [88 ms]
  Passed Erp.Gates.Tests.Rules.MoneyGateTests.No_floating_point_or_money_columns_in_the_database [6 ms]
  Passed Erp.Gates.Tests.Rules.MoneyGateTests.No_parseFloat_in_front_end_code [19 ms]
  Passed Erp.Gates.Tests.G2.G2PermissionTests.Every_registered_list_is_readable_with_its_permission_alone [4 s]
  Passed Erp.Gates.Tests.SelfTests.GateSelfTests.The_grant_bearing_record_check_catches_a_role_delete_without_the_grant_check [18 s]
  Passed Erp.Gates.Tests.SelfTests.GateSelfTests.The_database_check_catches_a_unique_index_across_tenants [167 ms]
  Passed Erp.Gates.Tests.SelfTests.GateSelfTests.The_database_check_catches_a_table_without_row_level_security [250 ms]
  Passed Erp.Gates.Tests.G1.G1SignInThrottleTests.Sign_in_failures_give_one_answer_that_states_no_policy [11 s]
  Passed Erp.Gates.Tests.G1.G1SignInThrottleTests.Failed_sign_ins_from_one_client_never_lock_the_account_out_for_anyone_else [20 s]
  Passed Erp.Gates.Tests.G2.G2PermissionTests.Granting_exactly_one_permission_opens_exactly_the_endpoints_that_declare_it [39 s]
  Passed Erp.Gates.Tests.G2.G2PermissionTests.Creating_a_user_cannot_grant_more_than_the_caller_holds [6 s]
  Passed Erp.Gates.Tests.G2.G2PermissionTests.The_host_refuses_a_list_whose_endpoint_declares_another_permission [139 ms]
  Passed Erp.Gates.Tests.G2.G2PermissionTests.Every_declared_permission_is_in_the_catalogue_and_every_catalogue_permission_is_used [1 ms]
  Passed Erp.Gates.Tests.G2.G2PermissionTests.The_declaration_check_catches_AllowAnonymous_stacked_on_a_permission [556 ms]
  Passed Erp.Gates.Tests.G2.G2PermissionTests.Users_cannot_escalate_their_own_privileges [4 s]
  Passed Erp.Gates.Tests.G2.G2PermissionTests.No_endpoint_grants_more_than_the_caller_holds [12 s]
  Passed Erp.Gates.Tests.G2.G2PermissionTests.Requests_that_only_read_cannot_write [287 ms]
  Passed Erp.Gates.Tests.G1.G1UniqueIndexTests.Unique_indexes_on_tenant_tables_include_the_tenant [30 ms]
  Passed Erp.Gates.Tests.Rules.ListContractGateTests.Every_search_field_is_searched_word_by_word_and_grouping_counts_every_row_once [2 s]
  Passed Erp.Gates.Tests.Rules.ListContractGateTests.Every_registered_list_documents_the_list_query_contract_and_its_definition [1 s]
  Passed Erp.Gates.Tests.G2.G2AccountTakeoverTests.Acting_on_a_user_needs_every_permission_that_user_holds [22 s]
  Passed Erp.Gates.Tests.G2.G2AccountTakeoverTests.Creating_from_a_role_cannot_grant_more_than_the_caller_holds [1 s]
  Passed Erp.Gates.Tests.Rules.ListContractGateTests.Every_filterable_column_filters_its_list_and_other_columns_are_refused [7 s]
  Passed Erp.Gates.Tests.G2.G2AccountTakeoverTests.Nobody_resets_their_own_password_or_ends_their_own_access_through_administration [963 ms]
  Passed Erp.Gates.Tests.Rules.ListContractGateTests.Every_sortable_column_orders_its_list_both_ways_and_keyset_paging_matches_one_page [3 s]
  Passed Erp.Gates.Tests.Rules.RegistrationGateTests.Navigation_reaches_every_screen_and_every_menu_entry_opens_a_screen_with_its_permission [23 ms]
  Passed Erp.Gates.Tests.Rules.RegistrationGateTests.Every_registered_list_is_served_as_a_page_whose_rows_carry_its_columns [136 ms]
  Passed Erp.Gates.Tests.G1.G1ReviewedLookupTests.Only_reviewed_source_files_name_a_reviewed_function [14 ms]
  Passed Erp.Gates.Tests.G1.G1ReviewedLookupTests.Reviewed_lookups_answer_nothing_inside_a_tenant_bound_transaction [45 ms]
  Passed Erp.Gates.Tests.G1.G1ReviewedLookupTests.Every_reviewed_function_has_reviewed_callers_and_sources [5 ms]
  Passed Erp.Gates.Tests.Rules.ListIndexGateTests.Search_fields_and_sortable_columns_of_database_lists_are_indexed [103 ms]
  Passed Erp.Gates.Tests.G2.G2AccountTakeoverTests.Acting_on_a_record_that_grants_access_needs_everything_it_grants [13 s]
[xUnit.net 00:11:37.90]     Erp.Gates.Tests.G1.G1HttpIsolationTests.Tenant_A_cannot_reach_tenant_B_through_any_endpoint [FAIL]
[xUnit.net 00:11:37.90]       8 leaks:
[xUnit.net 00:11:37.90]       tenant A administrator (cookie) → PUT /api/identity/me/preferences [header User-Agent: 0190a000-0000-7000-8000-00000000000b] → 200: response contains tenant B marker CNRY0D1F4DD261
[xUnit.net 00:11:37.90]       tenant bravocnry0d1f4dd261 administrator (cookie) → PUT /api/identity/me/preferences [own save] → 200: response to tenant bravocnry0d1f4dd261 contains the attacking tenant's marker admin@alpha.example
[xUnit.net 00:11:37.90]       tenant bravocnry0d1f4dd261 administrator (cookie) → PUT /api/identity/me/preferences [tenant B reads right after A's tenant switch inputs] → 200: response to tenant bravocnry0d1f4dd261 contains the attacking tenant's marker admin@alpha.example
[xUnit.net 00:11:37.90]       tenant bravocnry0d1f4dd261 administrator (cookie) → PUT /api/identity/me/preferences [tenant B writes right before A's write] → 200: response to tenant bravocnry0d1f4dd261 contains the attacking tenant's marker admin@alpha.example
[xUnit.net 00:11:37.90]       tenant bravocnry0d1f4dd261 administrator (cookie) → PUT /api/identity/me/preferences [tenant B writes right after A's write] → 200: response to tenant bravocnry0d1f4dd261 contains the attacking tenant's marker admin@alpha.example
[xUnit.net 00:11:37.90]       tenant alpha administrator (cookie) → PUT /api/identity/me/preferences [tenant A writes right after B's write (cookie)] → 200: response to tenant alpha contains the attacking tenant's marker CNRY0D1F4DD261
[xUnit.net 00:11:37.90]       tenant alpha administrator (bearer) → PUT /api/identity/me/preferences [tenant A writes right after B's write (bearer)] → 200: response to tenant alpha contains the attacking tenant's marker CNRY0D1F4DD261
[xUnit.net 00:11:37.90]       tenant alpha administrator (cookie) → PUT /api/identity/me/preferences [tenant A writes before B reads] → 200: response to tenant alpha contains the attacking tenant's marker CNRY0D1F4DD261
[xUnit.net 00:11:37.91]       Stack Trace:
[xUnit.net 00:11:37.91]         /home/user/critic/p04-plant/repo-s1/tests/Erp.Gates.Tests/G1/G1HttpIsolationTests.cs(62,0): at Erp.Gates.Tests.G1.G1HttpIsolationTests.Tenant_A_cannot_reach_tenant_B_through_any_endpoint()
[xUnit.net 00:11:37.91]         --- End of stack trace from previous location ---
[xUnit.net 00:11:37.91]       Output:
[xUnit.net 00:11:37.91]         routes, tenant headers and guessed queries: 16692 requests so far, 206.3 s
[xUnit.net 00:11:37.91]         tenant switch inputs: 13 headers, 19 query names, 2 cookies, 21 body names: 19747 requests so far, 264.2 s
[xUnit.net 00:11:37.91]         write after write: 48 pairs over 24 endpoints, 2077 tenant A requests: 19747 requests so far, 305.5 s
[xUnit.net 00:11:37.91]         tenant B values in route and query parameters: 41432 requests so far, 491.0 s
[xUnit.net 00:11:37.91]         registered lists through their query contract: 2215 attacks, 3715 requests: 45147 requests so far, 527.0 s
[xUnit.net 00:11:37.91]         tenant B values in body fields: 48847 requests so far, 624.7 s
[xUnit.net 00:11:37.91]         tenant B activity: 15137 requests (11244 concurrent with the attack), 240 successful own writes, 15127 responses judged for tenant A markers: 48847 requests so far, 631.6 s
[xUnit.net 00:11:37.91]         tenant B: 55 ids (29 sampled), 50 text values, 40 extra markers, 19 probe values
[xUnit.net 00:11:37.91]         58838 tenant bindings and 96170 setting statements judged among 688243 statements; 3055 tenant switch inputs over 13 header names; 40443 responses judged on every header
[xUnit.net 00:11:37.91]         349 tenant B route values replayed, 640 tenant B opens of the routes A was about to attack
[xUnit.net 00:11:37.91]         52 endpoints, 50924 requests, 105 tenant B values, 16281 parameter attacks, 3700 body value attacks, 8404 differential checks, 59658 traced lookups
  Failed Erp.Gates.Tests.G1.G1HttpIsolationTests.Tenant_A_cannot_reach_tenant_B_through_any_endpoint [10 m 59 s]
  Error Message:
   8 leaks:
tenant A administrator (cookie) → PUT /api/identity/me/preferences [header User-Agent: 0190a000-0000-7000-8000-00000000000b] → 200: response contains tenant B marker CNRY0D1F4DD261
tenant bravocnry0d1f4dd261 administrator (cookie) → PUT /api/identity/me/preferences [own save] → 200: response to tenant bravocnry0d1f4dd261 contains the attacking tenant's marker admin@alpha.example
tenant bravocnry0d1f4dd261 administrator (cookie) → PUT /api/identity/me/preferences [tenant B reads right after A's tenant switch inputs] → 200: response to tenant bravocnry0d1f4dd261 contains the attacking tenant's marker admin@alpha.example
tenant bravocnry0d1f4dd261 administrator (cookie) → PUT /api/identity/me/preferences [tenant B writes right before A's write] → 200: response to tenant bravocnry0d1f4dd261 contains the attacking tenant's marker admin@alpha.example
tenant bravocnry0d1f4dd261 administrator (cookie) → PUT /api/identity/me/preferences [tenant B writes right after A's write] → 200: response to tenant bravocnry0d1f4dd261 contains the attacking tenant's marker admin@alpha.example
tenant alpha administrator (cookie) → PUT /api/identity/me/preferences [tenant A writes right after B's write (cookie)] → 200: response to tenant alpha contains the attacking tenant's marker CNRY0D1F4DD261
tenant alpha administrator (bearer) → PUT /api/identity/me/preferences [tenant A writes right after B's write (bearer)] → 200: response to tenant alpha contains the attacking tenant's marker CNRY0D1F4DD261
tenant alpha administrator (cookie) → PUT /api/identity/me/preferences [tenant A writes before B reads] → 200: response to tenant alpha contains the attacking tenant's marker CNRY0D1F4DD261
  Stack Trace:
     at Erp.Gates.Tests.G1.G1HttpIsolationTests.Tenant_A_cannot_reach_tenant_B_through_any_endpoint() in /home/user/critic/p04-plant/repo-s1/tests/Erp.Gates.Tests/G1/G1HttpIsolationTests.cs:line 62
--- End of stack trace from previous location ---
  Standard Output Messages:
 routes, tenant headers and guessed queries: 16692 requests so far, 206.3 s
 tenant switch inputs: 13 headers, 19 query names, 2 cookies, 21 body names: 19747 requests so far, 264.2 s
 write after write: 48 pairs over 24 endpoints, 2077 tenant A requests: 19747 requests so far, 305.5 s
 tenant B values in route and query parameters: 41432 requests so far, 491.0 s
 registered lists through their query contract: 2215 attacks, 3715 requests: 45147 requests so far, 527.0 s
 tenant B values in body fields: 48847 requests so far, 624.7 s
 tenant B activity: 15137 requests (11244 concurrent with the attack), 240 successful own writes, 15127 responses judged for tenant A markers: 48847 requests so far, 631.6 s
 tenant B: 55 ids (29 sampled), 50 text values, 40 extra markers, 19 probe values
 58838 tenant bindings and 96170 setting statements judged among 688243 statements; 3055 tenant switch inputs over 13 header names; 40443 responses judged on every header
 349 tenant B route values replayed, 640 tenant B opens of the routes A was about to attack
 52 endpoints, 50924 requests, 105 tenant B values, 16281 parameter attacks, 3700 body value attacks, 8404 differential checks, 59658 traced lookups


[xUnit.net 00:16:45.68]     Erp.Gates.Tests.SelfTests.GateSelfTests.The_HTTP_attack_catches_planted_header_route_and_body_leaks [FAIL]
[xUnit.net 00:16:45.68]       Assert.DoesNotContain() Failure: Filter matched in collection
[xUnit.net 00:16:45.68]                                                                                                                                           ↓ (pos 148)
[xUnit.net 00:16:45.68]       Collection: [···, "tenant A administrator (cookie) → GET /api/leaky/t"···, "tenant A administrator (bearer) → GET /api/leaky/t"···, "tenant A administrator (cookie) → PUT /api/identit"···, "tenant A administrator (cookie) → GET /api/leaky/a"···, "tenant A administrator (cookie) → GET /api/leaky/b"···, ···]
[xUnit.net 00:16:45.68]       Stack Trace:
[xUnit.net 00:16:45.68]         /home/user/critic/p04-plant/repo-s1/tests/Erp.Gates.Tests/SelfTests/GateSelfTests.cs(47,0): at Erp.Gates.Tests.SelfTests.GateSelfTests.The_HTTP_attack_catches_planted_header_route_and_body_leaks()
[xUnit.net 00:16:45.68]         --- End of stack trace from previous location ---
[xUnit.net 00:16:45.68]       Output:
[xUnit.net 00:16:45.68]         unexpected: tenant A administrator (cookie) → PUT /api/identity/me/preferences [header User-Agent: 0190a000-0000-7000-8000-00000000000b] → 200: response contains tenant B marker CNRY3B5EA881D2
[xUnit.net 00:16:45.68]         unexpected: tenant bravocnry3b5ea881d2 administrator (cookie) → PUT /api/identity/me/preferences [tenant B reads right before A's tenant switch inputs] → 200: response to tenant bravocnry3b5ea881d2 contains the attacking tenant's marker admin@alpha.example
[xUnit.net 00:16:45.68]         unexpected: tenant bravocnry3b5ea881d2 administrator (cookie) → PUT /api/identity/me/preferences [tenant B reads right after A's tenant switch inputs] → 200: response to tenant bravocnry3b5ea881d2 contains the attacking tenant's marker admin@alpha.example
[xUnit.net 00:16:45.68]         unexpected: tenant bravocnry3b5ea881d2 administrator (cookie) → PUT /api/identity/me/preferences [tenant B writes right before A's write] → 200: response to tenant bravocnry3b5ea881d2 contains the attacking tenant's marker admin@alpha.example
[xUnit.net 00:16:45.68]         unexpected: tenant bravocnry3b5ea881d2 administrator (cookie) → PUT /api/identity/me/preferences [tenant B writes right after A's write] → 200: response to tenant bravocnry3b5ea881d2 contains the attacking tenant's marker admin@alpha.example
[xUnit.net 00:16:45.68]         unexpected: tenant alpha administrator (cookie) → PUT /api/identity/me/preferences [tenant A writes right after B's write (cookie)] → 200: response to tenant alpha contains the attacking tenant's marker CNRY3B5EA881D2
[xUnit.net 00:16:45.68]         unexpected: tenant alpha administrator (bearer) → PUT /api/identity/me/preferences [tenant A writes right after B's write (bearer)] → 200: response to tenant alpha contains the attacking tenant's marker CNRY3B5EA881D2
[xUnit.net 00:16:45.68]         unexpected: tenant alpha administrator (cookie) → PUT /api/identity/me/preferences [tenant A writes before B reads] → 200: response to tenant alpha contains the attacking tenant's marker CNRY3B5EA881D2
[xUnit.net 00:16:45.68]         leaks on : 8
[xUnit.net 00:16:45.68]         leaks on /api/leaky/acting: 1
[xUnit.net 00:16:45.68]         leaks on /api/leaky/by-header: 3
[xUnit.net 00:16:45.68]         leaks on /api/leaky/cached-tenant: 344
[xUnit.net 00:16:45.68]         leaks on /api/leaky/find: 7
[xUnit.net 00:16:45.68]         leaks on /api/leaky/lookup: 7
[xUnit.net 00:16:45.68]         leaks on /api/leaky/me: 14
[xUnit.net 00:16:45.68]         leaks on /api/leaky/people: 154
[xUnit.net 00:16:45.68]         leaks on /api/leaky/previous: 76
[xUnit.net 00:16:45.68]         leaks on /api/leaky/recent: 76
[xUnit.net 00:16:45.68]         leaks on /api/leaky/report: 2
[xUnit.net 00:16:45.68]         leaks on /api/leaky/tenants: 7
  Failed Erp.Gates.Tests.SelfTests.GateSelfTests.The_HTTP_attack_catches_planted_header_route_and_body_leaks [16 m 4 s]
  Error Message:
   Assert.DoesNotContain() Failure: Filter matched in collection
                                                                                                                                    ↓ (pos 148)
Collection: [···, "tenant A administrator (cookie) → GET /api/leaky/t"···, "tenant A administrator (bearer) → GET /api/leaky/t"···, "tenant A administrator (cookie) → PUT /api/identit"···, "tenant A administrator (cookie) → GET /api/leaky/a"···, "tenant A administrator (cookie) → GET /api/leaky/b"···, ···]
  Stack Trace:
     at Erp.Gates.Tests.SelfTests.GateSelfTests.The_HTTP_attack_catches_planted_header_route_and_body_leaks() in /home/user/critic/p04-plant/repo-s1/tests/Erp.Gates.Tests/SelfTests/GateSelfTests.cs:line 47
--- End of stack trace from previous location ---
  Standard Output Messages:
 unexpected: tenant A administrator (cookie) → PUT /api/identity/me/preferences [header User-Agent: 0190a000-0000-7000-8000-00000000000b] → 200: response contains tenant B marker CNRY3B5EA881D2
 unexpected: tenant bravocnry3b5ea881d2 administrator (cookie) → PUT /api/identity/me/preferences [tenant B reads right before A's tenant switch inputs] → 200: response to tenant bravocnry3b5ea881d2 contains the attacking tenant's marker admin@alpha.example
 unexpected: tenant bravocnry3b5ea881d2 administrator (cookie) → PUT /api/identity/me/preferences [tenant B reads right after A's tenant switch inputs] → 200: response to tenant bravocnry3b5ea881d2 contains the attacking tenant's marker admin@alpha.example
 unexpected: tenant bravocnry3b5ea881d2 administrator (cookie) → PUT /api/identity/me/preferences [tenant B writes right before A's write] → 200: response to tenant bravocnry3b5ea881d2 contains the attacking tenant's marker admin@alpha.example
 unexpected: tenant bravocnry3b5ea881d2 administrator (cookie) → PUT /api/identity/me/preferences [tenant B writes right after A's write] → 200: response to tenant bravocnry3b5ea881d2 contains the attacking tenant's marker admin@alpha.example
 unexpected: tenant alpha administrator (cookie) → PUT /api/identity/me/preferences [tenant A writes right after B's write (cookie)] → 200: response to tenant alpha contains the attacking tenant's marker CNRY3B5EA881D2
 unexpected: tenant alpha administrator (bearer) → PUT /api/identity/me/preferences [tenant A writes right after B's write (bearer)] → 200: response to tenant alpha contains the attacking tenant's marker CNRY3B5EA881D2
 unexpected: tenant alpha administrator (cookie) → PUT /api/identity/me/preferences [tenant A writes before B reads] → 200: response to tenant alpha contains the attacking tenant's marker CNRY3B5EA881D2
 leaks on : 8
 leaks on /api/leaky/acting: 1
 leaks on /api/leaky/by-header: 3
 leaks on /api/leaky/cached-tenant: 344
 leaks on /api/leaky/find: 7
 leaks on /api/leaky/lookup: 7
 leaks on /api/leaky/me: 14
 leaks on /api/leaky/people: 154
 leaks on /api/leaky/previous: 76
 leaks on /api/leaky/recent: 76
 leaks on /api/leaky/report: 2
 leaks on /api/leaky/tenants: 7


  Passed Erp.Gates.Tests.SelfTests.GateSelfTests.The_process_state_check_catches_a_static_cache_and_a_stateful_singleton [14 ms]
  Passed Erp.Gates.Tests.SelfTests.GateSelfTests.The_grant_escalation_check_catches_an_endpoint_that_grants_any_role [4 s]
[xUnit.net 00:16:51.32]   Finished:    Erp.Gates.Tests (ID = '0824843fee12cdc61ce367c971c9d13eb48b99dea9c0d45438cac60ae742d71a')

Test Run Failed.
Total tests: 82
     Passed: 80
     Failed: 2
 Total time: 16.8675 Minutes
EXIT 1 SECONDS 1027
