<?xml version="1.0" encoding="utf-8"?>
<TestRun id="3d4cd8a6-fb5c-43bf-ad90-ca0daab6da74" name="@docker-desktop 2026-10-10 12:26:41" xmlns="http://microsoft.com/schemas/VisualStudio/TeamTest/2010">
  <Times creation="2026-10-10T12:26:41.0598954+00:00" queuing="2026-10-10T12:26:41.0598955+00:00" start="2026-10-10T12:26:31.6314996+00:00" finish="2026-10-10T12:26:41.0635473+00:00" />
  <TestSettings name="default" id="a1004fa4-1168-48b1-8cd2-bae4147e525c">
    <Deployment runDeploymentRoot="_docker-desktop_2026-10-10_12_26_41" />
  </TestSettings>
  <Results>
    <UnitTestResult executionId="08ab09c4-b31b-4550-ae13-024bb10f4495" testId="351b35c9-362b-6961-5a3b-91ab96a6f171" testName="Erp.Kernel.Tests.KernelDataTests.Bulk_insert_loads_100000_rows_through_row_level_security_quickly" computerName="docker-desktop" duration="00:00:00.8551749" startTime="2026-10-10T12:26:39.9881204+00:00" endTime="2026-10-10T12:26:40.8495057+00:00" testType="13cdc9d9-ddb5-4fa4-a97d-d965ccfc6d4b" outcome="Passed" testListId="8c84fa94-04c1-424b-9868-57a2d4851a1d" relativeResultsDirectory="08ab09c4-b31b-4550-ae13-024bb10f4495" />
  </Results>
  <TestDefinitions>
    <UnitTest name="Erp.Kernel.Tests.KernelDataTests.Bulk_insert_loads_100000_rows_through_row_level_security_quickly" storage="/work/tests/erp.kernel.tests/bin/release/net10.0/erp.kernel.tests.dll" id="351b35c9-362b-6961-5a3b-91ab96a6f171">
      <Execution id="08ab09c4-b31b-4550-ae13-024bb10f4495" />
      <TestMethod codeBase="/work/tests/Erp.Kernel.Tests/bin/Release/net10.0/Erp.Kernel.Tests.dll" adapterTypeName="executor://xunit/VsTestRunner3/netcore/" className="Erp.Kernel.Tests.KernelDataTests" name="Bulk_insert_loads_100000_rows_through_row_level_security_quickly" />
    </UnitTest>
  </TestDefinitions>
  <TestEntries>
    <TestEntry testId="351b35c9-362b-6961-5a3b-91ab96a6f171" executionId="08ab09c4-b31b-4550-ae13-024bb10f4495" testListId="8c84fa94-04c1-424b-9868-57a2d4851a1d" />
  </TestEntries>
  <TestLists>
    <TestList name="Results Not in a List" id="8c84fa94-04c1-424b-9868-57a2d4851a1d" />
    <TestList name="All Loaded Results" id="19431567-8539-422a-85d7-44ee4e166bda" />
  </TestLists>
  <ResultSummary outcome="Completed">
    <Counters total="1" executed="1" passed="1" failed="0" error="0" timeout="0" aborted="0" inconclusive="0" passedButRunAborted="0" notRunnable="0" notExecuted="0" disconnected="0" warning="0" completed="0" inProgress="0" pending="0" />
    <Output>
      <StdOut>[xUnit.net 00:00:00.00] xUnit.net VSTest Adapter v3.1.5+1b188a7b0a (64-bit .NET 10.0.12)
[xUnit.net 00:00:00.15]   Discovering: Erp.Kernel.Tests
[xUnit.net 00:00:00.42]   Discovered:  Erp.Kernel.Tests
[xUnit.net 00:00:00.55]   Starting:    Erp.Kernel.Tests
[xUnit.net 00:00:09.07]   Finished:    Erp.Kernel.Tests (ID = '1ac195ec15f33ab4788e3de64df3053333a57179a8cf50eb11a1918a6450c228')
</StdOut>
    </Output>
  </ResultSummary>
</TestRun>