<?xml version="1.0" encoding="utf-8"?>
<TestRun id="ca726910-ccfc-44f0-8ef1-039d9b07a482" name="@docker-desktop 2026-10-10 12:18:39" xmlns="http://microsoft.com/schemas/VisualStudio/TeamTest/2010">
  <Times creation="2026-10-10T12:18:39.5266933+00:00" queuing="2026-10-10T12:18:39.5266934+00:00" start="2026-10-10T11:16:42.1274360+00:00" finish="2026-10-10T12:18:39.5444462+00:00" />
  <TestSettings name="default" id="2d2636bf-8caa-48f2-aaef-e920b3de7fe8">
    <Deployment runDeploymentRoot="_docker-desktop_2026-10-10_12_18_39" />
  </TestSettings>
  <Results>
    <UnitTestResult executionId="0c1fdee6-bd66-4051-971d-c5136ee59cc9" testId="09a0f1c3-6132-b74e-dca3-5803ddfa59e0" testName="Erp.Gates.Tests.SelfTests.GateSelfTests.The_HTTP_attack_catches_planted_header_route_and_body_leaks" computerName="docker-desktop" duration="01:01:06.1031283" startTime="2026-10-10T11:17:32.3561980+00:00" endTime="2026-10-10T12:18:38.2061348+00:00" testType="13cdc9d9-ddb5-4fa4-a97d-d965ccfc6d4b" outcome="Passed" testListId="8c84fa94-04c1-424b-9868-57a2d4851a1d" relativeResultsDirectory="0c1fdee6-bd66-4051-971d-c5136ee59cc9">
      <Output>
        <StdOut>leaks on /api/leaky/acting: 1
leaks on /api/leaky/by-header: 3
leaks on /api/leaky/cached-tenant: 1664
leaks on /api/leaky/company-access: 1820
leaks on /api/leaky/company-access-partly-checked: 1820
leaks on /api/leaky/export: 3328
leaks on /api/leaky/find: 1
leaks on /api/leaky/lookup: 2
leaks on /api/leaky/me: 374
leaks on /api/leaky/people: 362
leaks on /api/leaky/previous: 326
leaks on /api/leaky/printed: 4
leaks on /api/leaky/recent: 326
leaks on /api/leaky/report: 3
leaks on /api/leaky/spooled: 290
leaks on /api/leaky/tenants: 9
digits: tenant A administrator (cookie) → PUT /api/leaky/me/digits [body numerals=arab] → 200: response contains tenant B marker CNRY298C913CE3
digits: tenant bravocnry298c913ce3 administrator (cookie) → PUT /api/leaky/me/digits [tenant B writes right before A's write (numerals="arab")] → 200: response to tenant bravocnry298c913ce3 contains the attacking tenant's marker admin.ar@alpha.example
digits: tenant bravocnry298c913ce3 administrator (cookie) → PUT /api/leaky/me/digits [tenant B writes right before A's write (numerals="arab")] → 200: response to tenant bravocnry298c913ce3 contains the attacking tenant's marker admin@alpha.example
digits: tenant bravocnry298c913ce3 administrator (cookie) → PUT /api/leaky/me/digits [tenant B writes right after A's write (numerals="arab")] → 200: response to tenant bravocnry298c913ce3 contains the attacking tenant's marker admin@alpha.example
digits: tenant bravocnry298c913ce3 administrator in Arabic (cookie) → GET /api/leaky/me/greeting [tenant B reads after A's variants of PUT /api/leaky/me/digits, in Arabic] → 200: response to tenant bravocnry298c913ce3 contains the attacking tenant's marker admin.ar@alpha.example
digits: tenant bravocnry298c913ce3 administrator (cookie) → GET /api/leaky/previous [tenant B reads after A's variants of PUT /api/leaky/me/digits] → 200: a response header to tenant bravocnry298c913ce3 contains the attacking tenant's marker 0190a000-0000-7000-8000-00000000000a (X-Previous-Workspace: 0190a000-0000-7000-8000-00000000000a alpha switch-7111)
digits: tenant bravocnry298c913ce3 administrator (cookie) → GET /api/leaky/recent [tenant B reads after A's variants of PUT /api/leaky/me/digits] → 200: response to tenant bravocnry298c913ce3 contains the attacking tenant's marker accountant@alpha.example
digits: tenant bravocnry298c913ce3 administrator in Arabic (cookie) → GET /api/leaky/me/greeting [tenant B reads after A's PUT /api/leaky/me/digits, in Arabic] → 200: response to tenant bravocnry298c913ce3 contains the attacking tenant's marker admin.ar@alpha.example
digits: tenant bravocnry298c913ce3 administrator (cookie) → GET /api/leaky/previous [tenant B reads after A's PUT /api/leaky/me/digits] → 200: a response header to tenant bravocnry298c913ce3 contains the attacking tenant's marker 0190a000-0000-7000-8000-00000000000a (X-Previous-Workspace: 0190a000-0000-7000-8000-00000000000a alpha switch-7111)
digits: tenant bravocnry298c913ce3 administrator (cookie) → GET /api/leaky/recent [tenant B reads after A's PUT /api/leaky/me/digits] → 200: response to tenant bravocnry298c913ce3 contains the attacking tenant's marker accountant@alpha.example
greeting outside an Arabic session: tenant bravocnry298c913ce3 administrator (cookie) → GET /api/leaky/me/greeting [tenant B reads after A's variants of PUT /api/identity/me/preferences] → 200: response to tenant bravocnry298c913ce3 contains the attacking tenant's marker admin.ar@alpha.example
greeting outside an Arabic session: tenant alpha administrator (cookie) → GET /api/leaky/me/greeting [tenant A reads after B's variants of PUT /api/identity/me/preferences] → 200: response to tenant alpha contains the attacking tenant's marker CNRY298C913CE3
greeting outside an Arabic session: tenant alpha administrator (cookie) → GET /api/leaky/me/greeting [tenant A reads after B's PUT /api/identity/me/preferences] → 200: response to tenant alpha contains the attacking tenant's marker CNRY298C913CE3</StdOut>
      </Output>
    </UnitTestResult>
  </Results>
  <TestDefinitions>
    <UnitTest name="Erp.Gates.Tests.SelfTests.GateSelfTests.The_HTTP_attack_catches_planted_header_route_and_body_leaks" storage="/work/tests/erp.gates.tests/bin/release/net10.0/erp.gates.tests.dll" id="09a0f1c3-6132-b74e-dca3-5803ddfa59e0">
      <Execution id="0c1fdee6-bd66-4051-971d-c5136ee59cc9" />
      <TestMethod codeBase="/work/tests/Erp.Gates.Tests/bin/Release/net10.0/Erp.Gates.Tests.dll" adapterTypeName="executor://xunit/VsTestRunner3/netcore/" className="Erp.Gates.Tests.SelfTests.GateSelfTests" name="The_HTTP_attack_catches_planted_header_route_and_body_leaks" />
    </UnitTest>
  </TestDefinitions>
  <TestEntries>
    <TestEntry testId="09a0f1c3-6132-b74e-dca3-5803ddfa59e0" executionId="0c1fdee6-bd66-4051-971d-c5136ee59cc9" testListId="8c84fa94-04c1-424b-9868-57a2d4851a1d" />
  </TestEntries>
  <TestLists>
    <TestList name="Results Not in a List" id="8c84fa94-04c1-424b-9868-57a2d4851a1d" />
    <TestList name="All Loaded Results" id="19431567-8539-422a-85d7-44ee4e166bda" />
  </TestLists>
  <ResultSummary outcome="Completed">
    <Counters total="1" executed="1" passed="1" failed="0" error="0" timeout="0" aborted="0" inconclusive="0" passedButRunAborted="0" notRunnable="0" notExecuted="0" disconnected="0" warning="0" completed="0" inProgress="0" pending="0" />
    <Output>
      <StdOut>[xUnit.net 00:00:00.01] xUnit.net VSTest Adapter v3.1.5+1b188a7b0a (64-bit .NET 10.0.12)
[xUnit.net 00:00:01.50]   Discovering: Erp.Gates.Tests
[xUnit.net 00:00:03.60]   Discovered:  Erp.Gates.Tests
[xUnit.net 00:00:04.13]   Starting:    Erp.Gates.Tests
[xUnit.net 01:01:55.03]   Finished:    Erp.Gates.Tests (ID = 'd67f9af34c5c91feae69a31c7ab81956a411c8cd54ea4942d23c1fd06e059e25')
</StdOut>
    </Output>
  </ResultSummary>
</TestRun>