<?xml version="1.0" encoding="utf-8"?>
<TestRun id="38641607-f527-4c9a-8c99-9b01e8ff61cb" name="@docker-desktop 2026-10-10 11:16:50" xmlns="http://microsoft.com/schemas/VisualStudio/TeamTest/2010">
  <Times creation="2026-10-10T11:16:50.2627319+00:00" queuing="2026-10-10T11:16:50.2627319+00:00" start="2026-10-10T11:16:42.8019080+00:00" finish="2026-10-10T11:17:39.9776012+00:00" />
  <TestSettings name="default" id="a979c243-a9cc-48fe-9ad6-6808fafa4049">
    <Deployment runDeploymentRoot="_docker-desktop_2026-10-10_11_16_50" />
  </TestSettings>
  <Results>
    <UnitTestResult executionId="57867985-dc7e-4dcf-8f73-0705fb6c17a2" testId="01b84453-f528-ed89-7642-3eae5dee4995" testName="Erp.Modules.Reports.Tests.RenderingTests.An_arabic_pdf_is_readable_right_to_left_with_its_fonts_embedded" computerName="docker-desktop" duration="00:00:00.0459497" startTime="2026-10-10T11:16:51.1145671+00:00" endTime="2026-10-10T11:16:51.1608424+00:00" testType="13cdc9d9-ddb5-4fa4-a97d-d965ccfc6d4b" outcome="Passed" testListId="8c84fa94-04c1-424b-9868-57a2d4851a1d" relativeResultsDirectory="57867985-dc7e-4dcf-8f73-0705fb6c17a2" />
    <UnitTestResult executionId="3541edb9-4c19-4ebd-afa0-31c7a7284fb8" testId="85b476f9-a9d2-c3db-8cc2-79667116f813" testName="Erp.Modules.Reports.Tests.ReportApiTests.A_list_of_records_in_a_cell_prints_as_their_codes" computerName="docker-desktop" duration="00:00:00.4231200" startTime="2026-10-10T11:17:28.8738085+00:00" endTime="2026-10-10T11:17:29.2971102+00:00" testType="13cdc9d9-ddb5-4fa4-a97d-d965ccfc6d4b" outcome="Passed" testListId="8c84fa94-04c1-424b-9868-57a2d4851a1d" relativeResultsDirectory="3541edb9-4c19-4ebd-afa0-31c7a7284fb8" />
    <UnitTestResult executionId="37aec618-7a38-4766-9b8d-16e02c68256e" testId="b8490dac-7df0-d890-b649-3dc30bdb558b" testName="Erp.Modules.Reports.Tests.ReportApiTests.A_printed_users_list_names_the_roles_for_a_reader_of_roles_and_exports_moments_as_the_wall_clock" computerName="docker-desktop" duration="00:00:02.0103591" startTime="2026-10-10T11:17:20.3200263+00:00" endTime="2026-10-10T11:17:22.3304313+00:00" testType="13cdc9d9-ddb5-4fa4-a97d-d965ccfc6d4b" outcome="Passed" testListId="8c84fa94-04c1-424b-9868-57a2d4851a1d" relativeResultsDirectory="37aec618-7a38-4766-9b8d-16e02c68256e" />
    <UnitTestResult executionId="b9ed9781-9663-4a79-9b47-19eaf90709eb" testId="b86e242f-087d-c8d7-1c0f-ebe225b01d64" testName="Erp.Modules.Reports.Tests.RenderingTests.Xlsx_ends_with_the_grand_total_as_a_filter_aware_formula_below_the_filtered_rows" computerName="docker-desktop" duration="00:00:00.0018460" startTime="2026-10-10T11:16:50.1580679+00:00" endTime="2026-10-10T11:16:50.1599795+00:00" testType="13cdc9d9-ddb5-4fa4-a97d-d965ccfc6d4b" outcome="Passed" testListId="8c84fa94-04c1-424b-9868-57a2d4851a1d" relativeResultsDirectory="b9ed9781-9663-4a79-9b47-19eaf90709eb" />
    <UnitTestResult executionId="ee5262fd-6069-4586-a3d4-aa8e66f44c50" testId="898e2393-92ae-a8e5-11e2-41003d30131b" testName="Erp.Modules.Reports.Tests.ReportApiTests.The_catalogue_lists_reports_and_lists_in_the_callers_language" computerName="docker-desktop" duration="00:00:00.3952179" startTime="2026-10-10T11:17:35.5035265+00:00" endTime="2026-10-10T11:17:35.8987871+00:00" testType="13cdc9d9-ddb5-4fa4-a97d-d965ccfc6d4b" outcome="Passed" testListId="8c84fa94-04c1-424b-9868-57a2d4851a1d" relativeResultsDirectory="ee5262fd-6069-4586-a3d4-aa8e66f44c50" />
    <UnitTestResult executionId="9084b52e-acdb-4137-8aa7-08d35d6bb8c7" testId="1c52cd1b-e4a4-8815-86d3-239148e98637" testName="Erp.Modules.Reports.Tests.ReportApiTests.The_printed_roles_list_names_each_roles_type_and_aligns_counts_as_numbers" computerName="docker-desktop" duration="00:00:00.3417636" startTime="2026-10-10T11:17:27.3182151+00:00" endTime="2026-10-10T11:17:27.6600305+00:00" testType="13cdc9d9-ddb5-4fa4-a97d-d965ccfc6d4b" outcome="Passed" testListId="8c84fa94-04c1-424b-9868-57a2d4851a1d" relativeResultsDirectory="9084b52e-acdb-4137-8aa7-08d35d6bb8c7" />
    <UnitTestResult executionId="3ee50b75-acaf-4aa3-926e-8815c1074f45" testId="15275959-a3d7-cf30-9c15-f71e7ed164d7" testName="Erp.Modules.Reports.Tests.RenderingTests.A_report_with_a_huge_cell_renders_in_seconds" computerName="docker-desktop" duration="00:00:00.2361586" startTime="2026-10-10T11:16:51.2361689+00:00" endTime="2026-10-10T11:16:51.4726739+00:00" testType="13cdc9d9-ddb5-4fa4-a97d-d965ccfc6d4b" outcome="Passed" testListId="8c84fa94-04c1-424b-9868-57a2d4851a1d" relativeResultsDirectory="3ee50b75-acaf-4aa3-926e-8815c1074f45" />
    <UnitTestResult executionId="2da55bae-95a3-488f-8673-67543e828b66" testId="d3111c51-0b11-b783-dd63-d3752aa31625" testName="Erp.Modules.Reports.Tests.RenderingTests.A_pdf_starts_with_a_well_formed_header" computerName="docker-desktop" duration="00:00:00.0115957" startTime="2026-10-10T11:16:51.0962514+00:00" endTime="2026-10-10T11:16:51.1079135+00:00" testType="13cdc9d9-ddb5-4fa4-a97d-d965ccfc6d4b" outcome="Passed" testListId="8c84fa94-04c1-424b-9868-57a2d4851a1d" relativeResultsDirectory="2da55bae-95a3-488f-8673-67543e828b66" />
    <UnitTestResult executionId="5f04ae0d-da1c-473b-bcf9-097ebe237090" testId="2afa440a-ee15-e3a6-5777-c92ec85346e7" testName="Erp.Modules.Reports.Tests.RenderingTests.Mixed_text_is_ordered_as_a_reader_expects(text: &quot;شركة Al Noor Trading للتجارة&quot;, rightToLeft: True, expected: &quot;للتجارة|Al Noor Trading|شركة&quot;)" computerName="docker-desktop" duration="00:00:00.0273044" startTime="2026-10-10T11:16:48.9775043+00:00" endTime="2026-10-10T11:16:49.0191251+00:00" testType="13cdc9d9-ddb5-4fa4-a97d-d965ccfc6d4b" outcome="Passed" testListId="8c84fa94-04c1-424b-9868-57a2d4851a1d" relativeResultsDirectory="5f04ae0d-da1c-473b-bcf9-097ebe237090" />
    <UnitTestResult executionId="93896b55-7f7a-4f01-a7d0-d6e0a443449e" testId="38e6f1a8-7cea-1a8a-bfca-b643812141ca" testName="Erp.Modules.Reports.Tests.RenderingTests.The_first_strong_character_decides_a_values_direction" computerName="docker-desktop" duration="00:00:00.0003420" startTime="2026-10-10T11:16:50.8264354+00:00" endTime="2026-10-10T11:16:50.8268180+00:00" testType="13cdc9d9-ddb5-4fa4-a97d-d965ccfc6d4b" outcome="Passed" testListId="8c84fa94-04c1-424b-9868-57a2d4851a1d" relativeResultsDirectory="93896b55-7f7a-4f01-a7d0-d6e0a443449e" />
    <UnitTestResult executionId="48670ff3-f672-4293-9942-7d3f3bf1a9c1" testId="f1b5e8db-8f64-0007-041b-e3773520c68a" testName="Erp.Modules.Reports.Tests.ReportApiTests.A_list_prints_with_its_own_query_columns_and_totals" computerName="docker-desktop" duration="00:00:01.2575255" startTime="2026-10-10T11:17:29.2977396+00:00" endTime="2026-10-10T11:17:30.5553045+00:00" testType="13cdc9d9-ddb5-4fa4-a97d-d965ccfc6d4b" outcome="Passed" testListId="8c84fa94-04c1-424b-9868-57a2d4851a1d" relativeResultsDirectory="48670ff3-f672-4293-9942-7d3f3bf1a9c1" />
    <UnitTestResult executionId="22d9698b-66e8-45d8-bdf8-06951f5d6f2d" testId="b2742389-a34e-a93f-c75a-304e3ac6a1fa" testName="Erp.Modules.Reports.Tests.ReportApiTests.A_company_profile_prints_in_arabic_from_an_english_session" computerName="docker-desktop" duration="00:00:00.5097852" startTime="2026-10-10T11:17:34.9933484+00:00" endTime="2026-10-10T11:17:35.5031704+00:00" testType="13cdc9d9-ddb5-4fa4-a97d-d965ccfc6d4b" outcome="Passed" testListId="8c84fa94-04c1-424b-9868-57a2d4851a1d" relativeResultsDirectory="22d9698b-66e8-45d8-bdf8-06951f5d6f2d" />
    <UnitTestResult executionId="d4e5189e-e0f8-47bf-b308-9b9c22c5d361" testId="e5e988b6-6a26-8ac1-4f2f-847861e30800" testName="Erp.Modules.Reports.Tests.ReportApiTests.A_role_without_the_data_permission_cannot_run_the_report_and_does_not_see_it" computerName="docker-desktop" duration="00:00:01.3962914" startTime="2026-10-10T11:17:25.9214912+00:00" endTime="2026-10-10T11:17:27.3178292+00:00" testType="13cdc9d9-ddb5-4fa4-a97d-d965ccfc6d4b" outcome="Passed" testListId="8c84fa94-04c1-424b-9868-57a2d4851a1d" relativeResultsDirectory="d4e5189e-e0f8-47bf-b308-9b9c22c5d361" />
    <UnitTestResult executionId="6d05409b-deae-4831-a12b-41be8a1da8c5" testId="af99bc5f-3b90-6d47-5e49-565ff544cb7f" testName="Erp.Modules.Reports.Tests.RenderingTests.A_long_run_maps_every_glyph_back_to_its_characters_and_a_line_shaped_again_is_the_same" computerName="docker-desktop" duration="00:00:00.0126237" startTime="2026-10-10T11:16:50.8079713+00:00" endTime="2026-10-10T11:16:50.8206622+00:00" testType="13cdc9d9-ddb5-4fa4-a97d-d965ccfc6d4b" outcome="Passed" testListId="8c84fa94-04c1-424b-9868-57a2d4851a1d" relativeResultsDirectory="6d05409b-deae-4831-a12b-41be8a1da8c5" />
    <UnitTestResult executionId="35ec483a-df87-406c-8aa2-2e89fe16ec41" testId="b7ab867b-5819-268a-78e5-0cb4046b0c28" testName="Erp.Modules.Reports.Tests.RenderingTests.A_telephone_number_prints_left_to_right_in_an_arabic_pdf" computerName="docker-desktop" duration="00:00:00.8570732" startTime="2026-10-10T11:16:49.2111657+00:00" endTime="2026-10-10T11:16:50.0711850+00:00" testType="13cdc9d9-ddb5-4fa4-a97d-d965ccfc6d4b" outcome="Passed" testListId="8c84fa94-04c1-424b-9868-57a2d4851a1d" relativeResultsDirectory="35ec483a-df87-406c-8aa2-2e89fe16ec41" />
    <UnitTestResult executionId="745abcf3-9b01-4e25-9343-edc5254a36ba" testId="65d45569-0733-23ee-b346-f6dec7d6cc27" testName="Erp.Modules.Reports.Tests.ReportApiTests.Another_areas_columns_and_parameters_are_left_out_for_a_caller_who_cannot_read_that_area" computerName="docker-desktop" duration="00:00:03.5890069" startTime="2026-10-10T11:17:22.3320263+00:00" endTime="2026-10-10T11:17:25.9210774+00:00" testType="13cdc9d9-ddb5-4fa4-a97d-d965ccfc6d4b" outcome="Passed" testListId="8c84fa94-04c1-424b-9868-57a2d4851a1d" relativeResultsDirectory="745abcf3-9b01-4e25-9343-edc5254a36ba" />
    <UnitTestResult executionId="9b56b964-bdf8-4fa6-98d0-944ec9a08252" testId="f62ea91d-76e0-ec7e-e83e-0695ead70fef" testName="Erp.Modules.Reports.Tests.ReportApiTests.Exports_carry_the_rows_as_csv_and_as_a_workbook" computerName="docker-desktop" duration="00:00:01.0007256" startTime="2026-10-10T11:17:19.2603563+00:00" endTime="2026-10-10T11:17:20.2660008+00:00" testType="13cdc9d9-ddb5-4fa4-a97d-d965ccfc6d4b" outcome="Passed" testListId="8c84fa94-04c1-424b-9868-57a2d4851a1d" relativeResultsDirectory="9b56b964-bdf8-4fa6-98d0-944ec9a08252" />
    <UnitTestResult executionId="55b036cd-3d4d-4dd8-9c23-3787216198d2" testId="26ea49f0-841f-1c0b-2cab-90c1420f46bd" testName="Erp.Modules.Reports.Tests.RenderingTests.Csv_carries_the_rows_only_so_another_program_reads_every_line_as_data" computerName="docker-desktop" duration="00:00:00.0057543" startTime="2026-10-10T11:16:50.9327366+00:00" endTime="2026-10-10T11:16:50.9385666+00:00" testType="13cdc9d9-ddb5-4fa4-a97d-d965ccfc6d4b" outcome="Passed" testListId="8c84fa94-04c1-424b-9868-57a2d4851a1d" relativeResultsDirectory="55b036cd-3d4d-4dd8-9c23-3787216198d2" />
    <UnitTestResult executionId="8f6cbf7c-503f-49d4-9c4e-0cbc1031e981" testId="dbb5ef5e-3515-49cd-24ae-b55495b8d450" testName="Erp.Modules.Reports.Tests.ReportApiTests.The_reports_isolation_probe_reports_requests_that_get_no_answer_and_runs_the_rest" computerName="docker-desktop" duration="00:00:00.0445959" startTime="2026-10-10T11:17:20.2693287+00:00" endTime="2026-10-10T11:17:20.3139767+00:00" testType="13cdc9d9-ddb5-4fa4-a97d-d965ccfc6d4b" outcome="Passed" testListId="8c84fa94-04c1-424b-9868-57a2d4851a1d" relativeResultsDirectory="8f6cbf7c-503f-49d4-9c4e-0cbc1031e981" />
    <UnitTestResult executionId="8070866f-cb32-4933-bd95-2b179b5ed9e7" testId="eac06800-060d-38c1-ff25-792778a38324" testName="Erp.Modules.Reports.Tests.RenderingTests.Font_units_scale_to_thousandths_of_an_em_rounded_half_to_even_as_decimals_round" computerName="docker-desktop" duration="00:00:00.6343495" startTime="2026-10-10T11:16:50.1604392+00:00" endTime="2026-10-10T11:16:50.7948845+00:00" testType="13cdc9d9-ddb5-4fa4-a97d-d965ccfc6d4b" outcome="Passed" testListId="8c84fa94-04c1-424b-9868-57a2d4851a1d" relativeResultsDirectory="8070866f-cb32-4933-bd95-2b179b5ed9e7" />
    <UnitTestResult executionId="6fee5737-2124-42dc-90ef-de9a83cf9f13" testId="d69a2e62-95d3-5840-6327-a1d891bfd8bc" testName="Erp.Modules.Reports.Tests.RenderingTests.A_long_report_breaks_into_pages_with_the_header_on_each_and_page_numbers" computerName="docker-desktop" duration="00:00:00.0895227" startTime="2026-10-10T11:16:51.0046023+00:00" endTime="2026-10-10T11:16:51.0942011+00:00" testType="13cdc9d9-ddb5-4fa4-a97d-d965ccfc6d4b" outcome="Passed" testListId="8c84fa94-04c1-424b-9868-57a2d4851a1d" relativeResultsDirectory="6fee5737-2124-42dc-90ef-de9a83cf9f13" />
    <UnitTestResult executionId="dc90d32d-9cfd-4277-a48c-bb678bd289c3" testId="888cd500-2c8f-7aa2-83eb-f9f7da2cac5e" testName="Erp.Modules.Reports.Tests.RenderingTests.Arabic_runs_are_written_whole_and_in_reading_order_so_a_reader_extracts_words_intact" computerName="docker-desktop" duration="00:00:00.0158207" startTime="2026-10-10T11:16:51.1696704+00:00" endTime="2026-10-10T11:16:51.1856096+00:00" testType="13cdc9d9-ddb5-4fa4-a97d-d965ccfc6d4b" outcome="Passed" testListId="8c84fa94-04c1-424b-9868-57a2d4851a1d" relativeResultsDirectory="dc90d32d-9cfd-4277-a48c-bb678bd289c3" />
    <UnitTestResult executionId="d8093f2c-1ada-4cfc-b7b6-64025ea089b4" testId="5d30b6a2-edba-5a21-e77d-b4aaf885449c" testName="Erp.Modules.Reports.Tests.ReportApiTests.The_api_description_gives_every_report_route_its_document_schema_and_file_types" computerName="docker-desktop" duration="00:00:01.2114558" startTime="2026-10-10T11:17:27.6604621+00:00" endTime="2026-10-10T11:17:28.8719745+00:00" testType="13cdc9d9-ddb5-4fa4-a97d-d965ccfc6d4b" outcome="Passed" testListId="8c84fa94-04c1-424b-9868-57a2d4851a1d" relativeResultsDirectory="d8093f2c-1ada-4cfc-b7b6-64025ea089b4" />
    <UnitTestResult executionId="005c18e6-f1c6-4eb5-9b57-bc32294293de" testId="810ba69a-337f-4a02-c4a5-6acd2d9f1438" testName="Erp.Modules.Reports.Tests.RenderingTests.Xlsx_writes_totals_in_more_than_one_currency_as_text_and_adds_no_total_to_a_report_without_one" computerName="docker-desktop" duration="00:00:00.0286756" startTime="2026-10-10T11:16:50.9394239+00:00" endTime="2026-10-10T11:16:50.9681799+00:00" testType="13cdc9d9-ddb5-4fa4-a97d-d965ccfc6d4b" outcome="Passed" testListId="8c84fa94-04c1-424b-9868-57a2d4851a1d" relativeResultsDirectory="005c18e6-f1c6-4eb5-9b57-bc32294293de" />
    <UnitTestResult executionId="80679240-1937-42a5-ad55-860fae8bed96" testId="57d546f6-3b1f-a6c6-45eb-c51db25e9bf4" testName="Erp.Modules.Reports.Tests.ReportApiTests.The_roles_report_counts_holders_in_one_company_as_the_roles_list_does" computerName="docker-desktop" duration="00:00:01.4178945" startTime="2026-10-10T11:17:31.4565320+00:00" endTime="2026-10-10T11:17:32.8745881+00:00" testType="13cdc9d9-ddb5-4fa4-a97d-d965ccfc6d4b" outcome="Passed" testListId="8c84fa94-04c1-424b-9868-57a2d4851a1d" relativeResultsDirectory="80679240-1937-42a5-ad55-860fae8bed96" />
    <UnitTestResult executionId="6cb9bea0-6042-418b-999b-315c7c779668" testId="0083ab7a-240a-0135-14ed-964f6fd6bf32" testName="Erp.Modules.Reports.Tests.RenderingTests.Csv_cut_at_its_row_limit_ends_with_a_line_saying_so" computerName="docker-desktop" duration="00:00:00.0009968" startTime="2026-10-10T11:16:50.8065986+00:00" endTime="2026-10-10T11:16:50.8076474+00:00" testType="13cdc9d9-ddb5-4fa4-a97d-d965ccfc6d4b" outcome="Passed" testListId="8c84fa94-04c1-424b-9868-57a2d4851a1d" relativeResultsDirectory="6cb9bea0-6042-418b-999b-315c7c779668" />
    <UnitTestResult executionId="3a27a86c-2b50-4681-8f45-44d3476988af" testId="2187e032-6dea-d448-e164-0ab6febc6d56" testName="Erp.Modules.Reports.Tests.RenderingTests.A_very_long_unbroken_value_wraps_quickly_into_at_most_the_lines_kept(arabic: False)" computerName="docker-desktop" duration="00:00:00.0244348" startTime="2026-10-10T11:16:50.9075439+00:00" endTime="2026-10-10T11:16:50.9320969+00:00" testType="13cdc9d9-ddb5-4fa4-a97d-d965ccfc6d4b" outcome="Passed" testListId="8c84fa94-04c1-424b-9868-57a2d4851a1d" relativeResultsDirectory="3a27a86c-2b50-4681-8f45-44d3476988af" />
    <UnitTestResult executionId="0101fdf5-d056-4c9f-973f-42f1b30af67e" testId="01ef9bcf-603b-e015-eff4-831b52504fe7" testName="Erp.Modules.Reports.Tests.ReportApiTests.The_branch_directory_groups_by_company_with_counts_and_by_any_groupable_column" computerName="docker-desktop" duration="00:00:00.8981348" startTime="2026-10-10T11:17:30.5557034+00:00" endTime="2026-10-10T11:17:31.4540094+00:00" testType="13cdc9d9-ddb5-4fa4-a97d-d965ccfc6d4b" outcome="Passed" testListId="8c84fa94-04c1-424b-9868-57a2d4851a1d" relativeResultsDirectory="0101fdf5-d056-4c9f-973f-42f1b30af67e" />
    <UnitTestResult executionId="cae178dc-2c4b-42a2-a133-d9f3230638eb" testId="664bea02-500f-e7b2-7213-3546f204c5f0" testName="Erp.Modules.Reports.Tests.ReportApiTests.Another_tenants_company_or_no_company_is_not_found_and_bad_parameters_are_explained" computerName="docker-desktop" duration="00:00:02.7057882" startTime="2026-10-10T11:17:16.5272196+00:00" endTime="2026-10-10T11:17:19.2358996+00:00" testType="13cdc9d9-ddb5-4fa4-a97d-d965ccfc6d4b" outcome="Passed" testListId="8c84fa94-04c1-424b-9868-57a2d4851a1d" relativeResultsDirectory="cae178dc-2c4b-42a2-a133-d9f3230638eb" />
    <UnitTestResult executionId="2fc0e54f-8daa-47e0-9bc3-efcf91c6ae33" testId="30f6d399-e4e6-3962-c57a-6253614a6b0e" testName="Erp.Modules.Reports.Tests.RenderingTests.Exports_write_the_grouping_column_once_when_the_document_prints_it" computerName="docker-desktop" duration="00:00:00.1572955" startTime="2026-10-10T11:16:49.0417966+00:00" endTime="2026-10-10T11:16:49.1991634+00:00" testType="13cdc9d9-ddb5-4fa4-a97d-d965ccfc6d4b" outcome="Passed" testListId="8c84fa94-04c1-424b-9868-57a2d4851a1d" relativeResultsDirectory="2fc0e54f-8daa-47e0-9bc3-efcf91c6ae33" />
    <UnitTestResult executionId="e45ba682-9209-4fb5-8aab-d5a86a767376" testId="4e28fb3d-f4e7-7e76-b1d2-09e6c33d67cc" testName="Erp.Modules.Reports.Tests.RenderingTests.Csv_starts_with_a_byte_order_mark_keeps_raw_values_and_defuses_formulas" computerName="docker-desktop" duration="00:00:00.0027196" startTime="2026-10-10T11:16:51.1086474+00:00" endTime="2026-10-10T11:16:51.1114381+00:00" testType="13cdc9d9-ddb5-4fa4-a97d-d965ccfc6d4b" outcome="Passed" testListId="8c84fa94-04c1-424b-9868-57a2d4851a1d" relativeResultsDirectory="e45ba682-9209-4fb5-8aab-d5a86a767376" />
    <UnitTestResult executionId="995eaa94-91f4-4325-86fe-0fc73eeda4ae" testId="0e547924-f62a-9e39-da52-4e883172d23a" testName="Erp.Modules.Reports.Tests.RenderingTests.Long_text_wraps_at_spaces_within_the_width" computerName="docker-desktop" duration="00:00:00.0007337" startTime="2026-10-10T11:16:51.0951879+00:00" endTime="2026-10-10T11:16:51.0959580+00:00" testType="13cdc9d9-ddb5-4fa4-a97d-d965ccfc6d4b" outcome="Passed" testListId="8c84fa94-04c1-424b-9868-57a2d4851a1d" relativeResultsDirectory="995eaa94-91f4-4325-86fe-0fc73eeda4ae" />
    <UnitTestResult executionId="c24be28a-170d-44ad-8096-2a74fe3fbc0d" testId="830cbfd5-9c89-77ef-839f-3c48d80d234b" testName="Erp.Modules.Reports.Tests.RenderingTests.A_pdf_embeds_only_the_glyphs_it_draws_and_every_letter_keeps_its_outline" computerName="docker-desktop" duration="00:00:00.0368120" startTime="2026-10-10T11:16:51.1926675+00:00" endTime="2026-10-10T11:16:51.2296216+00:00" testType="13cdc9d9-ddb5-4fa4-a97d-d965ccfc6d4b" outcome="Passed" testListId="8c84fa94-04c1-424b-9868-57a2d4851a1d" relativeResultsDirectory="c24be28a-170d-44ad-8096-2a74fe3fbc0d" />
    <UnitTestResult executionId="134fd3ce-dd22-49e1-82ee-73ec61236e80" testId="2db2ba18-d179-e3ed-fcd7-e4c90c1977f6" testName="Erp.Modules.Reports.Tests.RenderingTests.A_very_long_unbroken_value_wraps_quickly_into_at_most_the_lines_kept(arabic: True)" computerName="docker-desktop" duration="00:00:00.0735768" startTime="2026-10-10T11:16:50.8321251+00:00" endTime="2026-10-10T11:16:50.9057845+00:00" testType="13cdc9d9-ddb5-4fa4-a97d-d965ccfc6d4b" outcome="Passed" testListId="8c84fa94-04c1-424b-9868-57a2d4851a1d" relativeResultsDirectory="134fd3ce-dd22-49e1-82ee-73ec61236e80" />
    <UnitTestResult executionId="6d45ecb1-b14d-40d6-8cd4-81c044268fe6" testId="31860e63-4b72-8854-f9d1-e1348efa9919" testName="Erp.Modules.Reports.Tests.RenderingTests.Mixed_text_is_ordered_as_a_reader_expects(text: &quot;05/10/2026 14:30&quot;, rightToLeft: True, expected: &quot;14:30|05/10/2026&quot;)" computerName="docker-desktop" duration="00:00:00.0000157" startTime="2026-10-10T11:16:49.0397110+00:00" endTime="2026-10-10T11:16:49.0397356+00:00" testType="13cdc9d9-ddb5-4fa4-a97d-d965ccfc6d4b" outcome="Passed" testListId="8c84fa94-04c1-424b-9868-57a2d4851a1d" relativeResultsDirectory="6d45ecb1-b14d-40d6-8cd4-81c044268fe6" />
    <UnitTestResult executionId="1c4fc458-2bbc-4bf0-9217-d1c701b82bf0" testId="a470584d-2911-a721-10e6-4af20a403d84" testName="Erp.Modules.Reports.Tests.RenderingTests.A_line_narrower_than_one_character_still_ends" computerName="docker-desktop" duration="00:00:00.0127484" startTime="2026-10-10T11:16:50.1431132+00:00" endTime="2026-10-10T11:16:50.1572857+00:00" testType="13cdc9d9-ddb5-4fa4-a97d-d965ccfc6d4b" outcome="Passed" testListId="8c84fa94-04c1-424b-9868-57a2d4851a1d" relativeResultsDirectory="1c4fc458-2bbc-4bf0-9217-d1c701b82bf0" />
    <UnitTestResult executionId="20714575-ce19-4ab3-9fae-bcd161e50808" testId="f6907a4b-0f01-1e07-5acf-3485e4d6edbc" testName="Erp.Modules.Reports.Tests.RenderingTests.Mixed_text_is_ordered_as_a_reader_expects(text: &quot;+971 2 555 7810&quot;, rightToLeft: True, expected: &quot;+971 2 555 7810&quot;)" computerName="docker-desktop" duration="00:00:00.0000229" startTime="2026-10-10T11:16:49.0394659+00:00" endTime="2026-10-10T11:16:49.0394983+00:00" testType="13cdc9d9-ddb5-4fa4-a97d-d965ccfc6d4b" outcome="Passed" testListId="8c84fa94-04c1-424b-9868-57a2d4851a1d" relativeResultsDirectory="20714575-ce19-4ab3-9fae-bcd161e50808" />
    <UnitTestResult executionId="4316a6fc-5402-4f1a-b74a-e76cef246924" testId="0a72ab36-d7c7-1fb6-878b-265794d42d4b" testName="Erp.Modules.Reports.Tests.RenderingTests.Mixed_text_is_ordered_as_a_reader_expects(text: &quot;Branch: الفرع الرئيسي today&quot;, rightToLeft: False, expected: &quot;Branch:|الفرع الرئيسي|today&quot;)" computerName="docker-desktop" duration="00:00:00.0000181" startTime="2026-10-10T11:16:49.0393438+00:00" endTime="2026-10-10T11:16:49.0393718+00:00" testType="13cdc9d9-ddb5-4fa4-a97d-d965ccfc6d4b" outcome="Passed" testListId="8c84fa94-04c1-424b-9868-57a2d4851a1d" relativeResultsDirectory="4316a6fc-5402-4f1a-b74a-e76cef246924" />
    <UnitTestResult executionId="6d30860f-1197-4e65-959a-cdc02ec1b8f9" testId="abfe5491-6101-e71a-0386-80a1d8dec480" testName="Erp.Modules.Reports.Tests.RenderingTests.Each_script_is_drawn_with_a_font_that_has_it" computerName="docker-desktop" duration="00:00:00.0036851" startTime="2026-10-10T11:16:50.8219438+00:00" endTime="2026-10-10T11:16:50.8257366+00:00" testType="13cdc9d9-ddb5-4fa4-a97d-d965ccfc6d4b" outcome="Passed" testListId="8c84fa94-04c1-424b-9868-57a2d4851a1d" relativeResultsDirectory="6d30860f-1197-4e65-959a-cdc02ec1b8f9" />
    <UnitTestResult executionId="f35b9f48-058b-4b2a-9b41-a59f7e543a5c" testId="2d834722-eaa0-6e72-a048-32f669713776" testName="Erp.Modules.Reports.Tests.RenderingTests.Xlsx_cut_at_its_row_limit_says_so_under_the_table_outside_the_filter" computerName="docker-desktop" duration="00:00:00.0020238" startTime="2026-10-10T11:16:51.1120459+00:00" endTime="2026-10-10T11:16:51.1141243+00:00" testType="13cdc9d9-ddb5-4fa4-a97d-d965ccfc6d4b" outcome="Passed" testListId="8c84fa94-04c1-424b-9868-57a2d4851a1d" relativeResultsDirectory="f35b9f48-058b-4b2a-9b41-a59f7e543a5c" />
    <UnitTestResult executionId="bf86be3a-9644-4bc8-80c7-41306fc5ac38" testId="69b9e9d4-2c54-375d-a269-1d9bee8afcaf" testName="Erp.Modules.Reports.Tests.ReportApiTests.A_users_list_names_roles_beyond_the_first_page_of_roles" computerName="docker-desktop" duration="00:00:03.6045398" startTime="2026-10-10T11:17:35.8991532+00:00" endTime="2026-10-10T11:17:39.5037742+00:00" testType="13cdc9d9-ddb5-4fa4-a97d-d965ccfc6d4b" outcome="Passed" testListId="8c84fa94-04c1-424b-9868-57a2d4851a1d" relativeResultsDirectory="bf86be3a-9644-4bc8-80c7-41306fc5ac38" />
    <UnitTestResult executionId="cb036b0e-8025-42d7-9484-519d61abad70" testId="d88ef5ec-a930-a3e2-8508-239e7fb14af5" testName="Erp.Modules.Reports.Tests.ReportApiTests.The_roles_report_totals_users_and_permissions_per_kind_and_overall" computerName="docker-desktop" duration="00:00:00.2127552" startTime="2026-10-10T11:17:32.8752846+00:00" endTime="2026-10-10T11:17:33.0880804+00:00" testType="13cdc9d9-ddb5-4fa4-a97d-d965ccfc6d4b" outcome="Passed" testListId="8c84fa94-04c1-424b-9868-57a2d4851a1d" relativeResultsDirectory="cb036b0e-8025-42d7-9484-519d61abad70" />
    <UnitTestResult executionId="015080c9-eb69-44fd-a18f-2a2ad5dcb933" testId="f2e63844-fdb7-cd44-5e69-6f45e7cdfd40" testName="Erp.Modules.Reports.Tests.RenderingTests.A_font_subset_keeps_the_drawn_glyphs_and_their_components_at_their_ids" computerName="docker-desktop" duration="00:00:00.0278064" startTime="2026-10-10T11:16:50.1142079+00:00" endTime="2026-10-10T11:16:50.1421821+00:00" testType="13cdc9d9-ddb5-4fa4-a97d-d965ccfc6d4b" outcome="Passed" testListId="8c84fa94-04c1-424b-9868-57a2d4851a1d" relativeResultsDirectory="015080c9-eb69-44fd-a18f-2a2ad5dcb933" />
    <UnitTestResult executionId="7b52302c-21ae-4933-a6c2-817a6eb2e035" testId="2eba55c4-c9a0-0384-9fd9-98d8f8e00129" testName="Erp.Modules.Reports.Tests.RenderingTests.A_wide_table_turns_the_page_to_landscape" computerName="docker-desktop" duration="00:00:00.0333019" startTime="2026-10-10T11:16:50.9689141+00:00" endTime="2026-10-10T11:16:51.0022951+00:00" testType="13cdc9d9-ddb5-4fa4-a97d-d965ccfc6d4b" outcome="Passed" testListId="8c84fa94-04c1-424b-9868-57a2d4851a1d" relativeResultsDirectory="7b52302c-21ae-4933-a6c2-817a6eb2e035" />
    <UnitTestResult executionId="eaceb8ad-b8e3-41ca-9de2-46c26b0415a2" testId="fba96f2c-5e14-c1b3-ad4f-a6022fac092a" testName="Erp.Modules.Reports.Tests.RenderingTests.Arabic_letters_that_share_a_glyph_extract_as_the_letters_printed" computerName="docker-desktop" duration="00:00:00.0089569" startTime="2026-10-10T11:16:50.7964071+00:00" endTime="2026-10-10T11:16:50.8055283+00:00" testType="13cdc9d9-ddb5-4fa4-a97d-d965ccfc6d4b" outcome="Passed" testListId="8c84fa94-04c1-424b-9868-57a2d4851a1d" relativeResultsDirectory="eaceb8ad-b8e3-41ca-9de2-46c26b0415a2" />
    <UnitTestResult executionId="d53ba445-7bd0-4b67-92aa-d2d4a1317e98" testId="b7768cea-a85c-c25e-e71d-f12f3d9d1de3" testName="Erp.Modules.Reports.Tests.RenderingTests.Arabic_text_is_shaped_into_joining_forms_with_lam_alef" computerName="docker-desktop" duration="00:00:00.0387549" startTime="2026-10-10T11:16:50.0719981+00:00" endTime="2026-10-10T11:16:50.1108217+00:00" testType="13cdc9d9-ddb5-4fa4-a97d-d965ccfc6d4b" outcome="Passed" testListId="8c84fa94-04c1-424b-9868-57a2d4851a1d" relativeResultsDirectory="d53ba445-7bd0-4b67-92aa-d2d4a1317e98" />
    <UnitTestResult executionId="5e1fa3de-13cc-4823-934f-ded1f36d3746" testId="a6e00a03-bcf1-fe7c-90be-73226354c247" testName="Erp.Modules.Reports.Tests.RenderingTests.Mixed_text_is_ordered_as_a_reader_expects(text: &quot;فاتورة 2026-10 رقم 15&quot;, rightToLeft: True, expected: &quot;15|رقم|10|-|2026|فاتورة&quot;)" computerName="docker-desktop" duration="00:00:00.0021105" startTime="2026-10-10T11:16:49.0361542+00:00" endTime="2026-10-10T11:16:49.0383553+00:00" testType="13cdc9d9-ddb5-4fa4-a97d-d965ccfc6d4b" outcome="Passed" testListId="8c84fa94-04c1-424b-9868-57a2d4851a1d" relativeResultsDirectory="5e1fa3de-13cc-4823-934f-ded1f36d3746" />
    <UnitTestResult executionId="550c6181-59d4-42ef-bde8-6de06eb220ca" testId="3529ed9e-8fb8-44c8-a5bd-d2314ddc827c" testName="Erp.Modules.Reports.Tests.RenderingTests.Mixed_text_is_ordered_as_a_reader_expects(text: &quot;04 555 7810&quot;, rightToLeft: True, expected: &quot;04 555 7810&quot;)" computerName="docker-desktop" duration="00:00:00.0000148" startTime="2026-10-10T11:16:49.0395912+00:00" endTime="2026-10-10T11:16:49.0396171+00:00" testType="13cdc9d9-ddb5-4fa4-a97d-d965ccfc6d4b" outcome="Passed" testListId="8c84fa94-04c1-424b-9868-57a2d4851a1d" relativeResultsDirectory="550c6181-59d4-42ef-bde8-6de06eb220ca" />
    <UnitTestResult executionId="4f425048-6698-4ae1-aced-98107231b8d7" testId="2c27b2d2-75c6-86f6-e39a-92ad688a0079" testName="Erp.Modules.Reports.Tests.ReportApiTests.A_printed_users_list_names_roles_held_in_one_company_with_its_code_and_names_the_printer_in_the_documents_language" computerName="docker-desktop" duration="00:00:01.9040106" startTime="2026-10-10T11:17:33.0888315+00:00" endTime="2026-10-10T11:17:34.9928873+00:00" testType="13cdc9d9-ddb5-4fa4-a97d-d965ccfc6d4b" outcome="Passed" testListId="8c84fa94-04c1-424b-9868-57a2d4851a1d" relativeResultsDirectory="4f425048-6698-4ae1-aced-98107231b8d7" />
    <UnitTestResult executionId="8ff7c63a-2b39-4088-acab-22a24381dfb2" testId="f017af11-6849-526c-806f-ea77420a8e2d" testName="Erp.Modules.Reports.Tests.RenderingTests.A_composite_glyph_keeps_the_glyphs_it_is_built_from" computerName="docker-desktop" duration="00:00:00.0040073" startTime="2026-10-10T11:16:51.2313016+00:00" endTime="2026-10-10T11:16:51.2353767+00:00" testType="13cdc9d9-ddb5-4fa4-a97d-d965ccfc6d4b" outcome="Passed" testListId="8c84fa94-04c1-424b-9868-57a2d4851a1d" relativeResultsDirectory="8ff7c63a-2b39-4088-acab-22a24381dfb2" />
    <UnitTestResult executionId="6ea0dfa0-3043-47dd-af15-2d4ce52ad153" testId="9ec5ccc7-db06-69c7-7f1d-d747c0c43888" testName="Erp.Modules.Reports.Tests.RenderingTests.Xlsx_has_a_right_to_left_sheet_with_numbers_as_numbers" computerName="docker-desktop" duration="00:00:00.0041927" startTime="2026-10-10T11:16:50.8270772+00:00" endTime="2026-10-10T11:16:50.8313453+00:00" testType="13cdc9d9-ddb5-4fa4-a97d-d965ccfc6d4b" outcome="Passed" testListId="8c84fa94-04c1-424b-9868-57a2d4851a1d" relativeResultsDirectory="6ea0dfa0-3043-47dd-af15-2d4ce52ad153" />
    <UnitTestResult executionId="401e0f31-cef0-40ab-a2e5-296e39c8565a" testId="02f069c1-282b-6cc7-5f5c-9945e6aa5f26" testName="Erp.Modules.Reports.Tests.RenderingTests.Mixed_text_is_ordered_as_a_reader_expects(text: &quot;هاتف +971 4 123-4567 فرع&quot;, rightToLeft: True, expected: &quot;فرع|+971 4 123-4567|هاتف&quot;)" computerName="docker-desktop" duration="00:00:00.0000843" startTime="2026-10-10T11:16:49.0391046+00:00" endTime="2026-10-10T11:16:49.0392130+00:00" testType="13cdc9d9-ddb5-4fa4-a97d-d965ccfc6d4b" outcome="Passed" testListId="8c84fa94-04c1-424b-9868-57a2d4851a1d" relativeResultsDirectory="401e0f31-cef0-40ab-a2e5-296e39c8565a" />
    <UnitTestResult executionId="433d6839-7787-486d-9e72-acd9858789e9" testId="31b9ede7-ce3c-b664-3549-2f3e58bdf117" testName="Erp.Modules.Reports.Tests.RenderingTests.Numbers_amounts_and_dates_follow_the_language_and_digits" computerName="docker-desktop" duration="00:00:00.0020052" startTime="2026-10-10T11:16:51.1885562+00:00" endTime="2026-10-10T11:16:51.1906416+00:00" testType="13cdc9d9-ddb5-4fa4-a97d-d965ccfc6d4b" outcome="Passed" testListId="8c84fa94-04c1-424b-9868-57a2d4851a1d" relativeResultsDirectory="433d6839-7787-486d-9e72-acd9858789e9" />
  </Results>
  <TestDefinitions>
    <UnitTest name="Erp.Modules.Reports.Tests.ReportApiTests.A_company_profile_prints_in_arabic_from_an_english_session" storage="/work/tests/erp.modules.reports.tests/bin/release/net10.0/erp.modules.reports.tests.dll" id="b2742389-a34e-a93f-c75a-304e3ac6a1fa">
      <Execution id="22d9698b-66e8-45d8-bdf8-06951f5d6f2d" />
      <TestMethod codeBase="/work/tests/Erp.Modules.Reports.Tests/bin/Release/net10.0/Erp.Modules.Reports.Tests.dll" adapterTypeName="executor://xunit/VsTestRunner3/netcore/" className="Erp.Modules.Reports.Tests.ReportApiTests" name="A_company_profile_prints_in_arabic_from_an_english_session" />
    </UnitTest>
    <UnitTest name="Erp.Modules.Reports.Tests.ReportApiTests.A_list_of_records_in_a_cell_prints_as_their_codes" storage="/work/tests/erp.modules.reports.tests/bin/release/net10.0/erp.modules.reports.tests.dll" id="85b476f9-a9d2-c3db-8cc2-79667116f813">
      <Execution id="3541edb9-4c19-4ebd-afa0-31c7a7284fb8" />
      <TestMethod codeBase="/work/tests/Erp.Modules.Reports.Tests/bin/Release/net10.0/Erp.Modules.Reports.Tests.dll" adapterTypeName="executor://xunit/VsTestRunner3/netcore/" className="Erp.Modules.Reports.Tests.ReportApiTests" name="A_list_of_records_in_a_cell_prints_as_their_codes" />
    </UnitTest>
    <UnitTest name="Erp.Modules.Reports.Tests.ReportApiTests.The_reports_isolation_probe_reports_requests_that_get_no_answer_and_runs_the_rest" storage="/work/tests/erp.modules.reports.tests/bin/release/net10.0/erp.modules.reports.tests.dll" id="dbb5ef5e-3515-49cd-24ae-b55495b8d450">
      <Execution id="8f6cbf7c-503f-49d4-9c4e-0cbc1031e981" />
      <TestMethod codeBase="/work/tests/Erp.Modules.Reports.Tests/bin/Release/net10.0/Erp.Modules.Reports.Tests.dll" adapterTypeName="executor://xunit/VsTestRunner3/netcore/" className="Erp.Modules.Reports.Tests.ReportApiTests" name="The_reports_isolation_probe_reports_requests_that_get_no_answer_and_runs_the_rest" />
    </UnitTest>
    <UnitTest name="Erp.Modules.Reports.Tests.RenderingTests.Numbers_amounts_and_dates_follow_the_language_and_digits" storage="/work/tests/erp.modules.reports.tests/bin/release/net10.0/erp.modules.reports.tests.dll" id="31b9ede7-ce3c-b664-3549-2f3e58bdf117">
      <Execution id="433d6839-7787-486d-9e72-acd9858789e9" />
      <TestMethod codeBase="/work/tests/Erp.Modules.Reports.Tests/bin/Release/net10.0/Erp.Modules.Reports.Tests.dll" adapterTypeName="executor://xunit/VsTestRunner3/netcore/" className="Erp.Modules.Reports.Tests.RenderingTests" name="Numbers_amounts_and_dates_follow_the_language_and_digits" />
    </UnitTest>
    <UnitTest name="Erp.Modules.Reports.Tests.RenderingTests.Mixed_text_is_ordered_as_a_reader_expects(text: &quot;Branch: الفرع الرئيسي today&quot;, rightToLeft: False, expected: &quot;Branch:|الفرع الرئيسي|today&quot;)" storage="/work/tests/erp.modules.reports.tests/bin/release/net10.0/erp.modules.reports.tests.dll" id="0a72ab36-d7c7-1fb6-878b-265794d42d4b">
      <Execution id="4316a6fc-5402-4f1a-b74a-e76cef246924" />
      <TestMethod codeBase="/work/tests/Erp.Modules.Reports.Tests/bin/Release/net10.0/Erp.Modules.Reports.Tests.dll" adapterTypeName="executor://xunit/VsTestRunner3/netcore/" className="Erp.Modules.Reports.Tests.RenderingTests" name="Mixed_text_is_ordered_as_a_reader_expects" />
    </UnitTest>
    <UnitTest name="Erp.Modules.Reports.Tests.RenderingTests.Xlsx_cut_at_its_row_limit_says_so_under_the_table_outside_the_filter" storage="/work/tests/erp.modules.reports.tests/bin/release/net10.0/erp.modules.reports.tests.dll" id="2d834722-eaa0-6e72-a048-32f669713776">
      <Execution id="f35b9f48-058b-4b2a-9b41-a59f7e543a5c" />
      <TestMethod codeBase="/work/tests/Erp.Modules.Reports.Tests/bin/Release/net10.0/Erp.Modules.Reports.Tests.dll" adapterTypeName="executor://xunit/VsTestRunner3/netcore/" className="Erp.Modules.Reports.Tests.RenderingTests" name="Xlsx_cut_at_its_row_limit_says_so_under_the_table_outside_the_filter" />
    </UnitTest>
    <UnitTest name="Erp.Modules.Reports.Tests.ReportApiTests.Another_areas_columns_and_parameters_are_left_out_for_a_caller_who_cannot_read_that_area" storage="/work/tests/erp.modules.reports.tests/bin/release/net10.0/erp.modules.reports.tests.dll" id="65d45569-0733-23ee-b346-f6dec7d6cc27">
      <Execution id="745abcf3-9b01-4e25-9343-edc5254a36ba" />
      <TestMethod codeBase="/work/tests/Erp.Modules.Reports.Tests/bin/Release/net10.0/Erp.Modules.Reports.Tests.dll" adapterTypeName="executor://xunit/VsTestRunner3/netcore/" className="Erp.Modules.Reports.Tests.ReportApiTests" name="Another_areas_columns_and_parameters_are_left_out_for_a_caller_who_cannot_read_that_area" />
    </UnitTest>
    <UnitTest name="Erp.Modules.Reports.Tests.RenderingTests.A_telephone_number_prints_left_to_right_in_an_arabic_pdf" storage="/work/tests/erp.modules.reports.tests/bin/release/net10.0/erp.modules.reports.tests.dll" id="b7ab867b-5819-268a-78e5-0cb4046b0c28">
      <Execution id="35ec483a-df87-406c-8aa2-2e89fe16ec41" />
      <TestMethod codeBase="/work/tests/Erp.Modules.Reports.Tests/bin/Release/net10.0/Erp.Modules.Reports.Tests.dll" adapterTypeName="executor://xunit/VsTestRunner3/netcore/" className="Erp.Modules.Reports.Tests.RenderingTests" name="A_telephone_number_prints_left_to_right_in_an_arabic_pdf" />
    </UnitTest>
    <UnitTest name="Erp.Modules.Reports.Tests.RenderingTests.Long_text_wraps_at_spaces_within_the_width" storage="/work/tests/erp.modules.reports.tests/bin/release/net10.0/erp.modules.reports.tests.dll" id="0e547924-f62a-9e39-da52-4e883172d23a">
      <Execution id="995eaa94-91f4-4325-86fe-0fc73eeda4ae" />
      <TestMethod codeBase="/work/tests/Erp.Modules.Reports.Tests/bin/Release/net10.0/Erp.Modules.Reports.Tests.dll" adapterTypeName="executor://xunit/VsTestRunner3/netcore/" className="Erp.Modules.Reports.Tests.RenderingTests" name="Long_text_wraps_at_spaces_within_the_width" />
    </UnitTest>
    <UnitTest name="Erp.Modules.Reports.Tests.RenderingTests.Exports_write_the_grouping_column_once_when_the_document_prints_it" storage="/work/tests/erp.modules.reports.tests/bin/release/net10.0/erp.modules.reports.tests.dll" id="30f6d399-e4e6-3962-c57a-6253614a6b0e">
      <Execution id="2fc0e54f-8daa-47e0-9bc3-efcf91c6ae33" />
      <TestMethod codeBase="/work/tests/Erp.Modules.Reports.Tests/bin/Release/net10.0/Erp.Modules.Reports.Tests.dll" adapterTypeName="executor://xunit/VsTestRunner3/netcore/" className="Erp.Modules.Reports.Tests.RenderingTests" name="Exports_write_the_grouping_column_once_when_the_document_prints_it" />
    </UnitTest>
    <UnitTest name="Erp.Modules.Reports.Tests.RenderingTests.The_first_strong_character_decides_a_values_direction" storage="/work/tests/erp.modules.reports.tests/bin/release/net10.0/erp.modules.reports.tests.dll" id="38e6f1a8-7cea-1a8a-bfca-b643812141ca">
      <Execution id="93896b55-7f7a-4f01-a7d0-d6e0a443449e" />
      <TestMethod codeBase="/work/tests/Erp.Modules.Reports.Tests/bin/Release/net10.0/Erp.Modules.Reports.Tests.dll" adapterTypeName="executor://xunit/VsTestRunner3/netcore/" className="Erp.Modules.Reports.Tests.RenderingTests" name="The_first_strong_character_decides_a_values_direction" />
    </UnitTest>
    <UnitTest name="Erp.Modules.Reports.Tests.RenderingTests.A_long_run_maps_every_glyph_back_to_its_characters_and_a_line_shaped_again_is_the_same" storage="/work/tests/erp.modules.reports.tests/bin/release/net10.0/erp.modules.reports.tests.dll" id="af99bc5f-3b90-6d47-5e49-565ff544cb7f">
      <Execution id="6d05409b-deae-4831-a12b-41be8a1da8c5" />
      <TestMethod codeBase="/work/tests/Erp.Modules.Reports.Tests/bin/Release/net10.0/Erp.Modules.Reports.Tests.dll" adapterTypeName="executor://xunit/VsTestRunner3/netcore/" className="Erp.Modules.Reports.Tests.RenderingTests" name="A_long_run_maps_every_glyph_back_to_its_characters_and_a_line_shaped_again_is_the_same" />
    </UnitTest>
    <UnitTest name="Erp.Modules.Reports.Tests.RenderingTests.Mixed_text_is_ordered_as_a_reader_expects(text: &quot;فاتورة 2026-10 رقم 15&quot;, rightToLeft: True, expected: &quot;15|رقم|10|-|2026|فاتورة&quot;)" storage="/work/tests/erp.modules.reports.tests/bin/release/net10.0/erp.modules.reports.tests.dll" id="a6e00a03-bcf1-fe7c-90be-73226354c247">
      <Execution id="5e1fa3de-13cc-4823-934f-ded1f36d3746" />
      <TestMethod codeBase="/work/tests/Erp.Modules.Reports.Tests/bin/Release/net10.0/Erp.Modules.Reports.Tests.dll" adapterTypeName="executor://xunit/VsTestRunner3/netcore/" className="Erp.Modules.Reports.Tests.RenderingTests" name="Mixed_text_is_ordered_as_a_reader_expects" />
    </UnitTest>
    <UnitTest name="Erp.Modules.Reports.Tests.RenderingTests.A_very_long_unbroken_value_wraps_quickly_into_at_most_the_lines_kept(arabic: False)" storage="/work/tests/erp.modules.reports.tests/bin/release/net10.0/erp.modules.reports.tests.dll" id="2187e032-6dea-d448-e164-0ab6febc6d56">
      <Execution id="3a27a86c-2b50-4681-8f45-44d3476988af" />
      <TestMethod codeBase="/work/tests/Erp.Modules.Reports.Tests/bin/Release/net10.0/Erp.Modules.Reports.Tests.dll" adapterTypeName="executor://xunit/VsTestRunner3/netcore/" className="Erp.Modules.Reports.Tests.RenderingTests" name="A_very_long_unbroken_value_wraps_quickly_into_at_most_the_lines_kept" />
    </UnitTest>
    <UnitTest name="Erp.Modules.Reports.Tests.RenderingTests.Mixed_text_is_ordered_as_a_reader_expects(text: &quot;+971 2 555 7810&quot;, rightToLeft: True, expected: &quot;+971 2 555 7810&quot;)" storage="/work/tests/erp.modules.reports.tests/bin/release/net10.0/erp.modules.reports.tests.dll" id="f6907a4b-0f01-1e07-5acf-3485e4d6edbc">
      <Execution id="20714575-ce19-4ab3-9fae-bcd161e50808" />
      <TestMethod codeBase="/work/tests/Erp.Modules.Reports.Tests/bin/Release/net10.0/Erp.Modules.Reports.Tests.dll" adapterTypeName="executor://xunit/VsTestRunner3/netcore/" className="Erp.Modules.Reports.Tests.RenderingTests" name="Mixed_text_is_ordered_as_a_reader_expects" />
    </UnitTest>
    <UnitTest name="Erp.Modules.Reports.Tests.ReportApiTests.A_printed_users_list_names_roles_held_in_one_company_with_its_code_and_names_the_printer_in_the_documents_language" storage="/work/tests/erp.modules.reports.tests/bin/release/net10.0/erp.modules.reports.tests.dll" id="2c27b2d2-75c6-86f6-e39a-92ad688a0079">
      <Execution id="4f425048-6698-4ae1-aced-98107231b8d7" />
      <TestMethod codeBase="/work/tests/Erp.Modules.Reports.Tests/bin/Release/net10.0/Erp.Modules.Reports.Tests.dll" adapterTypeName="executor://xunit/VsTestRunner3/netcore/" className="Erp.Modules.Reports.Tests.ReportApiTests" name="A_printed_users_list_names_roles_held_in_one_company_with_its_code_and_names_the_printer_in_the_documents_language" />
    </UnitTest>
    <UnitTest name="Erp.Modules.Reports.Tests.RenderingTests.A_composite_glyph_keeps_the_glyphs_it_is_built_from" storage="/work/tests/erp.modules.reports.tests/bin/release/net10.0/erp.modules.reports.tests.dll" id="f017af11-6849-526c-806f-ea77420a8e2d">
      <Execution id="8ff7c63a-2b39-4088-acab-22a24381dfb2" />
      <TestMethod codeBase="/work/tests/Erp.Modules.Reports.Tests/bin/Release/net10.0/Erp.Modules.Reports.Tests.dll" adapterTypeName="executor://xunit/VsTestRunner3/netcore/" className="Erp.Modules.Reports.Tests.RenderingTests" name="A_composite_glyph_keeps_the_glyphs_it_is_built_from" />
    </UnitTest>
    <UnitTest name="Erp.Modules.Reports.Tests.RenderingTests.Mixed_text_is_ordered_as_a_reader_expects(text: &quot;05/10/2026 14:30&quot;, rightToLeft: True, expected: &quot;14:30|05/10/2026&quot;)" storage="/work/tests/erp.modules.reports.tests/bin/release/net10.0/erp.modules.reports.tests.dll" id="31860e63-4b72-8854-f9d1-e1348efa9919">
      <Execution id="6d45ecb1-b14d-40d6-8cd4-81c044268fe6" />
      <TestMethod codeBase="/work/tests/Erp.Modules.Reports.Tests/bin/Release/net10.0/Erp.Modules.Reports.Tests.dll" adapterTypeName="executor://xunit/VsTestRunner3/netcore/" className="Erp.Modules.Reports.Tests.RenderingTests" name="Mixed_text_is_ordered_as_a_reader_expects" />
    </UnitTest>
    <UnitTest name="Erp.Modules.Reports.Tests.RenderingTests.Xlsx_writes_totals_in_more_than_one_currency_as_text_and_adds_no_total_to_a_report_without_one" storage="/work/tests/erp.modules.reports.tests/bin/release/net10.0/erp.modules.reports.tests.dll" id="810ba69a-337f-4a02-c4a5-6acd2d9f1438">
      <Execution id="005c18e6-f1c6-4eb5-9b57-bc32294293de" />
      <TestMethod codeBase="/work/tests/Erp.Modules.Reports.Tests/bin/Release/net10.0/Erp.Modules.Reports.Tests.dll" adapterTypeName="executor://xunit/VsTestRunner3/netcore/" className="Erp.Modules.Reports.Tests.RenderingTests" name="Xlsx_writes_totals_in_more_than_one_currency_as_text_and_adds_no_total_to_a_report_without_one" />
    </UnitTest>
    <UnitTest name="Erp.Modules.Reports.Tests.ReportApiTests.A_users_list_names_roles_beyond_the_first_page_of_roles" storage="/work/tests/erp.modules.reports.tests/bin/release/net10.0/erp.modules.reports.tests.dll" id="69b9e9d4-2c54-375d-a269-1d9bee8afcaf">
      <Execution id="bf86be3a-9644-4bc8-80c7-41306fc5ac38" />
      <TestMethod codeBase="/work/tests/Erp.Modules.Reports.Tests/bin/Release/net10.0/Erp.Modules.Reports.Tests.dll" adapterTypeName="executor://xunit/VsTestRunner3/netcore/" className="Erp.Modules.Reports.Tests.ReportApiTests" name="A_users_list_names_roles_beyond_the_first_page_of_roles" />
    </UnitTest>
    <UnitTest name="Erp.Modules.Reports.Tests.RenderingTests.Csv_carries_the_rows_only_so_another_program_reads_every_line_as_data" storage="/work/tests/erp.modules.reports.tests/bin/release/net10.0/erp.modules.reports.tests.dll" id="26ea49f0-841f-1c0b-2cab-90c1420f46bd">
      <Execution id="55b036cd-3d4d-4dd8-9c23-3787216198d2" />
      <TestMethod codeBase="/work/tests/Erp.Modules.Reports.Tests/bin/Release/net10.0/Erp.Modules.Reports.Tests.dll" adapterTypeName="executor://xunit/VsTestRunner3/netcore/" className="Erp.Modules.Reports.Tests.RenderingTests" name="Csv_carries_the_rows_only_so_another_program_reads_every_line_as_data" />
    </UnitTest>
    <UnitTest name="Erp.Modules.Reports.Tests.ReportApiTests.Exports_carry_the_rows_as_csv_and_as_a_workbook" storage="/work/tests/erp.modules.reports.tests/bin/release/net10.0/erp.modules.reports.tests.dll" id="f62ea91d-76e0-ec7e-e83e-0695ead70fef">
      <Execution id="9b56b964-bdf8-4fa6-98d0-944ec9a08252" />
      <TestMethod codeBase="/work/tests/Erp.Modules.Reports.Tests/bin/Release/net10.0/Erp.Modules.Reports.Tests.dll" adapterTypeName="executor://xunit/VsTestRunner3/netcore/" className="Erp.Modules.Reports.Tests.ReportApiTests" name="Exports_carry_the_rows_as_csv_and_as_a_workbook" />
    </UnitTest>
    <UnitTest name="Erp.Modules.Reports.Tests.RenderingTests.A_very_long_unbroken_value_wraps_quickly_into_at_most_the_lines_kept(arabic: True)" storage="/work/tests/erp.modules.reports.tests/bin/release/net10.0/erp.modules.reports.tests.dll" id="2db2ba18-d179-e3ed-fcd7-e4c90c1977f6">
      <Execution id="134fd3ce-dd22-49e1-82ee-73ec61236e80" />
      <TestMethod codeBase="/work/tests/Erp.Modules.Reports.Tests/bin/Release/net10.0/Erp.Modules.Reports.Tests.dll" adapterTypeName="executor://xunit/VsTestRunner3/netcore/" className="Erp.Modules.Reports.Tests.RenderingTests" name="A_very_long_unbroken_value_wraps_quickly_into_at_most_the_lines_kept" />
    </UnitTest>
    <UnitTest name="Erp.Modules.Reports.Tests.RenderingTests.A_pdf_starts_with_a_well_formed_header" storage="/work/tests/erp.modules.reports.tests/bin/release/net10.0/erp.modules.reports.tests.dll" id="d3111c51-0b11-b783-dd63-d3752aa31625">
      <Execution id="2da55bae-95a3-488f-8673-67543e828b66" />
      <TestMethod codeBase="/work/tests/Erp.Modules.Reports.Tests/bin/Release/net10.0/Erp.Modules.Reports.Tests.dll" adapterTypeName="executor://xunit/VsTestRunner3/netcore/" className="Erp.Modules.Reports.Tests.RenderingTests" name="A_pdf_starts_with_a_well_formed_header" />
    </UnitTest>
    <UnitTest name="Erp.Modules.Reports.Tests.RenderingTests.Each_script_is_drawn_with_a_font_that_has_it" storage="/work/tests/erp.modules.reports.tests/bin/release/net10.0/erp.modules.reports.tests.dll" id="abfe5491-6101-e71a-0386-80a1d8dec480">
      <Execution id="6d30860f-1197-4e65-959a-cdc02ec1b8f9" />
      <TestMethod codeBase="/work/tests/Erp.Modules.Reports.Tests/bin/Release/net10.0/Erp.Modules.Reports.Tests.dll" adapterTypeName="executor://xunit/VsTestRunner3/netcore/" className="Erp.Modules.Reports.Tests.RenderingTests" name="Each_script_is_drawn_with_a_font_that_has_it" />
    </UnitTest>
    <UnitTest name="Erp.Modules.Reports.Tests.ReportApiTests.The_printed_roles_list_names_each_roles_type_and_aligns_counts_as_numbers" storage="/work/tests/erp.modules.reports.tests/bin/release/net10.0/erp.modules.reports.tests.dll" id="1c52cd1b-e4a4-8815-86d3-239148e98637">
      <Execution id="9084b52e-acdb-4137-8aa7-08d35d6bb8c7" />
      <TestMethod codeBase="/work/tests/Erp.Modules.Reports.Tests/bin/Release/net10.0/Erp.Modules.Reports.Tests.dll" adapterTypeName="executor://xunit/VsTestRunner3/netcore/" className="Erp.Modules.Reports.Tests.ReportApiTests" name="The_printed_roles_list_names_each_roles_type_and_aligns_counts_as_numbers" />
    </UnitTest>
    <UnitTest name="Erp.Modules.Reports.Tests.ReportApiTests.The_roles_report_counts_holders_in_one_company_as_the_roles_list_does" storage="/work/tests/erp.modules.reports.tests/bin/release/net10.0/erp.modules.reports.tests.dll" id="57d546f6-3b1f-a6c6-45eb-c51db25e9bf4">
      <Execution id="80679240-1937-42a5-ad55-860fae8bed96" />
      <TestMethod codeBase="/work/tests/Erp.Modules.Reports.Tests/bin/Release/net10.0/Erp.Modules.Reports.Tests.dll" adapterTypeName="executor://xunit/VsTestRunner3/netcore/" className="Erp.Modules.Reports.Tests.ReportApiTests" name="The_roles_report_counts_holders_in_one_company_as_the_roles_list_does" />
    </UnitTest>
    <UnitTest name="Erp.Modules.Reports.Tests.ReportApiTests.The_branch_directory_groups_by_company_with_counts_and_by_any_groupable_column" storage="/work/tests/erp.modules.reports.tests/bin/release/net10.0/erp.modules.reports.tests.dll" id="01ef9bcf-603b-e015-eff4-831b52504fe7">
      <Execution id="0101fdf5-d056-4c9f-973f-42f1b30af67e" />
      <TestMethod codeBase="/work/tests/Erp.Modules.Reports.Tests/bin/Release/net10.0/Erp.Modules.Reports.Tests.dll" adapterTypeName="executor://xunit/VsTestRunner3/netcore/" className="Erp.Modules.Reports.Tests.ReportApiTests" name="The_branch_directory_groups_by_company_with_counts_and_by_any_groupable_column" />
    </UnitTest>
    <UnitTest name="Erp.Modules.Reports.Tests.RenderingTests.A_font_subset_keeps_the_drawn_glyphs_and_their_components_at_their_ids" storage="/work/tests/erp.modules.reports.tests/bin/release/net10.0/erp.modules.reports.tests.dll" id="f2e63844-fdb7-cd44-5e69-6f45e7cdfd40">
      <Execution id="015080c9-eb69-44fd-a18f-2a2ad5dcb933" />
      <TestMethod codeBase="/work/tests/Erp.Modules.Reports.Tests/bin/Release/net10.0/Erp.Modules.Reports.Tests.dll" adapterTypeName="executor://xunit/VsTestRunner3/netcore/" className="Erp.Modules.Reports.Tests.RenderingTests" name="A_font_subset_keeps_the_drawn_glyphs_and_their_components_at_their_ids" />
    </UnitTest>
    <UnitTest name="Erp.Modules.Reports.Tests.RenderingTests.Mixed_text_is_ordered_as_a_reader_expects(text: &quot;04 555 7810&quot;, rightToLeft: True, expected: &quot;04 555 7810&quot;)" storage="/work/tests/erp.modules.reports.tests/bin/release/net10.0/erp.modules.reports.tests.dll" id="3529ed9e-8fb8-44c8-a5bd-d2314ddc827c">
      <Execution id="550c6181-59d4-42ef-bde8-6de06eb220ca" />
      <TestMethod codeBase="/work/tests/Erp.Modules.Reports.Tests/bin/Release/net10.0/Erp.Modules.Reports.Tests.dll" adapterTypeName="executor://xunit/VsTestRunner3/netcore/" className="Erp.Modules.Reports.Tests.RenderingTests" name="Mixed_text_is_ordered_as_a_reader_expects" />
    </UnitTest>
    <UnitTest name="Erp.Modules.Reports.Tests.RenderingTests.A_pdf_embeds_only_the_glyphs_it_draws_and_every_letter_keeps_its_outline" storage="/work/tests/erp.modules.reports.tests/bin/release/net10.0/erp.modules.reports.tests.dll" id="830cbfd5-9c89-77ef-839f-3c48d80d234b">
      <Execution id="c24be28a-170d-44ad-8096-2a74fe3fbc0d" />
      <TestMethod codeBase="/work/tests/Erp.Modules.Reports.Tests/bin/Release/net10.0/Erp.Modules.Reports.Tests.dll" adapterTypeName="executor://xunit/VsTestRunner3/netcore/" className="Erp.Modules.Reports.Tests.RenderingTests" name="A_pdf_embeds_only_the_glyphs_it_draws_and_every_letter_keeps_its_outline" />
    </UnitTest>
    <UnitTest name="Erp.Modules.Reports.Tests.RenderingTests.Mixed_text_is_ordered_as_a_reader_expects(text: &quot;شركة Al Noor Trading للتجارة&quot;, rightToLeft: True, expected: &quot;للتجارة|Al Noor Trading|شركة&quot;)" storage="/work/tests/erp.modules.reports.tests/bin/release/net10.0/erp.modules.reports.tests.dll" id="2afa440a-ee15-e3a6-5777-c92ec85346e7">
      <Execution id="5f04ae0d-da1c-473b-bcf9-097ebe237090" />
      <TestMethod codeBase="/work/tests/Erp.Modules.Reports.Tests/bin/Release/net10.0/Erp.Modules.Reports.Tests.dll" adapterTypeName="executor://xunit/VsTestRunner3/netcore/" className="Erp.Modules.Reports.Tests.RenderingTests" name="Mixed_text_is_ordered_as_a_reader_expects" />
    </UnitTest>
    <UnitTest name="Erp.Modules.Reports.Tests.RenderingTests.A_line_narrower_than_one_character_still_ends" storage="/work/tests/erp.modules.reports.tests/bin/release/net10.0/erp.modules.reports.tests.dll" id="a470584d-2911-a721-10e6-4af20a403d84">
      <Execution id="1c4fc458-2bbc-4bf0-9217-d1c701b82bf0" />
      <TestMethod codeBase="/work/tests/Erp.Modules.Reports.Tests/bin/Release/net10.0/Erp.Modules.Reports.Tests.dll" adapterTypeName="executor://xunit/VsTestRunner3/netcore/" className="Erp.Modules.Reports.Tests.RenderingTests" name="A_line_narrower_than_one_character_still_ends" />
    </UnitTest>
    <UnitTest name="Erp.Modules.Reports.Tests.RenderingTests.Arabic_runs_are_written_whole_and_in_reading_order_so_a_reader_extracts_words_intact" storage="/work/tests/erp.modules.reports.tests/bin/release/net10.0/erp.modules.reports.tests.dll" id="888cd500-2c8f-7aa2-83eb-f9f7da2cac5e">
      <Execution id="dc90d32d-9cfd-4277-a48c-bb678bd289c3" />
      <TestMethod codeBase="/work/tests/Erp.Modules.Reports.Tests/bin/Release/net10.0/Erp.Modules.Reports.Tests.dll" adapterTypeName="executor://xunit/VsTestRunner3/netcore/" className="Erp.Modules.Reports.Tests.RenderingTests" name="Arabic_runs_are_written_whole_and_in_reading_order_so_a_reader_extracts_words_intact" />
    </UnitTest>
    <UnitTest name="Erp.Modules.Reports.Tests.RenderingTests.An_arabic_pdf_is_readable_right_to_left_with_its_fonts_embedded" storage="/work/tests/erp.modules.reports.tests/bin/release/net10.0/erp.modules.reports.tests.dll" id="01b84453-f528-ed89-7642-3eae5dee4995">
      <Execution id="57867985-dc7e-4dcf-8f73-0705fb6c17a2" />
      <TestMethod codeBase="/work/tests/Erp.Modules.Reports.Tests/bin/Release/net10.0/Erp.Modules.Reports.Tests.dll" adapterTypeName="executor://xunit/VsTestRunner3/netcore/" className="Erp.Modules.Reports.Tests.RenderingTests" name="An_arabic_pdf_is_readable_right_to_left_with_its_fonts_embedded" />
    </UnitTest>
    <UnitTest name="Erp.Modules.Reports.Tests.RenderingTests.A_wide_table_turns_the_page_to_landscape" storage="/work/tests/erp.modules.reports.tests/bin/release/net10.0/erp.modules.reports.tests.dll" id="2eba55c4-c9a0-0384-9fd9-98d8f8e00129">
      <Execution id="7b52302c-21ae-4933-a6c2-817a6eb2e035" />
      <TestMethod codeBase="/work/tests/Erp.Modules.Reports.Tests/bin/Release/net10.0/Erp.Modules.Reports.Tests.dll" adapterTypeName="executor://xunit/VsTestRunner3/netcore/" className="Erp.Modules.Reports.Tests.RenderingTests" name="A_wide_table_turns_the_page_to_landscape" />
    </UnitTest>
    <UnitTest name="Erp.Modules.Reports.Tests.RenderingTests.Csv_cut_at_its_row_limit_ends_with_a_line_saying_so" storage="/work/tests/erp.modules.reports.tests/bin/release/net10.0/erp.modules.reports.tests.dll" id="0083ab7a-240a-0135-14ed-964f6fd6bf32">
      <Execution id="6cb9bea0-6042-418b-999b-315c7c779668" />
      <TestMethod codeBase="/work/tests/Erp.Modules.Reports.Tests/bin/Release/net10.0/Erp.Modules.Reports.Tests.dll" adapterTypeName="executor://xunit/VsTestRunner3/netcore/" className="Erp.Modules.Reports.Tests.RenderingTests" name="Csv_cut_at_its_row_limit_ends_with_a_line_saying_so" />
    </UnitTest>
    <UnitTest name="Erp.Modules.Reports.Tests.RenderingTests.Arabic_text_is_shaped_into_joining_forms_with_lam_alef" storage="/work/tests/erp.modules.reports.tests/bin/release/net10.0/erp.modules.reports.tests.dll" id="b7768cea-a85c-c25e-e71d-f12f3d9d1de3">
      <Execution id="d53ba445-7bd0-4b67-92aa-d2d4a1317e98" />
      <TestMethod codeBase="/work/tests/Erp.Modules.Reports.Tests/bin/Release/net10.0/Erp.Modules.Reports.Tests.dll" adapterTypeName="executor://xunit/VsTestRunner3/netcore/" className="Erp.Modules.Reports.Tests.RenderingTests" name="Arabic_text_is_shaped_into_joining_forms_with_lam_alef" />
    </UnitTest>
    <UnitTest name="Erp.Modules.Reports.Tests.RenderingTests.Xlsx_ends_with_the_grand_total_as_a_filter_aware_formula_below_the_filtered_rows" storage="/work/tests/erp.modules.reports.tests/bin/release/net10.0/erp.modules.reports.tests.dll" id="b86e242f-087d-c8d7-1c0f-ebe225b01d64">
      <Execution id="b9ed9781-9663-4a79-9b47-19eaf90709eb" />
      <TestMethod codeBase="/work/tests/Erp.Modules.Reports.Tests/bin/Release/net10.0/Erp.Modules.Reports.Tests.dll" adapterTypeName="executor://xunit/VsTestRunner3/netcore/" className="Erp.Modules.Reports.Tests.RenderingTests" name="Xlsx_ends_with_the_grand_total_as_a_filter_aware_formula_below_the_filtered_rows" />
    </UnitTest>
    <UnitTest name="Erp.Modules.Reports.Tests.RenderingTests.Mixed_text_is_ordered_as_a_reader_expects(text: &quot;هاتف +971 4 123-4567 فرع&quot;, rightToLeft: True, expected: &quot;فرع|+971 4 123-4567|هاتف&quot;)" storage="/work/tests/erp.modules.reports.tests/bin/release/net10.0/erp.modules.reports.tests.dll" id="02f069c1-282b-6cc7-5f5c-9945e6aa5f26">
      <Execution id="401e0f31-cef0-40ab-a2e5-296e39c8565a" />
      <TestMethod codeBase="/work/tests/Erp.Modules.Reports.Tests/bin/Release/net10.0/Erp.Modules.Reports.Tests.dll" adapterTypeName="executor://xunit/VsTestRunner3/netcore/" className="Erp.Modules.Reports.Tests.RenderingTests" name="Mixed_text_is_ordered_as_a_reader_expects" />
    </UnitTest>
    <UnitTest name="Erp.Modules.Reports.Tests.ReportApiTests.The_roles_report_totals_users_and_permissions_per_kind_and_overall" storage="/work/tests/erp.modules.reports.tests/bin/release/net10.0/erp.modules.reports.tests.dll" id="d88ef5ec-a930-a3e2-8508-239e7fb14af5">
      <Execution id="cb036b0e-8025-42d7-9484-519d61abad70" />
      <TestMethod codeBase="/work/tests/Erp.Modules.Reports.Tests/bin/Release/net10.0/Erp.Modules.Reports.Tests.dll" adapterTypeName="executor://xunit/VsTestRunner3/netcore/" className="Erp.Modules.Reports.Tests.ReportApiTests" name="The_roles_report_totals_users_and_permissions_per_kind_and_overall" />
    </UnitTest>
    <UnitTest name="Erp.Modules.Reports.Tests.RenderingTests.A_report_with_a_huge_cell_renders_in_seconds" storage="/work/tests/erp.modules.reports.tests/bin/release/net10.0/erp.modules.reports.tests.dll" id="15275959-a3d7-cf30-9c15-f71e7ed164d7">
      <Execution id="3ee50b75-acaf-4aa3-926e-8815c1074f45" />
      <TestMethod codeBase="/work/tests/Erp.Modules.Reports.Tests/bin/Release/net10.0/Erp.Modules.Reports.Tests.dll" adapterTypeName="executor://xunit/VsTestRunner3/netcore/" className="Erp.Modules.Reports.Tests.RenderingTests" name="A_report_with_a_huge_cell_renders_in_seconds" />
    </UnitTest>
    <UnitTest name="Erp.Modules.Reports.Tests.RenderingTests.Arabic_letters_that_share_a_glyph_extract_as_the_letters_printed" storage="/work/tests/erp.modules.reports.tests/bin/release/net10.0/erp.modules.reports.tests.dll" id="fba96f2c-5e14-c1b3-ad4f-a6022fac092a">
      <Execution id="eaceb8ad-b8e3-41ca-9de2-46c26b0415a2" />
      <TestMethod codeBase="/work/tests/Erp.Modules.Reports.Tests/bin/Release/net10.0/Erp.Modules.Reports.Tests.dll" adapterTypeName="executor://xunit/VsTestRunner3/netcore/" className="Erp.Modules.Reports.Tests.RenderingTests" name="Arabic_letters_that_share_a_glyph_extract_as_the_letters_printed" />
    </UnitTest>
    <UnitTest name="Erp.Modules.Reports.Tests.ReportApiTests.The_api_description_gives_every_report_route_its_document_schema_and_file_types" storage="/work/tests/erp.modules.reports.tests/bin/release/net10.0/erp.modules.reports.tests.dll" id="5d30b6a2-edba-5a21-e77d-b4aaf885449c">
      <Execution id="d8093f2c-1ada-4cfc-b7b6-64025ea089b4" />
      <TestMethod codeBase="/work/tests/Erp.Modules.Reports.Tests/bin/Release/net10.0/Erp.Modules.Reports.Tests.dll" adapterTypeName="executor://xunit/VsTestRunner3/netcore/" className="Erp.Modules.Reports.Tests.ReportApiTests" name="The_api_description_gives_every_report_route_its_document_schema_and_file_types" />
    </UnitTest>
    <UnitTest name="Erp.Modules.Reports.Tests.ReportApiTests.A_printed_users_list_names_the_roles_for_a_reader_of_roles_and_exports_moments_as_the_wall_clock" storage="/work/tests/erp.modules.reports.tests/bin/release/net10.0/erp.modules.reports.tests.dll" id="b8490dac-7df0-d890-b649-3dc30bdb558b">
      <Execution id="37aec618-7a38-4766-9b8d-16e02c68256e" />
      <TestMethod codeBase="/work/tests/Erp.Modules.Reports.Tests/bin/Release/net10.0/Erp.Modules.Reports.Tests.dll" adapterTypeName="executor://xunit/VsTestRunner3/netcore/" className="Erp.Modules.Reports.Tests.ReportApiTests" name="A_printed_users_list_names_the_roles_for_a_reader_of_roles_and_exports_moments_as_the_wall_clock" />
    </UnitTest>
    <UnitTest name="Erp.Modules.Reports.Tests.RenderingTests.A_long_report_breaks_into_pages_with_the_header_on_each_and_page_numbers" storage="/work/tests/erp.modules.reports.tests/bin/release/net10.0/erp.modules.reports.tests.dll" id="d69a2e62-95d3-5840-6327-a1d891bfd8bc">
      <Execution id="6fee5737-2124-42dc-90ef-de9a83cf9f13" />
      <TestMethod codeBase="/work/tests/Erp.Modules.Reports.Tests/bin/Release/net10.0/Erp.Modules.Reports.Tests.dll" adapterTypeName="executor://xunit/VsTestRunner3/netcore/" className="Erp.Modules.Reports.Tests.RenderingTests" name="A_long_report_breaks_into_pages_with_the_header_on_each_and_page_numbers" />
    </UnitTest>
    <UnitTest name="Erp.Modules.Reports.Tests.RenderingTests.Font_units_scale_to_thousandths_of_an_em_rounded_half_to_even_as_decimals_round" storage="/work/tests/erp.modules.reports.tests/bin/release/net10.0/erp.modules.reports.tests.dll" id="eac06800-060d-38c1-ff25-792778a38324">
      <Execution id="8070866f-cb32-4933-bd95-2b179b5ed9e7" />
      <TestMethod codeBase="/work/tests/Erp.Modules.Reports.Tests/bin/Release/net10.0/Erp.Modules.Reports.Tests.dll" adapterTypeName="executor://xunit/VsTestRunner3/netcore/" className="Erp.Modules.Reports.Tests.RenderingTests" name="Font_units_scale_to_thousandths_of_an_em_rounded_half_to_even_as_decimals_round" />
    </UnitTest>
    <UnitTest name="Erp.Modules.Reports.Tests.ReportApiTests.The_catalogue_lists_reports_and_lists_in_the_callers_language" storage="/work/tests/erp.modules.reports.tests/bin/release/net10.0/erp.modules.reports.tests.dll" id="898e2393-92ae-a8e5-11e2-41003d30131b">
      <Execution id="ee5262fd-6069-4586-a3d4-aa8e66f44c50" />
      <TestMethod codeBase="/work/tests/Erp.Modules.Reports.Tests/bin/Release/net10.0/Erp.Modules.Reports.Tests.dll" adapterTypeName="executor://xunit/VsTestRunner3/netcore/" className="Erp.Modules.Reports.Tests.ReportApiTests" name="The_catalogue_lists_reports_and_lists_in_the_callers_language" />
    </UnitTest>
    <UnitTest name="Erp.Modules.Reports.Tests.ReportApiTests.A_list_prints_with_its_own_query_columns_and_totals" storage="/work/tests/erp.modules.reports.tests/bin/release/net10.0/erp.modules.reports.tests.dll" id="f1b5e8db-8f64-0007-041b-e3773520c68a">
      <Execution id="48670ff3-f672-4293-9942-7d3f3bf1a9c1" />
      <TestMethod codeBase="/work/tests/Erp.Modules.Reports.Tests/bin/Release/net10.0/Erp.Modules.Reports.Tests.dll" adapterTypeName="executor://xunit/VsTestRunner3/netcore/" className="Erp.Modules.Reports.Tests.ReportApiTests" name="A_list_prints_with_its_own_query_columns_and_totals" />
    </UnitTest>
    <UnitTest name="Erp.Modules.Reports.Tests.ReportApiTests.Another_tenants_company_or_no_company_is_not_found_and_bad_parameters_are_explained" storage="/work/tests/erp.modules.reports.tests/bin/release/net10.0/erp.modules.reports.tests.dll" id="664bea02-500f-e7b2-7213-3546f204c5f0">
      <Execution id="cae178dc-2c4b-42a2-a133-d9f3230638eb" />
      <TestMethod codeBase="/work/tests/Erp.Modules.Reports.Tests/bin/Release/net10.0/Erp.Modules.Reports.Tests.dll" adapterTypeName="executor://xunit/VsTestRunner3/netcore/" className="Erp.Modules.Reports.Tests.ReportApiTests" name="Another_tenants_company_or_no_company_is_not_found_and_bad_parameters_are_explained" />
    </UnitTest>
    <UnitTest name="Erp.Modules.Reports.Tests.ReportApiTests.A_role_without_the_data_permission_cannot_run_the_report_and_does_not_see_it" storage="/work/tests/erp.modules.reports.tests/bin/release/net10.0/erp.modules.reports.tests.dll" id="e5e988b6-6a26-8ac1-4f2f-847861e30800">
      <Execution id="d4e5189e-e0f8-47bf-b308-9b9c22c5d361" />
      <TestMethod codeBase="/work/tests/Erp.Modules.Reports.Tests/bin/Release/net10.0/Erp.Modules.Reports.Tests.dll" adapterTypeName="executor://xunit/VsTestRunner3/netcore/" className="Erp.Modules.Reports.Tests.ReportApiTests" name="A_role_without_the_data_permission_cannot_run_the_report_and_does_not_see_it" />
    </UnitTest>
    <UnitTest name="Erp.Modules.Reports.Tests.RenderingTests.Csv_starts_with_a_byte_order_mark_keeps_raw_values_and_defuses_formulas" storage="/work/tests/erp.modules.reports.tests/bin/release/net10.0/erp.modules.reports.tests.dll" id="4e28fb3d-f4e7-7e76-b1d2-09e6c33d67cc">
      <Execution id="e45ba682-9209-4fb5-8aab-d5a86a767376" />
      <TestMethod codeBase="/work/tests/Erp.Modules.Reports.Tests/bin/Release/net10.0/Erp.Modules.Reports.Tests.dll" adapterTypeName="executor://xunit/VsTestRunner3/netcore/" className="Erp.Modules.Reports.Tests.RenderingTests" name="Csv_starts_with_a_byte_order_mark_keeps_raw_values_and_defuses_formulas" />
    </UnitTest>
    <UnitTest name="Erp.Modules.Reports.Tests.RenderingTests.Xlsx_has_a_right_to_left_sheet_with_numbers_as_numbers" storage="/work/tests/erp.modules.reports.tests/bin/release/net10.0/erp.modules.reports.tests.dll" id="9ec5ccc7-db06-69c7-7f1d-d747c0c43888">
      <Execution id="6ea0dfa0-3043-47dd-af15-2d4ce52ad153" />
      <TestMethod codeBase="/work/tests/Erp.Modules.Reports.Tests/bin/Release/net10.0/Erp.Modules.Reports.Tests.dll" adapterTypeName="executor://xunit/VsTestRunner3/netcore/" className="Erp.Modules.Reports.Tests.RenderingTests" name="Xlsx_has_a_right_to_left_sheet_with_numbers_as_numbers" />
    </UnitTest>
  </TestDefinitions>
  <TestEntries>
    <TestEntry testId="01b84453-f528-ed89-7642-3eae5dee4995" executionId="57867985-dc7e-4dcf-8f73-0705fb6c17a2" testListId="8c84fa94-04c1-424b-9868-57a2d4851a1d" />
    <TestEntry testId="85b476f9-a9d2-c3db-8cc2-79667116f813" executionId="3541edb9-4c19-4ebd-afa0-31c7a7284fb8" testListId="8c84fa94-04c1-424b-9868-57a2d4851a1d" />
    <TestEntry testId="b8490dac-7df0-d890-b649-3dc30bdb558b" executionId="37aec618-7a38-4766-9b8d-16e02c68256e" testListId="8c84fa94-04c1-424b-9868-57a2d4851a1d" />
    <TestEntry testId="b86e242f-087d-c8d7-1c0f-ebe225b01d64" executionId="b9ed9781-9663-4a79-9b47-19eaf90709eb" testListId="8c84fa94-04c1-424b-9868-57a2d4851a1d" />
    <TestEntry testId="898e2393-92ae-a8e5-11e2-41003d30131b" executionId="ee5262fd-6069-4586-a3d4-aa8e66f44c50" testListId="8c84fa94-04c1-424b-9868-57a2d4851a1d" />
    <TestEntry testId="1c52cd1b-e4a4-8815-86d3-239148e98637" executionId="9084b52e-acdb-4137-8aa7-08d35d6bb8c7" testListId="8c84fa94-04c1-424b-9868-57a2d4851a1d" />
    <TestEntry testId="15275959-a3d7-cf30-9c15-f71e7ed164d7" executionId="3ee50b75-acaf-4aa3-926e-8815c1074f45" testListId="8c84fa94-04c1-424b-9868-57a2d4851a1d" />
    <TestEntry testId="d3111c51-0b11-b783-dd63-d3752aa31625" executionId="2da55bae-95a3-488f-8673-67543e828b66" testListId="8c84fa94-04c1-424b-9868-57a2d4851a1d" />
    <TestEntry testId="2afa440a-ee15-e3a6-5777-c92ec85346e7" executionId="5f04ae0d-da1c-473b-bcf9-097ebe237090" testListId="8c84fa94-04c1-424b-9868-57a2d4851a1d" />
    <TestEntry testId="38e6f1a8-7cea-1a8a-bfca-b643812141ca" executionId="93896b55-7f7a-4f01-a7d0-d6e0a443449e" testListId="8c84fa94-04c1-424b-9868-57a2d4851a1d" />
    <TestEntry testId="f1b5e8db-8f64-0007-041b-e3773520c68a" executionId="48670ff3-f672-4293-9942-7d3f3bf1a9c1" testListId="8c84fa94-04c1-424b-9868-57a2d4851a1d" />
    <TestEntry testId="b2742389-a34e-a93f-c75a-304e3ac6a1fa" executionId="22d9698b-66e8-45d8-bdf8-06951f5d6f2d" testListId="8c84fa94-04c1-424b-9868-57a2d4851a1d" />
    <TestEntry testId="e5e988b6-6a26-8ac1-4f2f-847861e30800" executionId="d4e5189e-e0f8-47bf-b308-9b9c22c5d361" testListId="8c84fa94-04c1-424b-9868-57a2d4851a1d" />
    <TestEntry testId="af99bc5f-3b90-6d47-5e49-565ff544cb7f" executionId="6d05409b-deae-4831-a12b-41be8a1da8c5" testListId="8c84fa94-04c1-424b-9868-57a2d4851a1d" />
    <TestEntry testId="b7ab867b-5819-268a-78e5-0cb4046b0c28" executionId="35ec483a-df87-406c-8aa2-2e89fe16ec41" testListId="8c84fa94-04c1-424b-9868-57a2d4851a1d" />
    <TestEntry testId="65d45569-0733-23ee-b346-f6dec7d6cc27" executionId="745abcf3-9b01-4e25-9343-edc5254a36ba" testListId="8c84fa94-04c1-424b-9868-57a2d4851a1d" />
    <TestEntry testId="f62ea91d-76e0-ec7e-e83e-0695ead70fef" executionId="9b56b964-bdf8-4fa6-98d0-944ec9a08252" testListId="8c84fa94-04c1-424b-9868-57a2d4851a1d" />
    <TestEntry testId="26ea49f0-841f-1c0b-2cab-90c1420f46bd" executionId="55b036cd-3d4d-4dd8-9c23-3787216198d2" testListId="8c84fa94-04c1-424b-9868-57a2d4851a1d" />
    <TestEntry testId="dbb5ef5e-3515-49cd-24ae-b55495b8d450" executionId="8f6cbf7c-503f-49d4-9c4e-0cbc1031e981" testListId="8c84fa94-04c1-424b-9868-57a2d4851a1d" />
    <TestEntry testId="eac06800-060d-38c1-ff25-792778a38324" executionId="8070866f-cb32-4933-bd95-2b179b5ed9e7" testListId="8c84fa94-04c1-424b-9868-57a2d4851a1d" />
    <TestEntry testId="d69a2e62-95d3-5840-6327-a1d891bfd8bc" executionId="6fee5737-2124-42dc-90ef-de9a83cf9f13" testListId="8c84fa94-04c1-424b-9868-57a2d4851a1d" />
    <TestEntry testId="888cd500-2c8f-7aa2-83eb-f9f7da2cac5e" executionId="dc90d32d-9cfd-4277-a48c-bb678bd289c3" testListId="8c84fa94-04c1-424b-9868-57a2d4851a1d" />
    <TestEntry testId="5d30b6a2-edba-5a21-e77d-b4aaf885449c" executionId="d8093f2c-1ada-4cfc-b7b6-64025ea089b4" testListId="8c84fa94-04c1-424b-9868-57a2d4851a1d" />
    <TestEntry testId="810ba69a-337f-4a02-c4a5-6acd2d9f1438" executionId="005c18e6-f1c6-4eb5-9b57-bc32294293de" testListId="8c84fa94-04c1-424b-9868-57a2d4851a1d" />
    <TestEntry testId="57d546f6-3b1f-a6c6-45eb-c51db25e9bf4" executionId="80679240-1937-42a5-ad55-860fae8bed96" testListId="8c84fa94-04c1-424b-9868-57a2d4851a1d" />
    <TestEntry testId="0083ab7a-240a-0135-14ed-964f6fd6bf32" executionId="6cb9bea0-6042-418b-999b-315c7c779668" testListId="8c84fa94-04c1-424b-9868-57a2d4851a1d" />
    <TestEntry testId="2187e032-6dea-d448-e164-0ab6febc6d56" executionId="3a27a86c-2b50-4681-8f45-44d3476988af" testListId="8c84fa94-04c1-424b-9868-57a2d4851a1d" />
    <TestEntry testId="01ef9bcf-603b-e015-eff4-831b52504fe7" executionId="0101fdf5-d056-4c9f-973f-42f1b30af67e" testListId="8c84fa94-04c1-424b-9868-57a2d4851a1d" />
    <TestEntry testId="664bea02-500f-e7b2-7213-3546f204c5f0" executionId="cae178dc-2c4b-42a2-a133-d9f3230638eb" testListId="8c84fa94-04c1-424b-9868-57a2d4851a1d" />
    <TestEntry testId="30f6d399-e4e6-3962-c57a-6253614a6b0e" executionId="2fc0e54f-8daa-47e0-9bc3-efcf91c6ae33" testListId="8c84fa94-04c1-424b-9868-57a2d4851a1d" />
    <TestEntry testId="4e28fb3d-f4e7-7e76-b1d2-09e6c33d67cc" executionId="e45ba682-9209-4fb5-8aab-d5a86a767376" testListId="8c84fa94-04c1-424b-9868-57a2d4851a1d" />
    <TestEntry testId="0e547924-f62a-9e39-da52-4e883172d23a" executionId="995eaa94-91f4-4325-86fe-0fc73eeda4ae" testListId="8c84fa94-04c1-424b-9868-57a2d4851a1d" />
    <TestEntry testId="830cbfd5-9c89-77ef-839f-3c48d80d234b" executionId="c24be28a-170d-44ad-8096-2a74fe3fbc0d" testListId="8c84fa94-04c1-424b-9868-57a2d4851a1d" />
    <TestEntry testId="2db2ba18-d179-e3ed-fcd7-e4c90c1977f6" executionId="134fd3ce-dd22-49e1-82ee-73ec61236e80" testListId="8c84fa94-04c1-424b-9868-57a2d4851a1d" />
    <TestEntry testId="31860e63-4b72-8854-f9d1-e1348efa9919" executionId="6d45ecb1-b14d-40d6-8cd4-81c044268fe6" testListId="8c84fa94-04c1-424b-9868-57a2d4851a1d" />
    <TestEntry testId="a470584d-2911-a721-10e6-4af20a403d84" executionId="1c4fc458-2bbc-4bf0-9217-d1c701b82bf0" testListId="8c84fa94-04c1-424b-9868-57a2d4851a1d" />
    <TestEntry testId="f6907a4b-0f01-1e07-5acf-3485e4d6edbc" executionId="20714575-ce19-4ab3-9fae-bcd161e50808" testListId="8c84fa94-04c1-424b-9868-57a2d4851a1d" />
    <TestEntry testId="0a72ab36-d7c7-1fb6-878b-265794d42d4b" executionId="4316a6fc-5402-4f1a-b74a-e76cef246924" testListId="8c84fa94-04c1-424b-9868-57a2d4851a1d" />
    <TestEntry testId="abfe5491-6101-e71a-0386-80a1d8dec480" executionId="6d30860f-1197-4e65-959a-cdc02ec1b8f9" testListId="8c84fa94-04c1-424b-9868-57a2d4851a1d" />
    <TestEntry testId="2d834722-eaa0-6e72-a048-32f669713776" executionId="f35b9f48-058b-4b2a-9b41-a59f7e543a5c" testListId="8c84fa94-04c1-424b-9868-57a2d4851a1d" />
    <TestEntry testId="69b9e9d4-2c54-375d-a269-1d9bee8afcaf" executionId="bf86be3a-9644-4bc8-80c7-41306fc5ac38" testListId="8c84fa94-04c1-424b-9868-57a2d4851a1d" />
    <TestEntry testId="d88ef5ec-a930-a3e2-8508-239e7fb14af5" executionId="cb036b0e-8025-42d7-9484-519d61abad70" testListId="8c84fa94-04c1-424b-9868-57a2d4851a1d" />
    <TestEntry testId="f2e63844-fdb7-cd44-5e69-6f45e7cdfd40" executionId="015080c9-eb69-44fd-a18f-2a2ad5dcb933" testListId="8c84fa94-04c1-424b-9868-57a2d4851a1d" />
    <TestEntry testId="2eba55c4-c9a0-0384-9fd9-98d8f8e00129" executionId="7b52302c-21ae-4933-a6c2-817a6eb2e035" testListId="8c84fa94-04c1-424b-9868-57a2d4851a1d" />
    <TestEntry testId="fba96f2c-5e14-c1b3-ad4f-a6022fac092a" executionId="eaceb8ad-b8e3-41ca-9de2-46c26b0415a2" testListId="8c84fa94-04c1-424b-9868-57a2d4851a1d" />
    <TestEntry testId="b7768cea-a85c-c25e-e71d-f12f3d9d1de3" executionId="d53ba445-7bd0-4b67-92aa-d2d4a1317e98" testListId="8c84fa94-04c1-424b-9868-57a2d4851a1d" />
    <TestEntry testId="a6e00a03-bcf1-fe7c-90be-73226354c247" executionId="5e1fa3de-13cc-4823-934f-ded1f36d3746" testListId="8c84fa94-04c1-424b-9868-57a2d4851a1d" />
    <TestEntry testId="3529ed9e-8fb8-44c8-a5bd-d2314ddc827c" executionId="550c6181-59d4-42ef-bde8-6de06eb220ca" testListId="8c84fa94-04c1-424b-9868-57a2d4851a1d" />
    <TestEntry testId="2c27b2d2-75c6-86f6-e39a-92ad688a0079" executionId="4f425048-6698-4ae1-aced-98107231b8d7" testListId="8c84fa94-04c1-424b-9868-57a2d4851a1d" />
    <TestEntry testId="f017af11-6849-526c-806f-ea77420a8e2d" executionId="8ff7c63a-2b39-4088-acab-22a24381dfb2" testListId="8c84fa94-04c1-424b-9868-57a2d4851a1d" />
    <TestEntry testId="9ec5ccc7-db06-69c7-7f1d-d747c0c43888" executionId="6ea0dfa0-3043-47dd-af15-2d4ce52ad153" testListId="8c84fa94-04c1-424b-9868-57a2d4851a1d" />
    <TestEntry testId="02f069c1-282b-6cc7-5f5c-9945e6aa5f26" executionId="401e0f31-cef0-40ab-a2e5-296e39c8565a" testListId="8c84fa94-04c1-424b-9868-57a2d4851a1d" />
    <TestEntry testId="31b9ede7-ce3c-b664-3549-2f3e58bdf117" executionId="433d6839-7787-486d-9e72-acd9858789e9" testListId="8c84fa94-04c1-424b-9868-57a2d4851a1d" />
  </TestEntries>
  <TestLists>
    <TestList name="Results Not in a List" id="8c84fa94-04c1-424b-9868-57a2d4851a1d" />
    <TestList name="All Loaded Results" id="19431567-8539-422a-85d7-44ee4e166bda" />
  </TestLists>
  <ResultSummary outcome="Completed">
    <Counters total="53" executed="53" passed="53" failed="0" error="0" timeout="0" aborted="0" inconclusive="0" passedButRunAborted="0" notRunnable="0" notExecuted="0" disconnected="0" warning="0" completed="0" inProgress="0" pending="0" />
    <Output>
      <StdOut>[xUnit.net 00:00:00.00] xUnit.net VSTest Adapter v3.1.5+1b188a7b0a (64-bit .NET 10.0.12)
[xUnit.net 00:00:01.09]   Discovering: Erp.Modules.Reports.Tests
[xUnit.net 00:00:03.13]   Discovered:  Erp.Modules.Reports.Tests
[xUnit.net 00:00:03.94]   Starting:    Erp.Modules.Reports.Tests
[xUnit.net 00:00:54.84]   Finished:    Erp.Modules.Reports.Tests (ID = 'aa0ba11486d2994c9cc221f697ec8de6f8bbe06fde0d65669e5f45ee23fe8e20')
</StdOut>
    </Output>
  </ResultSummary>
</TestRun>