[1mBuilding the application image[0m
 Image erp-app:c-p01-odoo-rig-r9 Building 
#1 [internal] load local bake definitions
#1 reading from stdin 655B done
#1 DONE 0.0s

#2 [internal] load build definition from Dockerfile
#2 transferring dockerfile: 2.14kB 0.0s done
#2 DONE 0.0s

#3 resolve image config for docker-image://docker.io/docker/dockerfile:1
#3 DONE 20.9s

#4 docker-image://docker.io/docker/dockerfile:1@sha256:4edf897a3ffa55b89f906fc8cc78afdb3f1834cc9c7083565e611a8a7d5fe99e
#4 resolve docker.io/docker/dockerfile:1@sha256:4edf897a3ffa55b89f906fc8cc78afdb3f1834cc9c7083565e611a8a7d5fe99e
#4 resolve docker.io/docker/dockerfile:1@sha256:4edf897a3ffa55b89f906fc8cc78afdb3f1834cc9c7083565e611a8a7d5fe99e 20.5s done
#4 CACHED

#5 [internal] load metadata for docker.io/library/node:22-alpine
#5 ...

#6 [internal] load metadata for mcr.microsoft.com/dotnet/sdk:10.0
#6 DONE 0.3s

#7 [internal] load metadata for mcr.microsoft.com/dotnet/aspnet:10.0
#7 DONE 0.3s

#5 [internal] load metadata for docker.io/library/node:22-alpine
#5 DONE 21.8s

#8 [internal] load .dockerignore
#8 transferring context: 187B done
#8 DONE 0.0s

#9 [build 1/7] FROM mcr.microsoft.com/dotnet/sdk:10.0@sha256:e70cdb7f80b0348f5cb85f19a8f670fca061f033d57eed12fa003d58b0e06317
#9 resolve mcr.microsoft.com/dotnet/sdk:10.0@sha256:e70cdb7f80b0348f5cb85f19a8f670fca061f033d57eed12fa003d58b0e06317 0.1s done
#9 DONE 0.1s

#10 [stage-3 1/4] FROM mcr.microsoft.com/dotnet/aspnet:10.0@sha256:222759b391a1aaf241166672c8f99b2d4ada452e7b5319f3c6e8f265a37b5ad4
#10 resolve mcr.microsoft.com/dotnet/aspnet:10.0@sha256:222759b391a1aaf241166672c8f99b2d4ada452e7b5319f3c6e8f265a37b5ad4 0.1s done
#10 DONE 0.1s

#11 [web 1/6] FROM docker.io/library/node:22-alpine@sha256:8ea2348b068a9544dae7317b4f3aafcdc032df1647bb7d768a05a5cad1a7683f
#11 resolve docker.io/library/node:22-alpine@sha256:8ea2348b068a9544dae7317b4f3aafcdc032df1647bb7d768a05a5cad1a7683f 0.1s done
#11 DONE 0.1s

#12 [internal] load build context
#12 transferring context: 25.75kB 0.0s done
#12 DONE 0.1s

#13 [build 4/7] COPY src/ src/
#13 CACHED

#14 [web 2/6] WORKDIR /web
#14 CACHED

#15 [build 6/7] COPY --from=strings /strings/ web/src/modules/
#15 CACHED

#16 [strings 2/3] COPY web/src/modules/ /modules/
#16 CACHED

#17 [web 5/6] COPY web/ ./
#17 CACHED

#18 [stage-3 2/4] WORKDIR /app
#18 CACHED

#19 [web 6/6] RUN npm run check && npm run build
#19 CACHED

#20 [build 3/7] COPY global.json Directory.Build.props Directory.Packages.props ./
#20 CACHED

#21 [strings 3/3] RUN cd /modules && mkdir /strings && for d in */i18n; do mkdir -p "/strings/$d" && cp "$d"/*.json "/strings/$d/"; done
#21 CACHED

#22 [build 7/7] RUN --mount=type=cache,target=/root/.nuget/packages dotnet publish src/Host/Erp.Host/Erp.Host.csproj -c Release -o /app --no-restore
#22 CACHED

#23 [web 4/6] RUN --mount=type=secret,id=extra_ca,target=/run/secrets/extra_ca --mount=type=cache,target=/root/.npm     if [ -s /run/secrets/extra_ca ]; then export NODE_EXTRA_CA_CERTS=/run/secrets/extra_ca; fi;     npm ci --no-audit --no-fund
#23 CACHED

#24 [build 2/7] WORKDIR /src
#24 CACHED

#25 [web 3/6] COPY web/package.json web/package-lock.json ./
#25 CACHED

#26 [build 5/7] RUN --mount=type=secret,id=extra_ca,target=/run/secrets/extra_ca --mount=type=cache,target=/root/.nuget/packages     if [ -s /run/secrets/extra_ca ]; then cat /run/secrets/extra_ca >>/etc/ssl/certs/ca-certificates.crt; fi;     dotnet restore src/Host/Erp.Host/Erp.Host.csproj
#26 CACHED

#27 [stage-3 3/4] COPY --from=build /app ./
#27 CACHED

#28 [stage-3 4/4] COPY --from=web /web/dist ./wwwroot
#28 CACHED

#29 exporting to image
#29 exporting layers done
#29 exporting manifest sha256:d8bcffd0308f46248c371290c1d8b0a0ed34e07fc36315d51faed324ad342874 0.0s done
#29 exporting config sha256:d433ec90dd54be30b3c378409d00e02ccdde69252f4cd0eb6c064eea339060e8 0.0s done
#29 exporting attestation manifest sha256:197938e4e4afc1a13119e8fcef12cb8f21619dcc393d1b331a286d332d43db7e 0.1s done
#29 exporting manifest list sha256:de01fe974fa280f8d425625290234c6cc7141ec77ad5209b381c516a1fcd121e 0.0s done
#29 naming to docker.io/library/erp-app:c-p01-odoo-rig-r9
#29 naming to docker.io/library/erp-app:c-p01-odoo-rig-r9 done
#29 unpacking to docker.io/library/erp-app:c-p01-odoo-rig-r9 0.0s done
#29 DONE 0.2s

#30 resolving provenance for metadata file
#30 DONE 0.0s
 Image erp-app:c-p01-odoo-rig-r9 Built 
[1mStarting PostgreSQL, setting up the database (roles, migrations, seed: 100000 users) and serving[0m
 Network c-p01-odoo-rig-r9_default Creating 
 Network c-p01-odoo-rig-r9_default Created 
 Volume c-p01-odoo-rig-r9_db-data Creating 
 Volume c-p01-odoo-rig-r9_db-data Created 
 Container c-p01-odoo-rig-r9-db-1 Creating 
 Container c-p01-odoo-rig-r9-db-1 Created 
 Container c-p01-odoo-rig-r9-db-1 Starting 
 Container c-p01-odoo-rig-r9-db-1 Started 
 Container c-p01-odoo-rig-r9-db-1 Waiting 
 Container c-p01-odoo-rig-r9-db-1 Healthy 
 Container c-p01-odoo-rig-r9-db-1 Running 
 Container c-p01-odoo-rig-r9-setup-1 Creating 
 Container c-p01-odoo-rig-r9-setup-1 Created 
Attaching to setup-1
 Container c-p01-odoo-rig-r9-db-1 Waiting 
 Container c-p01-odoo-rig-r9-db-1 Healthy 
 Container c-p01-odoo-rig-r9-setup-1 Starting 
 Container c-p01-odoo-rig-r9-setup-1 Started 
setup-1  | info: Erp.Kernel.Data.DatabaseBootstrap[0]
setup-1  |       Creating database erp
setup-1  | info: Erp.Kernel.Data.DatabaseMigrator[0]
setup-1  |       Migrating KernelDbContext: 4 pending
setup-1  | info: Erp.Kernel.Data.DatabaseMigrator[0]
setup-1  |       Migrating TenancyDbContext: 6 pending
setup-1  | info: Erp.Kernel.Data.DatabaseMigrator[0]
setup-1  |       Migrating IdentityDbContext: 9 pending
setup-1  | info: Erp.Kernel.Data.DatabaseMigrator[0]
setup-1  |       Migrating ListsDbContext: 1 pending
setup-1  | info: Erp.Kernel.Seeding.SeedRunner[0]
setup-1  |       Seeded tenant alnoor (Demo) in 39576 ms
setup-1  | info: Erp.Kernel.Seeding.SeedRunner[0]
setup-1  |       Seeded tenant gulfsteel (Demo) in 597 ms
setup-1  | info: Erp.Kernel.Data.DatabaseMigrator[0]
setup-1  |       Refreshed statistics and index lists in 1105 ms
[Ksetup-1 exited with code 0
 Compose Stopping Aborting on container exit...
 Container c-p01-odoo-rig-r9-setup-1 Stopping 
 Container c-p01-odoo-rig-r9-setup-1 Stopped 
 Container c-p01-odoo-rig-r9-db-1 Running 
 Container c-p01-odoo-rig-r9-app-1 Creating 
 Container c-p01-odoo-rig-r9-app-1 Created 
 Container c-p01-odoo-rig-r9-db-1 Waiting 
 Container c-p01-odoo-rig-r9-db-1 Healthy 
 Container c-p01-odoo-rig-r9-setup-1 Starting 
 Container c-p01-odoo-rig-r9-setup-1 Started 
 Container c-p01-odoo-rig-r9-setup-1 Waiting 
 Container c-p01-odoo-rig-r9-setup-1 Exited 
 Container c-p01-odoo-rig-r9-app-1 Starting 
 Container c-p01-odoo-rig-r9-app-1 Started 

[1mThe demo is running (127 s): http://localhost:20150[0m

  Sign in (password for every demo user: Demo-Pass-2026)
    admin@alnoor.example       Administrator, English
    admin.ar@alnoor.example    Administrator, Arabic
    viewer@alnoor.example      Read-only role
    noaccess@alnoor.example    No roles (sees nothing)
    admin@gulfsteel.example    Administrator of the second workspace

  Team sign-in addresses (the e-mail domain is filled in: type the part before "@", Enter, password, Enter)
    http://localhost:20150/?domain=alnoor.example
    http://localhost:20150/?domain=gulfsteel.example

  API description: http://localhost:20150/api/openapi/v1.json
  Database:        localhost:20151 (./erp psql)
  Stop:            ./erp down        (add --volumes to delete the data)
rc=0 secs=127
