[odoo-reference] generating the shared dataset (deterministic, cached)
[odoo-reference] starting PostgreSQL (project c-p05-list-search-r9-odoo)
 Network c-p05-list-search-r9-odoo_default Creating 
 Network c-p05-list-search-r9-odoo_default Created 
 Volume c-p05-list-search-r9-odoo_db Creating 
 Volume c-p05-list-search-r9-odoo_db Created 
 Container c-p05-list-search-r9-odoo-db-1 Creating 
 Container c-p05-list-search-r9-odoo-db-1 Created 
 Container c-p05-list-search-r9-odoo-db-1 Starting 
 Container c-p05-list-search-r9-odoo-db-1 Started 
 Container c-p05-list-search-r9-odoo-db-1 Waiting 
 Container c-p05-list-search-r9-odoo-db-1 Healthy 
[odoo-reference] creating database reference and installing base,base_setup,contacts,mail,purchase,base_import with Arabic (first run takes about a minute)
[odoo-reference] starting Odoo on http://localhost:20580
 Container c-p05-list-search-r9-odoo-db-1 Running 
 Container c-p05-list-search-r9-odoo-odoo-1 Creating 
 Container c-p05-list-search-r9-odoo-odoo-1 Created 
 Container c-p05-list-search-r9-odoo-db-1 Waiting 
 Container c-p05-list-search-r9-odoo-db-1 Healthy 
 Container c-p05-list-search-r9-odoo-odoo-1 Starting 
 Container c-p05-list-search-r9-odoo-odoo-1 Started 
[odoo-reference] seeding to at least 100000 rows per main list
  step user-channels (users before set-up): +0 in 0.0s
  step setup: +0 in 7.4s
  step contacts: +100000 in 38.3s
  step users: +100000 in 16.2s
  step user-channels (bulk users): +100000 in 9.2s
  step rates: +100000 in 3.1s
  step audit-messages: +100000 in 3.4s
  step audit-realism: +100000 in 8.4s
  step attachments: +100000 in 2.1s
  step attachment-content: +100001 in 4.2s
  step job-runs: +99983 in 1.6s
  step purchase-orders: +100000 in 14.1s
  step purchase-buyer: +100000 in 2.9s
[odoo-reference] waiting for the web client
  contacts             100000  ok
  contacts_all         200012
  users                100005  ok
  currency_rates       100000  ok
  audit_messages       100007  ok
  attachments          100046  ok
  job_runs             100000  ok
  approvals            100000  ok
  approvals_pending       200
  companies                 5
  roles                    39
[odoo-reference] volume verified and written to gauntlet/reference/odoo/volume.json
[odoo-reference] ready: http://localhost:20580  (admin/admin, approver/approver, buyer/buyer)
exit 0 seconds 162
