[1mBuilding the application image[0m
 Image erp-app:c-p05-list-search-r9-plant Building 
#1 [internal] load local bake definitions
#1 reading from stdin 703B done
#1 DONE 0.0s

#2 [internal] load build definition from Dockerfile
#2 transferring dockerfile: 2.14kB done
#2 DONE 0.1s

#3 resolve image config for docker-image://docker.io/docker/dockerfile:1
#3 DONE 20.9s

#4 docker-image://docker.io/docker/dockerfile:1@sha256:4edf897a3ffa55b89f906fc8cc78afdb3f1834cc9c7083565e611a8a7d5fe99e
#4 resolve docker.io/docker/dockerfile:1@sha256:4edf897a3ffa55b89f906fc8cc78afdb3f1834cc9c7083565e611a8a7d5fe99e
#4 resolve docker.io/docker/dockerfile:1@sha256:4edf897a3ffa55b89f906fc8cc78afdb3f1834cc9c7083565e611a8a7d5fe99e 40.9s done
#4 CACHED

#5 [internal] load metadata for mcr.microsoft.com/dotnet/sdk:10.0
#5 ...

#6 [internal] load metadata for mcr.microsoft.com/dotnet/aspnet:10.0
#6 DONE 0.2s

#5 [internal] load metadata for mcr.microsoft.com/dotnet/sdk:10.0
#5 DONE 0.2s

#7 [internal] load metadata for docker.io/library/node:22-alpine
#7 DONE 20.8s

#8 [internal] load .dockerignore
#8 transferring context: 187B done
#8 DONE 0.1s

#9 [stage-3 1/4] FROM mcr.microsoft.com/dotnet/aspnet:10.0@sha256:222759b391a1aaf241166672c8f99b2d4ada452e7b5319f3c6e8f265a37b5ad4
#9 resolve mcr.microsoft.com/dotnet/aspnet:10.0@sha256:222759b391a1aaf241166672c8f99b2d4ada452e7b5319f3c6e8f265a37b5ad4
#9 resolve mcr.microsoft.com/dotnet/aspnet:10.0@sha256:222759b391a1aaf241166672c8f99b2d4ada452e7b5319f3c6e8f265a37b5ad4 0.1s done
#9 DONE 0.1s

#10 [build 1/7] FROM mcr.microsoft.com/dotnet/sdk:10.0@sha256:e70cdb7f80b0348f5cb85f19a8f670fca061f033d57eed12fa003d58b0e06317
#10 resolve mcr.microsoft.com/dotnet/sdk:10.0@sha256:e70cdb7f80b0348f5cb85f19a8f670fca061f033d57eed12fa003d58b0e06317 0.1s done
#10 DONE 0.1s

#11 [web 1/6] FROM docker.io/library/node:22-alpine@sha256:8ea2348b068a9544dae7317b4f3aafcdc032df1647bb7d768a05a5cad1a7683f
#11 resolve docker.io/library/node:22-alpine@sha256:8ea2348b068a9544dae7317b4f3aafcdc032df1647bb7d768a05a5cad1a7683f 0.1s done
#11 DONE 0.1s

#12 [internal] load build context
#12 transferring context: 3.15MB 0.1s done
#12 DONE 0.1s

#13 [build 2/7] WORKDIR /src
#13 CACHED

#14 [build 3/7] COPY global.json Directory.Build.props Directory.Packages.props ./
#14 CACHED

#15 [build 3/7] COPY global.json Directory.Build.props Directory.Packages.props ./
#15 CACHED

#16 [strings 3/3] RUN cd /modules && mkdir /strings && for d in */i18n; do mkdir -p "/strings/$d" && cp "$d"/*.json "/strings/$d/"; done
#16 CACHED

#17 [build 4/7] COPY src/ src/
#17 DONE 0.2s

#18 [build 5/7] RUN --mount=type=secret,id=extra_ca,target=/run/secrets/extra_ca --mount=type=cache,target=/root/.nuget/packages     if [ -s /run/secrets/extra_ca ]; then cat /run/secrets/extra_ca >>/etc/ssl/certs/ca-certificates.crt; fi;     dotnet restore src/Host/Erp.Host/Erp.Host.csproj
#18 1.677   Determining projects to restore...
#18 4.321   Restored /src/src/Modules/Tenancy/Erp.Modules.Tenancy.Contracts/Erp.Modules.Tenancy.Contracts.csproj (in 235 ms).
#18 4.322   Restored /src/src/Modules/Reports/Erp.Modules.Reports.Contracts/Erp.Modules.Reports.Contracts.csproj (in 228 ms).
#18 4.324   Restored /src/src/Modules/Lists/Erp.Modules.Lists.Contracts/Erp.Modules.Lists.Contracts.csproj (in 166 ms).
#18 5.938   Restored /src/src/Modules/Identity/Erp.Modules.Identity.Contracts/Erp.Modules.Identity.Contracts.csproj (in 1.87 sec).
#18 5.943   Restored /src/src/Modules/Reports/Erp.Modules.Reports/Erp.Modules.Reports.csproj (in 1.87 sec).
#18 5.947   Restored /src/src/Host/Erp.Host/Erp.Host.csproj (in 1.87 sec).
#18 6.101   Restored /src/src/Kernel/Erp.Kernel/Erp.Kernel.csproj (in 2.03 sec).
#18 6.103   Restored /src/src/Modules/Lists/Erp.Modules.Lists/Erp.Modules.Lists.csproj (in 2.02 sec).
#18 6.103   Restored /src/src/Modules/Tenancy/Erp.Modules.Tenancy/Erp.Modules.Tenancy.csproj (in 2.02 sec).
#18 6.107   Restored /src/src/Modules/Identity/Erp.Modules.Identity/Erp.Modules.Identity.csproj (in 2.02 sec).
#18 DONE 6.3s

#19 [strings 2/3] COPY web/src/modules/ /modules/
#19 CACHED

#20 [strings 3/3] RUN cd /modules && mkdir /strings && for d in */i18n; do mkdir -p "/strings/$d" && cp "$d"/*.json "/strings/$d/"; done
#20 CACHED

#21 [build 6/7] COPY --from=strings /strings/ web/src/modules/
#21 DONE 0.1s

#22 [build 7/7] RUN --mount=type=cache,target=/root/.nuget/packages dotnet publish src/Host/Erp.Host/Erp.Host.csproj -c Release -o /app --no-restore
#22 8.621   Erp.Modules.Tenancy.Contracts -> /src/src/Modules/Tenancy/Erp.Modules.Tenancy.Contracts/bin/Release/net10.0/Erp.Modules.Tenancy.Contracts.dll
#22 8.625   Erp.Modules.Lists.Contracts -> /src/src/Modules/Lists/Erp.Modules.Lists.Contracts/bin/Release/net10.0/Erp.Modules.Lists.Contracts.dll
#22 8.625   Erp.Modules.Reports.Contracts -> /src/src/Modules/Reports/Erp.Modules.Reports.Contracts/bin/Release/net10.0/Erp.Modules.Reports.Contracts.dll
#22 13.94   Erp.Kernel -> /src/src/Kernel/Erp.Kernel/bin/Release/net10.0/Erp.Kernel.dll
#22 15.80   Erp.Modules.Identity.Contracts -> /src/src/Modules/Identity/Erp.Modules.Identity.Contracts/bin/Release/net10.0/Erp.Modules.Identity.Contracts.dll
#22 15.97   Erp.Modules.Lists -> /src/src/Modules/Lists/Erp.Modules.Lists/bin/Release/net10.0/Erp.Modules.Lists.dll
#22 26.08   Erp.Modules.Reports -> /src/src/Modules/Reports/Erp.Modules.Reports/bin/Release/net10.0/Erp.Modules.Reports.dll
#22 27.45   Erp.Modules.Tenancy -> /src/src/Modules/Tenancy/Erp.Modules.Tenancy/bin/Release/net10.0/Erp.Modules.Tenancy.dll
#22 27.58   Erp.Modules.Identity -> /src/src/Modules/Identity/Erp.Modules.Identity/bin/Release/net10.0/Erp.Modules.Identity.dll
#22 29.22   Erp.Host -> /src/src/Host/Erp.Host/bin/Release/net10.0/Erp.Host.dll
#22 29.40   Erp.Host -> /app/
#22 DONE 30.0s

#23 [web 6/6] RUN npm run check && npm run build
#23 CACHED

#24 [stage-3 2/4] WORKDIR /app
#24 CACHED

#25 [stage-3 3/4] COPY --from=build /app ./
#25 DONE 0.3s

#26 [web 6/6] RUN npm run check && npm run build
#26 CACHED

#27 [web 2/6] WORKDIR /web
#27 CACHED

#28 [web 3/6] COPY web/package.json web/package-lock.json ./
#28 CACHED

#29 [web 4/6] RUN --mount=type=secret,id=extra_ca,target=/run/secrets/extra_ca --mount=type=cache,target=/root/.npm     if [ -s /run/secrets/extra_ca ]; then export NODE_EXTRA_CA_CERTS=/run/secrets/extra_ca; fi;     npm ci --no-audit --no-fund
#29 CACHED

#30 [web 5/6] COPY web/ ./
#30 CACHED

#31 [stage-3 4/4] COPY --from=web /web/dist ./wwwroot
#31 DONE 0.1s

#32 exporting to image
#32 exporting layers
#32 exporting layers 4.3s done
#32 exporting manifest sha256:3674c8dfd0f712c90fa25bac311f1bc41287245288fa482058ff3254b2b604aa
#32 exporting manifest sha256:3674c8dfd0f712c90fa25bac311f1bc41287245288fa482058ff3254b2b604aa 0.0s done
#32 exporting config sha256:502ede40cf5072cb7024c9f47653e781d4a247379e130b983a9bcb1e842ba914 0.0s done
#32 exporting attestation manifest sha256:2ca70e3b49a13d91025158b45788e65d174433c27aee044648289e55a45c1906 0.1s done
#32 exporting manifest list sha256:c06febf5e429b933b02937d26c42761ec91951ee6f9bc24890fee1e7ec7d2dee
#32 exporting manifest list sha256:c06febf5e429b933b02937d26c42761ec91951ee6f9bc24890fee1e7ec7d2dee 0.0s done
#32 naming to docker.io/library/erp-app:c-p05-list-search-r9-plant done
#32 unpacking to docker.io/library/erp-app:c-p05-list-search-r9-plant
#32 unpacking to docker.io/library/erp-app:c-p05-list-search-r9-plant 0.6s done
#32 DONE 5.1s

#33 resolving provenance for metadata file
#33 DONE 0.0s
 Image erp-app:c-p05-list-search-r9-plant Built 
[1mStarting PostgreSQL, setting up the database (roles, migrations, seed: 100000 users) and serving[0m
 Network c-p05-list-search-r9-plant_default Creating 
 Network c-p05-list-search-r9-plant_default Created 
 Volume c-p05-list-search-r9-plant_db-data Creating 
 Volume c-p05-list-search-r9-plant_db-data Created 
 Container c-p05-list-search-r9-plant-db-1 Creating 
 Container c-p05-list-search-r9-plant-db-1 Created 
 Container c-p05-list-search-r9-plant-db-1 Starting 
 Container c-p05-list-search-r9-plant-db-1 Started 
 Container c-p05-list-search-r9-plant-db-1 Waiting 
 Container c-p05-list-search-r9-plant-db-1 Healthy 
 Container c-p05-list-search-r9-plant-db-1 Running 
 Container c-p05-list-search-r9-plant-setup-1 Creating 
 Container c-p05-list-search-r9-plant-setup-1 Created 
Attaching to setup-1
 Container c-p05-list-search-r9-plant-db-1 Waiting 
 Container c-p05-list-search-r9-plant-db-1 Healthy 
 Container c-p05-list-search-r9-plant-setup-1 Starting 
 Container c-p05-list-search-r9-plant-setup-1 Started 
setup-1  | info: Erp.Kernel.Data.DatabaseBootstrap[0]
setup-1  |       Creating database erp
setup-1  | info: Erp.Kernel.Data.DatabaseMigrator[0]
setup-1  |       Migrating KernelDbContext: 4 pending
setup-1  | info: Erp.Kernel.Data.DatabaseMigrator[0]
setup-1  |       Migrating TenancyDbContext: 6 pending
setup-1  | info: Erp.Kernel.Data.DatabaseMigrator[0]
setup-1  |       Migrating IdentityDbContext: 9 pending
setup-1  | info: Erp.Kernel.Data.DatabaseMigrator[0]
setup-1  |       Migrating ListsDbContext: 1 pending
setup-1  | info: Erp.Kernel.Seeding.SeedRunner[0]
setup-1  |       Seeded tenant alnoor (Demo) in 40969 ms
setup-1  | info: Erp.Kernel.Seeding.SeedRunner[0]
setup-1  |       Seeded tenant gulfsteel (Demo) in 657 ms
setup-1  | info: Erp.Kernel.Data.DatabaseMigrator[0]
setup-1  |       Refreshed statistics and index lists in 1305 ms
[Ksetup-1 exited with code 0
 Compose Stopping Aborting on container exit...
 Container c-p05-list-search-r9-plant-setup-1 Stopping 
 Container c-p05-list-search-r9-plant-setup-1 Stopped 
 Container c-p05-list-search-r9-plant-db-1 Running 
 Container c-p05-list-search-r9-plant-app-1 Creating 
 Container c-p05-list-search-r9-plant-app-1 Created 
 Container c-p05-list-search-r9-plant-db-1 Waiting 
 Container c-p05-list-search-r9-plant-db-1 Healthy 
 Container c-p05-list-search-r9-plant-setup-1 Starting 
 Container c-p05-list-search-r9-plant-setup-1 Started 
 Container c-p05-list-search-r9-plant-setup-1 Waiting 
 Container c-p05-list-search-r9-plant-setup-1 Exited 
 Container c-p05-list-search-r9-plant-app-1 Starting 
 Container c-p05-list-search-r9-plant-app-1 Started 

[1mThe demo is running (197 s): http://localhost:20570[0m

  Sign in (password for every demo user: Demo-Pass-2026)
    admin@alnoor.example       Administrator, English
    admin.ar@alnoor.example    Administrator, Arabic
    viewer@alnoor.example      Read-only role
    noaccess@alnoor.example    No roles (sees nothing)
    admin@gulfsteel.example    Administrator of the second workspace

  Team sign-in addresses (the e-mail domain is filled in: type the part before "@", Enter, password, Enter)
    http://localhost:20570/?domain=alnoor.example
    http://localhost:20570/?domain=gulfsteel.example

  API description: http://localhost:20570/api/openapi/v1.json
  Database:        localhost:20571 (./erp psql)
  Stop:            ./erp down        (add --volumes to delete the data)
